Changing directory to 108wtcr.R76
'pushdon' is not recognized as an internal or external command,
operable program or batch file.
Pathlist information for compiler and MPI systems are located in nmpathlist.txt

Starting NMTRAN
  
 WARNINGS AND ERRORS (IF ANY) FOR PROBLEM    1
             
 (WARNING  2) NM-TRAN INFERS THAT THE DATA ARE POPULATION.
Recompiling certain components.
starting wait
ending wait
Exiting lpreddo
Compiling FSUBS
Building NONMEM Executable
Starting nonmem execution ...
License Registered to: <LICENSEE>
Expiration Date: <DATE>
Current Date: <DATE>
Days until program expires : <N>


 First Order Conditional Estimation with Interaction
 MONITORING OF SEARCH:


0ITERATION NO.:    0    OBJECTIVE VALUE:   694.021696585794        NO. OF FUNC. EVALS.:   9
 CUMULATIVE NO. OF FUNC. EVALS.:        9
 NPARAMETR:  7.5000E-03  1.5000E+00  6.0000E-01  1.2000E-01  7.5000E-01  1.0000E+00  1.0000E-02  3.0000E-01  5.0000E-02  3.0000E-01

 PARAMETER:  1.0000E-01  1.0000E-01  1.0000E-01  1.0000E-01  1.0000E-01  1.0000E-01  1.0000E-01  1.0000E-01  1.0000E-01  1.0000E-01

 GRADIENT:   3.3695E+01 -1.3281E+01 -1.3902E-01  2.2687E+01 -4.1531E+01  1.4633E+01 -3.1000E+01  4.5600E+01  2.2336E+01  9.6408E+01


0ITERATION NO.:    5    OBJECTIVE VALUE:   592.848605232421        NO. OF FUNC. EVALS.:  50
 CUMULATIVE NO. OF FUNC. EVALS.:       59
 NPARAMETR:  8.1289E-03  1.5625E+00  6.1392E-01  1.0955E-01  1.0465E+00  1.0201E+00  7.6933E-02  7.2720E-02  2.8066E-02  2.8236E-02

 PARAMETER:  1.8052E-01  1.4079E-01  1.2293E-01  8.8585E-03  2.2261E-01  1.0838E-01  1.2678E-01 -6.0858E-01  1.1401E-01 -1.3094E+00

 GRADIENT:   7.7702E+01  6.3470E+01 -7.6423E-01  1.9362E+00 -4.2002E+01  9.0936E+01 -5.0695E+01  1.1465E+01 -7.0825E+00  6.4185E+00


0ITERATION NO.:   10    OBJECTIVE VALUE:   585.134619735184        NO. OF FUNC. EVALS.:  52
 CUMULATIVE NO. OF FUNC. EVALS.:      111
 NPARAMETR:  7.5731E-03  1.5052E+00  8.2032E-01  1.0563E-01  1.1512E+00  9.5281E-01  1.1352E-01  2.2159E-02  1.0828E-02  1.9836E-02

 PARAMETER:  1.0970E-01  1.0349E-01  4.1277E-01 -2.7503E-02  2.6661E-01  8.0374E-02  1.4141E-01 -1.2028E+00  7.9685E-02 -1.3992E+00

 GRADIENT:   2.4816E+01  1.4259E+01 -2.4618E+00 -9.5781E+00  1.2674E+01  1.7930E+01 -5.0605E+01 -1.1157E+01 -8.7719E+01 -1.1898E+01


0ITERATION NO.:   15    OBJECTIVE VALUE:   580.190612489025        NO. OF FUNC. EVALS.:  53
 CUMULATIVE NO. OF FUNC. EVALS.:      164
 NPARAMETR:  7.4658E-03  1.4999E+00  1.7173E+00  8.4867E-02  1.1431E+00  9.3372E-01  1.7116E-01  4.1368E-02  2.2458E-02  2.4220E-02

 PARAMETER:  9.5427E-02  9.9904E-02  1.1516E+00 -2.4641E-01  2.6318E-01  7.2456E-02  1.6449E-01 -8.9063E-01  1.2096E-01 -1.4942E+00

 GRADIENT:   4.1093E-01 -3.2683E+00  1.2298E-01  1.6759E+00 -1.2617E+00  5.5187E+00  4.5580E+00  1.3389E+00  4.5014E+00  1.1594E+00


0ITERATION NO.:   20    OBJECTIVE VALUE:   580.021754888213        NO. OF FUNC. EVALS.:  50
 CUMULATIVE NO. OF FUNC. EVALS.:      214
 NPARAMETR:  7.4567E-03  1.4987E+00  1.9304E+00  7.6586E-02  1.1418E+00  9.2655E-01  1.5103E-01  4.0075E-02  2.3577E-02  2.2897E-02

 PARAMETER:  9.4211E-02  9.9155E-02  1.2686E+00 -3.4907E-01  2.6263E-01  6.9488E-02  1.5643E-01 -9.0652E-01  1.2901E-01 -1.6377E+00

 GRADIENT:   1.0996E-01  1.5456E+00 -7.1656E-01 -6.2297E-01 -6.0756E-01  2.3856E-01  6.5388E-01 -5.6125E-02  1.3653E+00  1.0867E-01


0ITERATION NO.:   25    OBJECTIVE VALUE:   580.015376122575        NO. OF FUNC. EVALS.:  61
 CUMULATIVE NO. OF FUNC. EVALS.:      275
 NPARAMETR:  7.4544E-03  1.4976E+00  1.9613E+00  7.6134E-02  1.1429E+00  9.2564E-01  1.4725E-01  4.0297E-02  2.3848E-02  2.2520E-02

 PARAMETER:  9.3907E-02  9.8395E-02  1.2845E+00 -3.5499E-01  2.6311E-01  6.9108E-02  1.5492E-01 -9.0375E-01  1.3014E-01 -1.6733E+00

 GRADIENT:  -1.7057E-02 -3.6902E-03 -6.5993E-03 -8.0056E-03 -1.4984E-02 -2.5137E-02 -5.1499E-03  3.5964E-03  3.6672E-03 -1.0463E-03


0ITERATION NO.:   26    OBJECTIVE VALUE:   580.015376122575        NO. OF FUNC. EVALS.:  14
 CUMULATIVE NO. OF FUNC. EVALS.:      289
 NPARAMETR:  7.4544E-03  1.4976E+00  1.9613E+00  7.6134E-02  1.1429E+00  9.2564E-01  1.4725E-01  4.0297E-02  2.3848E-02  2.2520E-02

 PARAMETER:  9.3907E-02  9.8395E-02  1.2845E+00 -3.5499E-01  2.6311E-01  6.9108E-02  1.5492E-01 -9.0375E-01  1.3014E-01 -1.6733E+00

 GRADIENT:  -1.7057E-02 -3.6902E-03 -6.5993E-03 -8.0056E-03 -1.4984E-02 -2.5137E-02 -5.1499E-03  3.5964E-03  3.6672E-03 -1.0463E-03

 Elapsed estimation  time in seconds: <SEC>
 Elapsed covariance  time in seconds: <SEC>
 Elapsed postprocess time in seconds: <SEC>
 Elapsed finaloutput time in seconds: <SEC>
Done with nonmem execution
