Changing directory to tg107.R76
'pushdon' is not recognized as an internal or external command,
operable program or batch file.
Pathlist information for compiler and MPI systems are located in nmpathlist.txt

Starting NMTRAN
  
 WARNINGS AND ERRORS (IF ANY) FOR PROBLEM    1
             
 (WARNING  2) NM-TRAN INFERS THAT THE DATA ARE POPULATION.
  
Note: Analytical 2nd Derivatives are constructed in FSUBS but are never used.
      You may insert $ABBR DERIV2=NO after the first $PROB to save FSUBS construction and compilation time
  
Recompiling certain components.
starting wait
ending wait
Exiting lpreddo
Compiling FSUBS
Building NONMEM Executable
Starting nonmem execution ...
License Registered to: <LICENSEE>
Expiration Date: <DATE>
Current Date: <DATE>
Days until program expires : <N>


 First Order Conditional Estimation with Interaction
 MONITORING OF SEARCH:


0ITERATION NO.:    0    OBJECTIVE VALUE:   3080.37235837896        NO. OF FUNC. EVALS.:   7
 CUMULATIVE NO. OF FUNC. EVALS.:        7
 NPARAMETR:  7.5000E-01  8.0000E-02  3.0000E+01  1.0000E-01 -3.0000E-01  3.0000E-02  4.0000E-02  6.0000E-02
 PARAMETER:  1.0000E-01  1.0000E-01  1.0000E-01  1.0000E-01  1.0000E-01  1.0000E-01  1.0000E-01  1.0000E-01
 GRADIENT:   1.0025E+03 -6.1699E+02 -7.1748E+01  2.9996E+01  3.7342E+02 -1.0124E+02  4.2182E+02 -9.3341E+00

0ITERATION NO.:    5    OBJECTIVE VALUE:   3022.18755008042        NO. OF FUNC. EVALS.:  43
 CUMULATIVE NO. OF FUNC. EVALS.:       50
 NPARAMETR:  6.7718E-01  7.0828E-02  3.5732E+01  7.9990E-02 -4.3057E-01  3.9655E-02  5.1741E-02  7.2519E-02
 PARAMETER: -2.1296E-03 -2.1769E-02  2.7486E-01 -1.2327E-01 -1.3412E-01  2.3951E-01  1.1251E-01 -4.3028E-02
 GRADIENT:  -2.4296E+02  1.0159E+02  1.9995E+01  1.0475E+01 -5.7405E+01  5.6698E+00 -1.1844E+02  2.2805E+01

0ITERATION NO.:   10    OBJECTIVE VALUE:   3009.76638932657        NO. OF FUNC. EVALS.:  44
 CUMULATIVE NO. OF FUNC. EVALS.:       94
 NPARAMETR:  7.0774E-01  7.4405E-02  3.5243E+01  7.7832E-02 -4.1837E-01  4.4822E-02  6.0191E-02  8.2570E-02
 PARAMETER:  4.2001E-02  2.7496E-02  2.6107E-01 -1.5061E-01 -1.1030E-01  3.0075E-01  1.2311E-01 -5.7177E-01
 GRADIENT:   3.1652E+01 -3.1151E+01  9.1452E+00  9.5326E-01 -2.5737E+01  3.5362E+01 -2.6712E+02  2.7922E+00

0ITERATION NO.:   15    OBJECTIVE VALUE:   3008.82715232296        NO. OF FUNC. EVALS.:  41
 CUMULATIVE NO. OF FUNC. EVALS.:      135
 NPARAMETR:  7.0869E-01  7.4556E-02  3.4672E+01  7.8527E-02 -4.0880E-01  4.5542E-02  6.2868E-02  8.8247E-02
 PARAMETER:  4.3349E-02  2.9528E-02  2.4475E-01 -1.4172E-01 -9.1918E-02  3.0872E-01  1.2756E-01 -6.5807E-01
 GRADIENT:   1.3339E-01 -1.3154E-01 -1.8088E-02  2.3139E-02  1.3418E-01  3.2644E-02 -2.5459E-01 -6.2437E-03

0ITERATION NO.:   20    OBJECTIVE VALUE:   3008.82306509901        NO. OF FUNC. EVALS.:  75
 CUMULATIVE NO. OF FUNC. EVALS.:      210
 NPARAMETR:  7.1031E-01  7.4805E-02  3.4671E+01  7.8530E-02 -4.0893E-01  4.5490E-02  6.2763E-02  8.8059E-02
 PARAMETER:  4.5626E-02  3.2852E-02  2.4469E-01 -1.4169E-01 -9.2158E-02  3.0815E-01  1.2742E-01 -6.5752E-01
 GRADIENT:  -7.4805E-02  5.3047E-02 -3.0495E-03 -9.1731E-03 -5.0456E-04 -2.4304E-02  1.2285E-01 -2.9188E-03
 Elapsed estimation  time in seconds: <SEC>
 Elapsed covariance  time in seconds: <SEC>
 Elapsed postprocess time in seconds: <SEC>
 Elapsed finaloutput time in seconds: <SEC>
Done with nonmem execution
