<DATE>
<TIME>
$PROB TGI TREATED, GOMPERTZ, EFFECT ON ALPHA   P:tg106  F:ALPHA~GRP
$INPUT ID TIME DV MDV GRP
$DATA ../../data/tgi-trt.csv IGNORE=@
$PRED
  V0   = 1
  ALPH = THETA(1) * EXP(ETA(1))
  BETA = THETA(2) * EXP(ETA(2))
  TST  = 7                                  ; treatment starts at day 7
  ALPT = ALPH * (1 + THETA(5) * GRP)       ; treatment scales the growth rate
  ; before treatment start every animal follows the control curve
  V7   = V0 * EXP(ALPH / BETA * (1 - EXP(-BETA * TST)))
  F    = V0 * EXP(ALPH / BETA * (1 - EXP(-BETA * TIME)))
  IF (TIME.GT.TST) F = V7 * EXP(ALPT / BETA * (EXP(-BETA * TST) - EXP(-BETA * TIME)))
  IPRE = F
  W    = SQRT(THETA(3)**2 + THETA(4)**2 * IPRE**2)
  IF (W.LT.1E-6) W = 1E-6
  IRES = DV - IPRE
  IWRE = IRES / W
  Y    = IPRE + W * EPS(1)

$THETA
  (0, 0.75)    ; ALPHA (1/day)
  (0, 0.08)    ; BETA (1/day)
  (0, 30)      ; additive error SD (mm3)
  (0, 0.1)     ; proportional error CV
  (-0.99, -0.3, 5)   ; treatment effect on ALPHA

$OMEGA BLOCK(2)
  0.03
  0.04  0.06

$SIGMA 1 FIX

$EST MAX=9999 PRINT=5 METHOD=COND INTER NSIG=3 SIGL=9
     NOABORT NOTBT NOOBT NOSBT
$COV UNCOND PRINT=ERS
$TAB ID TIME DV MDV GRP IPRE IWRE CWRES
     ONEHEADER NOPRINT FILE=sdtab
$TAB ID ALPH BETA ETA1 ETA2
     ONEHEADER NOPRINT NOAPPEND FILE=patab
$TAB ID TIME
     ONEHEADER NOPRINT NOAPPEND FILE=cotab
$TAB ID GRP
     ONEHEADER NOPRINT NOAPPEND FILE=catab
  
NM-TRAN MESSAGES 
  
 WARNINGS AND ERRORS (IF ANY) FOR PROBLEM    1
             
 (WARNING  2) NM-TRAN INFERS THAT THE DATA ARE POPULATION.
  
Note: Analytical 2nd Derivatives are constructed in FSUBS but are never used.
      You may insert $ABBR DERIV2=NO after the first $PROB to save FSUBS construction and compilation time
  
  
License Registered to: <LICENSEE>
Expiration Date: <DATE>
Current Date: <DATE>
Days until program expires : <N>

NONLINEAR MIXED EFFECTS MODEL PROGRAM (NONMEM) VERSION 7.6.0 (nm760)
ORIGINALLY DEVELOPED BY STUART BEAL, LEWIS SHEINER, AND ALISON BOECKMANN
CURRENT DEVELOPERS ARE ROBERT BAUER, ICON DEVELOPMENT SOLUTIONS,
AND ALISON BOECKMANN. IMPLEMENTATION, EFFICIENCY, AND STANDARDIZATION
PERFORMED BY NOUS INFOSYSTEMS.

PROBLEM NO.:         1
TGI TREATED, GOMPERTZ, EFFECT ON ALPHA   P:tg106  F:ALPHA~GRP

DATA CHECKOUT RUN:              NO
DATA SET LOCATED ON UNIT NO.:    2
THIS UNIT TO BE REWOUND:        NO
CREATE/ADD TO FDATA.csv:        YES
NO. OF DATA RECS IN DATA SET:      320
NO. OF DATA ITEMS IN DATA SET:   5
ID DATA ITEM IS DATA ITEM NO.:   1
DEP VARIABLE IS DATA ITEM NO.:   3
MDV DATA ITEM IS DATA ITEM NO.:  4

LABELS FOR DATA ITEMS:
ID TIME DV MDV GRP

(NONBLANK) LABELS FOR PRED-DEFINED ITEMS:
ALPH BETA IPRE IWRE

FORMAT FOR DATA:
(5E7.0)

TOT. NO. OF OBS RECS:      320
TOT. NO. OF INDIVIDUALS:       40

LENGTH OF THETA:   5

DEFAULT THETA BOUNDARY TEST OMITTED:   YES

OMEGA HAS BLOCK FORM:
 1
 1  1

DEFAULT OMEGA BOUNDARY TEST OMITTED:   YES

SIGMA HAS SIMPLE DIAGONAL FORM WITH DIMENSION:   1

DEFAULT SIGMA BOUNDARY TEST OMITTED:   YES

INITIAL ESTIMATE OF THETA:
LOWER BOUND    INITIAL EST    UPPER BOUND
 0.0000E+00     0.7500E+00     0.1000E+07
 0.0000E+00     0.8000E-01     0.1000E+07
 0.0000E+00     0.3000E+02     0.1000E+07
 0.0000E+00     0.1000E+00     0.1000E+07
-0.9900E+00    -0.3000E+00     0.5000E+01

INITIAL ESTIMATE OF OMEGA:
BLOCK SET NO.   BLOCK                                                                    FIXED
       1                                                                                   NO
                 0.3000E-01
                 0.4000E-01   0.6000E-01

INITIAL ESTIMATE OF SIGMA:
0.1000E+01

SIGMA CONSTRAINED TO BE THIS INITIAL ESTIMATE

COVARIANCE STEP OMITTED:        NO
R MATRIX PRINTED:              YES
S MATRIX PRINTED:              YES
EIGENVLS. PRINTED:             YES
SPECIAL COMPUTATION:            NO
COMPRESSED FORMAT:              NO
GRADIENT METHOD USED:     NOSLOW
SIGDIGITS ETAHAT (SIGLO):                  -1
SIGDIGITS GRADIENTS (SIGL):                -1
EXCLUDE COV FOR FOCE (NOFCOV):              NO
Cholesky Transposition of R Matrix (CHOLROFF):0
KNUTHSUMOFF:                                -1
RESUME COV ANALYSIS (RESUME):               NO
SIR SAMPLE SIZE (SIRSAMPLE):
NON-LINEARLY TRANSFORM THETAS DURING COV (THBND): 1
PRECONDTIONING CYCLES (PRECOND):        0
PRECONDTIONING TYPES (PRECONDS):        TOS
FORCED PRECONDTIONING CYCLES (PFCOND):0
PRECONDTIONING TYPE (PRETYPE):        0
FORCED POS. DEFINITE SETTING DURING PRECONDITIONING: (FPOSDEF):0
SIMPLE POS. DEFINITE SETTING: (POSDEF):-1

TABLES STEP OMITTED:    NO
NO. OF TABLES:           4
SEED NUMBER (SEED):    11456
NPDTYPE:    0
INTERPTYPE:    0
RANMETHOD:             3U
MC SAMPLES (ESAMPLE):    300
WRES SQUARE ROOT TYPE (WRESCHOL): EIGENVALUE

-- TABLE   1 --

RECORDS ONLY:    ALL

4 COLUMNS APPENDED:    YES
PRINTED:                NO
HEADER:                YES
FILE TO BE FORWARDED:   NO
FORMAT:                S1PE11.4
IDFORMAT:
LFORMAT:
RFORMAT:
FIXED_EFFECT_ETAS:

USER-CHOSEN ITEMS:
ID TIME DV MDV GRP IPRE IWRE CWRES

-- TABLE   2 --

RECORDS ONLY:    ALL

4 COLUMNS APPENDED:    NO
PRINTED:                NO
HEADER:                YES
FILE TO BE FORWARDED:   NO
FORMAT:                S1PE11.4
IDFORMAT:
LFORMAT:
RFORMAT:
FIXED_EFFECT_ETAS:

USER-CHOSEN ITEMS:
ID ALPH BETA ETA1 ETA2

-- TABLE   3 --

RECORDS ONLY:    ALL

4 COLUMNS APPENDED:    NO
PRINTED:                NO
HEADER:                YES
FILE TO BE FORWARDED:   NO
FORMAT:                S1PE11.4
IDFORMAT:
LFORMAT:
RFORMAT:
FIXED_EFFECT_ETAS:

USER-CHOSEN ITEMS:
ID TIME

-- TABLE   4 --

RECORDS ONLY:    ALL

4 COLUMNS APPENDED:    NO
PRINTED:                NO
HEADER:                YES
FILE TO BE FORWARDED:   NO
FORMAT:                S1PE11.4
IDFORMAT:
LFORMAT:
RFORMAT:
FIXED_EFFECT_ETAS:

USER-CHOSEN ITEMS:
ID GRP




#TBLN:      1
#METH: First Order Conditional Estimation with Interaction

ESTIMATION STEP OMITTED:                 NO
SHRINK INFO WITH EVALUATION (EVALSHRINK) NO
ANALYSIS TYPE:                           POPULATION
NUMBER OF SADDLE POINT RESET ITERATIONS:      0
GRADIENT METHOD USED:               NOSLOW
CONDITIONAL ESTIMATES USED:              YES
CENTERED ETA:                            NO
EPS-ETA INTERACTION:                     YES
LAPLACIAN OBJ. FUNC.:                    NO
NO. OF FUNCT. EVALS. ALLOWED:            9999
NO. OF SIG. FIGURES REQUIRED:            3
INTERMEDIATE PRINTOUT:                   YES
ESTIMATE OUTPUT TO MSF:                  NO
ABORT WITH PRED EXIT CODE 1:             NO
IND. OBJ. FUNC. VALUES SORTED:           NO
NUMERICAL DERIVATIVE
      FILE REQUEST (NUMDER):               NONE
MAP (ETAHAT) ESTIMATION METHOD (OPTMAP):   0
ETA HESSIAN EVALUATION METHOD (ETADER):    0
INITIAL ETA FOR MAP ESTIMATION (MCETA):    0
SIGDIGITS FOR MAP ESTIMATION (SIGLO):      9
GRADIENT SIGDIGITS OF
      FIXED EFFECTS PARAMETERS (SIGL):     9
NOPRIOR SETTING (NOPRIOR):                 0
NOCOV SETTING (NOCOV):                     OFF
DERCONT SETTING (DERCONT):                 OFF
FINAL ETA RE-EVALUATION (FNLETA):          1
EXCLUDE NON-INFLUENTIAL (NON-INFL.) ETAS
      IN SHRINKAGE (ETASTYPE):             NO
NON-INFL. ETA CORRECTION (NONINFETA):      0
RAW OUTPUT FILE (FILE): tg107.ext
EXCLUDE TITLE (NOTITLE):                   NO
EXCLUDE COLUMN LABELS (NOLABEL):           NO
FORMAT FOR ADDITIONAL FILES (FORMAT):      S1PE12.5
PARAMETER ORDER FOR OUTPUTS (ORDER):       TSOL
KNUTHSUMOFF:                               0
INCLUDE LNTWOPI:                           NO
INCLUDE CONSTANT TERM TO PRIOR (PRIORC):   NO
INCLUDE CONSTANT TERM TO OMEGA (ETA) (OLNTWOPI):NO
ADDITIONAL CONVERGENCE TEST (CTYPE=4)?:    NO
EM OR BAYESIAN METHOD USED:                 NONE


THE FOLLOWING LABELS ARE EQUIVALENT
PRED=PREDI
RES=RESI
WRES=WRESI
IWRS=IWRESI
IPRD=IPREDI
IRS=IRESI

MONITORING OF SEARCH:



ITERATION NO.:    0    OBJECTIVE VALUE:   3080.37235837896        NO. OF FUNC. EVALS.:   7
CUMULATIVE NO. OF FUNC. EVALS.:        7
NPARAMETR:  7.5000E-01  8.0000E-02  3.0000E+01  1.0000E-01 -3.0000E-01  3.0000E-02  4.0000E-02  6.0000E-02
PARAMETER:  1.0000E-01  1.0000E-01  1.0000E-01  1.0000E-01  1.0000E-01  1.0000E-01  1.0000E-01  1.0000E-01
GRADIENT:   1.0025E+03 -6.1699E+02 -7.1748E+01  2.9996E+01  3.7342E+02 -1.0124E+02  4.2182E+02 -9.3341E+00


ITERATION NO.:    5    OBJECTIVE VALUE:   3022.18755008042        NO. OF FUNC. EVALS.:  43
CUMULATIVE NO. OF FUNC. EVALS.:       50
NPARAMETR:  6.7718E-01  7.0828E-02  3.5732E+01  7.9990E-02 -4.3057E-01  3.9655E-02  5.1741E-02  7.2519E-02
PARAMETER: -2.1296E-03 -2.1769E-02  2.7486E-01 -1.2327E-01 -1.3412E-01  2.3951E-01  1.1251E-01 -4.3028E-02
GRADIENT:  -2.4296E+02  1.0159E+02  1.9995E+01  1.0475E+01 -5.7405E+01  5.6698E+00 -1.1844E+02  2.2805E+01


ITERATION NO.:   10    OBJECTIVE VALUE:   3009.76638932657        NO. OF FUNC. EVALS.:  44
CUMULATIVE NO. OF FUNC. EVALS.:       94
NPARAMETR:  7.0774E-01  7.4405E-02  3.5243E+01  7.7832E-02 -4.1837E-01  4.4822E-02  6.0191E-02  8.2570E-02
PARAMETER:  4.2001E-02  2.7496E-02  2.6107E-01 -1.5061E-01 -1.1030E-01  3.0075E-01  1.2311E-01 -5.7177E-01
GRADIENT:   3.1652E+01 -3.1151E+01  9.1452E+00  9.5326E-01 -2.5737E+01  3.5362E+01 -2.6712E+02  2.7922E+00


ITERATION NO.:   15    OBJECTIVE VALUE:   3008.82715232296        NO. OF FUNC. EVALS.:  41
CUMULATIVE NO. OF FUNC. EVALS.:      135
NPARAMETR:  7.0869E-01  7.4556E-02  3.4672E+01  7.8527E-02 -4.0880E-01  4.5542E-02  6.2868E-02  8.8247E-02
PARAMETER:  4.3349E-02  2.9528E-02  2.4475E-01 -1.4172E-01 -9.1918E-02  3.0872E-01  1.2756E-01 -6.5807E-01
GRADIENT:   1.3339E-01 -1.3154E-01 -1.8088E-02  2.3139E-02  1.3418E-01  3.2644E-02 -2.5459E-01 -6.2437E-03


ITERATION NO.:   20    OBJECTIVE VALUE:   3008.82306509901        NO. OF FUNC. EVALS.:  75
CUMULATIVE NO. OF FUNC. EVALS.:      210
NPARAMETR:  7.1031E-01  7.4805E-02  3.4671E+01  7.8530E-02 -4.0893E-01  4.5490E-02  6.2763E-02  8.8059E-02
PARAMETER:  4.5626E-02  3.2852E-02  2.4469E-01 -1.4169E-01 -9.2158E-02  3.0815E-01  1.2742E-01 -6.5752E-01
GRADIENT:  -7.4805E-02  5.3047E-02 -3.0495E-03 -9.1731E-03 -5.0456E-04 -2.4304E-02  1.2285E-01 -2.9188E-03

#TERM:

MINIMIZATION SUCCESSFUL
NO. OF FUNCTION EVALUATIONS USED:      210
NO. OF SIG. DIGITS IN FINAL EST.:  3.4

ETABAR IS THE ARITHMETIC MEAN OF THE ETA-ESTIMATES,
AND THE P-VALUE IS GIVEN FOR THE NULL HYPOTHESIS THAT THE TRUE MEAN IS 0.

ETABAR:         1.0095E-04 -8.5016E-04
SE:             3.3049E-02  4.5189E-02
N:                      40          40

P VAL.:         9.9756E-01  9.8499E-01

ETASHRINKSD(%)  1.9985E+00  3.6883E+00
ETASHRINKVR(%)  3.9571E+00  7.2405E+00
EBVSHRINKSD(%)  2.0326E+00  3.8696E+00
EBVSHRINKVR(%)  4.0240E+00  7.5894E+00
RELATIVEINF(%)  1.0000E-10  2.3760E+01
EPSSHRINKSD(%)  9.2259E+00
EPSSHRINKVR(%)  1.7601E+01

 
TOTAL DATA POINTS NORMALLY DISTRIBUTED (N):          320
N*LOG(2PI) CONSTANT TO OBJECTIVE FUNCTION:    588.12066125099045     
OBJECTIVE FUNCTION VALUE WITHOUT CONSTANT:    3008.8230650990058     
OBJECTIVE FUNCTION VALUE WITH CONSTANT:       3596.9437263499963     
REPORTED OBJECTIVE FUNCTION DOES NOT CONTAIN CONSTANT
 
TOTAL EFFECTIVE ETAS (NIND*NETA):                            80
 
#TERE:
Elapsed estimation  time in seconds: <SEC>
Elapsed covariance  time in seconds: <SEC>
Elapsed postprocess time in seconds: <SEC>






















************************************************************************************************************************
********************                                                                                ********************
********************               FIRST ORDER CONDITIONAL ESTIMATION WITH INTERACTION              ********************
#OBJT:**************                       MINIMUM VALUE OF OBJECTIVE FUNCTION                      ********************
********************                                                                                ********************
************************************************************************************************************************






#OBJV:********************************************          3008.823       *********************************************


************************************************************************************************************************
********************                                                                                ********************
********************               FIRST ORDER CONDITIONAL ESTIMATION WITH INTERACTION              ********************
********************                             FINAL PARAMETER ESTIMATE                           ********************
********************                                                                                ********************
************************************************************************************************************************



THETA - VECTOR OF FIXED EFFECTS PARAMETERS   *********


        TH 1      TH 2      TH 3      TH 4      TH 5     

        7.10E-01  7.48E-02  3.47E+01  7.85E-02 -4.09E-01



OMEGA - COV MATRIX FOR RANDOM EFFECTS - ETAS  ********


        ETA1      ETA2     

ETA1    4.55E-02

ETA2    6.28E-02  8.81E-02



SIGMA - COV MATRIX FOR RANDOM EFFECTS - EPSILONS  ****


        EPS1     

EPS1    1.00E+00





OMEGA - CORR MATRIX FOR RANDOM EFFECTS - ETAS  *******


        ETA1      ETA2     

ETA1    2.13E-01

ETA2    9.92E-01  2.97E-01



SIGMA - CORR MATRIX FOR RANDOM EFFECTS - EPSILONS  ***


        EPS1     

EPS1    1.00E+00



************************************************************************************************************************
********************                                                                                ********************
********************               FIRST ORDER CONDITIONAL ESTIMATION WITH INTERACTION              ********************
********************                            STANDARD ERROR OF ESTIMATE                          ********************
********************                                                                                ********************
************************************************************************************************************************



THETA - VECTOR OF FIXED EFFECTS PARAMETERS   *********


        TH 1      TH 2      TH 3      TH 4      TH 5     

        2.48E-02  3.87E-03  2.24E+00  8.73E-03  1.75E-02



OMEGA - COV MATRIX FOR RANDOM EFFECTS - ETAS  ********


        ETA1      ETA2     

ETA1    1.10E-02

ETA2    1.61E-02  2.41E-02



SIGMA - COV MATRIX FOR RANDOM EFFECTS - EPSILONS  ****


        EPS1     

EPS1   .........





OMEGA - CORR MATRIX FOR RANDOM EFFECTS - ETAS  *******


        ETA1      ETA2     

ETA1    2.59E-02

ETA2    3.85E-03  4.05E-02



SIGMA - CORR MATRIX FOR RANDOM EFFECTS - EPSILONS  ***


        EPS1     

EPS1   .........



************************************************************************************************************************
********************                                                                                ********************
********************               FIRST ORDER CONDITIONAL ESTIMATION WITH INTERACTION              ********************
********************                          COVARIANCE MATRIX OF ESTIMATE                         ********************
********************                                                                                ********************
************************************************************************************************************************


           TH 1      TH 2      TH 3      TH 4      TH 5      OM11      OM12      OM22      SG11  

TH 1    6.16E-04

TH 2    9.27E-05  1.50E-05

TH 3    1.55E-02  2.71E-03  5.02E+00

TH 4   -3.52E-05 -5.27E-06 -6.76E-03  7.63E-05

TH 5   -3.52E-05  3.97E-06 -2.28E-03  8.06E-06  3.06E-04

OM11   -1.03E-04 -1.67E-05 -8.19E-03  8.59E-06  1.08E-05  1.22E-04

OM12   -1.48E-04 -2.56E-05 -1.25E-02  2.05E-05  2.97E-06  1.76E-04  2.61E-04

OM22   -2.12E-04 -3.89E-05 -1.91E-02  3.99E-05 -1.59E-05  2.54E-04  3.84E-04  5.78E-04

SG11   ......... ......... ......... ......... ......... ......... ......... ......... .........



************************************************************************************************************************
********************                                                                                ********************
********************               FIRST ORDER CONDITIONAL ESTIMATION WITH INTERACTION              ********************
********************                          CORRELATION MATRIX OF ESTIMATE                        ********************
********************                                                                                ********************
************************************************************************************************************************


           TH 1      TH 2      TH 3      TH 4      TH 5      OM11      OM12      OM22      SG11  

TH 1    2.48E-02

TH 2    9.64E-01  3.87E-03

TH 3    2.78E-01  3.12E-01  2.24E+00

TH 4   -1.62E-01 -1.56E-01 -3.45E-01  8.73E-03

TH 5   -8.11E-02  5.86E-02 -5.82E-02  5.28E-02  1.75E-02

OM11   -3.77E-01 -3.91E-01 -3.31E-01  8.91E-02  5.57E-02  1.10E-02

OM12   -3.69E-01 -4.09E-01 -3.47E-01  1.45E-01  1.05E-02  9.88E-01  1.61E-02

OM22   -3.54E-01 -4.18E-01 -3.54E-01  1.90E-01 -3.78E-02  9.56E-01  9.90E-01  2.41E-02

SG11   ......... ......... ......... ......... ......... ......... ......... ......... .........



************************************************************************************************************************
********************                                                                                ********************
********************               FIRST ORDER CONDITIONAL ESTIMATION WITH INTERACTION              ********************
********************                      INVERSE COVARIANCE MATRIX OF ESTIMATE                     ********************
********************                                                                                ********************
************************************************************************************************************************


           TH 1      TH 2      TH 3      TH 4      TH 5      OM11      OM12      OM22      SG11  

TH 1    6.32E+04

TH 2   -4.03E+05  2.66E+06

TH 3    2.91E+01 -2.12E+02  2.74E-01

TH 4    1.60E+04 -1.00E+05  2.72E+01  2.21E+04

TH 5    8.75E+03 -5.67E+04  5.67E+00  1.29E+03  5.18E+03

OM11    3.73E+05 -2.31E+06  2.37E+02  2.22E+05  9.98E+04  1.82E+07

OM12   -4.14E+05  2.53E+06 -2.66E+02 -2.59E+05 -1.35E+05 -2.46E+07  3.36E+07

OM22    1.07E+05 -6.41E+05  7.65E+01  7.33E+04  4.53E+04  8.32E+06 -1.15E+07  3.98E+06

SG11   ......... ......... ......... ......... ......... ......... ......... ......... .........























************************************************************************************************************************
********************                                                                                ********************
********************               FIRST ORDER CONDITIONAL ESTIMATION WITH INTERACTION              ********************
********************                      EIGENVALUES OF COR MATRIX OF ESTIMATE                     ********************
********************                                                                                ********************
************************************************************************************************************************


            1         2         3         4         5         6         7         8

        7.55E-05  9.61E-03  4.76E-02  6.19E-01  9.86E-01  1.14E+00  1.42E+00  3.78E+00



************************************************************************************************************************
********************                                                                                ********************
********************               FIRST ORDER CONDITIONAL ESTIMATION WITH INTERACTION              ********************
********************                                     R MATRIX                                   ********************
********************                                                                                ********************
************************************************************************************************************************


           TH 1      TH 2      TH 3      TH 4      TH 5      OM11      OM12      OM22      SG11  

TH 1    5.08E+04

TH 2   -3.28E+05  2.19E+06

TH 3   -1.59E+00  1.29E+01  2.49E-01

TH 4    2.04E+03 -1.42E+04  2.16E+01  1.52E+04

TH 5    8.22E+03 -5.28E+04 -1.18E+00  4.87E+02  4.77E+03

OM11    1.53E+05 -1.06E+06  7.13E+01  6.99E+04  4.54E+04  1.03E+07

OM12   -1.63E+05  1.13E+06 -1.07E+02 -1.01E+05 -5.77E+04 -1.45E+07  2.05E+07

OM22    3.77E+04 -2.62E+05  4.07E+01  3.63E+04  1.78E+04  5.07E+06 -7.26E+06  2.60E+06

SG11   ......... ......... ......... ......... ......... ......... ......... ......... .........



************************************************************************************************************************
********************                                                                                ********************
********************               FIRST ORDER CONDITIONAL ESTIMATION WITH INTERACTION              ********************
********************                                     S MATRIX                                   ********************
********************                                                                                ********************
************************************************************************************************************************


           TH 1      TH 2      TH 3      TH 4      TH 5      OM11      OM12      OM22      SG11  

TH 1    5.12E+04

TH 2   -3.31E+05  2.21E+06

TH 3   -2.51E+01  2.02E+02  2.78E-01

TH 4   -4.35E+03  2.72E+04  2.21E+01  1.55E+04

TH 5    8.47E+03 -5.42E+04 -7.28E+00 -4.25E+02  4.73E+03

OM11    1.05E+05 -8.21E+05 -3.18E+01  5.45E+04  8.35E+03  7.15E+06

OM12   -1.13E+05  8.92E+05 -2.81E+01 -1.08E+05 -2.59E+03 -1.03E+07  1.51E+07

OM22    2.51E+04 -2.08E+05  2.96E+01  4.87E+04 -2.75E+03  3.73E+06 -5.53E+06  2.05E+06

SG11   ......... ......... ......... ......... ......... ......... ......... ......... .........

Elapsed finaloutput time in seconds: <SEC>
#CPUT: Total CPU Time in Seconds, <SEC>
Stop Time: 
<DATE>
<TIME>
