Changing directory to tg102.R76
'pushdon' is not recognized as an internal or external command,
operable program or batch file.
Pathlist information for compiler and MPI systems are located in nmpathlist.txt

Starting NMTRAN
  
 WARNINGS AND ERRORS (IF ANY) FOR PROBLEM    1
             
 (WARNING  2) NM-TRAN INFERS THAT THE DATA ARE POPULATION.
  
Note: Analytical 2nd Derivatives are constructed in FSUBS but are never used.
      You may insert $ABBR DERIV2=NO after the first $PROB to save FSUBS construction and compilation time
  
Recompiling certain components.
starting wait
ending wait
Exiting lpreddo
Compiling FSUBS
Building NONMEM Executable
Starting nonmem execution ...
License Registered to: <LICENSEE>
Expiration Date: <DATE>
Current Date: <DATE>
Days until program expires : <N>


 First Order Conditional Estimation with Interaction
 MONITORING OF SEARCH:


0ITERATION NO.:    0    OBJECTIVE VALUE:   1852.68768068558        NO. OF FUNC. EVALS.:   6
 CUMULATIVE NO. OF FUNC. EVALS.:        6
 NPARAMETR:  1.0000E+00  1.0000E-01  1.0000E+01  2.0000E-01  5.0000E-02  5.0000E-02
 PARAMETER:  1.0000E-01  1.0000E-01  1.0000E-01  1.0000E-01  1.0000E-01  1.0000E-01
 GRADIENT:   1.8836E+02  7.3948E+01 -4.4430E+01 -2.0439E+00 -2.6521E+01 -1.2151E+01

0ITERATION NO.:    5    OBJECTIVE VALUE:   1749.15971916867        NO. OF FUNC. EVALS.:  39
 CUMULATIVE NO. OF FUNC. EVALS.:       45
 NPARAMETR:  7.4241E-01  6.5538E-02  3.7344E+01  9.2044E-02  2.1572E-02  8.2210E-02
 PARAMETER: -1.9785E-01 -3.2254E-01  1.4176E+00 -6.7605E-01 -3.2031E-01  3.4863E-01
 GRADIENT:   4.8926E+01 -7.1797E+01 -9.6469E-01  1.1816E-01 -7.1258E-01  4.5057E+00

0ITERATION NO.:   10    OBJECTIVE VALUE:   1736.17618157325        NO. OF FUNC. EVALS.:  35
 CUMULATIVE NO. OF FUNC. EVALS.:       80
 NPARAMETR:  7.4313E-01  7.9822E-02  4.2704E+01  1.1028E-01  5.1238E-03  3.8695E-03
 PARAMETER: -1.9689E-01 -1.2538E-01  1.5517E+00 -4.9526E-01 -1.0391E+00 -1.1795E+00
 GRADIENT:   4.3486E+01 -4.4140E+00  5.1046E+00 -3.8820E+00  7.3076E-01  1.2233E+00

0ITERATION NO.:   15    OBJECTIVE VALUE:   1734.94653872550        NO. OF FUNC. EVALS.:  35
 CUMULATIVE NO. OF FUNC. EVALS.:      115
 NPARAMETR:  7.3600E-01  7.9048E-02  4.0932E+01  1.1953E-01  3.8482E-03  5.8067E-04
 PARAMETER: -2.0653E-01 -1.3512E-01  1.5093E+00 -4.1473E-01 -1.1822E+00 -2.1278E+00
 GRADIENT:   1.1283E+01 -1.7827E+01 -2.6195E+00 -3.5609E+00 -9.5867E-02  2.6794E-01

0ITERATION NO.:   20    OBJECTIVE VALUE:   1734.66798619392        NO. OF FUNC. EVALS.:  35
 CUMULATIVE NO. OF FUNC. EVALS.:      150
 NPARAMETR:  7.3849E-01  7.9719E-02  4.1502E+01  1.2200E-01  3.6636E-03  1.8459E-05
 PARAMETER: -2.0315E-01 -1.2666E-01  1.5232E+00 -3.9427E-01 -1.2068E+00 -3.8521E+00
 GRADIENT:   5.7785E+00 -2.5811E+00  2.0448E-01  2.3400E-01  2.3520E-01  1.2516E-02

0ITERATION NO.:   25    OBJECTIVE VALUE:   1734.66057150953        NO. OF FUNC. EVALS.:  35
 CUMULATIVE NO. OF FUNC. EVALS.:      185
 NPARAMETR:  7.3809E-01  7.9717E-02  4.1490E+01  1.2192E-01  3.6351E-03  2.0029E-07
 PARAMETER: -2.0369E-01 -1.2669E-01  1.5229E+00 -3.9498E-01 -1.2107E+00 -6.1139E+00
 GRADIENT:   1.7505E-01 -1.5506E-01 -1.5968E-03 -2.3074E-02  1.1139E-03  1.3751E-04

0ITERATION NO.:   30    OBJECTIVE VALUE:   1734.66048854025        NO. OF FUNC. EVALS.:  44
 CUMULATIVE NO. OF FUNC. EVALS.:      229
 NPARAMETR:  7.3810E-01  7.9720E-02  4.1489E+01  1.2194E-01  3.6348E-03  4.1457E-08
 PARAMETER: -2.0368E-01 -1.2665E-01  1.5228E+00 -3.9482E-01 -1.2107E+00 -6.9014E+00
 GRADIENT:   4.4642E-02 -7.4532E-03  3.4738E-03  6.7153E-03 -3.4982E-05  2.8530E-05

0ITERATION NO.:   35    OBJECTIVE VALUE:   1734.66048706298        NO. OF FUNC. EVALS.:  45
 CUMULATIVE NO. OF FUNC. EVALS.:      274
 NPARAMETR:  7.3810E-01  7.9720E-02  4.1488E+01  1.2193E-01  3.6348E-03  2.7013E-08
 PARAMETER: -2.0368E-01 -1.2666E-01  1.5228E+00 -3.9483E-01 -1.2107E+00 -7.1156E+00
 GRADIENT:   4.4332E-02 -1.3302E-02  1.6111E-03  4.1576E-03 -2.0221E-04  1.8586E-05

0ITERATION NO.:   40    OBJECTIVE VALUE:   1734.65999407727        NO. OF FUNC. EVALS.:  66
 CUMULATIVE NO. OF FUNC. EVALS.:      340
 NPARAMETR:  7.3844E-01  7.9770E-02  4.1506E+01  1.2189E-01  3.6306E-03  6.6891E-09
 PARAMETER: -2.0322E-01 -1.2603E-01  1.5232E+00 -3.9516E-01 -1.2113E+00 -7.8135E+00
 GRADIENT:  -8.1990E-02  5.4370E-02  6.8088E-04 -1.9783E-03 -2.6071E-03  4.6531E-06

0ITERATION NO.:   45    OBJECTIVE VALUE:   1734.65999143362        NO. OF FUNC. EVALS.:  71
 CUMULATIVE NO. OF FUNC. EVALS.:      411
 NPARAMETR:  7.3844E-01  7.9769E-02  4.1505E+01  1.2190E-01  3.6309E-03  5.6246E-11
 PARAMETER: -2.0321E-01 -1.2604E-01  1.5232E+00 -3.9514E-01 -1.2113E+00 -1.0203E+01
 GRADIENT:  -5.2645E-03  2.6806E-03 -2.0872E-04 -4.1091E-04 -1.0296E-04  3.9110E-08

0ITERATION NO.:   47    OBJECTIVE VALUE:   1734.65999141774        NO. OF FUNC. EVALS.:  36
 CUMULATIVE NO. OF FUNC. EVALS.:      447
 NPARAMETR:  7.3844E-01  7.9769E-02  4.1505E+01  1.2190E-01  3.6309E-03  2.7797E-11
 PARAMETER: -2.0321E-01 -1.2604E-01  1.5232E+00 -3.9514E-01 -1.2113E+00 -1.0555E+01
 GRADIENT:   3.2742E-02 -4.2495E-03  2.2369E-04  2.6533E-04 -2.1914E-05 -4.1288E-07
 Elapsed estimation  time in seconds: <SEC>
 Elapsed covariance  time in seconds: <SEC>
 Elapsed postprocess time in seconds: <SEC>
 Elapsed finaloutput time in seconds: <SEC>
Done with nonmem execution
