Changing directory to 109sex.R76
'pushdon' is not recognized as an internal or external command,
operable program or batch file.
Pathlist information for compiler and MPI systems are located in nmpathlist.txt

Starting NMTRAN
  
 WARNINGS AND ERRORS (IF ANY) FOR PROBLEM    1
             
 (WARNING  2) NM-TRAN INFERS THAT THE DATA ARE POPULATION.
Recompiling certain components.
starting wait
ending wait
Exiting lpreddo
Compiling FSUBS
Building NONMEM Executable
Starting nonmem execution ...
License Registered to: <LICENSEE>
Expiration Date: <DATE>
Current Date: <DATE>
Days until program expires : <N>


 First Order Conditional Estimation with Interaction
 MONITORING OF SEARCH:


0ITERATION NO.:    0    OBJECTIVE VALUE:   698.615370868504        NO. OF FUNC. EVALS.:   9
 CUMULATIVE NO. OF FUNC. EVALS.:        9
 NPARAMETR:  7.5000E-03  1.5000E+00  6.0000E-01  1.2000E-01  7.5000E-01  1.0000E+00  2.0000E-01  3.0000E-01  5.0000E-02  3.0000E-01

 PARAMETER:  1.0000E-01  1.0000E-01  1.0000E-01  1.0000E-01  1.0000E-01  1.0000E-01  1.0000E-01  1.0000E-01  1.0000E-01  1.0000E-01

 GRADIENT:   5.7061E+01 -1.5346E+01 -2.0359E-01  2.1362E+01 -4.6112E+01  1.5465E+01  3.1753E+01  3.9627E+01  2.2596E+01  9.6475E+01


0ITERATION NO.:    5    OBJECTIVE VALUE:   596.064762243393        NO. OF FUNC. EVALS.:  53
 CUMULATIVE NO. OF FUNC. EVALS.:       62
 NPARAMETR:  7.0614E-03  1.5285E+00  6.1083E-01  1.0609E-01  1.1402E+00  1.0464E+00  1.6085E-01  1.0023E-01  1.8968E-02  2.9743E-02

 PARAMETER:  3.9739E-02  1.1879E-01  1.1789E-01 -2.3219E-02  2.6195E-01  1.1937E-01  6.2388E-02 -4.4815E-01  6.5630E-02 -1.1058E+00

 GRADIENT:   4.5758E+01  2.2872E+00 -1.0375E+00  5.0317E-01 -1.1366E+01  1.3363E+02  3.2935E+01  2.0727E+01 -4.6284E+01  8.8141E+00


0ITERATION NO.:   10    OBJECTIVE VALUE:   588.771915629498        NO. OF FUNC. EVALS.:  51
 CUMULATIVE NO. OF FUNC. EVALS.:      113
 NPARAMETR:  6.7996E-03  1.5080E+00  8.6880E-01  1.0577E-01  1.1379E+00  1.0126E+00  2.0614E-01  3.4301E-02  1.2414E-02  3.3782E-02

 PARAMETER:  1.9636E-03  1.0535E-01  4.7018E-01 -2.6207E-02  2.6098E-01  1.0524E-01  1.0580E-01 -9.8430E-01  7.3424E-02 -1.0492E+00

 GRADIENT:   6.0659E+01 -1.7389E+01 -8.3822E-01  2.3223E+00 -1.0867E+01  9.0313E+01  5.3016E+01  1.2217E+00 -2.7038E+01  1.0780E+01


0ITERATION NO.:   15    OBJECTIVE VALUE:   580.878445554101        NO. OF FUNC. EVALS.:  50
 CUMULATIVE NO. OF FUNC. EVALS.:      163
 NPARAMETR:  6.8098E-03  1.4954E+00  1.6171E+00  9.0161E-02  1.1494E+00  9.2437E-01  1.1693E-01  4.1886E-02  2.3929E-02  2.6116E-02

 PARAMETER:  3.4634E-03  9.6930E-02  1.0915E+00 -1.8590E-01  2.6583E-01  6.8585E-02  1.8863E-02 -8.8442E-01  1.2808E-01 -1.4771E+00

 GRADIENT:  -4.8803E+00 -6.2710E+00  2.2297E+00  6.9907E+00  2.7138E+00  7.7598E+00 -2.6370E+00  9.0828E-01  1.1015E+01  3.3814E+00


0ITERATION NO.:   20    OBJECTIVE VALUE:   580.073059525495        NO. OF FUNC. EVALS.:  50
 CUMULATIVE NO. OF FUNC. EVALS.:      213
 NPARAMETR:  6.8646E-03  1.4923E+00  1.9354E+00  7.7379E-02  1.1359E+00  9.1275E-01  1.1597E-01  4.2522E-02  2.7427E-02  2.2944E-02

 PARAMETER:  1.1470E-02  9.4870E-02  1.2711E+00 -3.3877E-01  2.6013E-01  6.3773E-02  1.7897E-02 -8.7688E-01  1.4570E-01 -1.9084E+00

 GRADIENT:  -3.0088E-01 -3.5778E+00 -8.4988E-02  7.7567E-01 -5.5659E-01 -9.7603E-01 -4.8513E-01  5.6868E-02  5.8974E+00  3.1733E-01


0ITERATION NO.:   25    OBJECTIVE VALUE:   580.031843548229        NO. OF FUNC. EVALS.:  61
 CUMULATIVE NO. OF FUNC. EVALS.:      274
 NPARAMETR:  6.8681E-03  1.4933E+00  2.0482E+00  7.2825E-02  1.1376E+00  9.1242E-01  1.1614E-01  4.2259E-02  2.7795E-02  2.2138E-02

 PARAMETER:  1.1990E-02  9.5524E-02  1.3278E+00 -3.9943E-01  2.6087E-01  6.3638E-02  1.8073E-02 -8.7999E-01  1.4812E-01 -2.0630E+00

 GRADIENT:   4.8240E-03 -1.2709E-02 -1.8736E-02 -6.5313E-02 -1.7551E-02 -6.0225E-02  4.3223E-03 -2.4116E-03  2.9962E-02  2.1255E-02


0ITERATION NO.:   30    OBJECTIVE VALUE:   580.031585150609        NO. OF FUNC. EVALS.:  79
 CUMULATIVE NO. OF FUNC. EVALS.:      353
 NPARAMETR:  6.8686E-03  1.4933E+00  2.0484E+00  7.2940E-02  1.1375E+00  9.1248E-01  1.1622E-01  4.2258E-02  2.7865E-02  2.2079E-02

 PARAMETER:  1.2053E-02  9.5498E-02  1.3279E+00 -3.9785E-01  2.6082E-01  6.3660E-02  1.8154E-02 -8.7999E-01  1.4849E-01 -2.0829E+00

 GRADIENT:  -1.9329E-02  8.2786E-03 -6.2764E-03 -4.5321E-03 -5.8020E-03 -1.4737E-02 -1.7000E-03 -2.3884E-03 -2.6859E-02 -4.9435E-04

 Elapsed estimation  time in seconds: <SEC>
 Elapsed covariance  time in seconds: <SEC>
 Elapsed postprocess time in seconds: <SEC>
 Elapsed finaloutput time in seconds: <SEC>
Done with nonmem execution
