Changing directory to tg104.R76
'pushdon' is not recognized as an internal or external command,
operable program or batch file.
Pathlist information for compiler and MPI systems are located in nmpathlist.txt

Starting NMTRAN
  
 WARNINGS AND ERRORS (IF ANY) FOR PROBLEM    1
             
 (WARNING  2) NM-TRAN INFERS THAT THE DATA ARE POPULATION.
  
Note: Analytical 2nd Derivatives are constructed in FSUBS but are never used.
      You may insert $ABBR DERIV2=NO after the first $PROB to save FSUBS construction and compilation time
  
Recompiling certain components.
starting wait
ending wait
Exiting lpreddo
Compiling FSUBS
Building NONMEM Executable
Starting nonmem execution ...
License Registered to: <LICENSEE>
Expiration Date: <DATE>
Current Date: <DATE>
Days until program expires : <N>


 First Order Conditional Estimation with Interaction
 MONITORING OF SEARCH:


0ITERATION NO.:    0    OBJECTIVE VALUE:   2100.84880393787        NO. OF FUNC. EVALS.:   7
 CUMULATIVE NO. OF FUNC. EVALS.:        7
 NPARAMETR:  1.5000E+00  7.5000E-01  3.0000E-01  1.0000E+01  2.0000E-01  5.0000E-02  5.0000E-02
 PARAMETER:  1.0000E-01  1.0000E-01  1.0000E-01  1.0000E-01  1.0000E-01  1.0000E-01  1.0000E-01
 GRADIENT:  -7.9940E+01 -7.0054E+02  3.7211E+02 -3.4301E+01 -4.2078E+02  2.0519E+01 -1.7112E+02

0ITERATION NO.:    5    OBJECTIVE VALUE:   1792.68814592900        NO. OF FUNC. EVALS.:  43
 CUMULATIVE NO. OF FUNC. EVALS.:       50
 NPARAMETR:  7.1679E-01  8.6722E-01  1.4975E-01  3.0107E+01  1.0911E-01  2.3190E-01  1.4863E-01
 PARAMETER: -6.3843E-01  9.1551E-01 -5.9483E-01  1.2022E+00 -5.0592E-01  8.6713E-01  6.4473E-01
 GRADIENT:  -5.1180E+01  1.3709E+02 -4.4123E+01 -3.4005E+01 -2.6974E+01  1.5832E+01 -1.9803E+01

0ITERATION NO.:   10    OBJECTIVE VALUE:   1742.38736629540        NO. OF FUNC. EVALS.:  43
 CUMULATIVE NO. OF FUNC. EVALS.:       93
 NPARAMETR:  1.1016E+00  8.3366E-01  1.5007E-01  3.8700E+01  1.0851E-01  4.9251E-02  7.1684E-02
 PARAMETER: -2.0867E-01  6.3436E-01 -5.9271E-01  1.4533E+00 -5.1143E-01  9.2449E-02  2.8012E-01
 GRADIENT:   2.9132E+01 -2.7492E+01  1.7356E+01 -3.0097E+00 -6.0436E-01  2.5639E+01 -2.0436E+00

0ITERATION NO.:   15    OBJECTIVE VALUE:   1722.70534219335        NO. OF FUNC. EVALS.:  42
 CUMULATIVE NO. OF FUNC. EVALS.:      135
 NPARAMETR:  9.9628E-01  7.9920E-01  5.5746E-02  3.9790E+01  1.1754E-01  8.8872E-03  6.1270E-02
 PARAMETER: -3.0919E-01  3.9293E-01 -1.5830E+00  1.4810E+00 -4.3157E-01 -7.6370E-01  2.0163E-01
 GRADIENT:  -4.0097E+01 -2.9070E+01  7.7891E+00  2.3089E+00  1.3785E+00 -5.4732E+00  2.0378E+00

0ITERATION NO.:   20    OBJECTIVE VALUE:   1721.55998951464        NO. OF FUNC. EVALS.:  40
 CUMULATIVE NO. OF FUNC. EVALS.:      175
 NPARAMETR:  1.0022E+00  7.9555E-01  4.7422E-02  3.9172E+01  1.1833E-01  1.0612E-02  5.6228E-03
 PARAMETER: -3.0326E-01  3.6944E-01 -1.7447E+00  1.4654E+00 -4.2483E-01 -6.7500E-01 -9.9259E-01
 GRADIENT:   6.0297E+00  4.3378E+00 -4.0950E-01 -8.0948E-03 -5.8491E-01  1.9247E-01  5.3334E-02

0ITERATION NO.:   25    OBJECTIVE VALUE:   1721.50975267500        NO. OF FUNC. EVALS.:  41
 CUMULATIVE NO. OF FUNC. EVALS.:      216
 NPARAMETR:  9.9687E-01  7.8721E-01  3.2743E-02  3.9051E+01  1.1901E-01  1.1353E-02  1.3495E-04
 PARAMETER: -3.0860E-01  3.1690E-01 -2.1151E+00  1.4623E+00 -4.1912E-01 -6.4127E-01 -2.8574E+00
 GRADIENT:  -2.0130E+00 -1.7641E+00  3.3355E-01 -6.6134E-02 -1.4932E-02  1.7977E-02  4.0988E-04

0ITERATION NO.:   30    OBJECTIVE VALUE:   1721.50807918548        NO. OF FUNC. EVALS.:  72
 CUMULATIVE NO. OF FUNC. EVALS.:      288
 NPARAMETR:  9.9698E-01  7.8600E-01  3.0565E-02  3.9050E+01  1.1903E-01  1.1472E-02  6.1406E-05
 PARAMETER: -3.0849E-01  3.0941E-01 -2.1839E+00  1.4623E+00 -4.1890E-01 -6.3606E-01 -3.2511E+00
 GRADIENT:  -1.3403E-01  3.3997E-02 -1.7980E-03  2.7141E-03  8.9738E-03 -2.7080E-03  1.5201E-04

0ITERATION NO.:   35    OBJECTIVE VALUE:   1721.50803348134        NO. OF FUNC. EVALS.:  72
 CUMULATIVE NO. OF FUNC. EVALS.:      360
 NPARAMETR:  9.9699E-01  7.8583E-01  3.0323E-02  3.9056E+01  1.1900E-01  1.1484E-02  7.1241E-06
 PARAMETER: -3.0848E-01  3.0836E-01 -2.1919E+00  1.4624E+00 -4.1916E-01 -6.3552E-01 -4.3281E+00
 GRADIENT:   5.5975E-01  1.7843E-01  6.2243E-02 -6.1026E-03 -2.7708E-02 -5.7000E-03  1.7216E-05

0ITERATION NO.:   40    OBJECTIVE VALUE:   1721.50802358598        NO. OF FUNC. EVALS.:  70
 CUMULATIVE NO. OF FUNC. EVALS.:      430
 NPARAMETR:  9.9696E-01  7.8583E-01  3.0302E-02  3.9055E+01  1.1901E-01  1.1486E-02  2.0929E-06
 PARAMETER: -3.0851E-01  3.0835E-01 -2.1926E+00  1.4624E+00 -4.1910E-01 -6.3544E-01 -4.9406E+00
 GRADIENT:  -2.5411E-01 -1.1430E-01  1.3518E-02 -4.9713E-03 -2.2867E-02 -4.4094E-03  5.0458E-06

0ITERATION NO.:   45    OBJECTIVE VALUE:   1721.50801452471        NO. OF FUNC. EVALS.:  86
 CUMULATIVE NO. OF FUNC. EVALS.:      516
 NPARAMETR:  9.9705E-01  7.8580E-01  3.0270E-02  3.9052E+01  1.1903E-01  1.1490E-02  8.4568E-07
 PARAMETER: -3.0842E-01  3.0820E-01 -2.1936E+00  1.4623E+00 -4.1895E-01 -6.3528E-01 -5.3937E+00
 GRADIENT:   3.9907E-03  1.4718E-02 -1.9321E-03 -3.8344E-03  5.8529E-03  5.9489E-04  2.0353E-06

0ITERATION NO.:   47    OBJECTIVE VALUE:   1721.50801433003        NO. OF FUNC. EVALS.:  39
 CUMULATIVE NO. OF FUNC. EVALS.:      555
 NPARAMETR:  9.9706E-01  7.8580E-01  3.0267E-02  3.9052E+01  1.1903E-01  1.1490E-02  7.4177E-07
 PARAMETER: -3.0841E-01  3.0818E-01 -2.1937E+00  1.4623E+00 -4.1896E-01 -6.3528E-01 -5.4593E+00
 GRADIENT:   1.7959E-02  1.4794E-02 -4.5151E-03 -3.7227E-03  5.0376E-03  4.9264E-04  4.0656E-06
 Elapsed estimation  time in seconds: <SEC>
 Elapsed covariance  time in seconds: <SEC>
 Elapsed postprocess time in seconds: <SEC>
 Elapsed finaloutput time in seconds: <SEC>
Done with nonmem execution
