<DATE>
<TIME>
$PROB TGI LLC, VON BERTALANFFY (WBE) ODE, V0 FIXED   P:tg100  F:BASE
$INPUT ID TIME DV MDV EVID
$DATA ../../data/tgi-llc-ode.csv IGNORE=@
$SUBR ADVAN13 TOL=8
$MODEL
  COMP = (TUMOR)
$PK
  V0   = 1
  AG   = THETA(1) * EXP(ETA(1))
  GAM  = THETA(2)
  B    = THETA(3) * EXP(ETA(2))
  A_0(1) = V0
  S1   = 1

$DES
  DADT(1) = AG * A(1)**GAM - B * A(1)

$ERROR
  IPRE = F
  W    = SQRT(THETA(4)**2 + THETA(5)**2 * IPRE**2)
  IF (W.LT.1E-6) W = 1E-6
  IRES = DV - IPRE
  IWRE = IRES / W
  Y    = IPRE + W * EPS(1)

$THETA
  (0, 1.5)         ; AG, anabolic rate
  (0, 0.75, 0.99)  ; GAMMA (2/3 in von Bertalanffy, 3/4 in WBE)
  (0, 0.3)         ; B, catabolic rate (1/day)
  (0, 10)          ; additive error SD (mm3)
  (0, 0.2)         ; proportional error CV

$OMEGA
  0.05         ; AG
  0.05         ; B

$SIGMA 1 FIX

$EST MAX=9999 PRINT=5 METHOD=COND INTER NSIG=3 SIGL=9
     NOABORT NOTBT NOOBT NOSBT
$COV UNCOND PRINT=ERS
$TAB ID TIME DV MDV EVID IPRE IWRE CWRES
     ONEHEADER NOPRINT FILE=sdtab
$TAB ID AG B ETA1 ETA2
     ONEHEADER NOPRINT NOAPPEND FILE=patab
$TAB ID TIME
     ONEHEADER NOPRINT NOAPPEND FILE=cotab
$TAB ID MDV
     ONEHEADER NOPRINT NOAPPEND FILE=catab
  
NM-TRAN MESSAGES 
  
 WARNINGS AND ERRORS (IF ANY) FOR PROBLEM    1
             
 (WARNING  2) NM-TRAN INFERS THAT THE DATA ARE POPULATION.
  
Note: Analytical 2nd Derivatives are constructed in FSUBS but are never used.
      You may insert $ABBR DERIV2=NO after the first $PROB to save FSUBS construction and compilation time
  
  
License Registered to: <LICENSEE>
Expiration Date: <DATE>
Current Date: <DATE>
Days until program expires : <N>

NONLINEAR MIXED EFFECTS MODEL PROGRAM (NONMEM) VERSION 7.6.0 (nm760)
ORIGINALLY DEVELOPED BY STUART BEAL, LEWIS SHEINER, AND ALISON BOECKMANN
CURRENT DEVELOPERS ARE ROBERT BAUER, ICON DEVELOPMENT SOLUTIONS,
AND ALISON BOECKMANN. IMPLEMENTATION, EFFICIENCY, AND STANDARDIZATION
PERFORMED BY NOUS INFOSYSTEMS.

PROBLEM NO.:         1
TGI LLC, VON BERTALANFFY (WBE) ODE, V0 FIXED   P:tg100  F:BASE

DATA CHECKOUT RUN:              NO
DATA SET LOCATED ON UNIT NO.:    2
THIS UNIT TO BE REWOUND:        NO
CREATE/ADD TO FDATA.csv:        YES
NO. OF DATA RECS IN DATA SET:      193
NO. OF DATA ITEMS IN DATA SET:   5
ID DATA ITEM IS DATA ITEM NO.:   1
DEP VARIABLE IS DATA ITEM NO.:   3
MDV DATA ITEM IS DATA ITEM NO.:  4

INDICES PASSED TO SUBROUTINE PRED:
  5   2   0   0   0   0   0   0   0   0   0

LABELS FOR DATA ITEMS:
ID TIME DV MDV EVID

(NONBLANK) LABELS FOR PRED-DEFINED ITEMS:
AG B IPRE IWRE

FORMAT FOR DATA:
(5E8.0)

TOT. NO. OF OBS RECS:      173
TOT. NO. OF INDIVIDUALS:       20

LENGTH OF THETA:   5

DEFAULT THETA BOUNDARY TEST OMITTED:   YES

OMEGA HAS SIMPLE DIAGONAL FORM WITH DIMENSION:   2

DEFAULT OMEGA BOUNDARY TEST OMITTED:   YES

SIGMA HAS SIMPLE DIAGONAL FORM WITH DIMENSION:   1

DEFAULT SIGMA BOUNDARY TEST OMITTED:   YES

INITIAL ESTIMATE OF THETA:
LOWER BOUND    INITIAL EST    UPPER BOUND
 0.0000E+00     0.1500E+01     0.1000E+07
 0.0000E+00     0.7500E+00     0.9900E+00
 0.0000E+00     0.3000E+00     0.1000E+07
 0.0000E+00     0.1000E+02     0.1000E+07
 0.0000E+00     0.2000E+00     0.1000E+07

INITIAL ESTIMATE OF OMEGA:
0.5000E-01
0.0000E+00   0.5000E-01

INITIAL ESTIMATE OF SIGMA:
0.1000E+01

SIGMA CONSTRAINED TO BE THIS INITIAL ESTIMATE

COVARIANCE STEP OMITTED:        NO
R MATRIX PRINTED:              YES
S MATRIX PRINTED:              YES
EIGENVLS. PRINTED:             YES
SPECIAL COMPUTATION:            NO
COMPRESSED FORMAT:              NO
GRADIENT METHOD USED:     NOSLOW
SIGDIGITS ETAHAT (SIGLO):                  -1
SIGDIGITS GRADIENTS (SIGL):                -1
EXCLUDE COV FOR FOCE (NOFCOV):              NO
Cholesky Transposition of R Matrix (CHOLROFF):0
KNUTHSUMOFF:                                -1
RESUME COV ANALYSIS (RESUME):               NO
SIR SAMPLE SIZE (SIRSAMPLE):
NON-LINEARLY TRANSFORM THETAS DURING COV (THBND): 1
PRECONDTIONING CYCLES (PRECOND):        0
PRECONDTIONING TYPES (PRECONDS):        TOS
FORCED PRECONDTIONING CYCLES (PFCOND):0
PRECONDTIONING TYPE (PRETYPE):        0
FORCED POS. DEFINITE SETTING DURING PRECONDITIONING: (FPOSDEF):0
SIMPLE POS. DEFINITE SETTING: (POSDEF):-1

TABLES STEP OMITTED:    NO
NO. OF TABLES:           4
SEED NUMBER (SEED):    11456
NPDTYPE:    0
INTERPTYPE:    0
RANMETHOD:             3U
MC SAMPLES (ESAMPLE):    300
WRES SQUARE ROOT TYPE (WRESCHOL): EIGENVALUE

-- TABLE   1 --

RECORDS ONLY:    ALL

4 COLUMNS APPENDED:    YES
PRINTED:                NO
HEADER:                YES
FILE TO BE FORWARDED:   NO
FORMAT:                S1PE11.4
IDFORMAT:
LFORMAT:
RFORMAT:
FIXED_EFFECT_ETAS:

USER-CHOSEN ITEMS:
ID TIME DV MDV EVID IPRE IWRE CWRES

-- TABLE   2 --

RECORDS ONLY:    ALL

4 COLUMNS APPENDED:    NO
PRINTED:                NO
HEADER:                YES
FILE TO BE FORWARDED:   NO
FORMAT:                S1PE11.4
IDFORMAT:
LFORMAT:
RFORMAT:
FIXED_EFFECT_ETAS:

USER-CHOSEN ITEMS:
ID AG B ETA1 ETA2

-- TABLE   3 --

RECORDS ONLY:    ALL

4 COLUMNS APPENDED:    NO
PRINTED:                NO
HEADER:                YES
FILE TO BE FORWARDED:   NO
FORMAT:                S1PE11.4
IDFORMAT:
LFORMAT:
RFORMAT:
FIXED_EFFECT_ETAS:

USER-CHOSEN ITEMS:
ID TIME

-- TABLE   4 --

RECORDS ONLY:    ALL

4 COLUMNS APPENDED:    NO
PRINTED:                NO
HEADER:                YES
FILE TO BE FORWARDED:   NO
FORMAT:                S1PE11.4
IDFORMAT:
LFORMAT:
RFORMAT:
FIXED_EFFECT_ETAS:

USER-CHOSEN ITEMS:
ID MDV

DOUBLE PRECISION PREDPP VERSION 7.6.0 (nm760)

GENERAL NONLINEAR KINETICS MODEL WITH STIFF/NONSTIFF EQUATIONS (LSODA, ADVAN13)

MODEL SUBROUTINE USER-SUPPLIED - ID NO. 9999

MAXIMUM NO. OF BASIC PK PARAMETERS:   3

COMPARTMENT ATTRIBUTES
COMPT. NO.   FUNCTION   INITIAL    ON/OFF      DOSE      DEFAULT    DEFAULT
                        STATUS     ALLOWED    ALLOWED    FOR DOSE   FOR OBS.
   1         TUMOR        ON         YES        YES        YES        YES
   2         OUTPUT       OFF        YES        NO         NO         NO
INITIAL (BASE) TOLERANCE SETTINGS:
NRD (RELATIVE) VALUE(S) OF TOLERANCE:   8
ANRD (ABSOLUTE) VALUE(S) OF TOLERANCE:  12


ADDITIONAL PK PARAMETERS - ASSIGNMENT OF ROWS IN GG
COMPT. NO.                             INDICES
             SCALE      BIOAVAIL.   ZERO-ORDER  ZERO-ORDER  ABSORB
                        FRACTION    RATE        DURATION    LAG
   1            4           *           *           *           *
   2            *           -           -           -           -
            - PARAMETER IS NOT ALLOWED FOR THIS MODEL
            * PARAMETER IS NOT SUPPLIED BY PK SUBROUTINE;
              WILL DEFAULT TO ONE IF APPLICABLE

DATA ITEM INDICES USED BY PRED ARE:
  EVENT ID DATA ITEM IS DATA ITEM NO.:      5
  TIME DATA ITEM IS DATA ITEM NO.:          2


PK SUBROUTINE CALLED WITH EVERY EVENT RECORD.
PK SUBROUTINE NOT CALLED AT NONEVENT (ADDITIONAL OR LAGGED) DOSE TIMES.

PK SUBROUTINE INDICATES THAT COMPARTMENT AMOUNTS ARE INITIALIZED.

ERROR SUBROUTINE CALLED WITH EVERY EVENT RECORD.

DES SUBROUTINE USES COMPACT STORAGE MODE.




#TBLN:      1
#METH: First Order Conditional Estimation with Interaction

ESTIMATION STEP OMITTED:                 NO
SHRINK INFO WITH EVALUATION (EVALSHRINK) NO
ANALYSIS TYPE:                           POPULATION
NUMBER OF SADDLE POINT RESET ITERATIONS:      0
GRADIENT METHOD USED:               NOSLOW
CONDITIONAL ESTIMATES USED:              YES
CENTERED ETA:                            NO
EPS-ETA INTERACTION:                     YES
LAPLACIAN OBJ. FUNC.:                    NO
NO. OF FUNCT. EVALS. ALLOWED:            9999
NO. OF SIG. FIGURES REQUIRED:            3
INTERMEDIATE PRINTOUT:                   YES
ESTIMATE OUTPUT TO MSF:                  NO
ABORT WITH PRED EXIT CODE 1:             NO
IND. OBJ. FUNC. VALUES SORTED:           NO
NUMERICAL DERIVATIVE
      FILE REQUEST (NUMDER):               NONE
MAP (ETAHAT) ESTIMATION METHOD (OPTMAP):   0
ETA HESSIAN EVALUATION METHOD (ETADER):    0
INITIAL ETA FOR MAP ESTIMATION (MCETA):    0
SIGDIGITS FOR MAP ESTIMATION (SIGLO):      9
GRADIENT SIGDIGITS OF
      FIXED EFFECTS PARAMETERS (SIGL):     9
NOPRIOR SETTING (NOPRIOR):                 0
NOCOV SETTING (NOCOV):                     OFF
DERCONT SETTING (DERCONT):                 OFF
FINAL ETA RE-EVALUATION (FNLETA):          1
EXCLUDE NON-INFLUENTIAL (NON-INFL.) ETAS
      IN SHRINKAGE (ETASTYPE):             NO
NON-INFL. ETA CORRECTION (NONINFETA):      0
RAW OUTPUT FILE (FILE): tg104.ext
EXCLUDE TITLE (NOTITLE):                   NO
EXCLUDE COLUMN LABELS (NOLABEL):           NO
FORMAT FOR ADDITIONAL FILES (FORMAT):      S1PE12.5
PARAMETER ORDER FOR OUTPUTS (ORDER):       TSOL
KNUTHSUMOFF:                               0
INCLUDE LNTWOPI:                           NO
INCLUDE CONSTANT TERM TO PRIOR (PRIORC):   NO
INCLUDE CONSTANT TERM TO OMEGA (ETA) (OLNTWOPI):NO
ADDITIONAL CONVERGENCE TEST (CTYPE=4)?:    NO
EM OR BAYESIAN METHOD USED:                 NONE

TOLERANCES FOR ESTIMATION/EVALUATION STEP:
NRD (RELATIVE) VALUE(S) OF TOLERANCE:   8
ANRD (ABSOLUTE) VALUE(S) OF TOLERANCE:  12
TOLERANCES FOR COVARIANCE STEP:
NRD (RELATIVE) VALUE(S) OF TOLERANCE:   8
ANRD (ABSOLUTE) VALUE(S) OF TOLERANCE:  12
TOLERANCES FOR TABLE/SCATTER STEP:
NRD (RELATIVE) VALUE(S) OF TOLERANCE:   8
ANRD (ABSOLUTE) VALUE(S) OF TOLERANCE:  12

THE FOLLOWING LABELS ARE EQUIVALENT
PRED=PREDI
RES=RESI
WRES=WRESI
IWRS=IWRESI
IPRD=IPREDI
IRS=IRESI

MONITORING OF SEARCH:



ITERATION NO.:    0    OBJECTIVE VALUE:   2100.84880393787        NO. OF FUNC. EVALS.:   7
CUMULATIVE NO. OF FUNC. EVALS.:        7
NPARAMETR:  1.5000E+00  7.5000E-01  3.0000E-01  1.0000E+01  2.0000E-01  5.0000E-02  5.0000E-02
PARAMETER:  1.0000E-01  1.0000E-01  1.0000E-01  1.0000E-01  1.0000E-01  1.0000E-01  1.0000E-01
GRADIENT:  -7.9940E+01 -7.0054E+02  3.7211E+02 -3.4301E+01 -4.2078E+02  2.0519E+01 -1.7112E+02


ITERATION NO.:    5    OBJECTIVE VALUE:   1792.68814592900        NO. OF FUNC. EVALS.:  43
CUMULATIVE NO. OF FUNC. EVALS.:       50
NPARAMETR:  7.1679E-01  8.6722E-01  1.4975E-01  3.0107E+01  1.0911E-01  2.3190E-01  1.4863E-01
PARAMETER: -6.3843E-01  9.1551E-01 -5.9483E-01  1.2022E+00 -5.0592E-01  8.6713E-01  6.4473E-01
GRADIENT:  -5.1180E+01  1.3709E+02 -4.4123E+01 -3.4005E+01 -2.6974E+01  1.5832E+01 -1.9803E+01


ITERATION NO.:   10    OBJECTIVE VALUE:   1742.38736629540        NO. OF FUNC. EVALS.:  43
CUMULATIVE NO. OF FUNC. EVALS.:       93
NPARAMETR:  1.1016E+00  8.3366E-01  1.5007E-01  3.8700E+01  1.0851E-01  4.9251E-02  7.1684E-02
PARAMETER: -2.0867E-01  6.3436E-01 -5.9271E-01  1.4533E+00 -5.1143E-01  9.2449E-02  2.8012E-01
GRADIENT:   2.9132E+01 -2.7492E+01  1.7356E+01 -3.0097E+00 -6.0436E-01  2.5639E+01 -2.0436E+00


ITERATION NO.:   15    OBJECTIVE VALUE:   1722.70534219335        NO. OF FUNC. EVALS.:  42
CUMULATIVE NO. OF FUNC. EVALS.:      135
NPARAMETR:  9.9628E-01  7.9920E-01  5.5746E-02  3.9790E+01  1.1754E-01  8.8872E-03  6.1270E-02
PARAMETER: -3.0919E-01  3.9293E-01 -1.5830E+00  1.4810E+00 -4.3157E-01 -7.6370E-01  2.0163E-01
GRADIENT:  -4.0097E+01 -2.9070E+01  7.7891E+00  2.3089E+00  1.3785E+00 -5.4732E+00  2.0378E+00


ITERATION NO.:   20    OBJECTIVE VALUE:   1721.55998951464        NO. OF FUNC. EVALS.:  40
CUMULATIVE NO. OF FUNC. EVALS.:      175
NPARAMETR:  1.0022E+00  7.9555E-01  4.7422E-02  3.9172E+01  1.1833E-01  1.0612E-02  5.6228E-03
PARAMETER: -3.0326E-01  3.6944E-01 -1.7447E+00  1.4654E+00 -4.2483E-01 -6.7500E-01 -9.9259E-01
GRADIENT:   6.0297E+00  4.3378E+00 -4.0950E-01 -8.0948E-03 -5.8491E-01  1.9247E-01  5.3334E-02


ITERATION NO.:   25    OBJECTIVE VALUE:   1721.50975267500        NO. OF FUNC. EVALS.:  41
CUMULATIVE NO. OF FUNC. EVALS.:      216
NPARAMETR:  9.9687E-01  7.8721E-01  3.2743E-02  3.9051E+01  1.1901E-01  1.1353E-02  1.3495E-04
PARAMETER: -3.0860E-01  3.1690E-01 -2.1151E+00  1.4623E+00 -4.1912E-01 -6.4127E-01 -2.8574E+00
GRADIENT:  -2.0130E+00 -1.7641E+00  3.3355E-01 -6.6134E-02 -1.4932E-02  1.7977E-02  4.0988E-04


ITERATION NO.:   30    OBJECTIVE VALUE:   1721.50807918548        NO. OF FUNC. EVALS.:  72
CUMULATIVE NO. OF FUNC. EVALS.:      288
NPARAMETR:  9.9698E-01  7.8600E-01  3.0565E-02  3.9050E+01  1.1903E-01  1.1472E-02  6.1406E-05
PARAMETER: -3.0849E-01  3.0941E-01 -2.1839E+00  1.4623E+00 -4.1890E-01 -6.3606E-01 -3.2511E+00
GRADIENT:  -1.3403E-01  3.3997E-02 -1.7980E-03  2.7141E-03  8.9738E-03 -2.7080E-03  1.5201E-04


ITERATION NO.:   35    OBJECTIVE VALUE:   1721.50803348134        NO. OF FUNC. EVALS.:  72
CUMULATIVE NO. OF FUNC. EVALS.:      360
NPARAMETR:  9.9699E-01  7.8583E-01  3.0323E-02  3.9056E+01  1.1900E-01  1.1484E-02  7.1241E-06
PARAMETER: -3.0848E-01  3.0836E-01 -2.1919E+00  1.4624E+00 -4.1916E-01 -6.3552E-01 -4.3281E+00
GRADIENT:   5.5975E-01  1.7843E-01  6.2243E-02 -6.1026E-03 -2.7708E-02 -5.7000E-03  1.7216E-05


ITERATION NO.:   40    OBJECTIVE VALUE:   1721.50802358598        NO. OF FUNC. EVALS.:  70
CUMULATIVE NO. OF FUNC. EVALS.:      430
NPARAMETR:  9.9696E-01  7.8583E-01  3.0302E-02  3.9055E+01  1.1901E-01  1.1486E-02  2.0929E-06
PARAMETER: -3.0851E-01  3.0835E-01 -2.1926E+00  1.4624E+00 -4.1910E-01 -6.3544E-01 -4.9406E+00
GRADIENT:  -2.5411E-01 -1.1430E-01  1.3518E-02 -4.9713E-03 -2.2867E-02 -4.4094E-03  5.0458E-06


ITERATION NO.:   45    OBJECTIVE VALUE:   1721.50801452471        NO. OF FUNC. EVALS.:  86
CUMULATIVE NO. OF FUNC. EVALS.:      516
NPARAMETR:  9.9705E-01  7.8580E-01  3.0270E-02  3.9052E+01  1.1903E-01  1.1490E-02  8.4568E-07
PARAMETER: -3.0842E-01  3.0820E-01 -2.1936E+00  1.4623E+00 -4.1895E-01 -6.3528E-01 -5.3937E+00
GRADIENT:   3.9907E-03  1.4718E-02 -1.9321E-03 -3.8344E-03  5.8529E-03  5.9489E-04  2.0353E-06


ITERATION NO.:   47    OBJECTIVE VALUE:   1721.50801433003        NO. OF FUNC. EVALS.:  39
CUMULATIVE NO. OF FUNC. EVALS.:      555
NPARAMETR:  9.9706E-01  7.8580E-01  3.0267E-02  3.9052E+01  1.1903E-01  1.1490E-02  7.4177E-07
PARAMETER: -3.0841E-01  3.0818E-01 -2.1937E+00  1.4623E+00 -4.1896E-01 -6.3528E-01 -5.4593E+00
GRADIENT:   1.7959E-02  1.4794E-02 -4.5151E-03 -3.7227E-03  5.0376E-03  4.9264E-04  4.0656E-06

#TERM:

MINIMIZATION SUCCESSFUL
HOWEVER, PROBLEMS OCCURRED WITH THE MINIMIZATION.
REGARD THE RESULTS OF THE ESTIMATION STEP CAREFULLY, AND ACCEPT THEM ONLY
AFTER CHECKING THAT THE COVARIANCE STEP PRODUCES REASONABLE OUTPUT.
NO. OF FUNCTION EVALUATIONS USED:      555
NO. OF SIG. DIGITS IN FINAL EST.:  3.7

ETABAR IS THE ARITHMETIC MEAN OF THE ETA-ESTIMATES,
AND THE P-VALUE IS GIVEN FOR THE NULL HYPOTHESIS THAT THE TRUE MEAN IS 0.

ETABAR:         2.6392E-04  2.3414E-08
SE:             2.3740E-02  1.4517E-07
N:                      20          20

P VAL.:         9.9113E-01  8.7187E-01

ETASHRINKSD(%)  9.5246E-01  9.9925E+01
ETASHRINKVR(%)  1.8958E+00  1.0000E+02
EBVSHRINKSD(%)  1.0348E+00  9.9922E+01
EBVSHRINKVR(%)  2.0589E+00  1.0000E+02
RELATIVEINF(%)  3.5123E+01  2.1890E-05
EPSSHRINKSD(%)  5.7664E+00
EPSSHRINKVR(%)  1.1200E+01

 
TOTAL DATA POINTS NORMALLY DISTRIBUTED (N):          173
N*LOG(2PI) CONSTANT TO OBJECTIVE FUNCTION:    317.95273248881676     
OBJECTIVE FUNCTION VALUE WITHOUT CONSTANT:    1721.5080143300252     
OBJECTIVE FUNCTION VALUE WITH CONSTANT:       2039.4607468188419     
REPORTED OBJECTIVE FUNCTION DOES NOT CONTAIN CONSTANT
 
TOTAL EFFECTIVE ETAS (NIND*NETA):                            40
 
#TERE:
Elapsed estimation  time in seconds: <SEC>
Elapsed covariance  time in seconds: <SEC>
Elapsed postprocess time in seconds: <SEC>






















************************************************************************************************************************
********************                                                                                ********************
********************               FIRST ORDER CONDITIONAL ESTIMATION WITH INTERACTION              ********************
#OBJT:**************                       MINIMUM VALUE OF OBJECTIVE FUNCTION                      ********************
********************                                                                                ********************
************************************************************************************************************************






#OBJV:********************************************          1721.508       *********************************************


************************************************************************************************************************
********************                                                                                ********************
********************               FIRST ORDER CONDITIONAL ESTIMATION WITH INTERACTION              ********************
********************                             FINAL PARAMETER ESTIMATE                           ********************
********************                                                                                ********************
************************************************************************************************************************



THETA - VECTOR OF FIXED EFFECTS PARAMETERS   *********


        TH 1      TH 2      TH 3      TH 4      TH 5     

        9.97E-01  7.86E-01  3.03E-02  3.91E+01  1.19E-01



OMEGA - COV MATRIX FOR RANDOM EFFECTS - ETAS  ********


        ETA1      ETA2     

ETA1    1.15E-02

ETA2    0.00E+00  7.42E-07



SIGMA - COV MATRIX FOR RANDOM EFFECTS - EPSILONS  ****


        EPS1     

EPS1    1.00E+00





OMEGA - CORR MATRIX FOR RANDOM EFFECTS - ETAS  *******


        ETA1      ETA2     

ETA1    1.07E-01

ETA2    0.00E+00  8.61E-04



SIGMA - CORR MATRIX FOR RANDOM EFFECTS - EPSILONS  ***


        EPS1     

EPS1    1.00E+00



************************************************************************************************************************
********************                                                                                ********************
********************               FIRST ORDER CONDITIONAL ESTIMATION WITH INTERACTION              ********************
********************                            STANDARD ERROR OF ESTIMATE                          ********************
********************                                                                                ********************
************************************************************************************************************************



THETA - VECTOR OF FIXED EFFECTS PARAMETERS   *********


        TH 1      TH 2      TH 3      TH 4      TH 5     

        6.61E-02  8.71E-02  1.41E-01  6.86E+00  2.11E-02



OMEGA - COV MATRIX FOR RANDOM EFFECTS - ETAS  ********


        ETA1      ETA2     

ETA1    1.02E-02

ETA2   .........  8.59E-06



SIGMA - COV MATRIX FOR RANDOM EFFECTS - EPSILONS  ****


        EPS1     

EPS1   .........





OMEGA - CORR MATRIX FOR RANDOM EFFECTS - ETAS  *******


        ETA1      ETA2     

ETA1    4.74E-02

ETA2   .........  4.99E-03



SIGMA - CORR MATRIX FOR RANDOM EFFECTS - EPSILONS  ***


        EPS1     

EPS1   .........



************************************************************************************************************************
********************                                                                                ********************
********************               FIRST ORDER CONDITIONAL ESTIMATION WITH INTERACTION              ********************
********************                          COVARIANCE MATRIX OF ESTIMATE                         ********************
********************                                                                                ********************
************************************************************************************************************************


           TH 1      TH 2      TH 3      TH 4      TH 5      OM11      OM12      OM22      SG11  

TH 1    4.37E-03

TH 2    6.32E-04  7.58E-03

TH 3    2.31E-03  1.21E-02  1.99E-02

TH 4    1.37E-01  1.33E-01  2.67E-01  4.70E+01

TH 5   -1.13E-04  3.58E-04  4.66E-04 -1.00E-01  4.45E-04

OM11   -1.92E-04 -8.37E-04 -1.39E-03 -1.84E-02 -2.22E-05  1.03E-04

OM12   ......... ......... ......... ......... ......... ......... .........

OM22   -1.84E-07 -6.80E-07 -1.14E-06 -1.85E-05 -3.12E-08  8.18E-08 .........  7.38E-11

SG11   ......... ......... ......... ......... ......... ......... ......... ......... .........



************************************************************************************************************************
********************                                                                                ********************
********************               FIRST ORDER CONDITIONAL ESTIMATION WITH INTERACTION              ********************
********************                          CORRELATION MATRIX OF ESTIMATE                        ********************
********************                                                                                ********************
************************************************************************************************************************


           TH 1      TH 2      TH 3      TH 4      TH 5      OM11      OM12      OM22      SG11  

TH 1    6.61E-02

TH 2    1.10E-01  8.71E-02

TH 3    2.48E-01  9.89E-01  1.41E-01

TH 4    3.01E-01  2.23E-01  2.77E-01  6.86E+00

TH 5   -8.12E-02  1.95E-01  1.57E-01 -6.92E-01  2.11E-02

OM11   -2.86E-01 -9.46E-01 -9.68E-01 -2.64E-01 -1.03E-01  1.02E-02

OM12   ......... ......... ......... ......... ......... ......... .........

OM22   -3.24E-01 -9.09E-01 -9.41E-01 -3.13E-01 -1.72E-01  9.38E-01 .........  8.59E-06

SG11   ......... ......... ......... ......... ......... ......... ......... ......... .........



************************************************************************************************************************
********************                                                                                ********************
********************               FIRST ORDER CONDITIONAL ESTIMATION WITH INTERACTION              ********************
********************                      INVERSE COVARIANCE MATRIX OF ESTIMATE                     ********************
********************                                                                                ********************
************************************************************************************************************************


           TH 1      TH 2      TH 3      TH 4      TH 5      OM11      OM12      OM22      SG11  

TH 1    3.32E+03

TH 2    1.74E+04  9.93E+04

TH 3   -1.18E+04 -6.84E+04  4.82E+04

TH 4   -3.61E+00 -1.45E+01  7.06E+00  8.76E-02

TH 5   -2.65E+03 -1.41E+04  8.76E+03  2.47E+01  1.05E+04

OM11   -1.09E+03 -1.41E+04  2.19E+04 -6.27E+01 -1.98E+04  2.34E+05

OM12   ......... ......... ......... ......... ......... ......... .........

OM22   -1.52E+07 -9.18E+07  6.59E+07  6.81E+04  3.08E+07 -7.75E+07 .........  2.63E+11

SG11   ......... ......... ......... ......... ......... ......... ......... ......... .........























************************************************************************************************************************
********************                                                                                ********************
********************               FIRST ORDER CONDITIONAL ESTIMATION WITH INTERACTION              ********************
********************                      EIGENVALUES OF COR MATRIX OF ESTIMATE                     ********************
********************                                                                                ********************
************************************************************************************************************************


            1         2         3         4         5         6         7

        5.81E-04  2.83E-02  7.32E-02  2.20E-01  8.80E-01  1.75E+00  4.05E+00



************************************************************************************************************************
********************                                                                                ********************
********************               FIRST ORDER CONDITIONAL ESTIMATION WITH INTERACTION              ********************
********************                                     R MATRIX                                   ********************
********************                                                                                ********************
************************************************************************************************************************


           TH 1      TH 2      TH 3      TH 4      TH 5      OM11      OM12      OM22      SG11  

TH 1    1.72E+03

TH 2    6.95E+03  4.52E+04

TH 3   -4.43E+03 -2.81E+04  1.78E+04

TH 4    5.77E-02  6.86E+00 -4.03E+00  6.15E-02

TH 5    1.12E+02 -8.37E+02  4.92E+02  1.08E+01  7.53E+03

OM11   -6.92E+01 -8.96E+02  4.68E+03  2.48E+00 -2.93E+02  7.17E+04

OM12   ......... ......... ......... ......... ......... ......... .........

OM22   -6.14E+00 -7.51E+01  1.02E+02  1.11E-01  7.42E+01  2.45E+01 .........  8.11E+05

SG11   ......... ......... ......... ......... ......... ......... ......... ......... .........



************************************************************************************************************************
********************                                                                                ********************
********************               FIRST ORDER CONDITIONAL ESTIMATION WITH INTERACTION              ********************
********************                                     S MATRIX                                   ********************
********************                                                                                ********************
************************************************************************************************************************


           TH 1      TH 2      TH 3      TH 4      TH 5      OM11      OM12      OM22      SG11  

TH 1    1.71E+03

TH 2    3.81E+03  4.87E+04

TH 3   -2.47E+03 -2.84E+04  1.67E+04

TH 4    6.06E-02  1.98E+01 -1.01E+01  9.06E-02

TH 5    2.02E+03  5.97E+03 -3.36E+03  1.14E+01  1.45E+04

OM11    6.95E+02  5.85E+03 -2.33E+03  5.75E-01 -2.29E+03  4.72E+04

OM12   ......... ......... ......... ......... ......... ......... .........

OM22    4.07E+01  3.29E+02 -1.86E+02  1.80E-01  1.16E+02 -4.08E+01 .........  6.73E+00

SG11   ......... ......... ......... ......... ......... ......... ......... ......... .........

Elapsed finaloutput time in seconds: <SEC>
#CPUT: Total CPU Time in Seconds, <SEC>
Stop Time: 
<DATE>
<TIME>
