Changing directory to pd101.R76
'pushdon' is not recognized as an internal or external command,
operable program or batch file.
Pathlist information for compiler and MPI systems are located in nmpathlist.txt

Starting NMTRAN
  
 WARNINGS AND ERRORS (IF ANY) FOR PROBLEM    1
             
 (WARNING  2) NM-TRAN INFERS THAT THE DATA ARE POPULATION.
  
Note: Analytical 2nd Derivatives are constructed in FSUBS but are never used.
      You may insert $ABBR DERIV2=NO after the first $PROB to save FSUBS construction and compilation time
  
Recompiling certain components.
starting wait
ending wait
Exiting lpreddo
Compiling FSUBS
Building NONMEM Executable
Starting nonmem execution ...
License Registered to: <LICENSEE>
Expiration Date: <DATE>
Current Date: <DATE>
Days until program expires : <N>


 First Order Conditional Estimation with Interaction
 MONITORING OF SEARCH:


0ITERATION NO.:    0    OBJECTIVE VALUE:   151.831784789441        NO. OF FUNC. EVALS.:  12
 CUMULATIVE NO. OF FUNC. EVALS.:       12
 NPARAMETR:  5.0000E+00  4.0000E+01  8.5000E-01  8.0000E-01  2.0000E-01  1.5000E+00  2.0000E+00  2.0000E-01  4.0000E-01  1.5000E-01
             1.0000E-01  5.0000E-02  1.0000E-01  2.0000E-01  3.0000E-01
 PARAMETER:  1.0000E-01  1.0000E-01  1.0000E-01  1.0000E-01  1.0000E-01  1.0000E-01  1.0000E-01  1.0000E-01  1.0000E-01  1.0000E-01
             1.0000E-01  1.0000E-01  1.0000E-01  1.0000E-01  1.0000E-01
 GRADIENT:  -6.0693E+01  3.9017E+01  1.3651E+03 -1.0286E+01 -2.5305E+01 -2.2227E+02  1.1360E+02  2.5793E+02  5.9495E+01  1.9538E+02
             1.2682E+01  5.0960E+01  1.1743E+00  4.5923E+01 -1.0931E+01

0ITERATION NO.:    5    OBJECTIVE VALUE:   76.8350479598608        NO. OF FUNC. EVALS.:  69
 CUMULATIVE NO. OF FUNC. EVALS.:       81
 NPARAMETR:  5.2261E+00  3.8458E+01  8.3140E-01  8.3568E-01  1.8072E-01  1.7225E+00  1.6951E+00  1.3199E-01  3.8786E-01  1.2419E-01
             9.6499E-02  3.6254E-02  9.6002E-02  1.3855E-01  2.9998E-01
 PARAMETER:  1.4422E-01  6.0699E-02  9.7812E-02  1.4363E-01 -1.3650E-03  2.3828E-01 -6.5398E-02 -3.1558E-01  6.9182E-02 -8.8847E-02
             8.2183E-02 -6.0742E-02  7.9599E-02 -8.3555E-02  9.9960E-02
 GRADIENT:   8.8621E+01 -9.0771E+01 -3.8775E+02 -4.8778E+00  4.1540E+01  5.5607E+01 -4.5018E+00 -1.3136E+02 -5.9952E+01 -1.4684E+02
            -6.8488E+00 -9.8390E+00 -2.9835E+00  1.2533E+01  2.4495E+00

0ITERATION NO.:   10    OBJECTIVE VALUE:   56.5378876350872        NO. OF FUNC. EVALS.:  72
 CUMULATIVE NO. OF FUNC. EVALS.:      153
 NPARAMETR:  5.1701E+00  3.8360E+01  9.0397E-01  9.5484E-01  1.0001E-01  1.4958E+00  7.9635E-01  1.3708E-01  5.7965E-01  1.0393E-01
             9.4463E-02  4.5916E-02  1.1494E-01  8.2058E-02  3.7634E-01
 PARAMETER:  1.3345E-01  5.8138E-02  1.0635E-01  2.7693E-01 -5.9309E-01  9.7165E-02 -8.2086E-01 -2.7773E-01  4.7096E-01 -2.6692E-01
             7.1522E-02  5.7390E-02  1.6962E-01 -3.4545E-01  2.1336E-01
 GRADIENT:   5.9796E+01 -8.8628E+01 -6.0083E+00 -4.1283E+00  1.0029E+00  3.0478E+01 -1.5755E+01 -7.8481E+01  2.7586E+01  1.8001E+01
            -7.3307E+00  2.5783E+01  1.3159E+01 -1.5329E+01 -2.9625E+00

0ITERATION NO.:   15    OBJECTIVE VALUE:   47.9564399818451        NO. OF FUNC. EVALS.:  68
 CUMULATIVE NO. OF FUNC. EVALS.:      221
 NPARAMETR:  5.1082E+00  3.9036E+01  8.7963E-01  9.1141E-01  1.0851E-01  1.4816E+00  8.7283E-01  1.4576E-01  5.2363E-01  1.1150E-01
             9.9308E-02  3.7202E-02  9.9204E-02  1.0225E-01  4.9747E-01
 PARAMETER:  1.2141E-01  7.5597E-02  1.0349E-01  2.3038E-01 -5.1152E-01  8.7629E-02 -7.2916E-01 -2.1637E-01  3.6931E-01 -1.9662E-01
             9.6526E-02 -4.7827E-02  9.6005E-02 -2.3546E-01  3.5288E-01
 GRADIENT:   2.1646E+01 -2.2252E+01  2.8580E-01 -4.4627E+00  2.0781E+00  1.5544E+00 -1.7498E+00 -1.5064E+01 -2.5836E+00 -5.5000E+00
             4.7361E+00  1.0532E+00  8.8187E-01 -7.0863E+00  6.2059E+00

0ITERATION NO.:   20    OBJECTIVE VALUE:   46.9133556002771        NO. OF FUNC. EVALS.:  69
 CUMULATIVE NO. OF FUNC. EVALS.:      290
 NPARAMETR:  5.0651E+00  3.9233E+01  8.8280E-01  9.2467E-01  1.0796E-01  1.5144E+00  9.3861E-01  1.4780E-01  4.9041E-01  1.1893E-01
             9.7143E-02  3.6875E-02  1.0146E-01  1.1476E-01  3.7582E-01
 PARAMETER:  1.1293E-01  8.0638E-02  1.0386E-01  2.4482E-01 -5.1657E-01  1.0958E-01 -6.5650E-01 -2.0245E-01  3.0377E-01 -1.3210E-01
             8.5507E-02 -5.2248E-02  1.0723E-01 -1.7772E-01  2.1266E-01
 GRADIENT:   7.2707E-01  1.4071E+00  2.1916E+01 -1.9993E+00 -1.5619E+00 -1.6842E+00  1.7771E+00 -5.9774E-01  6.2156E+00  5.5927E+00
             2.3568E-01  5.7125E-01  3.7395E-01  3.0083E-01 -1.0257E+00

0ITERATION NO.:   25    OBJECTIVE VALUE:   46.5982120095971        NO. OF FUNC. EVALS.:  66
 CUMULATIVE NO. OF FUNC. EVALS.:      356
 NPARAMETR:  5.0630E+00  3.9218E+01  8.8379E-01  9.2535E-01  1.0786E-01  1.5125E+00  9.2482E-01  1.4798E-01  3.9937E-01  1.3263E-01
             9.7044E-02  3.6722E-02  1.0152E-01  1.1519E-01  3.8900E-01
 PARAMETER:  1.1251E-01  8.0245E-02  1.0398E-01  2.4556E-01 -5.1752E-01  1.0832E-01 -6.7131E-01 -2.0127E-01  9.8421E-02 -2.3089E-02
             8.4995E-02 -5.4323E-02  1.0754E-01 -1.7587E-01  2.2990E-01
 GRADIENT:  -5.2904E-01 -6.3273E-01  4.6759E+00 -4.5741E-01 -1.0477E-01  1.4852E+00 -4.3216E-02  4.8666E-01  3.7106E+00  7.3795E+00
             1.0128E-01  1.3929E-01  3.8741E-01  1.8696E-01 -5.0204E-02

0ITERATION NO.:   30    OBJECTIVE VALUE:   46.4726382365682        NO. OF FUNC. EVALS.:  66
 CUMULATIVE NO. OF FUNC. EVALS.:      422
 NPARAMETR:  5.0628E+00  3.9218E+01  8.8450E-01  9.2592E-01  1.0787E-01  1.5137E+00  9.2490E-01  1.4797E-01  3.2017E-01  1.4109E-01
             9.7045E-02  3.6718E-02  1.0176E-01  1.1572E-01  3.8825E-01
 PARAMETER:  1.1248E-01  8.0258E-02  1.0406E-01  2.4617E-01 -5.1743E-01  1.0912E-01 -6.7122E-01 -2.0129E-01 -1.2262E-01  3.8744E-02
             8.5003E-02 -5.4376E-02  1.0872E-01 -1.7359E-01  2.2894E-01
 GRADIENT:  -6.0950E-01 -4.9800E-01  5.0207E+00 -3.0813E-01 -6.5365E-02  9.0648E-01 -1.7063E-02  4.5554E-01  6.2611E-01  1.7118E+00
             1.1027E-01  1.3682E-01  2.4636E-01 -3.0945E-02 -1.2990E-01

0ITERATION NO.:   35    OBJECTIVE VALUE:   46.4453566694021        NO. OF FUNC. EVALS.:  67
 CUMULATIVE NO. OF FUNC. EVALS.:      489
 NPARAMETR:  5.0643E+00  3.9222E+01  8.8418E-01  9.2570E-01  1.0779E-01  1.5124E+00  9.2176E-01  1.4791E-01  2.5222E-01  1.4675E-01
             9.6983E-02  3.6680E-02  1.0171E-01  1.1635E-01  3.9096E-01
 PARAMETER:  1.1277E-01  8.0347E-02  1.0402E-01  2.4594E-01 -5.1812E-01  1.0823E-01 -6.7461E-01 -2.0169E-01 -3.6117E-01  7.8107E-02
             8.4680E-02 -5.4894E-02  1.0848E-01 -1.7085E-01  2.3241E-01
 GRADIENT:   3.4449E-02  1.0235E-01 -6.9111E-01 -3.1607E-02  2.9132E-02  1.7930E-01 -6.1335E-02 -5.6632E-02 -1.7235E-02 -2.3252E-01
            -2.6252E-02 -2.2459E-02  2.9121E-02 -1.2479E-02  1.9667E-02

0ITERATION NO.:   40    OBJECTIVE VALUE:   46.4451335808431        NO. OF FUNC. EVALS.:  82
 CUMULATIVE NO. OF FUNC. EVALS.:      571
 NPARAMETR:  5.0642E+00  3.9221E+01  8.8424E-01  9.2582E-01  1.0779E-01  1.5125E+00  9.2214E-01  1.4792E-01  2.4571E-01  1.4724E-01
             9.6995E-02  3.6685E-02  1.0171E-01  1.1639E-01  3.9048E-01
 PARAMETER:  1.1275E-01  8.0325E-02  1.0403E-01  2.4606E-01 -5.1812E-01  1.0832E-01 -6.7421E-01 -2.0164E-01 -3.8729E-01  8.1411E-02
             8.4743E-02 -5.4824E-02  1.0846E-01 -1.7068E-01  2.3179E-01
 GRADIENT:  -8.5871E-02 -5.0633E-02 -2.3814E+00 -1.8453E-02 -1.2239E-02 -3.0975E-02 -1.6218E-02  1.0845E-03 -2.0506E-03 -2.1216E-02
             2.8353E-03  2.1821E-03 -2.2354E-03 -2.9357E-04 -3.4174E-03

0ITERATION NO.:   43    OBJECTIVE VALUE:   46.4450841514623        NO. OF FUNC. EVALS.:  86
 CUMULATIVE NO. OF FUNC. EVALS.:      657
 NPARAMETR:  5.0644E+00  3.9221E+01  8.8450E-01  9.2598E-01  1.0781E-01  1.5129E+00  9.2252E-01  1.4792E-01  2.4510E-01  1.4728E-01
             9.6993E-02  3.6684E-02  1.0171E-01  1.1635E-01  3.9024E-01
 PARAMETER:  1.1279E-01  8.0334E-02  1.0406E-01  2.4624E-01 -5.1798E-01  1.0856E-01 -6.7379E-01 -2.0163E-01 -3.8978E-01  8.1717E-02
             8.4732E-02 -5.4846E-02  1.0850E-01 -1.7084E-01  2.3149E-01
 GRADIENT:   9.6308E-04 -3.8057E-03 -1.7811E-02  1.3849E-03 -1.2493E-06  3.4613E-04 -8.1384E-04  1.5971E-03  2.4079E-04  2.0423E-03
             1.7897E-04 -9.1754E-04 -4.8209E-04 -5.7755E-04 -1.1247E-03
 Elapsed estimation  time in seconds: <SEC>
 Elapsed covariance  time in seconds: <SEC>
 Elapsed postprocess time in seconds: <SEC>
 Elapsed finaloutput time in seconds: <SEC>
Done with nonmem execution
