<DATE>
<TIME>
$PROB NRS PD, ACTIVE ONLY (PLACEBO DROPPED)   P:pd100  F:BASE
$INPUT ID ARM DOSE TIME DV DVID MDV BSL=DROP BFLG=DROP
$DATA ../../data/pd-sim.csv IGNORE=@ IGNORE=(ARM.EQ.1)
$PRED
  CL   = THETA(1) * EXP(ETA(1))
  V    = THETA(2) * EXP(ETA(2))
  LB   = THETA(3) + ETA(3)                  ; baseline logit. logit(7/10) = 0.85
  PLMX = THETA(4) * EXP(ETA(4))             ; placebo response (logit units)
  KPL  = THETA(5)
  EMAX = THETA(6)                           ; drug effect (logit units)
  EC50 = THETA(7) * EXP(ETA(5))

  CONC = DOSE / V * EXP(-CL / V * TIME)
  IF (TIME.LE.0) CONC = 0                   ; the baseline score is taken before the dose
  PL   = PLMX * (1 - EXP(-KPL * TIME))
  DR   = EMAX * CONC / (EC50 + CONC)
  L    = LB - PL - DR
  NRS  = 10 * EXP(L) / (1 + EXP(L))         ; always strictly between 0 and 10

  F    = CONC
  IF (DVID.EQ.2) F = NRS
  IPRE = F
  W    = 1
  IF (DVID.EQ.1) W = THETA(8) * IPRE
  IF (DVID.EQ.2) W = SQRT(THETA(9)**2 + THETA(10)**2 * IPRE * (10 - IPRE))
  IF (W.LT.1E-6) W = 1E-6
  IRES = DV - IPRE
  IWRE = IRES / W
  Y    = IPRE + W * EPS(1)

$THETA
  (0, 5)       ; CL (L/h)
  (0, 40)      ; V (L)
  (0.85)       ; LB, baseline logit
  (0, 0.8)     ; PLMAX (logit)
  (0, 0.2)     ; KPL (1/h)
  (0, 1.5)     ; EMAX (logit)
  (0, 2)       ; EC50 (mg/L)
  (0, 0.2)     ; PK proportional error CV
  (0, 0.4)     ; NRS error, floor SD
  (0, 0.15)    ; NRS error, bounded-scale coefficient

$OMEGA
  0.1          ; CL
  0.05         ; V
  0.1          ; LB
  0.2          ; PLMAX
  0.3          ; EC50

$SIGMA 1 FIX

$EST MAX=9999 PRINT=5 METHOD=COND INTER NSIG=3 SIGL=9
     NOABORT NOTBT NOOBT NOSBT
$COV UNCOND PRINT=ERS
$TAB ID TIME DVID ARM DOSE DV MDV IPRE IWRE CWRES
     ONEHEADER NOPRINT FILE=sdtab
$TAB ID CL V LB PLMX EC50 ETA1 ETA2 ETA3 ETA4 ETA5
     ONEHEADER NOPRINT NOAPPEND FILE=patab
$TAB ID DOSE
     ONEHEADER NOPRINT NOAPPEND FILE=cotab
$TAB ID ARM
     ONEHEADER NOPRINT NOAPPEND FILE=catab
  
NM-TRAN MESSAGES 
  
 WARNINGS AND ERRORS (IF ANY) FOR PROBLEM    1
             
 (WARNING  2) NM-TRAN INFERS THAT THE DATA ARE POPULATION.
  
Note: Analytical 2nd Derivatives are constructed in FSUBS but are never used.
      You may insert $ABBR DERIV2=NO after the first $PROB to save FSUBS construction and compilation time
  
  
License Registered to: <LICENSEE>
Expiration Date: <DATE>
Current Date: <DATE>
Days until program expires : <N>
1NONLINEAR MIXED EFFECTS MODEL PROGRAM (NONMEM) VERSION 7.6.0 (nm760)
 ORIGINALLY DEVELOPED BY STUART BEAL, LEWIS SHEINER, AND ALISON BOECKMANN
 CURRENT DEVELOPERS ARE ROBERT BAUER, ICON DEVELOPMENT SOLUTIONS,
 AND ALISON BOECKMANN. IMPLEMENTATION, EFFICIENCY, AND STANDARDIZATION
 PERFORMED BY NOUS INFOSYSTEMS.

 PROBLEM NO.:         1
 NRS PD, ACTIVE ONLY (PLACEBO DROPPED)   P:pd100  F:BASE
0DATA CHECKOUT RUN:              NO
 DATA SET LOCATED ON UNIT NO.:    2
 THIS UNIT TO BE REWOUND:        NO
 CREATE/ADD TO FDATA.csv:        YES
 NO. OF DATA RECS IN DATA SET:     1560
 NO. OF DATA ITEMS IN DATA SET:   7
 ID DATA ITEM IS DATA ITEM NO.:   1
 DEP VARIABLE IS DATA ITEM NO.:   5
 MDV DATA ITEM IS DATA ITEM NO.:  7
0LABELS FOR DATA ITEMS:
 ID ARM DOSE TIME DV DVID MDV
0(NONBLANK) LABELS FOR PRED-DEFINED ITEMS:
 CL V LB PLMX EC50 IPRE IWRE
0FORMAT FOR DATA:
 (7E6.0)

 TOT. NO. OF OBS RECS:     1560
 TOT. NO. OF INDIVIDUALS:      120
0LENGTH OF THETA:  10
0DEFAULT THETA BOUNDARY TEST OMITTED:   YES
0OMEGA HAS SIMPLE DIAGONAL FORM WITH DIMENSION:   5
0DEFAULT OMEGA BOUNDARY TEST OMITTED:   YES
0SIGMA HAS SIMPLE DIAGONAL FORM WITH DIMENSION:   1
0DEFAULT SIGMA BOUNDARY TEST OMITTED:   YES
0INITIAL ESTIMATE OF THETA:
 LOWER BOUND    INITIAL EST    UPPER BOUND
  0.0000E+00     0.5000E+01     0.1000E+07
  0.0000E+00     0.4000E+02     0.1000E+07
 -0.1000E+07     0.8500E+00     0.1000E+07
  0.0000E+00     0.8000E+00     0.1000E+07
  0.0000E+00     0.2000E+00     0.1000E+07
  0.0000E+00     0.1500E+01     0.1000E+07
  0.0000E+00     0.2000E+01     0.1000E+07
  0.0000E+00     0.2000E+00     0.1000E+07
  0.0000E+00     0.4000E+00     0.1000E+07
  0.0000E+00     0.1500E+00     0.1000E+07
0INITIAL ESTIMATE OF OMEGA:
 0.1000E+00
 0.0000E+00   0.5000E-01
 0.0000E+00   0.0000E+00   0.1000E+00
 0.0000E+00   0.0000E+00   0.0000E+00   0.2000E+00
 0.0000E+00   0.0000E+00   0.0000E+00   0.0000E+00   0.3000E+00
0INITIAL ESTIMATE OF SIGMA:
 0.1000E+01
0SIGMA CONSTRAINED TO BE THIS INITIAL ESTIMATE
0COVARIANCE STEP OMITTED:        NO
 R MATRIX PRINTED:              YES
 S MATRIX PRINTED:              YES
 EIGENVLS. PRINTED:             YES
 SPECIAL COMPUTATION:            NO
 COMPRESSED FORMAT:              NO
 GRADIENT METHOD USED:     NOSLOW
 SIGDIGITS ETAHAT (SIGLO):                  -1
 SIGDIGITS GRADIENTS (SIGL):                -1
 EXCLUDE COV FOR FOCE (NOFCOV):              NO
 Cholesky Transposition of R Matrix (CHOLROFF):0
 KNUTHSUMOFF:                                -1
 RESUME COV ANALYSIS (RESUME):               NO
 SIR SAMPLE SIZE (SIRSAMPLE):
 NON-LINEARLY TRANSFORM THETAS DURING COV (THBND): 1
 PRECONDTIONING CYCLES (PRECOND):        0
 PRECONDTIONING TYPES (PRECONDS):        TOS
 FORCED PRECONDTIONING CYCLES (PFCOND):0
 PRECONDTIONING TYPE (PRETYPE):        0
 FORCED POS. DEFINITE SETTING DURING PRECONDITIONING: (FPOSDEF):0
 SIMPLE POS. DEFINITE SETTING: (POSDEF):-1
0TABLES STEP OMITTED:    NO
 NO. OF TABLES:           4
 SEED NUMBER (SEED):    11456
 NPDTYPE:    0
 INTERPTYPE:    0
 RANMETHOD:             3U
 MC SAMPLES (ESAMPLE):    300
 WRES SQUARE ROOT TYPE (WRESCHOL): EIGENVALUE
0-- TABLE   1 --
0RECORDS ONLY:    ALL
04 COLUMNS APPENDED:    YES
 PRINTED:                NO
 HEADERS:               ONE
 FILE TO BE FORWARDED:   NO
 FORMAT:                S1PE11.4
 IDFORMAT:
 LFORMAT:
 RFORMAT:
 FIXED_EFFECT_ETAS:
0USER-CHOSEN ITEMS:
 ID TIME DVID ARM DOSE DV MDV IPRE IWRE CWRES
0-- TABLE   2 --
0RECORDS ONLY:    ALL
04 COLUMNS APPENDED:    NO
 PRINTED:                NO
 HEADERS:               ONE
 FILE TO BE FORWARDED:   NO
 FORMAT:                S1PE11.4
 IDFORMAT:
 LFORMAT:
 RFORMAT:
 FIXED_EFFECT_ETAS:
0USER-CHOSEN ITEMS:
 ID CL V LB PLMX EC50 ETA1 ETA2 ETA3 ETA4 ETA5
0-- TABLE   3 --
0RECORDS ONLY:    ALL
04 COLUMNS APPENDED:    NO
 PRINTED:                NO
 HEADERS:               ONE
 FILE TO BE FORWARDED:   NO
 FORMAT:                S1PE11.4
 IDFORMAT:
 LFORMAT:
 RFORMAT:
 FIXED_EFFECT_ETAS:
0USER-CHOSEN ITEMS:
 ID DOSE
0-- TABLE   4 --
0RECORDS ONLY:    ALL
04 COLUMNS APPENDED:    NO
 PRINTED:                NO
 HEADERS:               ONE
 FILE TO BE FORWARDED:   NO
 FORMAT:                S1PE11.4
 IDFORMAT:
 LFORMAT:
 RFORMAT:
 FIXED_EFFECT_ETAS:
0USER-CHOSEN ITEMS:
 ID ARM
1


 #TBLN:      1
 #METH: First Order Conditional Estimation with Interaction

 ESTIMATION STEP OMITTED:                 NO
 SHRINK INFO WITH EVALUATION (EVALSHRINK) NO
 ANALYSIS TYPE:                           POPULATION
 NUMBER OF SADDLE POINT RESET ITERATIONS:      0
 GRADIENT METHOD USED:               NOSLOW
 CONDITIONAL ESTIMATES USED:              YES
 CENTERED ETA:                            NO
 EPS-ETA INTERACTION:                     YES
 LAPLACIAN OBJ. FUNC.:                    NO
 NO. OF FUNCT. EVALS. ALLOWED:            9999
 NO. OF SIG. FIGURES REQUIRED:            3
 INTERMEDIATE PRINTOUT:                   YES
 ESTIMATE OUTPUT TO MSF:                  NO
 ABORT WITH PRED EXIT CODE 1:             NO
 IND. OBJ. FUNC. VALUES SORTED:           NO
 NUMERICAL DERIVATIVE
       FILE REQUEST (NUMDER):               NONE
 MAP (ETAHAT) ESTIMATION METHOD (OPTMAP):   0
 ETA HESSIAN EVALUATION METHOD (ETADER):    0
 INITIAL ETA FOR MAP ESTIMATION (MCETA):    0
 SIGDIGITS FOR MAP ESTIMATION (SIGLO):      9
 GRADIENT SIGDIGITS OF
       FIXED EFFECTS PARAMETERS (SIGL):     9
 NOPRIOR SETTING (NOPRIOR):                 0
 NOCOV SETTING (NOCOV):                     OFF
 DERCONT SETTING (DERCONT):                 OFF
 FINAL ETA RE-EVALUATION (FNLETA):          1
 EXCLUDE NON-INFLUENTIAL (NON-INFL.) ETAS
       IN SHRINKAGE (ETASTYPE):             NO
 NON-INFL. ETA CORRECTION (NONINFETA):      0
 RAW OUTPUT FILE (FILE): pd101.ext
 EXCLUDE TITLE (NOTITLE):                   NO
 EXCLUDE COLUMN LABELS (NOLABEL):           NO
 FORMAT FOR ADDITIONAL FILES (FORMAT):      S1PE12.5
 PARAMETER ORDER FOR OUTPUTS (ORDER):       TSOL
 KNUTHSUMOFF:                               0
 INCLUDE LNTWOPI:                           NO
 INCLUDE CONSTANT TERM TO PRIOR (PRIORC):   NO
 INCLUDE CONSTANT TERM TO OMEGA (ETA) (OLNTWOPI):NO
 ADDITIONAL CONVERGENCE TEST (CTYPE=4)?:    NO
 EM OR BAYESIAN METHOD USED:                 NONE


 THE FOLLOWING LABELS ARE EQUIVALENT
 PRED=PREDI
 RES=RESI
 WRES=WRESI
 IWRS=IWRESI
 IPRD=IPREDI
 IRS=IRESI

 MONITORING OF SEARCH:


0ITERATION NO.:    0    OBJECTIVE VALUE:   151.831784789441        NO. OF FUNC. EVALS.:  12
 CUMULATIVE NO. OF FUNC. EVALS.:       12
 NPARAMETR:  5.0000E+00  4.0000E+01  8.5000E-01  8.0000E-01  2.0000E-01  1.5000E+00  2.0000E+00  2.0000E-01  4.0000E-01  1.5000E-01
             1.0000E-01  5.0000E-02  1.0000E-01  2.0000E-01  3.0000E-01
 PARAMETER:  1.0000E-01  1.0000E-01  1.0000E-01  1.0000E-01  1.0000E-01  1.0000E-01  1.0000E-01  1.0000E-01  1.0000E-01  1.0000E-01
             1.0000E-01  1.0000E-01  1.0000E-01  1.0000E-01  1.0000E-01
 GRADIENT:  -6.0693E+01  3.9017E+01  1.3651E+03 -1.0286E+01 -2.5305E+01 -2.2227E+02  1.1360E+02  2.5793E+02  5.9495E+01  1.9538E+02
             1.2682E+01  5.0960E+01  1.1743E+00  4.5923E+01 -1.0931E+01

0ITERATION NO.:    5    OBJECTIVE VALUE:   76.8350479598608        NO. OF FUNC. EVALS.:  69
 CUMULATIVE NO. OF FUNC. EVALS.:       81
 NPARAMETR:  5.2261E+00  3.8458E+01  8.3140E-01  8.3568E-01  1.8072E-01  1.7225E+00  1.6951E+00  1.3199E-01  3.8786E-01  1.2419E-01
             9.6499E-02  3.6254E-02  9.6002E-02  1.3855E-01  2.9998E-01
 PARAMETER:  1.4422E-01  6.0699E-02  9.7812E-02  1.4363E-01 -1.3650E-03  2.3828E-01 -6.5398E-02 -3.1558E-01  6.9182E-02 -8.8847E-02
             8.2183E-02 -6.0742E-02  7.9599E-02 -8.3555E-02  9.9960E-02
 GRADIENT:   8.8621E+01 -9.0771E+01 -3.8775E+02 -4.8778E+00  4.1540E+01  5.5607E+01 -4.5018E+00 -1.3136E+02 -5.9952E+01 -1.4684E+02
            -6.8488E+00 -9.8390E+00 -2.9835E+00  1.2533E+01  2.4495E+00

0ITERATION NO.:   10    OBJECTIVE VALUE:   56.5378876350872        NO. OF FUNC. EVALS.:  72
 CUMULATIVE NO. OF FUNC. EVALS.:      153
 NPARAMETR:  5.1701E+00  3.8360E+01  9.0397E-01  9.5484E-01  1.0001E-01  1.4958E+00  7.9635E-01  1.3708E-01  5.7965E-01  1.0393E-01
             9.4463E-02  4.5916E-02  1.1494E-01  8.2058E-02  3.7634E-01
 PARAMETER:  1.3345E-01  5.8138E-02  1.0635E-01  2.7693E-01 -5.9309E-01  9.7165E-02 -8.2086E-01 -2.7773E-01  4.7096E-01 -2.6692E-01
             7.1522E-02  5.7390E-02  1.6962E-01 -3.4545E-01  2.1336E-01
 GRADIENT:   5.9796E+01 -8.8628E+01 -6.0083E+00 -4.1283E+00  1.0029E+00  3.0478E+01 -1.5755E+01 -7.8481E+01  2.7586E+01  1.8001E+01
            -7.3307E+00  2.5783E+01  1.3159E+01 -1.5329E+01 -2.9625E+00

0ITERATION NO.:   15    OBJECTIVE VALUE:   47.9564399818451        NO. OF FUNC. EVALS.:  68
 CUMULATIVE NO. OF FUNC. EVALS.:      221
 NPARAMETR:  5.1082E+00  3.9036E+01  8.7963E-01  9.1141E-01  1.0851E-01  1.4816E+00  8.7283E-01  1.4576E-01  5.2363E-01  1.1150E-01
             9.9308E-02  3.7202E-02  9.9204E-02  1.0225E-01  4.9747E-01
 PARAMETER:  1.2141E-01  7.5597E-02  1.0349E-01  2.3038E-01 -5.1152E-01  8.7629E-02 -7.2916E-01 -2.1637E-01  3.6931E-01 -1.9662E-01
             9.6526E-02 -4.7827E-02  9.6005E-02 -2.3546E-01  3.5288E-01
 GRADIENT:   2.1646E+01 -2.2252E+01  2.8580E-01 -4.4627E+00  2.0781E+00  1.5544E+00 -1.7498E+00 -1.5064E+01 -2.5836E+00 -5.5000E+00
             4.7361E+00  1.0532E+00  8.8187E-01 -7.0863E+00  6.2059E+00

0ITERATION NO.:   20    OBJECTIVE VALUE:   46.9133556002771        NO. OF FUNC. EVALS.:  69
 CUMULATIVE NO. OF FUNC. EVALS.:      290
 NPARAMETR:  5.0651E+00  3.9233E+01  8.8280E-01  9.2467E-01  1.0796E-01  1.5144E+00  9.3861E-01  1.4780E-01  4.9041E-01  1.1893E-01
             9.7143E-02  3.6875E-02  1.0146E-01  1.1476E-01  3.7582E-01
 PARAMETER:  1.1293E-01  8.0638E-02  1.0386E-01  2.4482E-01 -5.1657E-01  1.0958E-01 -6.5650E-01 -2.0245E-01  3.0377E-01 -1.3210E-01
             8.5507E-02 -5.2248E-02  1.0723E-01 -1.7772E-01  2.1266E-01
 GRADIENT:   7.2707E-01  1.4071E+00  2.1916E+01 -1.9993E+00 -1.5619E+00 -1.6842E+00  1.7771E+00 -5.9774E-01  6.2156E+00  5.5927E+00
             2.3568E-01  5.7125E-01  3.7395E-01  3.0083E-01 -1.0257E+00

0ITERATION NO.:   25    OBJECTIVE VALUE:   46.5982120095971        NO. OF FUNC. EVALS.:  66
 CUMULATIVE NO. OF FUNC. EVALS.:      356
 NPARAMETR:  5.0630E+00  3.9218E+01  8.8379E-01  9.2535E-01  1.0786E-01  1.5125E+00  9.2482E-01  1.4798E-01  3.9937E-01  1.3263E-01
             9.7044E-02  3.6722E-02  1.0152E-01  1.1519E-01  3.8900E-01
 PARAMETER:  1.1251E-01  8.0245E-02  1.0398E-01  2.4556E-01 -5.1752E-01  1.0832E-01 -6.7131E-01 -2.0127E-01  9.8421E-02 -2.3089E-02
             8.4995E-02 -5.4323E-02  1.0754E-01 -1.7587E-01  2.2990E-01
 GRADIENT:  -5.2904E-01 -6.3273E-01  4.6759E+00 -4.5741E-01 -1.0477E-01  1.4852E+00 -4.3216E-02  4.8666E-01  3.7106E+00  7.3795E+00
             1.0128E-01  1.3929E-01  3.8741E-01  1.8696E-01 -5.0204E-02

0ITERATION NO.:   30    OBJECTIVE VALUE:   46.4726382365682        NO. OF FUNC. EVALS.:  66
 CUMULATIVE NO. OF FUNC. EVALS.:      422
 NPARAMETR:  5.0628E+00  3.9218E+01  8.8450E-01  9.2592E-01  1.0787E-01  1.5137E+00  9.2490E-01  1.4797E-01  3.2017E-01  1.4109E-01
             9.7045E-02  3.6718E-02  1.0176E-01  1.1572E-01  3.8825E-01
 PARAMETER:  1.1248E-01  8.0258E-02  1.0406E-01  2.4617E-01 -5.1743E-01  1.0912E-01 -6.7122E-01 -2.0129E-01 -1.2262E-01  3.8744E-02
             8.5003E-02 -5.4376E-02  1.0872E-01 -1.7359E-01  2.2894E-01
 GRADIENT:  -6.0950E-01 -4.9800E-01  5.0207E+00 -3.0813E-01 -6.5365E-02  9.0648E-01 -1.7063E-02  4.5554E-01  6.2611E-01  1.7118E+00
             1.1027E-01  1.3682E-01  2.4636E-01 -3.0945E-02 -1.2990E-01

0ITERATION NO.:   35    OBJECTIVE VALUE:   46.4453566694021        NO. OF FUNC. EVALS.:  67
 CUMULATIVE NO. OF FUNC. EVALS.:      489
 NPARAMETR:  5.0643E+00  3.9222E+01  8.8418E-01  9.2570E-01  1.0779E-01  1.5124E+00  9.2176E-01  1.4791E-01  2.5222E-01  1.4675E-01
             9.6983E-02  3.6680E-02  1.0171E-01  1.1635E-01  3.9096E-01
 PARAMETER:  1.1277E-01  8.0347E-02  1.0402E-01  2.4594E-01 -5.1812E-01  1.0823E-01 -6.7461E-01 -2.0169E-01 -3.6117E-01  7.8107E-02
             8.4680E-02 -5.4894E-02  1.0848E-01 -1.7085E-01  2.3241E-01
 GRADIENT:   3.4449E-02  1.0235E-01 -6.9111E-01 -3.1607E-02  2.9132E-02  1.7930E-01 -6.1335E-02 -5.6632E-02 -1.7235E-02 -2.3252E-01
            -2.6252E-02 -2.2459E-02  2.9121E-02 -1.2479E-02  1.9667E-02

0ITERATION NO.:   40    OBJECTIVE VALUE:   46.4451335808431        NO. OF FUNC. EVALS.:  82
 CUMULATIVE NO. OF FUNC. EVALS.:      571
 NPARAMETR:  5.0642E+00  3.9221E+01  8.8424E-01  9.2582E-01  1.0779E-01  1.5125E+00  9.2214E-01  1.4792E-01  2.4571E-01  1.4724E-01
             9.6995E-02  3.6685E-02  1.0171E-01  1.1639E-01  3.9048E-01
 PARAMETER:  1.1275E-01  8.0325E-02  1.0403E-01  2.4606E-01 -5.1812E-01  1.0832E-01 -6.7421E-01 -2.0164E-01 -3.8729E-01  8.1411E-02
             8.4743E-02 -5.4824E-02  1.0846E-01 -1.7068E-01  2.3179E-01
 GRADIENT:  -8.5871E-02 -5.0633E-02 -2.3814E+00 -1.8453E-02 -1.2239E-02 -3.0975E-02 -1.6218E-02  1.0845E-03 -2.0506E-03 -2.1216E-02
             2.8353E-03  2.1821E-03 -2.2354E-03 -2.9357E-04 -3.4174E-03

0ITERATION NO.:   43    OBJECTIVE VALUE:   46.4450841514623        NO. OF FUNC. EVALS.:  86
 CUMULATIVE NO. OF FUNC. EVALS.:      657
 NPARAMETR:  5.0644E+00  3.9221E+01  8.8450E-01  9.2598E-01  1.0781E-01  1.5129E+00  9.2252E-01  1.4792E-01  2.4510E-01  1.4728E-01
             9.6993E-02  3.6684E-02  1.0171E-01  1.1635E-01  3.9024E-01
 PARAMETER:  1.1279E-01  8.0334E-02  1.0406E-01  2.4624E-01 -5.1798E-01  1.0856E-01 -6.7379E-01 -2.0163E-01 -3.8978E-01  8.1717E-02
             8.4732E-02 -5.4846E-02  1.0850E-01 -1.7084E-01  2.3149E-01
 GRADIENT:   9.6308E-04 -3.8057E-03 -1.7811E-02  1.3849E-03 -1.2493E-06  3.4613E-04 -8.1384E-04  1.5971E-03  2.4079E-04  2.0423E-03
             1.7897E-04 -9.1754E-04 -4.8209E-04 -5.7755E-04 -1.1247E-03

 #TERM:
0MINIMIZATION SUCCESSFUL
 NO. OF FUNCTION EVALUATIONS USED:      657
 NO. OF SIG. DIGITS IN FINAL EST.:  4.3

 ETABAR IS THE ARITHMETIC MEAN OF THE ETA-ESTIMATES,
 AND THE P-VALUE IS GIVEN FOR THE NULL HYPOTHESIS THAT THE TRUE MEAN IS 0.

 ETABAR:         6.5753E-03 -8.2088E-03  5.1539E-03  3.0578E-02  2.0835E-02
 SE:             2.6912E-02  1.5086E-02  2.4630E-02  2.1727E-02  3.4958E-02
 N:                     120         120         120         120         120

 P VAL.:         8.0698E-01  5.8635E-01  8.3425E-01  1.5931E-01  5.5118E-01

 ETASHRINKSD(%)  5.3174E+00  1.3610E+01  1.5387E+01  2.9652E+01  3.8608E+01
 ETASHRINKVR(%)  1.0352E+01  2.5368E+01  2.8406E+01  5.0512E+01  6.2310E+01
 EBVSHRINKSD(%)  4.1770E+00  1.3022E+01  1.5171E+01  3.1333E+01  3.6938E+01
 EBVSHRINKVR(%)  8.1796E+00  2.4349E+01  2.8041E+01  5.2849E+01  6.0231E+01
 RELATIVEINF(%)  9.1725E+01  7.5330E+01  5.2521E+01  4.3866E+01  3.0436E+01
 EPSSHRINKSD(%)  1.2953E+01
 EPSSHRINKVR(%)  2.4229E+01

  
 TOTAL DATA POINTS NORMALLY DISTRIBUTED (N):         1560
 N*LOG(2PI) CONSTANT TO OBJECTIVE FUNCTION:    2867.0882235985787     
 OBJECTIVE FUNCTION VALUE WITHOUT CONSTANT:    46.445084151462311     
 OBJECTIVE FUNCTION VALUE WITH CONSTANT:       2913.5333077500409     
 REPORTED OBJECTIVE FUNCTION DOES NOT CONTAIN CONSTANT
  
 TOTAL EFFECTIVE ETAS (NIND*NETA):                           600
  
 #TERE:
 Elapsed estimation  time in seconds: <SEC>
 Elapsed covariance  time in seconds: <SEC>
 Elapsed postprocess time in seconds: <SEC>
1
 
 
 
 
 
 
 
 
 
 
 
 
 
 
 
 
 
 
 
 
 ************************************************************************************************************************
 ********************                                                                                ********************
 ********************               FIRST ORDER CONDITIONAL ESTIMATION WITH INTERACTION              ********************
 #OBJT:**************                       MINIMUM VALUE OF OBJECTIVE FUNCTION                      ********************
 ********************                                                                                ********************
 ************************************************************************************************************************
 





 #OBJV:********************************************            46.445       *********************************************
1
 ************************************************************************************************************************
 ********************                                                                                ********************
 ********************               FIRST ORDER CONDITIONAL ESTIMATION WITH INTERACTION              ********************
 ********************                             FINAL PARAMETER ESTIMATE                           ********************
 ********************                                                                                ********************
 ************************************************************************************************************************
 


 THETA - VECTOR OF FIXED EFFECTS PARAMETERS   *********


         TH 1      TH 2      TH 3      TH 4      TH 5      TH 6      TH 7      TH 8      TH 9      TH10     
 
         5.06E+00  3.92E+01  8.85E-01  9.26E-01  1.08E-01  1.51E+00  9.23E-01  1.48E-01  2.45E-01  1.47E-01
 


 OMEGA - COV MATRIX FOR RANDOM EFFECTS - ETAS  ********


         ETA1      ETA2      ETA3      ETA4      ETA5     
 
 ETA1
+        9.70E-02
 
 ETA2
+        0.00E+00  3.67E-02
 
 ETA3
+        0.00E+00  0.00E+00  1.02E-01
 
 ETA4
+        0.00E+00  0.00E+00  0.00E+00  1.16E-01
 
 ETA5
+        0.00E+00  0.00E+00  0.00E+00  0.00E+00  3.90E-01
 


 SIGMA - COV MATRIX FOR RANDOM EFFECTS - EPSILONS  ****


         EPS1     
 
 EPS1
+        1.00E+00
 
1


 OMEGA - CORR MATRIX FOR RANDOM EFFECTS - ETAS  *******


         ETA1      ETA2      ETA3      ETA4      ETA5     
 
 ETA1
+        3.11E-01
 
 ETA2
+        0.00E+00  1.92E-01
 
 ETA3
+        0.00E+00  0.00E+00  3.19E-01
 
 ETA4
+        0.00E+00  0.00E+00  0.00E+00  3.41E-01
 
 ETA5
+        0.00E+00  0.00E+00  0.00E+00  0.00E+00  6.25E-01
 


 SIGMA - CORR MATRIX FOR RANDOM EFFECTS - EPSILONS  ***


         EPS1     
 
 EPS1
+        1.00E+00
 
1
 ************************************************************************************************************************
 ********************                                                                                ********************
 ********************               FIRST ORDER CONDITIONAL ESTIMATION WITH INTERACTION              ********************
 ********************                            STANDARD ERROR OF ESTIMATE                          ********************
 ********************                                                                                ********************
 ************************************************************************************************************************
 


 THETA - VECTOR OF FIXED EFFECTS PARAMETERS   *********


         TH 1      TH 2      TH 3      TH 4      TH 5      TH 6      TH 7      TH 8      TH 9      TH10     
 
         1.52E-01  7.93E-01  4.36E-02  7.64E-02  2.15E-02  7.93E-02  1.72E-01  6.95E-03  4.91E-01  3.58E-02
 


 OMEGA - COV MATRIX FOR RANDOM EFFECTS - ETAS  ********


         ETA1      ETA2      ETA3      ETA4      ETA5     
 
 ETA1
+        1.26E-02
 
 ETA2
+       .........  7.01E-03
 
 ETA3
+       ......... .........  1.75E-02
 
 ETA4
+       ......... ......... .........  3.84E-02
 
 ETA5
+       ......... ......... ......... .........  1.46E-01
 


 SIGMA - COV MATRIX FOR RANDOM EFFECTS - EPSILONS  ****


         EPS1     
 
 EPS1
+       .........
 
1


 OMEGA - CORR MATRIX FOR RANDOM EFFECTS - ETAS  *******


         ETA1      ETA2      ETA3      ETA4      ETA5     
 
 ETA1
+        2.03E-02
 
 ETA2
+       .........  1.83E-02
 
 ETA3
+       ......... .........  2.74E-02
 
 ETA4
+       ......... ......... .........  5.63E-02
 
 ETA5
+       ......... ......... ......... .........  1.17E-01
 


 SIGMA - CORR MATRIX FOR RANDOM EFFECTS - EPSILONS  ***


         EPS1     
 
 EPS1
+       .........
 
1
 ************************************************************************************************************************
 ********************                                                                                ********************
 ********************               FIRST ORDER CONDITIONAL ESTIMATION WITH INTERACTION              ********************
 ********************                          COVARIANCE MATRIX OF ESTIMATE                         ********************
 ********************                                                                                ********************
 ************************************************************************************************************************
 

            TH 1      TH 2      TH 3      TH 4      TH 5      TH 6      TH 7      TH 8      TH 9      TH10      OM11      OM12  
             OM13      OM14      OM15      OM22      OM23      OM24      OM25      OM33      OM34      OM35      OM44      OM45  
            OM55      SG11  
 
 TH 1
+        2.32E-02
 
 TH 2
+        5.76E-03  6.29E-01
 
 TH 3
+       -3.76E-04  4.54E-03  1.90E-03
 
 TH 4
+        1.02E-03  1.02E-02  1.41E-03  5.83E-03
 
 TH 5
+       -1.84E-04 -3.10E-03 -1.42E-04 -1.23E-03  4.61E-04
 
 TH 6
+       -8.41E-05  7.54E-03  9.95E-04  1.84E-03  1.10E-04  6.29E-03
 
 TH 7
+       -1.99E-03 -2.63E-04 -1.02E-03 -2.96E-03  1.95E-03  9.20E-03  2.97E-02
 
 TH 8
+        2.58E-04  1.42E-05  4.32E-05  5.43E-05 -6.18E-06 -1.73E-05 -1.17E-04  4.83E-05
 
 TH 9
+        1.80E-03  8.72E-03 -2.78E-03  4.06E-03 -1.88E-03 -7.77E-03 -1.04E-02 -3.77E-04  2.41E-01
 
 TH10
+       -1.27E-04 -8.20E-04  2.03E-04 -3.70E-04  1.56E-04  5.66E-04  8.51E-04  2.74E-05 -1.74E-02  1.28E-03
 
 OM11
+        3.08E-04  1.02E-03 -8.78E-05 -8.19E-05 -2.25E-05 -4.03E-05 -1.64E-04 -6.17E-06 -4.24E-04  2.33E-05  1.60E-04
 
 OM12
+       ......... ......... ......... ......... ......... ......... ......... ......... ......... ......... ......... .........
 
 OM13
+       ......... ......... ......... ......... ......... ......... ......... ......... ......... ......... ......... .........
         .........
 
 OM14
+       ......... ......... ......... ......... ......... ......... ......... ......... ......... ......... ......... .........
         ......... .........
 
 OM15
+       ......... ......... ......... ......... ......... ......... ......... ......... ......... ......... ......... .........
         ......... ......... .........
 
 OM22
+       -6.83E-05 -4.79E-05 -9.49E-06  8.61E-05 -3.68E-05 -7.87E-05 -1.95E-04 -1.05E-05 -3.65E-04  2.57E-05 -2.97E-06 .........
         ......... ......... .........  4.91E-05
 
 OM23
+       ......... ......... ......... ......... ......... ......... ......... ......... ......... ......... ......... .........
         ......... ......... ......... ......... .........
 
 OM24
+       ......... ......... ......... ......... ......... ......... ......... ......... ......... ......... ......... .........
         ......... ......... ......... ......... ......... .........
 
 OM25
+       ......... ......... ......... ......... ......... ......... ......... ......... ......... ......... ......... .........
         ......... ......... ......... ......... ......... ......... .........
 
1

            TH 1      TH 2      TH 3      TH 4      TH 5      TH 6      TH 7      TH 8      TH 9      TH10      OM11      OM12  
             OM13      OM14      OM15      OM22      OM23      OM24      OM25      OM33      OM34      OM35      OM44      OM45  
            OM55      SG11  
 
 OM33
+       -2.66E-04  1.45E-03  3.11E-05  7.71E-05 -2.57E-05 -8.28E-06 -3.80E-04 -1.65E-06 -7.30E-04  6.49E-05  9.24E-06 .........
         ......... ......... .........  9.67E-06 ......... ......... .........  3.06E-04
 
 OM34
+       ......... ......... ......... ......... ......... ......... ......... ......... ......... ......... ......... .........
         ......... ......... ......... ......... ......... ......... ......... ......... .........
 
 OM35
+       ......... ......... ......... ......... ......... ......... ......... ......... ......... ......... ......... .........
         ......... ......... ......... ......... ......... ......... ......... ......... ......... .........
 
 OM44
+        8.21E-05  2.67E-05 -1.16E-05 -3.55E-04  5.41E-05 -2.58E-04 -4.85E-04 -6.57E-07 -7.84E-03  5.50E-04  5.26E-05 .........
         ......... ......... .........  4.66E-05 ......... ......... ......... -2.60E-05 ......... .........  1.48E-03
 
 OM45
+       ......... ......... ......... ......... ......... ......... ......... ......... ......... ......... ......... .........
         ......... ......... ......... ......... ......... ......... ......... ......... ......... ......... ......... .........
 
 OM55
+        2.38E-03  2.00E-03 -9.95E-04  1.22E-03 -1.24E-03 -4.88E-03 -1.41E-02  5.19E-05  1.76E-02 -1.44E-03  4.87E-04 .........
         ......... ......... ......... -5.74E-07 ......... ......... ......... -5.88E-04 ......... ......... -2.94E-04 .........
         2.14E-02
 
 SG11
+       ......... ......... ......... ......... ......... ......... ......... ......... ......... ......... ......... .........
         ......... ......... ......... ......... ......... ......... ......... ......... ......... ......... ......... .........
        ......... .........
 
1
 ************************************************************************************************************************
 ********************                                                                                ********************
 ********************               FIRST ORDER CONDITIONAL ESTIMATION WITH INTERACTION              ********************
 ********************                          CORRELATION MATRIX OF ESTIMATE                        ********************
 ********************                                                                                ********************
 ************************************************************************************************************************
 

            TH 1      TH 2      TH 3      TH 4      TH 5      TH 6      TH 7      TH 8      TH 9      TH10      OM11      OM12  
             OM13      OM14      OM15      OM22      OM23      OM24      OM25      OM33      OM34      OM35      OM44      OM45  
            OM55      SG11  
 
 TH 1
+        1.52E-01
 
 TH 2
+        4.76E-02  7.93E-01
 
 TH 3
+       -5.66E-02  1.31E-01  4.36E-02
 
 TH 4
+        8.77E-02  1.68E-01  4.23E-01  7.64E-02
 
 TH 5
+       -5.62E-02 -1.82E-01 -1.51E-01 -7.50E-01  2.15E-02
 
 TH 6
+       -6.95E-03  1.20E-01  2.88E-01  3.05E-01  6.47E-02  7.93E-02
 
 TH 7
+       -7.59E-02 -1.92E-03 -1.35E-01 -2.25E-01  5.26E-01  6.72E-01  1.72E-01
 
 TH 8
+        2.44E-01  2.57E-03  1.43E-01  1.02E-01 -4.14E-02 -3.13E-02 -9.79E-02  6.95E-03
 
 TH 9
+        2.41E-02  2.24E-02 -1.30E-01  1.09E-01 -1.78E-01 -2.00E-01 -1.23E-01 -1.11E-01  4.91E-01
 
 TH10
+       -2.32E-02 -2.89E-02  1.30E-01 -1.36E-01  2.04E-01  2.00E-01  1.38E-01  1.10E-01 -9.93E-01  3.58E-02
 
 OM11
+        1.60E-01  1.02E-01 -1.59E-01 -8.48E-02 -8.28E-02 -4.02E-02 -7.53E-02 -7.03E-02 -6.82E-02  5.16E-02  1.26E-02
 
 OM12
+       ......... ......... ......... ......... ......... ......... ......... ......... ......... ......... ......... .........
 
 OM13
+       ......... ......... ......... ......... ......... ......... ......... ......... ......... ......... ......... .........
         .........
 
 OM14
+       ......... ......... ......... ......... ......... ......... ......... ......... ......... ......... ......... .........
         ......... .........
 
 OM15
+       ......... ......... ......... ......... ......... ......... ......... ......... ......... ......... ......... .........
         ......... ......... .........
 
 OM22
+       -6.39E-02 -8.62E-03 -3.11E-02  1.61E-01 -2.45E-01 -1.42E-01 -1.61E-01 -2.17E-01 -1.06E-01  1.02E-01 -3.35E-02 .........
         ......... ......... .........  7.01E-03
 
 OM23
+       ......... ......... ......... ......... ......... ......... ......... ......... ......... ......... ......... .........
         ......... ......... ......... ......... .........
 
 OM24
+       ......... ......... ......... ......... ......... ......... ......... ......... ......... ......... ......... .........
         ......... ......... ......... ......... ......... .........
 
 OM25
+       ......... ......... ......... ......... ......... ......... ......... ......... ......... ......... ......... .........
         ......... ......... ......... ......... ......... ......... .........
 
1

            TH 1      TH 2      TH 3      TH 4      TH 5      TH 6      TH 7      TH 8      TH 9      TH10      OM11      OM12  
             OM13      OM14      OM15      OM22      OM23      OM24      OM25      OM33      OM34      OM35      OM44      OM45  
            OM55      SG11  
 
 OM33
+       -9.97E-02  1.05E-01  4.08E-02  5.77E-02 -6.84E-02 -5.97E-03 -1.26E-01 -1.36E-02 -8.50E-02  1.04E-01  4.18E-02 .........
         ......... ......... .........  7.89E-02 ......... ......... .........  1.75E-02
 
 OM34
+       ......... ......... ......... ......... ......... ......... ......... ......... ......... ......... ......... .........
         ......... ......... ......... ......... ......... ......... ......... ......... .........
 
 OM35
+       ......... ......... ......... ......... ......... ......... ......... ......... ......... ......... ......... .........
         ......... ......... ......... ......... ......... ......... ......... ......... ......... .........
 
 OM44
+        1.40E-02  8.78E-04 -6.90E-03 -1.21E-01  6.56E-02 -8.47E-02 -7.32E-02 -2.46E-03 -4.16E-01  4.01E-01  1.08E-01 .........
         ......... ......... .........  1.73E-01 ......... ......... ......... -3.87E-02 ......... .........  3.84E-02
 
 OM45
+       ......... ......... ......... ......... ......... ......... ......... ......... ......... ......... ......... .........
         ......... ......... ......... ......... ......... ......... ......... ......... ......... ......... ......... .........
 
 OM55
+        1.07E-01  1.72E-02 -1.56E-01  1.09E-01 -3.96E-01 -4.21E-01 -5.57E-01  5.11E-02  2.46E-01 -2.76E-01  2.63E-01 .........
         ......... ......... ......... -5.60E-04 ......... ......... ......... -2.30E-01 ......... ......... -5.23E-02 .........
         1.46E-01
 
 SG11
+       ......... ......... ......... ......... ......... ......... ......... ......... ......... ......... ......... .........
         ......... ......... ......... ......... ......... ......... ......... ......... ......... ......... ......... .........
        ......... .........
 
1
 ************************************************************************************************************************
 ********************                                                                                ********************
 ********************               FIRST ORDER CONDITIONAL ESTIMATION WITH INTERACTION              ********************
 ********************                      INVERSE COVARIANCE MATRIX OF ESTIMATE                     ********************
 ********************                                                                                ********************
 ************************************************************************************************************************
 

            TH 1      TH 2      TH 3      TH 4      TH 5      TH 6      TH 7      TH 8      TH 9      TH10      OM11      OM12  
             OM13      OM14      OM15      OM22      OM23      OM24      OM25      OM33      OM34      OM35      OM44      OM45  
            OM55      SG11  
 
 TH 1
+        5.09E+01
 
 TH 2
+       -5.79E-01  1.75E+00
 
 TH 3
+        4.04E+01 -5.81E+00  9.93E+02
 
 TH 4
+       -2.88E+01  1.86E+00 -2.82E+02  7.47E+02
 
 TH 5
+       -9.40E+01  1.97E+01 -9.85E+02  1.82E+03  9.32E+03
 
 TH 6
+       -1.51E+01 -5.04E-02 -2.85E+02 -2.24E+02  2.86E+02  6.50E+02
 
 TH 7
+        1.31E+01 -1.75E+00  2.02E+02  1.06E+01 -4.86E+02 -2.49E+02  1.76E+02
 
 TH 8
+       -2.83E+02  3.43E+00 -5.01E+02 -4.00E+02  7.73E+01  5.44E+02 -1.09E+02  2.55E+04
 
 TH 9
+       -1.50E+01  8.62E-01 -6.22E+01  1.11E+02  1.61E+02  1.57E+01 -9.65E+00  9.86E+00  3.80E+02
 
 TH10
+       -1.95E+02  1.38E+01 -9.16E+02  1.66E+03  2.01E+03 -5.80E+00 -7.19E+01 -9.42E+02  5.19E+03  7.21E+04
 
 OM11
+       -1.21E+02 -8.36E+00  7.97E+01  4.41E+02  1.18E+03 -1.72E+02 -4.92E+01  1.61E+03  2.01E+02  2.49E+03  7.91E+03
 
 OM12
+       ......... ......... ......... ......... ......... ......... ......... ......... ......... ......... ......... .........
 
 OM13
+       ......... ......... ......... ......... ......... ......... ......... ......... ......... ......... ......... .........
         .........
 
 OM14
+       ......... ......... ......... ......... ......... ......... ......... ......... ......... ......... ......... .........
         ......... .........
 
 OM15
+       ......... ......... ......... ......... ......... ......... ......... ......... ......... ......... ......... .........
         ......... ......... .........
 
 OM22
+       -3.62E-01  7.41E+00  1.74E+02 -4.82E+02  2.32E+03  8.25E+02 -1.72E+02  6.81E+03 -5.49E+01 -1.72E+03  8.65E+02 .........
         ......... ......... .........  2.63E+04
 
 OM23
+       ......... ......... ......... ......... ......... ......... ......... ......... ......... ......... ......... .........
         ......... ......... ......... ......... .........
 
 OM24
+       ......... ......... ......... ......... ......... ......... ......... ......... ......... ......... ......... .........
         ......... ......... ......... ......... ......... .........
 
 OM25
+       ......... ......... ......... ......... ......... ......... ......... ......... ......... ......... ......... .........
         ......... ......... ......... ......... ......... ......... .........
 
1

            TH 1      TH 2      TH 3      TH 4      TH 5      TH 6      TH 7      TH 8      TH 9      TH10      OM11      OM12  
             OM13      OM14      OM15      OM22      OM23      OM24      OM25      OM33      OM34      OM35      OM44      OM45  
            OM55      SG11  
 
 OM33
+        6.94E+01 -1.10E+01  3.60E+02 -7.91E+01 -2.78E+02 -1.97E+02  2.65E+02 -2.92E+02 -1.74E+02 -2.52E+03 -8.96E+02 .........
         ......... ......... ......... -3.33E+02 ......... ......... .........  4.30E+03
 
 OM34
+       ......... ......... ......... ......... ......... ......... ......... ......... ......... ......... ......... .........
         ......... ......... ......... ......... ......... ......... ......... ......... .........
 
 OM35
+       ......... ......... ......... ......... ......... ......... ......... ......... ......... ......... ......... .........
         ......... ......... ......... ......... ......... ......... ......... ......... ......... .........
 
 OM44
+       -5.23E+00 -1.68E+00  1.29E+01  5.11E+01 -9.36E+00  2.58E+01  3.28E+01  9.16E+01  1.01E+02  1.01E+03 -2.05E+02 .........
         ......... ......... ......... -6.01E+02 ......... ......... .........  2.23E+02 ......... .........  9.05E+02
 
 OM45
+       ......... ......... ......... ......... ......... ......... ......... ......... ......... ......... ......... .........
         ......... ......... ......... ......... ......... ......... ......... ......... ......... ......... ......... .........
 
 OM55
+        2.04E+00 -4.17E-01  6.76E+01  1.90E+01  1.16E+02 -1.32E+01  5.01E+01 -8.94E+01  2.84E+01  4.33E+02 -2.19E+02 .........
         ......... ......... .........  1.21E+02 ......... ......... .........  2.43E+02 ......... .........  3.30E+01 .........
         1.03E+02
 
 SG11
+       ......... ......... ......... ......... ......... ......... ......... ......... ......... ......... ......... .........
         ......... ......... ......... ......... ......... ......... ......... ......... ......... ......... ......... .........
        ......... .........
 
1
 
 
 
 
 
 
 
 
 
 
 
 
 
 
 
 
 
 
 
 
 ************************************************************************************************************************
 ********************                                                                                ********************
 ********************               FIRST ORDER CONDITIONAL ESTIMATION WITH INTERACTION              ********************
 ********************                      EIGENVALUES OF COR MATRIX OF ESTIMATE                     ********************
 ********************                                                                                ********************
 ************************************************************************************************************************
 

             1         2         3         4         5         6         7         8         9        10        11        12
             13        14        15
 
         5.45E-03  1.03E-01  1.35E-01  3.31E-01  5.32E-01  6.12E-01  6.73E-01  8.33E-01  9.03E-01  1.08E+00  1.22E+00  1.44E+00
          2.00E+00  2.17E+00  2.95E+00
 
1
 ************************************************************************************************************************
 ********************                                                                                ********************
 ********************               FIRST ORDER CONDITIONAL ESTIMATION WITH INTERACTION              ********************
 ********************                                     R MATRIX                                   ********************
 ********************                                                                                ********************
 ************************************************************************************************************************
 

            TH 1      TH 2      TH 3      TH 4      TH 5      TH 6      TH 7      TH 8      TH 9      TH10      OM11      OM12  
             OM13      OM14      OM15      OM22      OM23      OM24      OM25      OM33      OM34      OM35      OM44      OM45  
            OM55      SG11  
 
 TH 1
+        4.44E+01
 
 TH 2
+       -1.50E-01  1.60E+00
 
 TH 3
+        1.16E+00  5.86E-01  8.48E+02
 
 TH 4
+       -3.74E+00  1.29E+00 -1.78E+02  5.65E+02
 
 TH 5
+       -1.07E+01  1.12E+00 -8.32E+02  1.55E+03  9.69E+03
 
 TH 6
+        4.94E-01 -1.58E+00 -3.04E+02 -7.74E+01  5.21E+02  5.10E+02
 
 TH 7
+        7.20E-01  5.74E-01  1.69E+02 -4.13E+01 -6.50E+02 -2.07E+02  1.44E+02
 
 TH 8
+       -7.99E+01 -1.38E+01  3.70E+01 -4.17E+01 -1.00E+02 -2.96E+01  1.78E+01  2.36E+04
 
 TH 9
+        1.19E-01 -9.87E-02  5.06E+00 -5.20E+00 -4.67E+01  1.67E+01  2.18E+00  6.62E+00  3.22E+02
 
 TH10
+        2.74E+00 -1.36E+00  6.11E+01 -9.41E+01 -8.00E+02  1.77E+02  5.27E+01  9.80E+01  4.45E+03  6.23E+04
 
 OM11
+        1.90E+01 -5.79E+00  2.45E+00  3.58E+01  2.53E+01 -2.08E+01  4.20E+00  6.33E+02 -3.87E+00 -5.26E+01  5.34E+03
 
 OM12
+       ......... ......... ......... ......... ......... ......... ......... ......... ......... ......... ......... .........
 
 OM13
+       ......... ......... ......... ......... ......... ......... ......... ......... ......... ......... ......... .........
         .........
 
 OM14
+       ......... ......... ......... ......... ......... ......... ......... ......... ......... ......... ......... .........
         ......... .........
 
 OM15
+       ......... ......... ......... ......... ......... ......... ......... ......... ......... ......... ......... .........
         ......... ......... .........
 
 OM22
+        2.83E+01 -8.06E+00  3.63E+00  3.54E+01 -3.62E+01  7.91E-01  3.07E+01  3.60E+03  5.97E+00  9.94E+01 -1.15E+02 .........
         ......... ......... .........  2.51E+04
 
 OM23
+       ......... ......... ......... ......... ......... ......... ......... ......... ......... ......... ......... .........
         ......... ......... ......... ......... .........
 
 OM24
+       ......... ......... ......... ......... ......... ......... ......... ......... ......... ......... ......... .........
         ......... ......... ......... ......... ......... .........
 
 OM25
+       ......... ......... ......... ......... ......... ......... ......... ......... ......... ......... ......... .........
         ......... ......... ......... ......... ......... ......... .........
 
1

            TH 1      TH 2      TH 3      TH 4      TH 5      TH 6      TH 7      TH 8      TH 9      TH10      OM11      OM12  
             OM13      OM14      OM15      OM22      OM23      OM24      OM25      OM33      OM34      OM35      OM44      OM45  
            OM55      SG11  
 
 OM33
+        3.78E-01  6.40E-02 -4.47E+01 -2.13E+01 -6.71E+00  3.02E+01  3.79E+01  1.63E+01  5.54E+01  6.93E+02 -6.94E+00 .........
         ......... ......... .........  1.67E+01 ......... ......... .........  2.97E+03
 
 OM34
+       ......... ......... ......... ......... ......... ......... ......... ......... ......... ......... ......... .........
         ......... ......... ......... ......... ......... ......... ......... ......... .........
 
 OM35
+       ......... ......... ......... ......... ......... ......... ......... ......... ......... ......... ......... .........
         ......... ......... ......... ......... ......... ......... ......... ......... ......... .........
 
 OM44
+       -2.04E-02 -7.48E-02  5.69E+00  2.33E+02  6.89E+02  2.09E+01 -5.88E+00  5.98E+01  7.67E+01  9.66E+02 -1.68E+01 .........
         ......... ......... .........  1.47E+01 ......... ......... .........  2.75E+01 ......... .........  1.29E+03
 
 OM45
+       ......... ......... ......... ......... ......... ......... ......... ......... ......... ......... ......... .........
         ......... ......... ......... ......... ......... ......... ......... ......... ......... ......... ......... .........
 
 OM55
+       -9.60E-02  7.08E-02  2.53E+00  1.98E+01  1.02E+02  1.70E+01  1.04E+01 -4.96E+00  1.54E+01  2.20E+02 -7.11E-01 .........
         ......... ......... .........  2.97E+01 ......... ......... .........  1.08E+02 ......... .........  2.77E+01 .........
         6.05E+01
 
 SG11
+       ......... ......... ......... ......... ......... ......... ......... ......... ......... ......... ......... .........
         ......... ......... ......... ......... ......... ......... ......... ......... ......... ......... ......... .........
        ......... .........
 
1
 ************************************************************************************************************************
 ********************                                                                                ********************
 ********************               FIRST ORDER CONDITIONAL ESTIMATION WITH INTERACTION              ********************
 ********************                                     S MATRIX                                   ********************
 ********************                                                                                ********************
 ************************************************************************************************************************
 

            TH 1      TH 2      TH 3      TH 4      TH 5      TH 6      TH 7      TH 8      TH 9      TH10      OM11      OM12  
             OM13      OM14      OM15      OM22      OM23      OM24      OM25      OM33      OM34      OM35      OM44      OM45  
            OM55      SG11  
 
 TH 1
+        4.43E+01
 
 TH 2
+       -6.30E-02  1.61E+00
 
 TH 3
+       -2.86E+01  5.04E+00  8.50E+02
 
 TH 4
+        1.44E+01  1.42E+00 -1.25E+02  5.77E+02
 
 TH 5
+        4.62E+01 -2.02E+01 -8.01E+02  1.65E+03  1.23E+04
 
 TH 6
+        1.58E+01 -2.61E+00 -3.55E+02  7.32E+00  8.05E+02  4.70E+02
 
 TH 7
+       -8.65E+00  2.38E+00  1.76E+02 -8.99E+01 -9.05E+02 -2.07E+02  1.45E+02
 
 TH 8
+        8.73E+01 -2.67E+01  4.71E+02  3.62E+02  7.60E+02 -2.67E+02 -8.85E+00  2.48E+04
 
 TH 9
+        2.40E+00 -1.11E+00  5.31E+01 -9.44E+01 -1.03E+02  1.20E+01  9.02E+00  5.15E+01  3.22E+02
 
 TH10
+        3.18E+01 -1.76E+01  7.64E+02 -1.37E+03 -1.37E+03  1.69E+02  1.31E+02  1.22E+03  4.52E+03  6.40E+04
 
 OM11
+        1.15E+02 -2.53E+00 -3.01E+02 -1.04E+02 -3.94E+02  1.91E+02 -3.81E+01  3.54E+02 -1.20E+02 -1.57E+03  4.54E+03
 
 OM12
+       ......... ......... ......... ......... ......... ......... ......... ......... ......... ......... ......... .........
 
 OM13
+       ......... ......... ......... ......... ......... ......... ......... ......... ......... ......... ......... .........
         .........
 
 OM14
+       ......... ......... ......... ......... ......... ......... ......... ......... ......... ......... ......... .........
         ......... .........
 
 OM15
+       ......... ......... ......... ......... ......... ......... ......... ......... ......... ......... ......... .........
         ......... ......... .........
 
 OM22
+        2.90E+01 -1.47E+01 -2.90E+01  5.96E+02 -2.35E+03 -5.70E+02  2.23E+02  2.40E+03  1.92E+01  7.34E+02 -6.69E+02 .........
         ......... ......... .........  2.98E+04
 
 OM23
+       ......... ......... ......... ......... ......... ......... ......... ......... ......... ......... ......... .........
         ......... ......... ......... ......... .........
 
 OM24
+       ......... ......... ......... ......... ......... ......... ......... ......... ......... ......... ......... .........
         ......... ......... ......... ......... ......... .........
 
 OM25
+       ......... ......... ......... ......... ......... ......... ......... ......... ......... ......... ......... .........
         ......... ......... ......... ......... ......... ......... .........
 
1

            TH 1      TH 2      TH 3      TH 4      TH 5      TH 6      TH 7      TH 8      TH 9      TH10      OM11      OM12  
             OM13      OM14      OM15      OM22      OM23      OM24      OM25      OM33      OM34      OM35      OM44      OM45  
            OM55      SG11  
 
 OM33
+       -2.43E+01  6.03E+00 -2.44E+02 -6.33E+01 -1.53E+02  1.71E+02 -6.45E+01 -1.11E+02  1.85E+02  2.52E+03  3.31E+02 .........
         ......... ......... .........  3.25E+02 ......... ......... .........  2.44E+03
 
 OM34
+       ......... ......... ......... ......... ......... ......... ......... ......... ......... ......... ......... .........
         ......... ......... ......... ......... ......... ......... ......... ......... .........
 
 OM35
+       ......... ......... ......... ......... ......... ......... ......... ......... ......... ......... ......... .........
         ......... ......... ......... ......... ......... ......... ......... ......... ......... .........
 
 OM44
+        1.44E+01 -3.07E-01  3.54E+01  5.28E+02  1.95E+03  5.70E+01 -7.39E+01  5.10E+02  6.68E+01  1.13E+03  1.58E+02 .........
         ......... ......... .........  1.34E+03 ......... ......... ......... -1.72E+02 ......... .........  2.27E+03
 
 OM45
+       ......... ......... ......... ......... ......... ......... ......... ......... ......... ......... ......... .........
         ......... ......... ......... ......... ......... ......... ......... ......... ......... ......... ......... .........
 
 OM55
+        3.98E+00  3.08E-01 -4.18E+01  2.70E+01  9.01E+01  3.86E+01 -1.13E+01  2.83E+01 -4.78E+00 -7.77E+01  1.29E+02 .........
         ......... ......... ......... -1.88E+01 ......... ......... .........  6.33E+01 ......... .........  2.77E+01 .........
         4.41E+01
 
 SG11
+       ......... ......... ......... ......... ......... ......... ......... ......... ......... ......... ......... .........
         ......... ......... ......... ......... ......... ......... ......... ......... ......... ......... ......... .........
        ......... .........
 
 Elapsed finaloutput time in seconds: <SEC>
 #CPUT: Total CPU Time in Seconds, <SEC>
Stop Time: 
<DATE>
<TIME>
