Changing directory to 106wtcl.R76
'pushdon' is not recognized as an internal or external command,
operable program or batch file.
Pathlist information for compiler and MPI systems are located in nmpathlist.txt

Starting NMTRAN
  
 WARNINGS AND ERRORS (IF ANY) FOR PROBLEM    1
             
 (WARNING  2) NM-TRAN INFERS THAT THE DATA ARE POPULATION.
Recompiling certain components.
starting wait
ending wait
Exiting lpreddo
Compiling FSUBS
Building NONMEM Executable
Starting nonmem execution ...
License Registered to: <LICENSEE>
Expiration Date: <DATE>
Current Date: <DATE>
Days until program expires : <N>


 First Order Conditional Estimation with Interaction
 MONITORING OF SEARCH:


0ITERATION NO.:    0    OBJECTIVE VALUE:   718.708229626928        NO. OF FUNC. EVALS.:   7
 CUMULATIVE NO. OF FUNC. EVALS.:        7
 NPARAMETR:  7.5000E-03  1.5000E+00  6.0000E-01  1.2000E-01  7.5000E-01  3.0000E-01  5.0000E-02  3.0000E-01
 PARAMETER:  1.0000E-01  1.0000E-01  1.0000E-01  1.0000E-01  1.0000E-01  1.0000E-01  1.0000E-01  1.0000E-01
 GRADIENT:   3.2569E+01  1.3257E+01 -5.1081E-02  2.3120E+01 -4.1002E+01  4.3868E+01 -1.7264E+01  5.1392E+01

0ITERATION NO.:    5    OBJECTIVE VALUE:   683.270044645265        NO. OF FUNC. EVALS.:  41
 CUMULATIVE NO. OF FUNC. EVALS.:       48
 NPARAMETR:  7.2453E-03  1.3951E+00  6.4034E-01  1.1718E-01  8.2334E-01  1.7724E-02  2.8342E-02  1.3798E-01
 PARAMETER:  6.5456E-02  2.7514E-02  1.6508E-01  7.6230E-02  1.3008E-01 -1.3144E+00  2.3320E-01 -4.7336E-01
 GRADIENT:   1.1741E+01 -6.2529E+00 -8.1566E-01  7.9050E+00 -7.7667E+01 -1.6402E+01 -3.3368E+01 -1.5150E+01

0ITERATION NO.:   10    OBJECTIVE VALUE:   673.632946082316        NO. OF FUNC. EVALS.:  42
 CUMULATIVE NO. OF FUNC. EVALS.:       90
 NPARAMETR:  7.2948E-03  1.4196E+00  1.9141E+00  9.2758E-02  1.1114E+00  3.7776E-02  3.1058E-02  1.6268E-01
 PARAMETER:  7.2260E-02  4.4943E-02  1.2601E+00 -1.5750E-01  2.4981E-01 -9.3605E-01  1.7505E-01 -2.7728E-01
 GRADIENT:   1.4250E+01  3.2499E+00  8.7898E+00  1.5965E+01 -2.7506E+00  3.2661E+00  2.3540E+00  2.0533E+00

0ITERATION NO.:   15    OBJECTIVE VALUE:   671.888490897551        NO. OF FUNC. EVALS.:  40
 CUMULATIVE NO. OF FUNC. EVALS.:      130
 NPARAMETR:  7.0962E-03  1.4103E+00  2.1222E+00  7.2776E-02  1.1888E+00  3.4371E-02  1.5169E-02  1.6609E-01
 PARAMETER:  4.4656E-02  3.8350E-02  1.3633E+00 -4.0010E-01  2.8251E-01 -9.8328E-01  8.9630E-02 -2.0210E-01
 GRADIENT:  -5.9843E+00 -3.9539E-01  2.7660E+00  2.9849E+00  2.0801E+00  6.3418E-01  2.4989E+00  2.9484E+00

0ITERATION NO.:   20    OBJECTIVE VALUE:   671.744598058874        NO. OF FUNC. EVALS.:  40
 CUMULATIVE NO. OF FUNC. EVALS.:      170
 NPARAMETR:  7.1272E-03  1.4110E+00  2.2402E+00  6.3976E-02  1.2064E+00  3.3716E-02  9.6667E-03  1.6179E-01
 PARAMETER:  4.9017E-02  3.8814E-02  1.4174E+00 -5.2899E-01  2.9000E-01 -9.9290E-01  5.7670E-02 -2.0330E-01
 GRADIENT:  -1.3936E-01  5.7329E-02  2.5947E-01  2.0671E-01 -3.2955E-01  9.5037E-02 -5.1457E-01  1.2964E-02

0ITERATION NO.:   25    OBJECTIVE VALUE:   671.739686022728        NO. OF FUNC. EVALS.:  40
 CUMULATIVE NO. OF FUNC. EVALS.:      210
 NPARAMETR:  7.1281E-03  1.4107E+00  2.2514E+00  6.3083E-02  1.1893E+00  3.3563E-02  1.3053E-02  1.6148E-01
 PARAMETER:  4.9140E-02  3.8590E-02  1.4224E+00 -5.4304E-01  2.8274E-01 -9.9517E-01  7.8046E-02 -2.1158E-01
 GRADIENT:  -3.1418E-02  2.3051E-02 -1.0899E-02 -9.1230E-03 -4.2388E-03  5.2136E-04  4.8458E-04 -5.5364E-03

0ITERATION NO.:   29    OBJECTIVE VALUE:   671.739681060531        NO. OF FUNC. EVALS.:  50
 CUMULATIVE NO. OF FUNC. EVALS.:      260
 NPARAMETR:  7.1284E-03  1.4107E+00  2.2513E+00  6.3109E-02  1.1898E+00  3.3556E-02  1.2984E-02  1.6149E-01
 PARAMETER:  4.9189E-02  3.8591E-02  1.4223E+00 -5.4263E-01  2.8293E-01 -9.9528E-01  7.7642E-02 -2.1139E-01
 GRADIENT:   1.0296E-04 -1.6283E-03  7.2294E-04  5.7368E-04  2.1844E-03  1.1377E-03  8.0482E-04 -1.6890E-03
 Elapsed estimation  time in seconds: <SEC>
 Elapsed covariance  time in seconds: <SEC>
 Elapsed postprocess time in seconds: <SEC>
 Elapsed finaloutput time in seconds: <SEC>
Done with nonmem execution
