Changing directory to 122mix.R76
'pushdon' is not recognized as an internal or external command,
operable program or batch file.
Pathlist information for compiler and MPI systems are located in nmpathlist.txt

Starting NMTRAN
  
 WARNINGS AND ERRORS (IF ANY) FOR PROBLEM    1
             
 (WARNING  2) NM-TRAN INFERS THAT THE DATA ARE POPULATION.
Recompiling certain components.
starting wait
ending wait
Exiting lpreddo
Compiling FSUBS
Building NONMEM Executable
Starting nonmem execution ...
License Registered to: <LICENSEE>
Expiration Date: <DATE>
Current Date: <DATE>
Days until program expires : <N>


 First Order Conditional Estimation with Interaction
 MONITORING OF SEARCH:


0ITERATION NO.:    0    OBJECTIVE VALUE:  -1597.13334217046        NO. OF FUNC. EVALS.:   9
 CUMULATIVE NO. OF FUNC. EVALS.:        9
 NPARAMETR:  1.0000E+00  3.0000E+00  5.0000E+01  5.0000E-02  1.0000E-01  4.0000E-01  2.0000E-01  1.0000E-01  1.0000E-01  5.0000E-02

 PARAMETER:  1.0000E-01  1.0000E-01  1.0000E-01  1.0000E-01  1.0000E-01  1.0000E-01  1.0000E-01  1.0000E-01  1.0000E-01  1.0000E-01

 GRADIENT:  -1.2240E+02 -2.1520E+02  4.1601E+01 -9.9825E+02 -2.5014E+03  1.0872E+01  3.0366E+00 -9.3544E+01 -7.6259E+01  2.5065E+01


0ITERATION NO.:    5    OBJECTIVE VALUE:  -2357.05678981338        NO. OF FUNC. EVALS.:  50
 CUMULATIVE NO. OF FUNC. EVALS.:       59
 NPARAMETR:  1.2130E+00  4.6871E+00  4.8835E+01  1.3143E-01  1.3943E-01  3.4370E-01  2.0807E-01  2.4603E-01  2.0607E-01  3.0914E-02

 PARAMETER:  2.9311E-01  5.4620E-01  7.6430E-02  1.0664E+00  4.3240E-01 -1.4137E-01  1.4971E-01  5.5014E-01  4.6152E-01 -1.4040E-01

 GRADIENT:   4.1126E+01  7.4369E+01 -7.7170E+01  1.2889E+02  1.4512E+02  9.6410E+00 -4.7734E+00  2.0344E+01  2.8427E+01 -8.0631E+00


0ITERATION NO.:   10    OBJECTIVE VALUE:  -2376.97998260163        NO. OF FUNC. EVALS.:  52
 CUMULATIVE NO. OF FUNC. EVALS.:      111
 NPARAMETR:  1.1693E+00  4.4557E+00  5.0344E+01  1.2361E-01  1.4006E-01  2.2106E-01  1.4968E-01  1.9244E-01  1.0759E-01  3.3001E-02

 PARAMETER:  2.5638E-01  4.9558E-01  1.0686E-01  1.0051E+00  4.3688E-01 -7.5405E-01 -2.5085E-01  4.2731E-01  1.3660E-01 -1.0774E-01

 GRADIENT:   2.5581E+01  6.4260E+01  1.3570E+01  7.0015E+01  1.0480E+02 -1.8438E+01 -5.4547E+00  5.1872E+00  6.7376E+00 -2.8005E+00


0ITERATION NO.:   15    OBJECTIVE VALUE:  -2389.95160423901        NO. OF FUNC. EVALS.:  51
 CUMULATIVE NO. OF FUNC. EVALS.:      162
 NPARAMETR:  1.1100E+00  4.0442E+00  4.9821E+01  1.1959E-01  1.3317E-01  2.8651E-01  2.0665E-01  1.7931E-01  8.8047E-02  3.4642E-02

 PARAMETER:  2.0432E-01  3.9867E-01  9.6404E-02  9.7206E-01  3.8646E-01 -4.0691E-01  1.4109E-01  3.9198E-01  3.6347E-02 -8.3474E-02

 GRADIENT:  -1.9009E+00  6.3975E-01 -4.3527E+00 -1.7773E-01  3.8770E+00  5.6302E-01  2.3616E-01  4.6142E-01  9.2907E-01 -3.0413E-01


0ITERATION NO.:   20    OBJECTIVE VALUE:  -2389.97841060809        NO. OF FUNC. EVALS.:  61
 CUMULATIVE NO. OF FUNC. EVALS.:      223
 NPARAMETR:  1.1141E+00  4.0432E+00  4.9903E+01  1.2028E-01  1.3241E-01  2.8486E-01  2.0427E-01  1.7821E-01  8.7012E-02  3.4812E-02

 PARAMETER:  2.0803E-01  3.9842E-01  9.8054E-02  9.7777E-01  3.8075E-01 -4.1500E-01  1.2648E-01  3.8890E-01  3.0439E-02 -8.1025E-02

 GRADIENT:  -2.7192E-02 -1.3522E-01 -1.0270E-01 -1.1417E-02 -9.2900E-04 -1.7359E-02  1.6875E-03 -4.0690E-03  8.8827E-03  3.3503E-03


0ITERATION NO.:   21    OBJECTIVE VALUE:  -2389.97841060809        NO. OF FUNC. EVALS.:  14
 CUMULATIVE NO. OF FUNC. EVALS.:      237
 NPARAMETR:  1.1141E+00  4.0432E+00  4.9903E+01  1.2028E-01  1.3241E-01  2.8486E-01  2.0427E-01  1.7821E-01  8.7012E-02  3.4812E-02

 PARAMETER:  2.0803E-01  3.9842E-01  9.8054E-02  9.7777E-01  3.8075E-01 -4.1500E-01  1.2648E-01  3.8890E-01  3.0439E-02 -8.1025E-02

 GRADIENT:  -2.7192E-02 -1.3522E-01 -1.0270E-01 -1.1417E-02 -9.2900E-04 -1.7359E-02  1.6875E-03 -4.0690E-03  8.8827E-03  3.3503E-03

 Elapsed estimation  time in seconds: <SEC>
 Elapsed covariance  time in seconds: <SEC>
 Elapsed postprocess time in seconds: <SEC>
 Elapsed finaloutput time in seconds: <SEC>
Done with nonmem execution
wall seconds: 22.7
