Changing directory to 100foce.R76
'pushdon' is not recognized as an internal or external command,
operable program or batch file.
Pathlist information for compiler and MPI systems are located in nmpathlist.txt

Starting NMTRAN
  
 WARNINGS AND ERRORS (IF ANY) FOR PROBLEM    1
             
 (WARNING  2) NM-TRAN INFERS THAT THE DATA ARE POPULATION.
Recompiling certain components.
starting wait
ending wait
Exiting lpreddo
Compiling FSUBS
Building NONMEM Executable
Starting nonmem execution ...
License Registered to: <LICENSEE>
Expiration Date: <DATE>
Current Date: <DATE>
Days until program expires : <N>


 First Order Conditional Estimation with Interaction
 MONITORING OF SEARCH:


0ITERATION NO.:    0    OBJECTIVE VALUE:   739.902661842458        NO. OF FUNC. EVALS.:   6
 CUMULATIVE NO. OF FUNC. EVALS.:        6
 NPARAMETR:  7.5000E-03  1.5000E+00  6.0000E-01  1.2000E-01  3.0000E-01  5.0000E-02  3.0000E-01
 PARAMETER:  1.0000E-01  1.0000E-01  1.0000E-01  1.0000E-01  1.0000E-01  1.0000E-01  1.0000E-01
 GRADIENT:   5.0330E+01  1.1119E+01 -6.4075E-01  1.3445E+01  1.4762E+01 -4.5186E+01  5.0764E+01

0ITERATION NO.:    5    OBJECTIVE VALUE:   690.442463664512        NO. OF FUNC. EVALS.:  39
 CUMULATIVE NO. OF FUNC. EVALS.:       45
 NPARAMETR:  6.3538E-03  1.3597E+00  6.2364E-01  1.0697E-01  2.4392E-01  1.8314E-01  1.6374E-01
 PARAMETER: -6.5850E-02  1.7723E-03  1.3864E-01 -1.4917E-02 -3.4627E-03  4.0621E-01 -1.1044E+00
 GRADIENT:  -1.4677E+01 -1.0823E+01 -1.1668E+00  2.3958E+00 -2.5420E+00 -3.5985E+00  5.2515E+00

0ITERATION NO.:   10    OBJECTIVE VALUE:   687.286991143894        NO. OF FUNC. EVALS.:  40
 CUMULATIVE NO. OF FUNC. EVALS.:       85
 NPARAMETR:  6.7263E-03  1.4087E+00  1.3879E+00  9.5652E-02  2.5699E-01  1.9511E-01  1.6525E-01
 PARAMETER: -8.8741E-03  3.7206E-02  9.3860E-01 -1.2678E-01  2.2635E-02  4.2161E-01 -1.3175E+00
 GRADIENT:  -4.3155E+00  4.4310E+00 -8.9027E-01  6.3892E+00 -5.1022E-01  4.6573E+00  2.2495E+00

0ITERATION NO.:   15    OBJECTIVE VALUE:   685.572564701606        NO. OF FUNC. EVALS.:  35
 CUMULATIVE NO. OF FUNC. EVALS.:      120
 NPARAMETR:  6.7668E-03  1.4057E+00  2.1553E+00  6.9235E-02  2.5500E-01  1.9687E-01  1.5735E-01
 PARAMETER: -2.8800E-03  3.5099E-02  1.3788E+00 -4.4999E-01  1.8736E-02  4.2707E-01 -1.8987E+00
 GRADIENT:  -1.2427E+00  8.6052E-01 -2.6093E-01  6.6710E-01 -5.0985E-01  2.5607E+00  1.2214E-01

0ITERATION NO.:   20    OBJECTIVE VALUE:   685.531102687801        NO. OF FUNC. EVALS.:  36
 CUMULATIVE NO. OF FUNC. EVALS.:      156
 NPARAMETR:  6.7804E-03  1.4066E+00  2.2602E+00  6.4076E-02  2.5418E-01  1.9629E-01  1.5552E-01
 PARAMETER: -8.7061E-04  3.5708E-02  1.4263E+00 -5.2742E-01  1.7137E-02  4.2649E-01 -2.0514E+00
 GRADIENT:   2.1991E-01 -2.8263E-01 -8.9183E-02 -2.1475E-01 -1.5096E-02  1.7676E-01  8.1330E-02

0ITERATION NO.:   25    OBJECTIVE VALUE:   685.525192744795        NO. OF FUNC. EVALS.:  41
 CUMULATIVE NO. OF FUNC. EVALS.:      197
 NPARAMETR:  6.7826E-03  1.4066E+00  2.2763E+00  6.4040E-02  2.5379E-01  1.9654E-01  1.5504E-01
 PARAMETER: -5.4249E-04  3.5684E-02  1.4334E+00 -5.2798E-01  1.6361E-02  4.2737E-01 -2.2165E+00
 GRADIENT:  -1.2001E-02 -2.5683E-02  1.3223E-03  5.4231E-03 -2.5112E-03  8.6565E-03  2.7110E-04

0ITERATION NO.:   26    OBJECTIVE VALUE:   685.525192744795        NO. OF FUNC. EVALS.:   8
 CUMULATIVE NO. OF FUNC. EVALS.:      205
 NPARAMETR:  6.7826E-03  1.4066E+00  2.2763E+00  6.4040E-02  2.5379E-01  1.9654E-01  1.5504E-01
 PARAMETER: -5.4249E-04  3.5684E-02  1.4334E+00 -5.2798E-01  1.6361E-02  4.2737E-01 -2.2165E+00
 GRADIENT:  -1.2001E-02 -2.5683E-02  1.3223E-03  5.4231E-03 -2.5112E-03  8.6565E-03  2.7110E-04
 Elapsed estimation  time in seconds: <SEC>
 Elapsed covariance  time in seconds: <SEC>
 Elapsed postprocess time in seconds: <SEC>
 Elapsed finaloutput time in seconds: <SEC>
Done with nonmem execution
wall seconds: 11.8
