<DATE>
<TIME>
$PROB PHENO 1COMP IV BOLUS, FOCE-I WITH MU REFERENCING   P:100base  F:BASE
$INPUT ID DAT2=DROP TIME AMT RATE CMT DV MDV EVID
       WT BWT SEX APGR CREA TAFD=DROP
$DATA ../../data/pheno-nm.csv IGNORE=@
$SUBR ADVAN1 TRANS2
$ABBR DERIV2=NO

$PK
  ; MU referencing: each ETA is attached to exactly one MU_n = f(THETA)
  MU_1 = LOG(THETA(1))
  MU_2 = LOG(THETA(2))
  CL   = EXP(MU_1 + ETA(1))
  V    = EXP(MU_2 + ETA(2))
  S1   = V

$ERROR
  IPRE = F
  W    = 1
  W    = SQRT(THETA(3)**2 + THETA(4)**2 * IPRE**2)
  IF (W.LT.1E-6) W = 1E-6
  IRES = DV - IPRE
  IWRE = IRES / W
  Y    = IPRE + W * EPS(1)

$THETA
  (0, 0.0075)  ; CL (L/h)
  (0, 1.5)     ; V  (L)
  (0, 0.6)     ; additive error SD (mg/L)
  (0, 0.12)    ; proportional error CV

$OMEGA BLOCK(2)
  0.3
  0.05  0.3

$SIGMA 1 FIX

$EST MAX=9999 PRINT=5 METHOD=COND INTER NSIG=3 SIGL=9
     NOABORT NOTBT NOOBT NOSBT
$COV UNCOND PRINT=E
$TAB ID TIME AMT DV MDV EVID CMT IPRE IWRE CWRES
     ONEHEADER NOPRINT FILE=sdtab
$TAB ID CL V ETA1 ETA2
     ONEHEADER NOPRINT NOAPPEND FILE=patab
$TAB ID WT BWT CREA APGR
     ONEHEADER NOPRINT NOAPPEND FILE=cotab
$TAB ID SEX
     ONEHEADER NOPRINT NOAPPEND FILE=catab
  
NM-TRAN MESSAGES 
  
 WARNINGS AND ERRORS (IF ANY) FOR PROBLEM    1
             
 (WARNING  2) NM-TRAN INFERS THAT THE DATA ARE POPULATION.
  
License Registered to: <LICENSEE>
Expiration Date: <DATE>
Current Date: <DATE>
Days until program expires : <N>

NONLINEAR MIXED EFFECTS MODEL PROGRAM (NONMEM) VERSION 7.6.0 (nm760)
ORIGINALLY DEVELOPED BY STUART BEAL, LEWIS SHEINER, AND ALISON BOECKMANN
CURRENT DEVELOPERS ARE ROBERT BAUER, ICON DEVELOPMENT SOLUTIONS,
AND ALISON BOECKMANN. IMPLEMENTATION, EFFICIENCY, AND STANDARDIZATION
PERFORMED BY NOUS INFOSYSTEMS.

PROBLEM NO.:         1
PHENO 1COMP IV BOLUS, FOCE-I WITH MU REFERENCING   P:100base  F:BASE

DATA CHECKOUT RUN:              NO
DATA SET LOCATED ON UNIT NO.:    2
THIS UNIT TO BE REWOUND:        NO
CREATE/ADD TO FDATA.csv:        YES
NO. OF DATA RECS IN DATA SET:      803
NO. OF DATA ITEMS IN DATA SET:  13
ID DATA ITEM IS DATA ITEM NO.:   1
DEP VARIABLE IS DATA ITEM NO.:   6
MDV DATA ITEM IS DATA ITEM NO.:  7

INDICES PASSED TO SUBROUTINE PRED:
  8   2   3   4   0   0   5   0   0   0   0

LABELS FOR DATA ITEMS:
ID TIME AMT RATE CMT DV MDV EVID WT BWT SEX APGR CREA

(NONBLANK) LABELS FOR PRED-DEFINED ITEMS:
CL V IPRE IWRE

FORMAT FOR DATA:
(E3.0,E8.0,E5.0,2E2.0,E5.0,2E2.0,E4.0,E5.0,E2.0,E3.0,E6.0)

TOT. NO. OF OBS RECS:      155
TOT. NO. OF INDIVIDUALS:       59

LENGTH OF THETA:   4

DEFAULT THETA BOUNDARY TEST OMITTED:   YES

OMEGA HAS BLOCK FORM:
 1
 1  1

DEFAULT OMEGA BOUNDARY TEST OMITTED:   YES

SIGMA HAS SIMPLE DIAGONAL FORM WITH DIMENSION:   1

DEFAULT SIGMA BOUNDARY TEST OMITTED:   YES

INITIAL ESTIMATE OF THETA:
LOWER BOUND    INITIAL EST    UPPER BOUND
 0.0000E+00     0.7500E-02     0.1000E+07
 0.0000E+00     0.1500E+01     0.1000E+07
 0.0000E+00     0.6000E+00     0.1000E+07
 0.0000E+00     0.1200E+00     0.1000E+07

INITIAL ESTIMATE OF OMEGA:
BLOCK SET NO.   BLOCK                                                                    FIXED
       1                                                                                   NO
                 0.3000E+00
                 0.5000E-01   0.3000E+00

INITIAL ESTIMATE OF SIGMA:
0.1000E+01

SIGMA CONSTRAINED TO BE THIS INITIAL ESTIMATE

COVARIANCE STEP OMITTED:        NO
EIGENVLS. PRINTED:             YES
SPECIAL COMPUTATION:            NO
COMPRESSED FORMAT:              NO
GRADIENT METHOD USED:     NOSLOW
SIGDIGITS ETAHAT (SIGLO):                  -1
SIGDIGITS GRADIENTS (SIGL):                -1
EXCLUDE COV FOR FOCE (NOFCOV):              NO
Cholesky Transposition of R Matrix (CHOLROFF):0
KNUTHSUMOFF:                                -1
RESUME COV ANALYSIS (RESUME):               NO
SIR SAMPLE SIZE (SIRSAMPLE):
NON-LINEARLY TRANSFORM THETAS DURING COV (THBND): 1
PRECONDTIONING CYCLES (PRECOND):        0
PRECONDTIONING TYPES (PRECONDS):        TOS
FORCED PRECONDTIONING CYCLES (PFCOND):0
PRECONDTIONING TYPE (PRETYPE):        0
FORCED POS. DEFINITE SETTING DURING PRECONDITIONING: (FPOSDEF):0
SIMPLE POS. DEFINITE SETTING: (POSDEF):-1

TABLES STEP OMITTED:    NO
NO. OF TABLES:           4
SEED NUMBER (SEED):    11456
NPDTYPE:    0
INTERPTYPE:    0
RANMETHOD:             3U
MC SAMPLES (ESAMPLE):    300
WRES SQUARE ROOT TYPE (WRESCHOL): EIGENVALUE

-- TABLE   1 --

RECORDS ONLY:    ALL

4 COLUMNS APPENDED:    YES
PRINTED:                NO
HEADER:                YES
FILE TO BE FORWARDED:   NO
FORMAT:                S1PE11.4
IDFORMAT:
LFORMAT:
RFORMAT:
FIXED_EFFECT_ETAS:

USER-CHOSEN ITEMS:
ID TIME AMT DV MDV EVID CMT IPRE IWRE CWRES

-- TABLE   2 --

RECORDS ONLY:    ALL

4 COLUMNS APPENDED:    NO
PRINTED:                NO
HEADER:                YES
FILE TO BE FORWARDED:   NO
FORMAT:                S1PE11.4
IDFORMAT:
LFORMAT:
RFORMAT:
FIXED_EFFECT_ETAS:

USER-CHOSEN ITEMS:
ID CL V ETA1 ETA2

-- TABLE   3 --

RECORDS ONLY:    ALL

4 COLUMNS APPENDED:    NO
PRINTED:                NO
HEADER:                YES
FILE TO BE FORWARDED:   NO
FORMAT:                S1PE11.4
IDFORMAT:
LFORMAT:
RFORMAT:
FIXED_EFFECT_ETAS:

USER-CHOSEN ITEMS:
ID WT BWT CREA APGR

-- TABLE   4 --

RECORDS ONLY:    ALL

4 COLUMNS APPENDED:    NO
PRINTED:                NO
HEADER:                YES
FILE TO BE FORWARDED:   NO
FORMAT:                S1PE11.4
IDFORMAT:
LFORMAT:
RFORMAT:
FIXED_EFFECT_ETAS:

USER-CHOSEN ITEMS:
ID SEX

DOUBLE PRECISION PREDPP VERSION 7.6.0 (nm760)

ONE COMPARTMENT MODEL (ADVAN1)

MAXIMUM NO. OF BASIC PK PARAMETERS:   2

BASIC PK PARAMETERS (AFTER TRANSLATION):
  ELIMINATION RATE (K) IS BASIC PK PARAMETER NO.:  1

TRANSLATOR WILL CONVERT PARAMETERS
CLEARANCE (CL) AND VOLUME (V) TO K (TRANS2)

COMPARTMENT ATTRIBUTES
COMPT. NO.   FUNCTION   INITIAL    ON/OFF      DOSE      DEFAULT    DEFAULT
                        STATUS     ALLOWED    ALLOWED    FOR DOSE   FOR OBS.
   1         CENTRAL      ON         NO         YES        YES        YES
   2         OUTPUT       OFF        YES        NO         NO         NO


ADDITIONAL PK PARAMETERS - ASSIGNMENT OF ROWS IN GG
COMPT. NO.                             INDICES
             SCALE      BIOAVAIL.   ZERO-ORDER  ZERO-ORDER  ABSORB
                        FRACTION    RATE        DURATION    LAG
   1            3           *           *           *           *
   2            *           -           -           -           -
            - PARAMETER IS NOT ALLOWED FOR THIS MODEL
            * PARAMETER IS NOT SUPPLIED BY PK SUBROUTINE;
              WILL DEFAULT TO ONE IF APPLICABLE

DATA ITEM INDICES USED BY PRED ARE:
  EVENT ID DATA ITEM IS DATA ITEM NO.:      8
  TIME DATA ITEM IS DATA ITEM NO.:          2
  DOSE AMOUNT DATA ITEM IS DATA ITEM NO.:   3
  DOSE RATE DATA ITEM IS DATA ITEM NO.:     4
  COMPT. NO. DATA ITEM IS DATA ITEM NO.:    5


PK SUBROUTINE CALLED WITH EVERY EVENT RECORD.
PK SUBROUTINE NOT CALLED AT NONEVENT (ADDITIONAL OR LAGGED) DOSE TIMES.

ERROR SUBROUTINE CALLED WITH EVERY EVENT RECORD.




#TBLN:      1
#METH: First Order Conditional Estimation with Interaction

ESTIMATION STEP OMITTED:                 NO
SHRINK INFO WITH EVALUATION (EVALSHRINK) NO
ANALYSIS TYPE:                           POPULATION
NUMBER OF SADDLE POINT RESET ITERATIONS:      0
GRADIENT METHOD USED:               NOSLOW
CONDITIONAL ESTIMATES USED:              YES
CENTERED ETA:                            NO
EPS-ETA INTERACTION:                     YES
LAPLACIAN OBJ. FUNC.:                    NO
NO. OF FUNCT. EVALS. ALLOWED:            9999
NO. OF SIG. FIGURES REQUIRED:            3
INTERMEDIATE PRINTOUT:                   YES
ESTIMATE OUTPUT TO MSF:                  NO
ABORT WITH PRED EXIT CODE 1:             NO
IND. OBJ. FUNC. VALUES SORTED:           NO
NUMERICAL DERIVATIVE
      FILE REQUEST (NUMDER):               NONE
MAP (ETAHAT) ESTIMATION METHOD (OPTMAP):   0
ETA HESSIAN EVALUATION METHOD (ETADER):    0
INITIAL ETA FOR MAP ESTIMATION (MCETA):    0
SIGDIGITS FOR MAP ESTIMATION (SIGLO):      9
GRADIENT SIGDIGITS OF
      FIXED EFFECTS PARAMETERS (SIGL):     9
NOPRIOR SETTING (NOPRIOR):                 0
NOCOV SETTING (NOCOV):                     OFF
DERCONT SETTING (DERCONT):                 OFF
FINAL ETA RE-EVALUATION (FNLETA):          1
EXCLUDE NON-INFLUENTIAL (NON-INFL.) ETAS
      IN SHRINKAGE (ETASTYPE):             NO
NON-INFL. ETA CORRECTION (NONINFETA):      0
RAW OUTPUT FILE (FILE): 100foce.ext
EXCLUDE TITLE (NOTITLE):                   NO
EXCLUDE COLUMN LABELS (NOLABEL):           NO
FORMAT FOR ADDITIONAL FILES (FORMAT):      S1PE12.5
PARAMETER ORDER FOR OUTPUTS (ORDER):       TSOL
KNUTHSUMOFF:                               0
INCLUDE LNTWOPI:                           NO
INCLUDE CONSTANT TERM TO PRIOR (PRIORC):   NO
INCLUDE CONSTANT TERM TO OMEGA (ETA) (OLNTWOPI):NO
ADDITIONAL CONVERGENCE TEST (CTYPE=4)?:    NO
EM OR BAYESIAN METHOD USED:                 NONE


THE FOLLOWING LABELS ARE EQUIVALENT
PRED=PREDI
RES=RESI
WRES=WRESI
IWRS=IWRESI
IPRD=IPREDI
IRS=IRESI

MONITORING OF SEARCH:



ITERATION NO.:    0    OBJECTIVE VALUE:   739.902661842458        NO. OF FUNC. EVALS.:   6
CUMULATIVE NO. OF FUNC. EVALS.:        6
NPARAMETR:  7.5000E-03  1.5000E+00  6.0000E-01  1.2000E-01  3.0000E-01  5.0000E-02  3.0000E-01
PARAMETER:  1.0000E-01  1.0000E-01  1.0000E-01  1.0000E-01  1.0000E-01  1.0000E-01  1.0000E-01
GRADIENT:   5.0330E+01  1.1119E+01 -6.4075E-01  1.3445E+01  1.4762E+01 -4.5186E+01  5.0764E+01


ITERATION NO.:    5    OBJECTIVE VALUE:   690.442463664512        NO. OF FUNC. EVALS.:  39
CUMULATIVE NO. OF FUNC. EVALS.:       45
NPARAMETR:  6.3538E-03  1.3597E+00  6.2364E-01  1.0697E-01  2.4392E-01  1.8314E-01  1.6374E-01
PARAMETER: -6.5850E-02  1.7723E-03  1.3864E-01 -1.4917E-02 -3.4627E-03  4.0621E-01 -1.1044E+00
GRADIENT:  -1.4677E+01 -1.0823E+01 -1.1668E+00  2.3958E+00 -2.5420E+00 -3.5985E+00  5.2515E+00


ITERATION NO.:   10    OBJECTIVE VALUE:   687.286991143894        NO. OF FUNC. EVALS.:  40
CUMULATIVE NO. OF FUNC. EVALS.:       85
NPARAMETR:  6.7263E-03  1.4087E+00  1.3879E+00  9.5652E-02  2.5699E-01  1.9511E-01  1.6525E-01
PARAMETER: -8.8741E-03  3.7206E-02  9.3860E-01 -1.2678E-01  2.2635E-02  4.2161E-01 -1.3175E+00
GRADIENT:  -4.3155E+00  4.4310E+00 -8.9027E-01  6.3892E+00 -5.1022E-01  4.6573E+00  2.2495E+00


ITERATION NO.:   15    OBJECTIVE VALUE:   685.572564701606        NO. OF FUNC. EVALS.:  35
CUMULATIVE NO. OF FUNC. EVALS.:      120
NPARAMETR:  6.7668E-03  1.4057E+00  2.1553E+00  6.9235E-02  2.5500E-01  1.9687E-01  1.5735E-01
PARAMETER: -2.8800E-03  3.5099E-02  1.3788E+00 -4.4999E-01  1.8736E-02  4.2707E-01 -1.8987E+00
GRADIENT:  -1.2427E+00  8.6052E-01 -2.6093E-01  6.6710E-01 -5.0985E-01  2.5607E+00  1.2214E-01


ITERATION NO.:   20    OBJECTIVE VALUE:   685.531102687801        NO. OF FUNC. EVALS.:  36
CUMULATIVE NO. OF FUNC. EVALS.:      156
NPARAMETR:  6.7804E-03  1.4066E+00  2.2602E+00  6.4076E-02  2.5418E-01  1.9629E-01  1.5552E-01
PARAMETER: -8.7061E-04  3.5708E-02  1.4263E+00 -5.2742E-01  1.7137E-02  4.2649E-01 -2.0514E+00
GRADIENT:   2.1991E-01 -2.8263E-01 -8.9183E-02 -2.1475E-01 -1.5096E-02  1.7676E-01  8.1330E-02


ITERATION NO.:   25    OBJECTIVE VALUE:   685.525192744795        NO. OF FUNC. EVALS.:  41
CUMULATIVE NO. OF FUNC. EVALS.:      197
NPARAMETR:  6.7826E-03  1.4066E+00  2.2763E+00  6.4040E-02  2.5379E-01  1.9654E-01  1.5504E-01
PARAMETER: -5.4249E-04  3.5684E-02  1.4334E+00 -5.2798E-01  1.6361E-02  4.2737E-01 -2.2165E+00
GRADIENT:  -1.2001E-02 -2.5683E-02  1.3223E-03  5.4231E-03 -2.5112E-03  8.6565E-03  2.7110E-04


ITERATION NO.:   26    OBJECTIVE VALUE:   685.525192744795        NO. OF FUNC. EVALS.:   8
CUMULATIVE NO. OF FUNC. EVALS.:      205
NPARAMETR:  6.7826E-03  1.4066E+00  2.2763E+00  6.4040E-02  2.5379E-01  1.9654E-01  1.5504E-01
PARAMETER: -5.4249E-04  3.5684E-02  1.4334E+00 -5.2798E-01  1.6361E-02  4.2737E-01 -2.2165E+00
GRADIENT:  -1.2001E-02 -2.5683E-02  1.3223E-03  5.4231E-03 -2.5112E-03  8.6565E-03  2.7110E-04

#TERM:

MINIMIZATION SUCCESSFUL
NO. OF FUNCTION EVALUATIONS USED:      205
NO. OF SIG. DIGITS IN FINAL EST.:  3.1

ETABAR IS THE ARITHMETIC MEAN OF THE ETA-ESTIMATES,
AND THE P-VALUE IS GIVEN FOR THE NULL HYPOTHESIS THAT THE TRUE MEAN IS 0.

ETABAR:        -4.5723E-03 -3.8416E-03
SE:             6.4054E-02  5.0241E-02
N:                      59          59

P VAL.:         9.4309E-01  9.3905E-01

ETASHRINKSD(%)  2.3309E+00  1.9872E+00
ETASHRINKVR(%)  4.6074E+00  3.9350E+00
EBVSHRINKSD(%)  2.2393E+00  1.8971E+00
EBVSHRINKVR(%)  4.4284E+00  3.7582E+00
RELATIVEINF(%)  4.5382E+00  9.8175E+00
EPSSHRINKSD(%)  2.1216E+01
EPSSHRINKVR(%)  3.7931E+01

 
TOTAL DATA POINTS NORMALLY DISTRIBUTED (N):          155
N*LOG(2PI) CONSTANT TO OBJECTIVE FUNCTION:    284.87094529344853     
OBJECTIVE FUNCTION VALUE WITHOUT CONSTANT:    685.52519274479494     
OBJECTIVE FUNCTION VALUE WITH CONSTANT:       970.39613803824341     
REPORTED OBJECTIVE FUNCTION DOES NOT CONTAIN CONSTANT
 
TOTAL EFFECTIVE ETAS (NIND*NETA):                           118
 
#TERE:
Elapsed estimation  time in seconds: <SEC>
Elapsed covariance  time in seconds: <SEC>
Elapsed postprocess time in seconds: <SEC>






















************************************************************************************************************************
********************                                                                                ********************
********************               FIRST ORDER CONDITIONAL ESTIMATION WITH INTERACTION              ********************
#OBJT:**************                       MINIMUM VALUE OF OBJECTIVE FUNCTION                      ********************
********************                                                                                ********************
************************************************************************************************************************






#OBJV:********************************************           685.525       *********************************************


************************************************************************************************************************
********************                                                                                ********************
********************               FIRST ORDER CONDITIONAL ESTIMATION WITH INTERACTION              ********************
********************                             FINAL PARAMETER ESTIMATE                           ********************
********************                                                                                ********************
************************************************************************************************************************



THETA - VECTOR OF FIXED EFFECTS PARAMETERS   *********


        TH 1      TH 2      TH 3      TH 4     

        6.78E-03  1.41E+00  2.28E+00  6.40E-02



OMEGA - COV MATRIX FOR RANDOM EFFECTS - ETAS  ********


        ETA1      ETA2     

ETA1    2.54E-01

ETA2    1.97E-01  1.55E-01



SIGMA - COV MATRIX FOR RANDOM EFFECTS - EPSILONS  ****


        EPS1     

EPS1    1.00E+00





OMEGA - CORR MATRIX FOR RANDOM EFFECTS - ETAS  *******


        ETA1      ETA2     

ETA1    5.04E-01

ETA2    9.91E-01  3.94E-01



SIGMA - CORR MATRIX FOR RANDOM EFFECTS - EPSILONS  ***


        EPS1     

EPS1    1.00E+00



************************************************************************************************************************
********************                                                                                ********************
********************               FIRST ORDER CONDITIONAL ESTIMATION WITH INTERACTION              ********************
********************                            STANDARD ERROR OF ESTIMATE                          ********************
********************                                                                                ********************
************************************************************************************************************************



THETA - VECTOR OF FIXED EFFECTS PARAMETERS   *********


        TH 1      TH 2      TH 3      TH 4     

        5.16E-04  7.47E-02  7.40E-01  3.13E-02



OMEGA - COV MATRIX FOR RANDOM EFFECTS - ETAS  ********


        ETA1      ETA2     

ETA1    7.61E-02

ETA2    5.06E-02  3.98E-02



SIGMA - COV MATRIX FOR RANDOM EFFECTS - EPSILONS  ****


        EPS1     

EPS1   .........





OMEGA - CORR MATRIX FOR RANDOM EFFECTS - ETAS  *******


        ETA1      ETA2     

ETA1    7.55E-02

ETA2    4.96E-02  5.05E-02



SIGMA - CORR MATRIX FOR RANDOM EFFECTS - EPSILONS  ***


        EPS1     

EPS1   .........



************************************************************************************************************************
********************                                                                                ********************
********************               FIRST ORDER CONDITIONAL ESTIMATION WITH INTERACTION              ********************
********************                          COVARIANCE MATRIX OF ESTIMATE                         ********************
********************                                                                                ********************
************************************************************************************************************************


           TH 1      TH 2      TH 3      TH 4      OM11      OM12      OM22      SG11  

TH 1    2.67E-07

TH 2    2.94E-05  5.58E-03

TH 3   -7.25E-05 -2.56E-03  5.48E-01

TH 4    2.17E-06 -1.42E-04 -2.03E-02  9.80E-04

OM11    5.94E-06  2.82E-03  9.94E-03 -5.16E-04  5.79E-03

OM12    9.33E-06  2.24E-03  4.23E-03 -2.23E-04  3.62E-03  2.56E-03

OM22    1.18E-05  1.61E-03 -7.95E-03  2.83E-04  1.93E-03  1.66E-03  1.58E-03

SG11   ......... ......... ......... ......... ......... ......... ......... .........



************************************************************************************************************************
********************                                                                                ********************
********************               FIRST ORDER CONDITIONAL ESTIMATION WITH INTERACTION              ********************
********************                          CORRELATION MATRIX OF ESTIMATE                        ********************
********************                                                                                ********************
************************************************************************************************************************


           TH 1      TH 2      TH 3      TH 4      OM11      OM12      OM22      SG11  

TH 1    5.16E-04

TH 2    7.61E-01  7.47E-02

TH 3   -1.90E-01 -4.63E-02  7.40E-01

TH 4    1.34E-01 -6.06E-02 -8.76E-01  3.13E-02

OM11    1.51E-01  4.97E-01  1.77E-01 -2.17E-01  7.61E-02

OM12    3.57E-01  5.93E-01  1.13E-01 -1.41E-01  9.42E-01  5.06E-02

OM22    5.73E-01  5.41E-01 -2.70E-01  2.27E-01  6.38E-01  8.26E-01  3.98E-02

SG11   ......... ......... ......... ......... ......... ......... ......... .........



************************************************************************************************************************
********************                                                                                ********************
********************               FIRST ORDER CONDITIONAL ESTIMATION WITH INTERACTION              ********************
********************                      INVERSE COVARIANCE MATRIX OF ESTIMATE                     ********************
********************                                                                                ********************
************************************************************************************************************************


           TH 1      TH 2      TH 3      TH 4      OM11      OM12      OM22      SG11  

TH 1    1.90E+07

TH 2   -1.04E+05  9.04E+02

TH 3   -3.18E+03  3.80E+01  1.20E+01

TH 4   -2.18E+04  4.19E+02  1.84E+02  4.82E+03

OM11    3.80E+04  2.27E+02  1.06E+02  6.69E+02  5.28E+03

OM12    1.02E+05 -1.77E+03 -3.13E+02 -1.44E+03 -1.16E+04  2.94E+04

OM22   -2.01E+05  1.55E+03  2.11E+02  4.97E+02  5.62E+03 -1.71E+04  1.26E+04

SG11   ......... ......... ......... ......... ......... ......... ......... .........























************************************************************************************************************************
********************                                                                                ********************
********************               FIRST ORDER CONDITIONAL ESTIMATION WITH INTERACTION              ********************
********************                      EIGENVALUES OF COR MATRIX OF ESTIMATE                     ********************
********************                                                                                ********************
************************************************************************************************************************


            1         2         3         4         5         6         7

        8.31E-03  7.28E-02  1.22E-01  3.12E-01  1.01E+00  2.09E+00  3.39E+00

Elapsed finaloutput time in seconds: <SEC>
#CPUT: Total CPU Time in Seconds, <SEC>
Stop Time: 
<DATE>
<TIME>
