<DATE>
<TIME>
$PROB IOV DATA, 1COMP ORAL, IIV ONLY, PROPORTIONAL ERROR   P:120base  F:BASE
$INPUT ID TIME AMT DV MDV EVID OCC POP
$DATA ../../data/iov-sim.csv IGNORE=@
$SUBR ADVAN2 TRANS2
$ABBR DERIV2=NO

$PK
  KA = THETA(1) * EXP(ETA(1))
  CL = THETA(2) * EXP(ETA(2))
  V  = THETA(3) * EXP(ETA(3))
  S2 = V

$ERROR
  IPRE = F
  W    = THETA(4) * IPRE
  IF (W.LT.1E-6) W = 1E-6
  IRES = DV - IPRE
  IWRE = IRES / W
  Y    = IPRE + W * EPS(1)

$THETA
  (0, 1)       ; KA (1/h)
  (0, 3)       ; CL (L/h)
  (0, 50)      ; V  (L)
  (0, 0.15)    ; proportional error CV

$OMEGA
  0.1          ; KA
  0.1          ; CL
  0.05         ; V

$SIGMA 1 FIX

$EST MAX=9999 PRINT=5 METHOD=COND INTER NSIG=3 SIGL=9
     NOABORT NOTBT NOOBT NOSBT
$COV UNCOND PRINT=E
$TAB ID TIME AMT DV MDV EVID OCC KA CL V IPRE IWRE CWRES
     ONEHEADER NOPRINT FILE=sdtab
$TAB ID KA CL V ETA1 ETA2 ETA3
     ONEHEADER NOPRINT NOAPPEND FILE=patab
$TAB ID OCC
     ONEHEADER NOPRINT NOAPPEND FILE=cotab
$TAB ID POP
     ONEHEADER NOPRINT NOAPPEND FILE=catab
  
NM-TRAN MESSAGES 
  
 WARNINGS AND ERRORS (IF ANY) FOR PROBLEM    1
             
 (WARNING  2) NM-TRAN INFERS THAT THE DATA ARE POPULATION.
  
License Registered to: <LICENSEE>
Expiration Date: <DATE>
Current Date: <DATE>
Days until program expires : <N>
1NONLINEAR MIXED EFFECTS MODEL PROGRAM (NONMEM) VERSION 7.6.0 (nm760)
 ORIGINALLY DEVELOPED BY STUART BEAL, LEWIS SHEINER, AND ALISON BOECKMANN
 CURRENT DEVELOPERS ARE ROBERT BAUER, ICON DEVELOPMENT SOLUTIONS,
 AND ALISON BOECKMANN. IMPLEMENTATION, EFFICIENCY, AND STANDARDIZATION
 PERFORMED BY NOUS INFOSYSTEMS.

 PROBLEM NO.:         1
 IOV DATA, 1COMP ORAL, IIV ONLY, PROPORTIONAL ERROR   P:120base  F:BASE
0DATA CHECKOUT RUN:              NO
 DATA SET LOCATED ON UNIT NO.:    2
 THIS UNIT TO BE REWOUND:        NO
 CREATE/ADD TO FDATA.csv:        YES
 NO. OF DATA RECS IN DATA SET:     1440
 NO. OF DATA ITEMS IN DATA SET:   8
 ID DATA ITEM IS DATA ITEM NO.:   1
 DEP VARIABLE IS DATA ITEM NO.:   4
 MDV DATA ITEM IS DATA ITEM NO.:  5
0INDICES PASSED TO SUBROUTINE PRED:
   6   2   3   0   0   0   0   0   0   0   0
0LABELS FOR DATA ITEMS:
 ID TIME AMT DV MDV EVID OCC POP
0(NONBLANK) LABELS FOR PRED-DEFINED ITEMS:
 KA CL V IPRE IWRE
0FORMAT FOR DATA:
 (8E6.0)

 TOT. NO. OF OBS RECS:     1260
 TOT. NO. OF INDIVIDUALS:       60
0LENGTH OF THETA:   4
0DEFAULT THETA BOUNDARY TEST OMITTED:   YES
0OMEGA HAS SIMPLE DIAGONAL FORM WITH DIMENSION:   3
0DEFAULT OMEGA BOUNDARY TEST OMITTED:   YES
0SIGMA HAS SIMPLE DIAGONAL FORM WITH DIMENSION:   1
0DEFAULT SIGMA BOUNDARY TEST OMITTED:   YES
0INITIAL ESTIMATE OF THETA:
 LOWER BOUND    INITIAL EST    UPPER BOUND
  0.0000E+00     0.1000E+01     0.1000E+07
  0.0000E+00     0.3000E+01     0.1000E+07
  0.0000E+00     0.5000E+02     0.1000E+07
  0.0000E+00     0.1500E+00     0.1000E+07
0INITIAL ESTIMATE OF OMEGA:
 0.1000E+00
 0.0000E+00   0.1000E+00
 0.0000E+00   0.0000E+00   0.5000E-01
0INITIAL ESTIMATE OF SIGMA:
 0.1000E+01
0SIGMA CONSTRAINED TO BE THIS INITIAL ESTIMATE
0COVARIANCE STEP OMITTED:        NO
 EIGENVLS. PRINTED:             YES
 SPECIAL COMPUTATION:            NO
 COMPRESSED FORMAT:              NO
 GRADIENT METHOD USED:     NOSLOW
 SIGDIGITS ETAHAT (SIGLO):                  -1
 SIGDIGITS GRADIENTS (SIGL):                -1
 EXCLUDE COV FOR FOCE (NOFCOV):              NO
 Cholesky Transposition of R Matrix (CHOLROFF):0
 KNUTHSUMOFF:                                -1
 RESUME COV ANALYSIS (RESUME):               NO
 SIR SAMPLE SIZE (SIRSAMPLE):
 NON-LINEARLY TRANSFORM THETAS DURING COV (THBND): 1
 PRECONDTIONING CYCLES (PRECOND):        0
 PRECONDTIONING TYPES (PRECONDS):        TOS
 FORCED PRECONDTIONING CYCLES (PFCOND):0
 PRECONDTIONING TYPE (PRETYPE):        0
 FORCED POS. DEFINITE SETTING DURING PRECONDITIONING: (FPOSDEF):0
 SIMPLE POS. DEFINITE SETTING: (POSDEF):-1
0TABLES STEP OMITTED:    NO
 NO. OF TABLES:           4
 SEED NUMBER (SEED):    11456
 NPDTYPE:    0
 INTERPTYPE:    0
 RANMETHOD:             3U
 MC SAMPLES (ESAMPLE):    300
 WRES SQUARE ROOT TYPE (WRESCHOL): EIGENVALUE
0-- TABLE   1 --
0RECORDS ONLY:    ALL
04 COLUMNS APPENDED:    YES
 PRINTED:                NO
 HEADERS:               ONE
 FILE TO BE FORWARDED:   NO
 FORMAT:                S1PE11.4
 IDFORMAT:
 LFORMAT:
 RFORMAT:
 FIXED_EFFECT_ETAS:
0USER-CHOSEN ITEMS:
 ID TIME AMT DV MDV EVID OCC KA CL V IPRE IWRE CWRES
0-- TABLE   2 --
0RECORDS ONLY:    ALL
04 COLUMNS APPENDED:    NO
 PRINTED:                NO
 HEADERS:               ONE
 FILE TO BE FORWARDED:   NO
 FORMAT:                S1PE11.4
 IDFORMAT:
 LFORMAT:
 RFORMAT:
 FIXED_EFFECT_ETAS:
0USER-CHOSEN ITEMS:
 ID KA CL V ETA1 ETA2 ETA3
0-- TABLE   3 --
0RECORDS ONLY:    ALL
04 COLUMNS APPENDED:    NO
 PRINTED:                NO
 HEADERS:               ONE
 FILE TO BE FORWARDED:   NO
 FORMAT:                S1PE11.4
 IDFORMAT:
 LFORMAT:
 RFORMAT:
 FIXED_EFFECT_ETAS:
0USER-CHOSEN ITEMS:
 ID OCC
0-- TABLE   4 --
0RECORDS ONLY:    ALL
04 COLUMNS APPENDED:    NO
 PRINTED:                NO
 HEADERS:               ONE
 FILE TO BE FORWARDED:   NO
 FORMAT:                S1PE11.4
 IDFORMAT:
 LFORMAT:
 RFORMAT:
 FIXED_EFFECT_ETAS:
0USER-CHOSEN ITEMS:
 ID POP
1DOUBLE PRECISION PREDPP VERSION 7.6.0 (nm760)

 ONE COMPARTMENT MODEL WITH FIRST-ORDER ABSORPTION (ADVAN2)
0MAXIMUM NO. OF BASIC PK PARAMETERS:   3
0BASIC PK PARAMETERS (AFTER TRANSLATION):
   ELIMINATION RATE (K) IS BASIC PK PARAMETER NO.:  1
   ABSORPTION RATE (KA) IS BASIC PK PARAMETER NO.:  3

 TRANSLATOR WILL CONVERT PARAMETERS
 CLEARANCE (CL) AND VOLUME (V) TO K (TRANS2)
0COMPARTMENT ATTRIBUTES
 COMPT. NO.   FUNCTION   INITIAL    ON/OFF      DOSE      DEFAULT    DEFAULT
                         STATUS     ALLOWED    ALLOWED    FOR DOSE   FOR OBS.
    1         DEPOT        OFF        YES        YES        YES        NO
    2         CENTRAL      ON         NO         YES        NO         YES
    3         OUTPUT       OFF        YES        NO         NO         NO
1
 ADDITIONAL PK PARAMETERS - ASSIGNMENT OF ROWS IN GG
 COMPT. NO.                             INDICES
              SCALE      BIOAVAIL.   ZERO-ORDER  ZERO-ORDER  ABSORB
                         FRACTION    RATE        DURATION    LAG
    1            *           *           *           *           *
    2            4           *           *           *           *
    3            *           -           -           -           -
             - PARAMETER IS NOT ALLOWED FOR THIS MODEL
             * PARAMETER IS NOT SUPPLIED BY PK SUBROUTINE;
               WILL DEFAULT TO ONE IF APPLICABLE
0DATA ITEM INDICES USED BY PRED ARE:
   EVENT ID DATA ITEM IS DATA ITEM NO.:      6
   TIME DATA ITEM IS DATA ITEM NO.:          2
   DOSE AMOUNT DATA ITEM IS DATA ITEM NO.:   3

0PK SUBROUTINE CALLED WITH EVERY EVENT RECORD.
 PK SUBROUTINE NOT CALLED AT NONEVENT (ADDITIONAL OR LAGGED) DOSE TIMES.
0ERROR SUBROUTINE CALLED WITH EVERY EVENT RECORD.
1


 #TBLN:      1
 #METH: First Order Conditional Estimation with Interaction

 ESTIMATION STEP OMITTED:                 NO
 SHRINK INFO WITH EVALUATION (EVALSHRINK) NO
 ANALYSIS TYPE:                           POPULATION
 NUMBER OF SADDLE POINT RESET ITERATIONS:      0
 GRADIENT METHOD USED:               NOSLOW
 CONDITIONAL ESTIMATES USED:              YES
 CENTERED ETA:                            NO
 EPS-ETA INTERACTION:                     YES
 LAPLACIAN OBJ. FUNC.:                    NO
 NO. OF FUNCT. EVALS. ALLOWED:            9999
 NO. OF SIG. FIGURES REQUIRED:            3
 INTERMEDIATE PRINTOUT:                   YES
 ESTIMATE OUTPUT TO MSF:                  NO
 ABORT WITH PRED EXIT CODE 1:             NO
 IND. OBJ. FUNC. VALUES SORTED:           NO
 NUMERICAL DERIVATIVE
       FILE REQUEST (NUMDER):               NONE
 MAP (ETAHAT) ESTIMATION METHOD (OPTMAP):   0
 ETA HESSIAN EVALUATION METHOD (ETADER):    0
 INITIAL ETA FOR MAP ESTIMATION (MCETA):    0
 SIGDIGITS FOR MAP ESTIMATION (SIGLO):      9
 GRADIENT SIGDIGITS OF
       FIXED EFFECTS PARAMETERS (SIGL):     9
 NOPRIOR SETTING (NOPRIOR):                 0
 NOCOV SETTING (NOCOV):                     OFF
 DERCONT SETTING (DERCONT):                 OFF
 FINAL ETA RE-EVALUATION (FNLETA):          1
 EXCLUDE NON-INFLUENTIAL (NON-INFL.) ETAS
       IN SHRINKAGE (ETASTYPE):             NO
 NON-INFL. ETA CORRECTION (NONINFETA):      0
 RAW OUTPUT FILE (FILE): 120prop.ext
 EXCLUDE TITLE (NOTITLE):                   NO
 EXCLUDE COLUMN LABELS (NOLABEL):           NO
 FORMAT FOR ADDITIONAL FILES (FORMAT):      S1PE12.5
 PARAMETER ORDER FOR OUTPUTS (ORDER):       TSOL
 KNUTHSUMOFF:                               0
 INCLUDE LNTWOPI:                           NO
 INCLUDE CONSTANT TERM TO PRIOR (PRIORC):   NO
 INCLUDE CONSTANT TERM TO OMEGA (ETA) (OLNTWOPI):NO
 ADDITIONAL CONVERGENCE TEST (CTYPE=4)?:    NO
 EM OR BAYESIAN METHOD USED:                 NONE


 THE FOLLOWING LABELS ARE EQUIVALENT
 PRED=PREDI
 RES=RESI
 WRES=WRESI
 IWRS=IWRESI
 IPRD=IPREDI
 IRS=IRESI

 MONITORING OF SEARCH:


0ITERATION NO.:    0    OBJECTIVE VALUE:  -1673.63914177313        NO. OF FUNC. EVALS.:   6
 CUMULATIVE NO. OF FUNC. EVALS.:        6
 NPARAMETR:  1.0000E+00  3.0000E+00  5.0000E+01  1.5000E-01  1.0000E-01  1.0000E-01  5.0000E-02
 PARAMETER:  1.0000E-01  1.0000E-01  1.0000E-01  1.0000E-01  1.0000E-01  1.0000E-01  1.0000E-01
 GRADIENT:  -1.3041E+02 -3.5942E+01  1.4632E+01 -2.2443E+03 -7.8366E+01 -2.1922E+02  2.6819E+01

0ITERATION NO.:    5    OBJECTIVE VALUE:  -2089.36648810517        NO. OF FUNC. EVALS.:  36
 CUMULATIVE NO. OF FUNC. EVALS.:       42
 NPARAMETR:  1.1573E+00  3.3923E+00  5.2387E+01  2.0433E-01  1.7397E-01  4.9033E-01  3.6346E-02
 PARAMETER:  2.4608E-01  2.2289E-01  1.4663E-01  4.0909E-01  3.7686E-01  8.9495E-01 -5.9472E-02
 GRADIENT:  -6.2194E-01  2.1578E+01  5.2192E+01 -2.4519E+02  1.0216E+00  3.8546E+01  4.4680E+00

0ITERATION NO.:   10    OBJECTIVE VALUE:  -2102.21899832659        NO. OF FUNC. EVALS.:  39
 CUMULATIVE NO. OF FUNC. EVALS.:       81
 NPARAMETR:  1.1603E+00  3.1483E+00  5.1636E+01  2.1606E-01  1.7136E-01  3.2546E-01  3.2657E-02
 PARAMETER:  2.4870E-01  1.4827E-01  1.3219E-01  4.6491E-01  3.6929E-01  6.9003E-01 -1.1298E-01
 GRADIENT:   5.4149E+00  1.2368E+00  5.1156E+00 -8.9569E-01 -8.7546E-02  4.5489E+00 -2.3116E+00

0ITERATION NO.:   15    OBJECTIVE VALUE:  -2102.32180417084        NO. OF FUNC. EVALS.:  41
 CUMULATIVE NO. OF FUNC. EVALS.:      122
 NPARAMETR:  1.1484E+00  3.1400E+00  5.1506E+01  2.1607E-01  1.7082E-01  3.1129E-01  3.3612E-02
 PARAMETER:  2.3839E-01  1.4560E-01  1.2967E-01  4.6498E-01  3.6773E-01  6.6778E-01 -9.8577E-02
 GRADIENT:  -5.2309E-02 -3.8209E-02 -7.1840E-02 -8.4342E-02  5.0712E-05  1.0079E-02  4.9489E-03

 #TERM:
0MINIMIZATION SUCCESSFUL
 NO. OF FUNCTION EVALUATIONS USED:      122
 NO. OF SIG. DIGITS IN FINAL EST.:  3.1

 ETABAR IS THE ARITHMETIC MEAN OF THE ETA-ESTIMATES,
 AND THE P-VALUE IS GIVEN FOR THE NULL HYPOTHESIS THAT THE TRUE MEAN IS 0.

 ETABAR:        -1.6256E-02  7.0257E-03 -8.1603E-03
 SE:             4.8225E-02  7.0090E-02  2.1138E-02
 N:                      60          60          60

 P VAL.:         7.3605E-01  9.2016E-01  6.9946E-01

 ETASHRINKSD(%)  9.5338E+00  2.6834E+00  1.0581E+01
 ETASHRINKVR(%)  1.8159E+01  5.2948E+00  2.0043E+01
 EBVSHRINKSD(%)  8.8262E+00  1.7521E+00  1.0059E+01
 EBVSHRINKVR(%)  1.6873E+01  3.4734E+00  1.9106E+01
 RELATIVEINF(%)  8.1401E+01  9.6479E+01  7.9192E+01
 EPSSHRINKSD(%)  5.6946E+00
 EPSSHRINKVR(%)  1.1065E+01

  
 TOTAL DATA POINTS NORMALLY DISTRIBUTED (N):         1260
 N*LOG(2PI) CONSTANT TO OBJECTIVE FUNCTION:    2315.7251036757752     
 OBJECTIVE FUNCTION VALUE WITHOUT CONSTANT:   -2102.3218041708415     
 OBJECTIVE FUNCTION VALUE WITH CONSTANT:       213.40329950493378     
 REPORTED OBJECTIVE FUNCTION DOES NOT CONTAIN CONSTANT
  
 TOTAL EFFECTIVE ETAS (NIND*NETA):                           180
  
 #TERE:
 Elapsed estimation  time in seconds: <SEC>
 Elapsed covariance  time in seconds: <SEC>
 Elapsed postprocess time in seconds: <SEC>
1
 
 
 
 
 
 
 
 
 
 
 
 
 
 
 
 
 
 
 
 
 ************************************************************************************************************************
 ********************                                                                                ********************
 ********************               FIRST ORDER CONDITIONAL ESTIMATION WITH INTERACTION              ********************
 #OBJT:**************                       MINIMUM VALUE OF OBJECTIVE FUNCTION                      ********************
 ********************                                                                                ********************
 ************************************************************************************************************************
 





 #OBJV:********************************************         -2102.322       *********************************************
1
 ************************************************************************************************************************
 ********************                                                                                ********************
 ********************               FIRST ORDER CONDITIONAL ESTIMATION WITH INTERACTION              ********************
 ********************                             FINAL PARAMETER ESTIMATE                           ********************
 ********************                                                                                ********************
 ************************************************************************************************************************
 


 THETA - VECTOR OF FIXED EFFECTS PARAMETERS   *********


         TH 1      TH 2      TH 3      TH 4     
 
         1.15E+00  3.14E+00  5.15E+01  2.16E-01
 


 OMEGA - COV MATRIX FOR RANDOM EFFECTS - ETAS  ********


         ETA1      ETA2      ETA3     
 
 ETA1
+        1.71E-01
 
 ETA2
+        0.00E+00  3.11E-01
 
 ETA3
+        0.00E+00  0.00E+00  3.36E-02
 


 SIGMA - COV MATRIX FOR RANDOM EFFECTS - EPSILONS  ****


         EPS1     
 
 EPS1
+        1.00E+00
 
1


 OMEGA - CORR MATRIX FOR RANDOM EFFECTS - ETAS  *******


         ETA1      ETA2      ETA3     
 
 ETA1
+        4.13E-01
 
 ETA2
+        0.00E+00  5.58E-01
 
 ETA3
+        0.00E+00  0.00E+00  1.83E-01
 


 SIGMA - CORR MATRIX FOR RANDOM EFFECTS - EPSILONS  ***


         EPS1     
 
 EPS1
+        1.00E+00
 
1
 ************************************************************************************************************************
 ********************                                                                                ********************
 ********************               FIRST ORDER CONDITIONAL ESTIMATION WITH INTERACTION              ********************
 ********************                            STANDARD ERROR OF ESTIMATE                          ********************
 ********************                                                                                ********************
 ************************************************************************************************************************
 


 THETA - VECTOR OF FIXED EFFECTS PARAMETERS   *********


         TH 1      TH 2      TH 3      TH 4     
 
         6.58E-02  2.43E-01  1.31E+00  9.43E-03
 


 OMEGA - COV MATRIX FOR RANDOM EFFECTS - ETAS  ********


         ETA1      ETA2      ETA3     
 
 ETA1
+        3.48E-02
 
 ETA2
+       .........  6.06E-02
 
 ETA3
+       ......... .........  8.13E-03
 


 SIGMA - COV MATRIX FOR RANDOM EFFECTS - EPSILONS  ****


         EPS1     
 
 EPS1
+       .........
 
1


 OMEGA - CORR MATRIX FOR RANDOM EFFECTS - ETAS  *******


         ETA1      ETA2      ETA3     
 
 ETA1
+        4.21E-02
 
 ETA2
+       .........  5.43E-02
 
 ETA3
+       ......... .........  2.22E-02
 


 SIGMA - CORR MATRIX FOR RANDOM EFFECTS - EPSILONS  ***


         EPS1     
 
 EPS1
+       .........
 
1
 ************************************************************************************************************************
 ********************                                                                                ********************
 ********************               FIRST ORDER CONDITIONAL ESTIMATION WITH INTERACTION              ********************
 ********************                          COVARIANCE MATRIX OF ESTIMATE                         ********************
 ********************                                                                                ********************
 ************************************************************************************************************************
 

            TH 1      TH 2      TH 3      TH 4      OM11      OM12      OM13      OM22      OM23      OM33      SG11  
 
 TH 1
+        4.33E-03
 
 TH 2
+       -2.75E-04  5.89E-02
 
 TH 3
+       -2.85E-03 -1.60E-02  1.71E+00
 
 TH 4
+       -5.04E-05  1.27E-03 -8.83E-04  8.89E-05
 
 OM11
+       -3.37E-04 -5.29E-04 -6.37E-04  3.36E-05  1.21E-03
 
 OM12
+       ......... ......... ......... ......... ......... .........
 
 OM13
+       ......... ......... ......... ......... ......... ......... .........
 
 OM22
+       -9.84E-05 -1.01E-02 -6.20E-03 -5.63E-05  3.12E-04 ......... .........  3.67E-03
 
 OM23
+       ......... ......... ......... ......... ......... ......... ......... ......... .........
 
 OM33
+        1.44E-05 -9.36E-05  2.47E-03 -4.06E-06 -4.64E-05 ......... ......... -6.69E-05 .........  6.62E-05
 
 SG11
+       ......... ......... ......... ......... ......... ......... ......... ......... ......... ......... .........
 
1
 ************************************************************************************************************************
 ********************                                                                                ********************
 ********************               FIRST ORDER CONDITIONAL ESTIMATION WITH INTERACTION              ********************
 ********************                          CORRELATION MATRIX OF ESTIMATE                        ********************
 ********************                                                                                ********************
 ************************************************************************************************************************
 

            TH 1      TH 2      TH 3      TH 4      OM11      OM12      OM13      OM22      OM23      OM33      SG11  
 
 TH 1
+        6.58E-02
 
 TH 2
+       -1.72E-02  2.43E-01
 
 TH 3
+       -3.31E-02 -5.04E-02  1.31E+00
 
 TH 4
+       -8.13E-02  5.56E-01 -7.16E-02  9.43E-03
 
 OM11
+       -1.47E-01 -6.26E-02 -1.40E-02  1.02E-01  3.48E-02
 
 OM12
+       ......... ......... ......... ......... ......... .........
 
 OM13
+       ......... ......... ......... ......... ......... ......... .........
 
 OM22
+       -2.47E-02 -6.84E-01 -7.82E-02 -9.86E-02  1.48E-01 ......... .........  6.06E-02
 
 OM23
+       ......... ......... ......... ......... ......... ......... ......... ......... .........
 
 OM33
+        2.69E-02 -4.74E-02  2.32E-01 -5.29E-02 -1.64E-01 ......... ......... -1.36E-01 .........  8.13E-03
 
 SG11
+       ......... ......... ......... ......... ......... ......... ......... ......... ......... ......... .........
 
1
 ************************************************************************************************************************
 ********************                                                                                ********************
 ********************               FIRST ORDER CONDITIONAL ESTIMATION WITH INTERACTION              ********************
 ********************                      INVERSE COVARIANCE MATRIX OF ESTIMATE                     ********************
 ********************                                                                                ********************
 ************************************************************************************************************************
 

            TH 1      TH 2      TH 3      TH 4      OM11      OM12      OM13      OM22      OM23      OM33      SG11  
 
 TH 1
+        2.37E+02
 
 TH 2
+       -6.38E-01  6.15E+01
 
 TH 3
+        5.12E-01  4.81E-01  6.28E-01
 
 TH 4
+        1.26E+02 -7.71E+02  2.38E-01  2.13E+04
 
 OM11
+        6.12E+01  1.46E+01 -6.69E-01 -5.12E+02  8.94E+02
 
 OM12
+       ......... ......... ......... ......... ......... .........
 
 OM13
+       ......... ......... ......... ......... ......... ......... .........
 
 OM22
+        1.87E+00  1.60E+02  2.07E+00 -1.77E+03 -3.25E+01 ......... .........  7.03E+02
 
 OM23
+       ......... ......... ......... ......... ......... ......... ......... ......... .........
 
 OM33
+       -1.93E+01  1.94E+02 -2.13E+01 -1.97E+03  5.94E+02 ......... .........  7.28E+02 .........  1.72E+04
 
 SG11
+       ......... ......... ......... ......... ......... ......... ......... ......... ......... ......... .........
 
1
 
 
 
 
 
 
 
 
 
 
 
 
 
 
 
 
 
 
 
 
 ************************************************************************************************************************
 ********************                                                                                ********************
 ********************               FIRST ORDER CONDITIONAL ESTIMATION WITH INTERACTION              ********************
 ********************                      EIGENVALUES OF COR MATRIX OF ESTIMATE                     ********************
 ********************                                                                                ********************
 ************************************************************************************************************************
 

             1         2         3         4         5         6         7
 
         1.55E-01  7.06E-01  7.94E-01  8.52E-01  1.13E+00  1.42E+00  1.94E+00
 
 Elapsed finaloutput time in seconds: <SEC>
 #CPUT: Total CPU Time in Seconds, <SEC>
Stop Time: 
<DATE>
<TIME>
