Changing directory to ped103.R76
'pushdon' is not recognized as an internal or external command,
operable program or batch file.
Pathlist information for compiler and MPI systems are located in nmpathlist.txt

Starting NMTRAN
  
 WARNINGS AND ERRORS (IF ANY) FOR PROBLEM    1
             
 (WARNING  2) NM-TRAN INFERS THAT THE DATA ARE POPULATION.
Recompiling certain components.
starting wait
ending wait
Exiting lpreddo
Compiling FSUBS
Building NONMEM Executable
Starting nonmem execution ...
License Registered to: <LICENSEE>
Expiration Date: <DATE>
Current Date: <DATE>
Days until program expires : <N>


 First Order Conditional Estimation with Interaction
 MONITORING OF SEARCH:


0ITERATION NO.:    0    OBJECTIVE VALUE:  -270.616910878409        NO. OF FUNC. EVALS.:   7
 CUMULATIVE NO. OF FUNC. EVALS.:        7
 NPARAMETR:  5.0000E+00  4.0000E+01  2.0000E-01  1.0000E-01  5.0000E+01  1.0000E-01  5.0000E-02
 PARAMETER:  1.0000E-01  1.0000E-01  1.0000E-01  1.0000E-01  1.0000E-01  1.0000E-01  1.0000E-01
 GRADIENT:  -1.0160E+02 -3.0046E+01  1.4307E+02 -1.9722E+01 -7.4060E+01  4.3797E+01  1.6616E+01

0ITERATION NO.:    5    OBJECTIVE VALUE:  -299.797306646783        NO. OF FUNC. EVALS.:  41
 CUMULATIVE NO. OF FUNC. EVALS.:       48
 NPARAMETR:  5.5333E+00  4.1213E+01  1.4273E-01  1.0463E-01  5.5055E+01  7.5218E-02  4.5600E-02
 PARAMETER:  2.0135E-01  1.2988E-01 -2.3738E-01  1.4523E-01  1.9631E-01 -4.2391E-02  5.3940E-02
 GRADIENT:  -9.9081E+01  1.0297E+02 -1.8951E+00 -1.8479E-01  1.8096E+02 -1.9331E+01 -5.5117E+00

0ITERATION NO.:   10    OBJECTIVE VALUE:  -304.981528205375        NO. OF FUNC. EVALS.:  43
 CUMULATIVE NO. OF FUNC. EVALS.:       91
 NPARAMETR:  5.7108E+00  4.0267E+01  1.4361E-01  1.0466E-01  5.3754E+01  7.9854E-02  4.6146E-02
 PARAMETER:  2.3293E-01  1.0666E-01 -2.3122E-01  1.4556E-01  1.7240E-01 -1.2487E-02  5.9898E-02
 GRADIENT:  -7.9120E-01 -2.5936E-01  3.4671E-02  9.4919E-02  2.9685E+00 -7.2698E-01 -1.7124E-01

0ITERATION NO.:   14    OBJECTIVE VALUE:  -304.983064950674        NO. OF FUNC. EVALS.:  41
 CUMULATIVE NO. OF FUNC. EVALS.:      132
 NPARAMETR:  5.7095E+00  4.0271E+01  1.4359E-01  1.0464E-01  5.3715E+01  8.0119E-02  4.6188E-02
 PARAMETER:  2.3270E-01  1.0675E-01 -2.3132E-01  1.4540E-01  1.7167E-01 -1.0829E-02  6.0354E-02
 GRADIENT:  -3.5298E-02 -2.2335E-02 -6.6852E-04 -2.2113E-04 -1.4568E-01  1.7369E-03  8.0345E-04
 Elapsed estimation  time in seconds: <SEC>
 Elapsed covariance  time in seconds: <SEC>
 Elapsed postprocess time in seconds: <SEC>
 Elapsed finaloutput time in seconds: <SEC>
Done with nonmem execution
wall seconds: 8.8
