<DATE>
<TIME>
$PROB PEDIATRIC 1COMP IV, NEONATES 30 ONLY, PRIOR FROM ped104 (NWPRI)   P:ped103x  F:CL~WT+PMA,V~WT
$INPUT ID TIME AMT DV MDV EVID WT PMA AGE GRP
$DATA ../../data/ped-neo.csv IGNORE=@
$SUBR ADVAN1 TRANS2
$ABBR DERIV2=NO

$PK
  SZCL = (WT / 70) ** 0.75
  SZV  = (WT / 70) ** 1
  TM50 = THETA(5)                          ; PMA (weeks) at half maturation
  HILL = 3.4
  MAT  = PMA ** HILL / (TM50 ** HILL + PMA ** HILL)
  CL = THETA(1) * SZCL * MAT * EXP(ETA(1))
  V  = THETA(2) * SZV  * EXP(ETA(2))
  S1 = V

$ERROR
  IPRE = F
  W    = 1
  W    = SQRT(THETA(3)**2 + THETA(4)**2 * IPRE**2)
  IF (W.LT.1E-6) W = 1E-6
  IRES = DV - IPRE
  IWRE = IRES / W
  Y    = IPRE + W * EPS(1)

$THETA
  (0, 5)       ; CLSTD, CL of a 70-kg mature subject (L/h)
  (0, 40)      ; VSTD  (L)
  (0, 0.2)     ; additive error SD (mg/L)
  (0, 0.1)     ; proportional error CV
  (0, 50)      ; TM50 (weeks PMA)

$OMEGA
  0.1          ; CL
  0.05         ; V

$SIGMA 1 FIX

; Prior from the 90 older subjects (ped104): THETA normal with variance = SE**2,
; OMEGA inverse Wishart with 90 degrees of freedom (the number of subjects behind it).
$PRIOR NWPRI
$THETAP  (5.73 FIX) (41.0 FIX) (0.140 FIX) (0.104 FIX) (51.3 FIX)
$THETAPV BLOCK(5) FIX
  0.0563
  0 0.982
  0 0 0.000180
  0 0 0 0.0000415
  0 0 0 0 32.7
$OMEGAP BLOCK(1) 0.0801 FIX
$OMEGAP BLOCK(1) 0.0449 FIX
$OMEGAPD (90 FIX) (90 FIX)

$EST MAX=9999 PRINT=5 METHOD=COND INTER NSIG=3 SIGL=9
     NOABORT NOTBT NOOBT NOSBT
$COV UNCOND PRINT=E
$TAB ID TIME AMT DV MDV EVID IPRE IWRE CWRES
     ONEHEADER NOPRINT FILE=sdtab
$TAB ID CL V ETA1 ETA2 MAT
     ONEHEADER NOPRINT NOAPPEND FILE=patab
$TAB ID WT PMA AGE
     ONEHEADER NOPRINT NOAPPEND FILE=cotab
$TAB ID GRP
     ONEHEADER NOPRINT NOAPPEND FILE=catab
  
NM-TRAN MESSAGES 
  
 WARNINGS AND ERRORS (IF ANY) FOR PROBLEM    1
             
 (WARNING  2) NM-TRAN INFERS THAT THE DATA ARE POPULATION.
  
License Registered to: <LICENSEE>
Expiration Date: <DATE>
Current Date: <DATE>
Days until program expires : <N>
1NONLINEAR MIXED EFFECTS MODEL PROGRAM (NONMEM) VERSION 7.6.0 (nm760)
 ORIGINALLY DEVELOPED BY STUART BEAL, LEWIS SHEINER, AND ALISON BOECKMANN
 CURRENT DEVELOPERS ARE ROBERT BAUER, ICON DEVELOPMENT SOLUTIONS,
 AND ALISON BOECKMANN. IMPLEMENTATION, EFFICIENCY, AND STANDARDIZATION
 PERFORMED BY NOUS INFOSYSTEMS.

 PROBLEM NO.:         1
 PEDIATRIC 1COMP IV, NEONATES 30 ONLY, PRIOR FROM ped104 (NWPRI)   P:ped1
0DATA CHECKOUT RUN:              NO
 DATA SET LOCATED ON UNIT NO.:    2
 THIS UNIT TO BE REWOUND:        NO
 CREATE/ADD TO FDATA.csv:        YES
 NO. OF DATA RECS IN DATA SET:      108
 NO. OF DATA ITEMS IN DATA SET:  10
 ID DATA ITEM IS DATA ITEM NO.:   1
 DEP VARIABLE IS DATA ITEM NO.:   4
 MDV DATA ITEM IS DATA ITEM NO.:  5
0INDICES PASSED TO SUBROUTINE PRED:
   6   2   3   0   0   0   0   0   0   0   0
0LABELS FOR DATA ITEMS:
 ID TIME AMT DV MDV EVID WT PMA AGE GRP
0(NONBLANK) LABELS FOR PRED-DEFINED ITEMS:
 MAT CL V IPRE IWRE
0FORMAT FOR DATA:
 (10E7.0)

 TOT. NO. OF OBS RECS:       78
 TOT. NO. OF INDIVIDUALS:       30
0LENGTH OF THETA:  12
0DEFAULT THETA BOUNDARY TEST OMITTED:   YES
0OMEGA HAS BLOCK FORM:
  1
  0  2
  0  0  3
  0  0  3  3
  0  0  3  3  3
  0  0  3  3  3  3
  0  0  3  3  3  3  3
  0  0  0  0  0  0  0  4
  0  0  0  0  0  0  0  0  5
0DEFAULT OMEGA BOUNDARY TEST OMITTED:   YES
0SIGMA HAS SIMPLE DIAGONAL FORM WITH DIMENSION:   1
0DEFAULT SIGMA BOUNDARY TEST OMITTED:   YES
0INITIAL ESTIMATE OF THETA:
 LOWER BOUND    INITIAL EST    UPPER BOUND
  0.0000E+00     0.5000E+01     0.1000E+07
  0.0000E+00     0.4000E+02     0.1000E+07
  0.0000E+00     0.2000E+00     0.1000E+07
  0.0000E+00     0.1000E+00     0.1000E+07
  0.0000E+00     0.5000E+02     0.1000E+07
  0.5730E+01     0.5730E+01     0.5730E+01
  0.4100E+02     0.4100E+02     0.4100E+02
  0.1400E+00     0.1400E+00     0.1400E+00
  0.1040E+00     0.1040E+00     0.1040E+00
  0.5130E+02     0.5130E+02     0.5130E+02
  0.9000E+02     0.9000E+02     0.9000E+02
  0.9000E+02     0.9000E+02     0.9000E+02
0INITIAL ESTIMATE OF OMEGA:
 BLOCK SET NO.   BLOCK                                                                    FIXED
        1                                                                                   NO
                  0.1000E+00
        2                                                                                   NO
                  0.5000E-01
        3                                                                                  YES
                  0.5630E-01
                  0.0000E+00   0.9820E+00
                  0.0000E+00   0.0000E+00   0.1800E-03
                  0.0000E+00   0.0000E+00   0.0000E+00   0.4150E-04
                  0.0000E+00   0.0000E+00   0.0000E+00   0.0000E+00   0.3270E+02
        4                                                                                  YES
                  0.8010E-01
        5                                                                                  YES
                  0.4490E-01
0INITIAL ESTIMATE OF SIGMA:
 0.1000E+01
0SIGMA CONSTRAINED TO BE THIS INITIAL ESTIMATE
0COVARIANCE STEP OMITTED:        NO
 EIGENVLS. PRINTED:             YES
 SPECIAL COMPUTATION:            NO
 COMPRESSED FORMAT:              NO
 GRADIENT METHOD USED:     NOSLOW
 SIGDIGITS ETAHAT (SIGLO):                  -1
 SIGDIGITS GRADIENTS (SIGL):                -1
 EXCLUDE COV FOR FOCE (NOFCOV):              NO
 Cholesky Transposition of R Matrix (CHOLROFF):0
 KNUTHSUMOFF:                                -1
 RESUME COV ANALYSIS (RESUME):               NO
 SIR SAMPLE SIZE (SIRSAMPLE):
 NON-LINEARLY TRANSFORM THETAS DURING COV (THBND): 1
 PRECONDTIONING CYCLES (PRECOND):        0
 PRECONDTIONING TYPES (PRECONDS):        TOS
 FORCED PRECONDTIONING CYCLES (PFCOND):0
 PRECONDTIONING TYPE (PRETYPE):        0
 FORCED POS. DEFINITE SETTING DURING PRECONDITIONING: (FPOSDEF):0
 SIMPLE POS. DEFINITE SETTING: (POSDEF):-1
0TABLES STEP OMITTED:    NO
 NO. OF TABLES:           4
 SEED NUMBER (SEED):    11456
 NPDTYPE:    0
 INTERPTYPE:    0
 RANMETHOD:             3U
 MC SAMPLES (ESAMPLE):    300
 WRES SQUARE ROOT TYPE (WRESCHOL): EIGENVALUE
0-- TABLE   1 --
0RECORDS ONLY:    ALL
04 COLUMNS APPENDED:    YES
 PRINTED:                NO
 HEADER:                YES
 FILE TO BE FORWARDED:   NO
 FORMAT:                S1PE11.4
 IDFORMAT:
 LFORMAT:
 RFORMAT:
 FIXED_EFFECT_ETAS:
0USER-CHOSEN ITEMS:
 ID TIME AMT DV MDV EVID IPRE IWRE CWRES
0-- TABLE   2 --
0RECORDS ONLY:    ALL
04 COLUMNS APPENDED:    NO
 PRINTED:                NO
 HEADER:                YES
 FILE TO BE FORWARDED:   NO
 FORMAT:                S1PE11.4
 IDFORMAT:
 LFORMAT:
 RFORMAT:
 FIXED_EFFECT_ETAS:
0USER-CHOSEN ITEMS:
 ID CL V ETA1 ETA2 MAT
0-- TABLE   3 --
0RECORDS ONLY:    ALL
04 COLUMNS APPENDED:    NO
 PRINTED:                NO
 HEADER:                YES
 FILE TO BE FORWARDED:   NO
 FORMAT:                S1PE11.4
 IDFORMAT:
 LFORMAT:
 RFORMAT:
 FIXED_EFFECT_ETAS:
0USER-CHOSEN ITEMS:
 ID WT PMA AGE
0-- TABLE   4 --
0RECORDS ONLY:    ALL
04 COLUMNS APPENDED:    NO
 PRINTED:                NO
 HEADER:                YES
 FILE TO BE FORWARDED:   NO
 FORMAT:                S1PE11.4
 IDFORMAT:
 LFORMAT:
 RFORMAT:
 FIXED_EFFECT_ETAS:
0USER-CHOSEN ITEMS:
 ID GRP
0
 PRIOR SUBROUTINE USER-SUPPLIED
1DOUBLE PRECISION PREDPP VERSION 7.6.0 (nm760)

 ONE COMPARTMENT MODEL (ADVAN1)
0MAXIMUM NO. OF BASIC PK PARAMETERS:   2
0BASIC PK PARAMETERS (AFTER TRANSLATION):
   ELIMINATION RATE (K) IS BASIC PK PARAMETER NO.:  1

 TRANSLATOR WILL CONVERT PARAMETERS
 CLEARANCE (CL) AND VOLUME (V) TO K (TRANS2)
0COMPARTMENT ATTRIBUTES
 COMPT. NO.   FUNCTION   INITIAL    ON/OFF      DOSE      DEFAULT    DEFAULT
                         STATUS     ALLOWED    ALLOWED    FOR DOSE   FOR OBS.
    1         CENTRAL      ON         NO         YES        YES        YES
    2         OUTPUT       OFF        YES        NO         NO         NO
1
 ADDITIONAL PK PARAMETERS - ASSIGNMENT OF ROWS IN GG
 COMPT. NO.                             INDICES
              SCALE      BIOAVAIL.   ZERO-ORDER  ZERO-ORDER  ABSORB
                         FRACTION    RATE        DURATION    LAG
    1            3           *           *           *           *
    2            *           -           -           -           -
             - PARAMETER IS NOT ALLOWED FOR THIS MODEL
             * PARAMETER IS NOT SUPPLIED BY PK SUBROUTINE;
               WILL DEFAULT TO ONE IF APPLICABLE
0DATA ITEM INDICES USED BY PRED ARE:
   EVENT ID DATA ITEM IS DATA ITEM NO.:      6
   TIME DATA ITEM IS DATA ITEM NO.:          2
   DOSE AMOUNT DATA ITEM IS DATA ITEM NO.:   3

0PK SUBROUTINE CALLED WITH EVERY EVENT RECORD.
 PK SUBROUTINE NOT CALLED AT NONEVENT (ADDITIONAL OR LAGGED) DOSE TIMES.
0ERROR SUBROUTINE CALLED WITH EVERY EVENT RECORD.
1


 #TBLN:      1
 #METH: First Order Conditional Estimation with Interaction

 ESTIMATION STEP OMITTED:                 NO
 SHRINK INFO WITH EVALUATION (EVALSHRINK) NO
 ANALYSIS TYPE:                           POPULATION
 NUMBER OF SADDLE POINT RESET ITERATIONS:      0
 GRADIENT METHOD USED:               NOSLOW
 CONDITIONAL ESTIMATES USED:              YES
 CENTERED ETA:                            NO
 EPS-ETA INTERACTION:                     YES
 LAPLACIAN OBJ. FUNC.:                    NO
 NO. OF FUNCT. EVALS. ALLOWED:            9999
 NO. OF SIG. FIGURES REQUIRED:            3
 INTERMEDIATE PRINTOUT:                   YES
 ESTIMATE OUTPUT TO MSF:                  NO
 ABORT WITH PRED EXIT CODE 1:             NO
 IND. OBJ. FUNC. VALUES SORTED:           NO
 NUMERICAL DERIVATIVE
       FILE REQUEST (NUMDER):               NONE
 MAP (ETAHAT) ESTIMATION METHOD (OPTMAP):   0
 ETA HESSIAN EVALUATION METHOD (ETADER):    0
 INITIAL ETA FOR MAP ESTIMATION (MCETA):    0
 SIGDIGITS FOR MAP ESTIMATION (SIGLO):      9
 GRADIENT SIGDIGITS OF
       FIXED EFFECTS PARAMETERS (SIGL):     9
 NOPRIOR SETTING (NOPRIOR):                 0
 NOCOV SETTING (NOCOV):                     OFF
 DERCONT SETTING (DERCONT):                 OFF
 FINAL ETA RE-EVALUATION (FNLETA):          1
 EXCLUDE NON-INFLUENTIAL (NON-INFL.) ETAS
       IN SHRINKAGE (ETASTYPE):             NO
 NON-INFL. ETA CORRECTION (NONINFETA):      0
 RAW OUTPUT FILE (FILE): ped103.ext
 EXCLUDE TITLE (NOTITLE):                   NO
 EXCLUDE COLUMN LABELS (NOLABEL):           NO
 FORMAT FOR ADDITIONAL FILES (FORMAT):      S1PE12.5
 PARAMETER ORDER FOR OUTPUTS (ORDER):       TSOL
 KNUTHSUMOFF:                               0
 INCLUDE LNTWOPI:                           NO
 INCLUDE CONSTANT TERM TO PRIOR (PRIORC):   NO
 INCLUDE CONSTANT TERM TO OMEGA (ETA) (OLNTWOPI):NO
 ADDITIONAL CONVERGENCE TEST (CTYPE=4)?:    NO
 EM OR BAYESIAN METHOD USED:                 NONE


 THE FOLLOWING LABELS ARE EQUIVALENT
 PRED=PREDI
 RES=RESI
 WRES=WRESI
 IWRS=IWRESI
 IPRD=IPREDI
 IRS=IRESI

 MONITORING OF SEARCH:


0ITERATION NO.:    0    OBJECTIVE VALUE:  -270.616910878409        NO. OF FUNC. EVALS.:   7
 CUMULATIVE NO. OF FUNC. EVALS.:        7
 NPARAMETR:  5.0000E+00  4.0000E+01  2.0000E-01  1.0000E-01  5.0000E+01  1.0000E-01  5.0000E-02
 PARAMETER:  1.0000E-01  1.0000E-01  1.0000E-01  1.0000E-01  1.0000E-01  1.0000E-01  1.0000E-01
 GRADIENT:  -1.0160E+02 -3.0046E+01  1.4307E+02 -1.9722E+01 -7.4060E+01  4.3797E+01  1.6616E+01

0ITERATION NO.:    5    OBJECTIVE VALUE:  -299.797306646783        NO. OF FUNC. EVALS.:  41
 CUMULATIVE NO. OF FUNC. EVALS.:       48
 NPARAMETR:  5.5333E+00  4.1213E+01  1.4273E-01  1.0463E-01  5.5055E+01  7.5218E-02  4.5600E-02
 PARAMETER:  2.0135E-01  1.2988E-01 -2.3738E-01  1.4523E-01  1.9631E-01 -4.2391E-02  5.3940E-02
 GRADIENT:  -9.9081E+01  1.0297E+02 -1.8951E+00 -1.8479E-01  1.8096E+02 -1.9331E+01 -5.5117E+00

0ITERATION NO.:   10    OBJECTIVE VALUE:  -304.981528205375        NO. OF FUNC. EVALS.:  43
 CUMULATIVE NO. OF FUNC. EVALS.:       91
 NPARAMETR:  5.7108E+00  4.0267E+01  1.4361E-01  1.0466E-01  5.3754E+01  7.9854E-02  4.6146E-02
 PARAMETER:  2.3293E-01  1.0666E-01 -2.3122E-01  1.4556E-01  1.7240E-01 -1.2487E-02  5.9898E-02
 GRADIENT:  -7.9120E-01 -2.5936E-01  3.4671E-02  9.4919E-02  2.9685E+00 -7.2698E-01 -1.7124E-01

0ITERATION NO.:   14    OBJECTIVE VALUE:  -304.983064950674        NO. OF FUNC. EVALS.:  41
 CUMULATIVE NO. OF FUNC. EVALS.:      132
 NPARAMETR:  5.7095E+00  4.0271E+01  1.4359E-01  1.0464E-01  5.3715E+01  8.0119E-02  4.6188E-02
 PARAMETER:  2.3270E-01  1.0675E-01 -2.3132E-01  1.4540E-01  1.7167E-01 -1.0829E-02  6.0354E-02
 GRADIENT:  -3.5298E-02 -2.2335E-02 -6.6852E-04 -2.2113E-04 -1.4568E-01  1.7369E-03  8.0345E-04

 #TERM:
0MINIMIZATION SUCCESSFUL
 NO. OF FUNCTION EVALUATIONS USED:      132
 NO. OF SIG. DIGITS IN FINAL EST.:  3.5

 ETABAR IS THE ARITHMETIC MEAN OF THE ETA-ESTIMATES,
 AND THE P-VALUE IS GIVEN FOR THE NULL HYPOTHESIS THAT THE TRUE MEAN IS 0.

 ETABAR:        -1.2604E-02 -4.8350E-02
 SE:             4.6569E-02  3.2372E-02
 N:                      30          30

 P VAL.:         7.8666E-01  1.3529E-01

 ETASHRINKSD(%)  9.7760E+00  1.4486E+01
 ETASHRINKVR(%)  1.8596E+01  2.6874E+01
 EBVSHRINKSD(%)  9.0585E+00  1.9372E+01
 EBVSHRINKVR(%)  1.7296E+01  3.4991E+01
 RELATIVEINF(%)  8.2394E+01  6.4765E+01
 EPSSHRINKSD(%)  2.9244E+01
 EPSSHRINKVR(%)  4.9935E+01

  
 TOTAL DATA POINTS NORMALLY DISTRIBUTED (N):           78
 N*LOG(2PI) CONSTANT TO OBJECTIVE FUNCTION:    143.35441117992895     
 OBJECTIVE FUNCTION VALUE WITHOUT CONSTANT:   -304.98306495067436     
 OBJECTIVE FUNCTION VALUE WITH CONSTANT:      -161.62865377074542     
 REPORTED OBJECTIVE FUNCTION DOES NOT CONTAIN CONSTANT
  
 TOTAL EFFECTIVE ETAS (NIND*NETA):                            60
  
 PRIOR CONSTANT TO OBJECTIVE FUNCTION:    313.64072311941447     
 OBJECTIVE FUNCTION VALUE WITHOUT CONSTANT:   -304.98306495067436     
 OBJECTIVE FUNCTION VALUE WITH CONSTANT:       8.6576581687401131     
 REPORTED OBJECTIVE FUNCTION DOES NOT CONTAIN CONSTANT
  
 #TERE:
 Elapsed estimation  time in seconds: <SEC>
 Elapsed covariance  time in seconds: <SEC>
 Elapsed postprocess time in seconds: <SEC>
1
 
 
 
 
 
 
 
 
 
 
 
 
 
 
 
 
 
 
 
 
 ************************************************************************************************************************
 ********************                                                                                ********************
 ********************               FIRST ORDER CONDITIONAL ESTIMATION WITH INTERACTION              ********************
 #OBJT:**************                       MINIMUM VALUE OF OBJECTIVE FUNCTION                      ********************
 ********************                                                                                ********************
 ************************************************************************************************************************
 





 #OBJV:********************************************          -304.983       *********************************************
1
 ************************************************************************************************************************
 ********************                                                                                ********************
 ********************               FIRST ORDER CONDITIONAL ESTIMATION WITH INTERACTION              ********************
 ********************                             FINAL PARAMETER ESTIMATE                           ********************
 ********************                                                                                ********************
 ************************************************************************************************************************
 


 THETA - VECTOR OF FIXED EFFECTS PARAMETERS   *********


         TH 1      TH 2      TH 3      TH 4      TH 5     
 
         5.71E+00  4.03E+01  1.44E-01  1.05E-01  5.37E+01
 


 OMEGA - COV MATRIX FOR RANDOM EFFECTS - ETAS  ********


         ETA1      ETA2     
 
 ETA1
+        8.01E-02
 
 ETA2
+        0.00E+00  4.62E-02
 


 SIGMA - COV MATRIX FOR RANDOM EFFECTS - EPSILONS  ****


         EPS1     
 
 EPS1
+        1.00E+00
 
1


 OMEGA - CORR MATRIX FOR RANDOM EFFECTS - ETAS  *******


         ETA1      ETA2     
 
 ETA1
+        2.83E-01
 
 ETA2
+        0.00E+00  2.15E-01
 


 SIGMA - CORR MATRIX FOR RANDOM EFFECTS - EPSILONS  ***


         EPS1     
 
 EPS1
+        1.00E+00
 
1
 ************************************************************************************************************************
 ********************                                                                                ********************
 ********************               FIRST ORDER CONDITIONAL ESTIMATION WITH INTERACTION              ********************
 ********************                            STANDARD ERROR OF ESTIMATE                          ********************
 ********************                                                                                ********************
 ************************************************************************************************************************
 


 THETA - VECTOR OF FIXED EFFECTS PARAMETERS   *********


         TH 1      TH 2      TH 3      TH 4      TH 5     
 
         2.35E-01  9.09E-01  1.35E-02  6.20E-03  1.39E+00
 


 OMEGA - COV MATRIX FOR RANDOM EFFECTS - ETAS  ********


         ETA1      ETA2     
 
 ETA1
+        1.11E-02
 
 ETA2
+       .........  6.13E-03
 


 SIGMA - COV MATRIX FOR RANDOM EFFECTS - EPSILONS  ****


         EPS1     
 
 EPS1
+       .........
 
1


 OMEGA - CORR MATRIX FOR RANDOM EFFECTS - ETAS  *******


         ETA1      ETA2     
 
 ETA1
+        1.97E-02
 
 ETA2
+       .........  1.43E-02
 


 SIGMA - CORR MATRIX FOR RANDOM EFFECTS - EPSILONS  ***


         EPS1     
 
 EPS1
+       .........
 
1
 ************************************************************************************************************************
 ********************                                                                                ********************
 ********************               FIRST ORDER CONDITIONAL ESTIMATION WITH INTERACTION              ********************
 ********************                          COVARIANCE MATRIX OF ESTIMATE                         ********************
 ********************                                                                                ********************
 ************************************************************************************************************************
 

            TH 1      TH 2      TH 3      TH 4      TH 5      OM11      OM12      OM22      SG11  
 
 TH 1
+        5.54E-02
 
 TH 2
+       -1.08E-03  8.27E-01
 
 TH 3
+       -5.88E-06 -6.01E-04  1.83E-04
 
 TH 4
+        4.71E-06  1.77E-04 -1.35E-06  3.85E-05
 
 TH 5
+        1.89E-01 -9.82E-02  8.59E-04  2.67E-04  1.94E+00
 
 OM11
+        2.31E-05 -4.33E-04 -6.96E-06  1.24E-06  2.86E-04  1.24E-04
 
 OM12
+       ......... ......... ......... ......... ......... ......... .........
 
 OM22
+        4.52E-06  6.17E-04  4.04E-06 -1.37E-06  4.05E-04  3.48E-06 .........  3.75E-05
 
 SG11
+       ......... ......... ......... ......... ......... ......... ......... ......... .........
 
1
 ************************************************************************************************************************
 ********************                                                                                ********************
 ********************               FIRST ORDER CONDITIONAL ESTIMATION WITH INTERACTION              ********************
 ********************                          CORRELATION MATRIX OF ESTIMATE                        ********************
 ********************                                                                                ********************
 ************************************************************************************************************************
 

            TH 1      TH 2      TH 3      TH 4      TH 5      OM11      OM12      OM22      SG11  
 
 TH 1
+        2.35E-01
 
 TH 2
+       -5.05E-03  9.09E-01
 
 TH 3
+       -1.85E-03 -4.89E-02  1.35E-02
 
 TH 4
+        3.23E-03  3.13E-02 -1.62E-02  6.20E-03
 
 TH 5
+        5.77E-01 -7.74E-02  4.56E-02  3.08E-02  1.39E+00
 
 OM11
+        8.80E-03 -4.28E-02 -4.62E-02  1.80E-02  1.84E-02  1.11E-02
 
 OM12
+       ......... ......... ......... ......... ......... ......... .........
 
 OM22
+        3.14E-03  1.11E-01  4.88E-02 -3.61E-02  4.74E-02  5.10E-02 .........  6.13E-03
 
 SG11
+       ......... ......... ......... ......... ......... ......... ......... ......... .........
 
1
 ************************************************************************************************************************
 ********************                                                                                ********************
 ********************               FIRST ORDER CONDITIONAL ESTIMATION WITH INTERACTION              ********************
 ********************                      INVERSE COVARIANCE MATRIX OF ESTIMATE                     ********************
 ********************                                                                                ********************
 ************************************************************************************************************************
 

            TH 1      TH 2      TH 3      TH 4      TH 5      OM11      OM12      OM22      SG11  
 
 TH 1
+        2.72E+01
 
 TH 2
+       -3.00E-01  1.24E+00
 
 TH 3
+        1.20E+01  4.28E+00  5.54E+03
 
 TH 4
+        1.81E+01 -7.15E+00  1.62E+02  2.61E+04
 
 TH 5
+       -2.68E+00  9.52E-02 -3.33E+00 -5.97E+00  7.85E-01
 
 OM11
+       -2.87E-01  5.13E+00  3.48E+02 -2.99E+02 -8.38E-01  8.13E+03
 
 OM12
+       ......... ......... ......... ......... ......... ......... .........
 
 OM22
+        2.99E+01 -2.26E+01 -6.58E+02  1.14E+03 -9.49E+00 -8.76E+02 .........  2.73E+04
 
 SG11
+       ......... ......... ......... ......... ......... ......... ......... ......... .........
 
1
 
 
 
 
 
 
 
 
 
 
 
 
 
 
 
 
 
 
 
 
 ************************************************************************************************************************
 ********************                                                                                ********************
 ********************               FIRST ORDER CONDITIONAL ESTIMATION WITH INTERACTION              ********************
 ********************                      EIGENVALUES OF COR MATRIX OF ESTIMATE                     ********************
 ********************                                                                                ********************
 ************************************************************************************************************************
 

             1         2         3         4         5         6         7
 
         4.13E-01  8.13E-01  9.82E-01  1.03E+00  1.06E+00  1.11E+00  1.59E+00
 
 Elapsed finaloutput time in seconds: <SEC>
 #CPUT: Total CPU Time in Seconds, <SEC>
Stop Time: 
<DATE>
<TIME>
