Changing directory to 124etaeps.R76
'pushdon' is not recognized as an internal or external command,
operable program or batch file.
Pathlist information for compiler and MPI systems are located in nmpathlist.txt

Starting NMTRAN
  
 WARNINGS AND ERRORS (IF ANY) FOR PROBLEM    1
             
 (WARNING  2) NM-TRAN INFERS THAT THE DATA ARE POPULATION.
Recompiling certain components.
starting wait
ending wait
Exiting lpreddo
Compiling FSUBS
Building NONMEM Executable
Starting nonmem execution ...
License Registered to: <LICENSEE>
Expiration Date: <DATE>
Current Date: <DATE>
Days until program expires : <N>


 First Order Conditional Estimation with Interaction
 MONITORING OF SEARCH:


0ITERATION NO.:    0    OBJECTIVE VALUE:  -2165.68731908035        NO. OF FUNC. EVALS.:   7
 CUMULATIVE NO. OF FUNC. EVALS.:        7
 NPARAMETR:  1.0000E+00  3.0000E+00  5.0000E+01  5.0000E-02  1.0000E-01  1.0000E-01  1.0000E-01  5.0000E-02  1.0000E-01
 PARAMETER:  1.0000E-01  1.0000E-01  1.0000E-01  1.0000E-01  1.0000E-01  1.0000E-01  1.0000E-01  1.0000E-01  1.0000E-01
 GRADIENT:  -1.0944E+02 -5.7712E+01  2.5425E+01 -1.6759E+02 -2.5087E+02 -6.3128E+01 -2.2905E+02  2.3795E+01 -9.1799E+01

0ITERATION NO.:    5    OBJECTIVE VALUE:  -2348.62993332895        NO. OF FUNC. EVALS.:  40
 CUMULATIVE NO. OF FUNC. EVALS.:       47
 NPARAMETR:  1.0022E+00  2.9804E+00  5.3482E+01  1.1600E-01  1.3730E-01  1.9096E-01  5.6374E-01  2.9379E-02  2.8226E-02
 PARAMETER:  1.0221E-01  9.3451E-02  1.6732E-01  9.4153E-01  4.1702E-01  4.2346E-01  9.6471E-01 -1.6588E-01 -5.3246E-01
 GRADIENT:  -7.2057E+01 -9.2474E+00  2.4435E+02  3.1020E+01  5.5132E+01 -9.3219E-01  4.5669E+01 -3.1145E+01  1.5753E+01

0ITERATION NO.:   10    OBJECTIVE VALUE:  -2369.24215975552        NO. OF FUNC. EVALS.:  47
 CUMULATIVE NO. OF FUNC. EVALS.:       94
 NPARAMETR:  1.1331E+00  3.4384E+00  4.9457E+01  1.1182E-01  1.3503E-01  1.9645E-01  3.6115E-01  3.2159E-02  2.3194E-02
 PARAMETER:  2.2497E-01  2.3639E-01  8.9078E-02  9.0486E-01  4.0034E-01  4.3762E-01  7.4207E-01 -1.2067E-01 -6.3065E-01
 GRADIENT:   9.4400E+00  2.9943E+01 -2.7678E+01  6.6422E+00  3.1546E+01  7.8103E+00  6.7099E+00 -7.4299E+00  1.1123E+01

0ITERATION NO.:   15    OBJECTIVE VALUE:  -2373.39422735923        NO. OF FUNC. EVALS.:  42
 CUMULATIVE NO. OF FUNC. EVALS.:      136
 NPARAMETR:  1.1167E+00  3.1362E+00  4.9854E+01  1.1528E-01  1.3047E-01  1.7786E-01  3.3299E-01  3.5510E-02  1.2642E-02
 PARAMETER:  2.1039E-01  1.4440E-01  9.7078E-02  9.3531E-01  3.6595E-01  3.8790E-01  7.0147E-01 -7.1098E-02 -9.3407E-01
 GRADIENT:   4.3569E-01  2.7020E-01 -9.8465E-01 -5.8830E-01 -2.0949E-01 -5.7565E-02  1.2275E-01  8.7099E-02  1.9090E-01

0ITERATION NO.:   19    OBJECTIVE VALUE:  -2373.39614990356        NO. OF FUNC. EVALS.:  41
 CUMULATIVE NO. OF FUNC. EVALS.:      177
 NPARAMETR:  1.1159E+00  3.1339E+00  4.9869E+01  1.1547E-01  1.3044E-01  1.7799E-01  3.3261E-01  3.5471E-02  1.2389E-02
 PARAMETER:  2.0964E-01  1.4366E-01  9.7378E-02  9.3698E-01  3.6577E-01  3.8828E-01  7.0090E-01 -7.1649E-02 -9.4417E-01
 GRADIENT:  -7.0751E-02 -4.3471E-02 -7.6561E-02 -2.6681E-03  9.7300E-03  1.5951E-03 -9.5585E-03 -6.4204E-03  9.2853E-03
 Elapsed estimation  time in seconds: <SEC>
 Elapsed covariance  time in seconds: <SEC>
 Elapsed postprocess time in seconds: <SEC>
 Elapsed finaloutput time in seconds: <SEC>
Done with nonmem execution
wall seconds: 21.1
