<DATE>
<TIME>
$PROB IOV DATA, 1COMP ORAL, IIV ON RESIDUAL MAGNITUDE   P:120base  F:BASE
$INPUT ID TIME AMT DV MDV EVID OCC POP
$DATA ../../data/iov-sim.csv IGNORE=@
$SUBR ADVAN2 TRANS2
$ABBR DERIV2=NO

$PK
  KA = THETA(1) * EXP(ETA(1))
  CL = THETA(2) * EXP(ETA(2))
  V  = THETA(3) * EXP(ETA(3))
  S2 = V

$ERROR
  IPRE = F
  W    = 1
  W    = SQRT(THETA(4)**2 + THETA(5)**2 * IPRE**2) * EXP(ETA(4))   ; individual error scale
  IF (W.LT.1E-6) W = 1E-6
  IRES = DV - IPRE
  IWRE = IRES / W
  Y    = IPRE + W * EPS(1)

$THETA
  (0, 1)       ; KA (1/h)
  (0, 3)       ; CL (L/h)
  (0, 50)      ; V  (L)
  (0, 0.05)    ; additive error SD (mg/L)
  (0, 0.1)     ; proportional error CV

$OMEGA
  0.1          ; KA
  0.1          ; CL
  0.05         ; V
  0.1          ; residual scale

$SIGMA 1 FIX

$EST MAX=9999 PRINT=5 METHOD=COND INTER NSIG=3 SIGL=9
     NOABORT NOTBT NOOBT NOSBT
$COV UNCOND PRINT=E
$TAB ID TIME AMT DV MDV EVID OCC KA CL V IPRE IWRE CWRES
     ONEHEADER NOPRINT FILE=sdtab
$TAB ID KA CL V ETA1 ETA2 ETA3 ETA4
     ONEHEADER NOPRINT NOAPPEND FILE=patab
$TAB ID OCC
     ONEHEADER NOPRINT NOAPPEND FILE=cotab
$TAB ID POP
     ONEHEADER NOPRINT NOAPPEND FILE=catab
  
NM-TRAN MESSAGES 
  
 WARNINGS AND ERRORS (IF ANY) FOR PROBLEM    1
             
 (WARNING  2) NM-TRAN INFERS THAT THE DATA ARE POPULATION.
  
License Registered to: <LICENSEE>
Expiration Date: <DATE>
Current Date: <DATE>
Days until program expires : <N>

NONLINEAR MIXED EFFECTS MODEL PROGRAM (NONMEM) VERSION 7.6.0 (nm760)
ORIGINALLY DEVELOPED BY STUART BEAL, LEWIS SHEINER, AND ALISON BOECKMANN
CURRENT DEVELOPERS ARE ROBERT BAUER, ICON DEVELOPMENT SOLUTIONS,
AND ALISON BOECKMANN. IMPLEMENTATION, EFFICIENCY, AND STANDARDIZATION
PERFORMED BY NOUS INFOSYSTEMS.

PROBLEM NO.:         1
IOV DATA, 1COMP ORAL, IIV ON RESIDUAL MAGNITUDE   P:120base  F:BASE

DATA CHECKOUT RUN:              NO
DATA SET LOCATED ON UNIT NO.:    2
THIS UNIT TO BE REWOUND:        NO
CREATE/ADD TO FDATA.csv:        YES
NO. OF DATA RECS IN DATA SET:     1440
NO. OF DATA ITEMS IN DATA SET:   8
ID DATA ITEM IS DATA ITEM NO.:   1
DEP VARIABLE IS DATA ITEM NO.:   4
MDV DATA ITEM IS DATA ITEM NO.:  5

INDICES PASSED TO SUBROUTINE PRED:
  6   2   3   0   0   0   0   0   0   0   0

LABELS FOR DATA ITEMS:
ID TIME AMT DV MDV EVID OCC POP

(NONBLANK) LABELS FOR PRED-DEFINED ITEMS:
KA CL V IPRE IWRE

FORMAT FOR DATA:
(8E6.0)

TOT. NO. OF OBS RECS:     1260
TOT. NO. OF INDIVIDUALS:       60

LENGTH OF THETA:   5

DEFAULT THETA BOUNDARY TEST OMITTED:   YES

OMEGA HAS SIMPLE DIAGONAL FORM WITH DIMENSION:   4

DEFAULT OMEGA BOUNDARY TEST OMITTED:   YES

SIGMA HAS SIMPLE DIAGONAL FORM WITH DIMENSION:   1

DEFAULT SIGMA BOUNDARY TEST OMITTED:   YES

INITIAL ESTIMATE OF THETA:
LOWER BOUND    INITIAL EST    UPPER BOUND
 0.0000E+00     0.1000E+01     0.1000E+07
 0.0000E+00     0.3000E+01     0.1000E+07
 0.0000E+00     0.5000E+02     0.1000E+07
 0.0000E+00     0.5000E-01     0.1000E+07
 0.0000E+00     0.1000E+00     0.1000E+07

INITIAL ESTIMATE OF OMEGA:
0.1000E+00
0.0000E+00   0.1000E+00
0.0000E+00   0.0000E+00   0.5000E-01
0.0000E+00   0.0000E+00   0.0000E+00   0.1000E+00

INITIAL ESTIMATE OF SIGMA:
0.1000E+01

SIGMA CONSTRAINED TO BE THIS INITIAL ESTIMATE

COVARIANCE STEP OMITTED:        NO
EIGENVLS. PRINTED:             YES
SPECIAL COMPUTATION:            NO
COMPRESSED FORMAT:              NO
GRADIENT METHOD USED:     NOSLOW
SIGDIGITS ETAHAT (SIGLO):                  -1
SIGDIGITS GRADIENTS (SIGL):                -1
EXCLUDE COV FOR FOCE (NOFCOV):              NO
Cholesky Transposition of R Matrix (CHOLROFF):0
KNUTHSUMOFF:                                -1
RESUME COV ANALYSIS (RESUME):               NO
SIR SAMPLE SIZE (SIRSAMPLE):
NON-LINEARLY TRANSFORM THETAS DURING COV (THBND): 1
PRECONDTIONING CYCLES (PRECOND):        0
PRECONDTIONING TYPES (PRECONDS):        TOS
FORCED PRECONDTIONING CYCLES (PFCOND):0
PRECONDTIONING TYPE (PRETYPE):        0
FORCED POS. DEFINITE SETTING DURING PRECONDITIONING: (FPOSDEF):0
SIMPLE POS. DEFINITE SETTING: (POSDEF):-1

TABLES STEP OMITTED:    NO
NO. OF TABLES:           4
SEED NUMBER (SEED):    11456
NPDTYPE:    0
INTERPTYPE:    0
RANMETHOD:             3U
MC SAMPLES (ESAMPLE):    300
WRES SQUARE ROOT TYPE (WRESCHOL): EIGENVALUE

-- TABLE   1 --

RECORDS ONLY:    ALL

4 COLUMNS APPENDED:    YES
PRINTED:                NO
HEADERS:               ONE
FILE TO BE FORWARDED:   NO
FORMAT:                S1PE11.4
IDFORMAT:
LFORMAT:
RFORMAT:
FIXED_EFFECT_ETAS:

USER-CHOSEN ITEMS:
ID TIME AMT DV MDV EVID OCC KA CL V IPRE IWRE CWRES

-- TABLE   2 --

RECORDS ONLY:    ALL

4 COLUMNS APPENDED:    NO
PRINTED:                NO
HEADERS:               ONE
FILE TO BE FORWARDED:   NO
FORMAT:                S1PE11.4
IDFORMAT:
LFORMAT:
RFORMAT:
FIXED_EFFECT_ETAS:

USER-CHOSEN ITEMS:
ID KA CL V ETA1 ETA2 ETA3 ETA4

-- TABLE   3 --

RECORDS ONLY:    ALL

4 COLUMNS APPENDED:    NO
PRINTED:                NO
HEADERS:               ONE
FILE TO BE FORWARDED:   NO
FORMAT:                S1PE11.4
IDFORMAT:
LFORMAT:
RFORMAT:
FIXED_EFFECT_ETAS:

USER-CHOSEN ITEMS:
ID OCC

-- TABLE   4 --

RECORDS ONLY:    ALL

4 COLUMNS APPENDED:    NO
PRINTED:                NO
HEADERS:               ONE
FILE TO BE FORWARDED:   NO
FORMAT:                S1PE11.4
IDFORMAT:
LFORMAT:
RFORMAT:
FIXED_EFFECT_ETAS:

USER-CHOSEN ITEMS:
ID POP

DOUBLE PRECISION PREDPP VERSION 7.6.0 (nm760)

ONE COMPARTMENT MODEL WITH FIRST-ORDER ABSORPTION (ADVAN2)

MAXIMUM NO. OF BASIC PK PARAMETERS:   3

BASIC PK PARAMETERS (AFTER TRANSLATION):
  ELIMINATION RATE (K) IS BASIC PK PARAMETER NO.:  1
  ABSORPTION RATE (KA) IS BASIC PK PARAMETER NO.:  3

TRANSLATOR WILL CONVERT PARAMETERS
CLEARANCE (CL) AND VOLUME (V) TO K (TRANS2)

COMPARTMENT ATTRIBUTES
COMPT. NO.   FUNCTION   INITIAL    ON/OFF      DOSE      DEFAULT    DEFAULT
                        STATUS     ALLOWED    ALLOWED    FOR DOSE   FOR OBS.
   1         DEPOT        OFF        YES        YES        YES        NO
   2         CENTRAL      ON         NO         YES        NO         YES
   3         OUTPUT       OFF        YES        NO         NO         NO


ADDITIONAL PK PARAMETERS - ASSIGNMENT OF ROWS IN GG
COMPT. NO.                             INDICES
             SCALE      BIOAVAIL.   ZERO-ORDER  ZERO-ORDER  ABSORB
                        FRACTION    RATE        DURATION    LAG
   1            *           *           *           *           *
   2            4           *           *           *           *
   3            *           -           -           -           -
            - PARAMETER IS NOT ALLOWED FOR THIS MODEL
            * PARAMETER IS NOT SUPPLIED BY PK SUBROUTINE;
              WILL DEFAULT TO ONE IF APPLICABLE

DATA ITEM INDICES USED BY PRED ARE:
  EVENT ID DATA ITEM IS DATA ITEM NO.:      6
  TIME DATA ITEM IS DATA ITEM NO.:          2
  DOSE AMOUNT DATA ITEM IS DATA ITEM NO.:   3


PK SUBROUTINE CALLED WITH EVERY EVENT RECORD.
PK SUBROUTINE NOT CALLED AT NONEVENT (ADDITIONAL OR LAGGED) DOSE TIMES.

ERROR SUBROUTINE CALLED WITH EVERY EVENT RECORD.




#TBLN:      1
#METH: First Order Conditional Estimation with Interaction

ESTIMATION STEP OMITTED:                 NO
SHRINK INFO WITH EVALUATION (EVALSHRINK) NO
ANALYSIS TYPE:                           POPULATION
NUMBER OF SADDLE POINT RESET ITERATIONS:      0
GRADIENT METHOD USED:               NOSLOW
CONDITIONAL ESTIMATES USED:              YES
CENTERED ETA:                            NO
EPS-ETA INTERACTION:                     YES
LAPLACIAN OBJ. FUNC.:                    NO
NO. OF FUNCT. EVALS. ALLOWED:            9999
NO. OF SIG. FIGURES REQUIRED:            3
INTERMEDIATE PRINTOUT:                   YES
ESTIMATE OUTPUT TO MSF:                  NO
ABORT WITH PRED EXIT CODE 1:             NO
IND. OBJ. FUNC. VALUES SORTED:           NO
NUMERICAL DERIVATIVE
      FILE REQUEST (NUMDER):               NONE
MAP (ETAHAT) ESTIMATION METHOD (OPTMAP):   0
ETA HESSIAN EVALUATION METHOD (ETADER):    0
INITIAL ETA FOR MAP ESTIMATION (MCETA):    0
SIGDIGITS FOR MAP ESTIMATION (SIGLO):      9
GRADIENT SIGDIGITS OF
      FIXED EFFECTS PARAMETERS (SIGL):     9
NOPRIOR SETTING (NOPRIOR):                 0
NOCOV SETTING (NOCOV):                     OFF
DERCONT SETTING (DERCONT):                 OFF
FINAL ETA RE-EVALUATION (FNLETA):          1
EXCLUDE NON-INFLUENTIAL (NON-INFL.) ETAS
      IN SHRINKAGE (ETASTYPE):             NO
NON-INFL. ETA CORRECTION (NONINFETA):      0
RAW OUTPUT FILE (FILE): 124etaeps.ext
EXCLUDE TITLE (NOTITLE):                   NO
EXCLUDE COLUMN LABELS (NOLABEL):           NO
FORMAT FOR ADDITIONAL FILES (FORMAT):      S1PE12.5
PARAMETER ORDER FOR OUTPUTS (ORDER):       TSOL
KNUTHSUMOFF:                               0
INCLUDE LNTWOPI:                           NO
INCLUDE CONSTANT TERM TO PRIOR (PRIORC):   NO
INCLUDE CONSTANT TERM TO OMEGA (ETA) (OLNTWOPI):NO
ADDITIONAL CONVERGENCE TEST (CTYPE=4)?:    NO
EM OR BAYESIAN METHOD USED:                 NONE


THE FOLLOWING LABELS ARE EQUIVALENT
PRED=PREDI
RES=RESI
WRES=WRESI
IWRS=IWRESI
IPRD=IPREDI
IRS=IRESI

MONITORING OF SEARCH:



ITERATION NO.:    0    OBJECTIVE VALUE:  -2165.68731908035        NO. OF FUNC. EVALS.:   7
CUMULATIVE NO. OF FUNC. EVALS.:        7
NPARAMETR:  1.0000E+00  3.0000E+00  5.0000E+01  5.0000E-02  1.0000E-01  1.0000E-01  1.0000E-01  5.0000E-02  1.0000E-01
PARAMETER:  1.0000E-01  1.0000E-01  1.0000E-01  1.0000E-01  1.0000E-01  1.0000E-01  1.0000E-01  1.0000E-01  1.0000E-01
GRADIENT:  -1.0944E+02 -5.7712E+01  2.5425E+01 -1.6759E+02 -2.5087E+02 -6.3128E+01 -2.2905E+02  2.3795E+01 -9.1799E+01


ITERATION NO.:    5    OBJECTIVE VALUE:  -2348.62993332895        NO. OF FUNC. EVALS.:  40
CUMULATIVE NO. OF FUNC. EVALS.:       47
NPARAMETR:  1.0022E+00  2.9804E+00  5.3482E+01  1.1600E-01  1.3730E-01  1.9096E-01  5.6374E-01  2.9379E-02  2.8226E-02
PARAMETER:  1.0221E-01  9.3451E-02  1.6732E-01  9.4153E-01  4.1702E-01  4.2346E-01  9.6471E-01 -1.6588E-01 -5.3246E-01
GRADIENT:  -7.2057E+01 -9.2474E+00  2.4435E+02  3.1020E+01  5.5132E+01 -9.3219E-01  4.5669E+01 -3.1145E+01  1.5753E+01


ITERATION NO.:   10    OBJECTIVE VALUE:  -2369.24215975552        NO. OF FUNC. EVALS.:  47
CUMULATIVE NO. OF FUNC. EVALS.:       94
NPARAMETR:  1.1331E+00  3.4384E+00  4.9457E+01  1.1182E-01  1.3503E-01  1.9645E-01  3.6115E-01  3.2159E-02  2.3194E-02
PARAMETER:  2.2497E-01  2.3639E-01  8.9078E-02  9.0486E-01  4.0034E-01  4.3762E-01  7.4207E-01 -1.2067E-01 -6.3065E-01
GRADIENT:   9.4400E+00  2.9943E+01 -2.7678E+01  6.6422E+00  3.1546E+01  7.8103E+00  6.7099E+00 -7.4299E+00  1.1123E+01


ITERATION NO.:   15    OBJECTIVE VALUE:  -2373.39422735923        NO. OF FUNC. EVALS.:  42
CUMULATIVE NO. OF FUNC. EVALS.:      136
NPARAMETR:  1.1167E+00  3.1362E+00  4.9854E+01  1.1528E-01  1.3047E-01  1.7786E-01  3.3299E-01  3.5510E-02  1.2642E-02
PARAMETER:  2.1039E-01  1.4440E-01  9.7078E-02  9.3531E-01  3.6595E-01  3.8790E-01  7.0147E-01 -7.1098E-02 -9.3407E-01
GRADIENT:   4.3569E-01  2.7020E-01 -9.8465E-01 -5.8830E-01 -2.0949E-01 -5.7565E-02  1.2275E-01  8.7099E-02  1.9090E-01


ITERATION NO.:   19    OBJECTIVE VALUE:  -2373.39614990356        NO. OF FUNC. EVALS.:  41
CUMULATIVE NO. OF FUNC. EVALS.:      177
NPARAMETR:  1.1159E+00  3.1339E+00  4.9869E+01  1.1547E-01  1.3044E-01  1.7799E-01  3.3261E-01  3.5471E-02  1.2389E-02
PARAMETER:  2.0964E-01  1.4366E-01  9.7378E-02  9.3698E-01  3.6577E-01  3.8828E-01  7.0090E-01 -7.1649E-02 -9.4417E-01
GRADIENT:  -7.0751E-02 -4.3471E-02 -7.6561E-02 -2.6681E-03  9.7300E-03  1.5951E-03 -9.5585E-03 -6.4204E-03  9.2853E-03

#TERM:

MINIMIZATION SUCCESSFUL
NO. OF FUNCTION EVALUATIONS USED:      177
NO. OF SIG. DIGITS IN FINAL EST.:  3.0

ETABAR IS THE ARITHMETIC MEAN OF THE ETA-ESTIMATES,
AND THE P-VALUE IS GIVEN FOR THE NULL HYPOTHESIS THAT THE TRUE MEAN IS 0.

ETABAR:        -8.6872E-03  2.5669E-03 -6.4141E-03 -2.2742E-02
SE:             5.0581E-02  7.3042E-02  2.2335E-02  9.1661E-03
N:                      60          60          60          60

P VAL.:         8.6363E-01  9.7197E-01  7.7397E-01  1.3099E-02

ETASHRINKSD(%)  7.1101E+00  1.8963E+00  8.0779E+00  3.3020E+01
ETASHRINKVR(%)  1.3715E+01  3.7566E+00  1.5503E+01  5.5137E+01
EBVSHRINKSD(%)  6.8359E+00  1.5337E+00  7.9961E+00  4.1842E+01
EBVSHRINKVR(%)  1.3204E+01  3.0438E+00  1.5353E+01  6.6176E+01
RELATIVEINF(%)  8.5508E+01  9.6819E+01  8.3311E+01  3.3809E+01
EPSSHRINKSD(%)  4.4703E+00
EPSSHRINKVR(%)  8.7409E+00

 
TOTAL DATA POINTS NORMALLY DISTRIBUTED (N):         1260
N*LOG(2PI) CONSTANT TO OBJECTIVE FUNCTION:    2315.7251036757752     
OBJECTIVE FUNCTION VALUE WITHOUT CONSTANT:   -2373.3961499035559     
OBJECTIVE FUNCTION VALUE WITH CONSTANT:      -57.671046227780607     
REPORTED OBJECTIVE FUNCTION DOES NOT CONTAIN CONSTANT
 
TOTAL EFFECTIVE ETAS (NIND*NETA):                           240
 
#TERE:
Elapsed estimation  time in seconds: <SEC>
Elapsed covariance  time in seconds: <SEC>
Elapsed postprocess time in seconds: <SEC>






















************************************************************************************************************************
********************                                                                                ********************
********************               FIRST ORDER CONDITIONAL ESTIMATION WITH INTERACTION              ********************
#OBJT:**************                       MINIMUM VALUE OF OBJECTIVE FUNCTION                      ********************
********************                                                                                ********************
************************************************************************************************************************






#OBJV:********************************************         -2373.396       *********************************************


************************************************************************************************************************
********************                                                                                ********************
********************               FIRST ORDER CONDITIONAL ESTIMATION WITH INTERACTION              ********************
********************                             FINAL PARAMETER ESTIMATE                           ********************
********************                                                                                ********************
************************************************************************************************************************



THETA - VECTOR OF FIXED EFFECTS PARAMETERS   *********


        TH 1      TH 2      TH 3      TH 4      TH 5     

        1.12E+00  3.13E+00  4.99E+01  1.15E-01  1.30E-01



OMEGA - COV MATRIX FOR RANDOM EFFECTS - ETAS  ********


        ETA1      ETA2      ETA3      ETA4     

ETA1    1.78E-01

ETA2    0.00E+00  3.33E-01

ETA3    0.00E+00  0.00E+00  3.55E-02

ETA4    0.00E+00  0.00E+00  0.00E+00  1.24E-02



SIGMA - COV MATRIX FOR RANDOM EFFECTS - EPSILONS  ****


        EPS1     

EPS1    1.00E+00





OMEGA - CORR MATRIX FOR RANDOM EFFECTS - ETAS  *******


        ETA1      ETA2      ETA3      ETA4     

ETA1    4.22E-01

ETA2    0.00E+00  5.77E-01

ETA3    0.00E+00  0.00E+00  1.88E-01

ETA4    0.00E+00  0.00E+00  0.00E+00  1.11E-01



SIGMA - CORR MATRIX FOR RANDOM EFFECTS - EPSILONS  ***


        EPS1     

EPS1    1.00E+00



************************************************************************************************************************
********************                                                                                ********************
********************               FIRST ORDER CONDITIONAL ESTIMATION WITH INTERACTION              ********************
********************                            STANDARD ERROR OF ESTIMATE                          ********************
********************                                                                                ********************
************************************************************************************************************************



THETA - VECTOR OF FIXED EFFECTS PARAMETERS   *********


        TH 1      TH 2      TH 3      TH 4      TH 5     

        6.47E-02  2.41E-01  1.30E+00  8.09E-03  7.52E-03



OMEGA - COV MATRIX FOR RANDOM EFFECTS - ETAS  ********


        ETA1      ETA2      ETA3      ETA4     

ETA1    3.68E-02

ETA2   .........  6.31E-02

ETA3   ......... .........  8.11E-03

ETA4   ......... ......... .........  8.46E-03



SIGMA - COV MATRIX FOR RANDOM EFFECTS - EPSILONS  ****


        EPS1     

EPS1   .........





OMEGA - CORR MATRIX FOR RANDOM EFFECTS - ETAS  *******


        ETA1      ETA2      ETA3      ETA4     

ETA1    4.36E-02

ETA2   .........  5.47E-02

ETA3   ......... .........  2.15E-02

ETA4   ......... ......... .........  3.80E-02



SIGMA - CORR MATRIX FOR RANDOM EFFECTS - EPSILONS  ***


        EPS1     

EPS1   .........



************************************************************************************************************************
********************                                                                                ********************
********************               FIRST ORDER CONDITIONAL ESTIMATION WITH INTERACTION              ********************
********************                          COVARIANCE MATRIX OF ESTIMATE                         ********************
********************                                                                                ********************
************************************************************************************************************************


           TH 1      TH 2      TH 3      TH 4      TH 5      OM11      OM12      OM13      OM14      OM22      OM23      OM24  
            OM33      OM34      OM44      SG11  

TH 1    4.18E-03

TH 2   -2.46E-04  5.79E-02

TH 3   -3.62E-03 -4.05E-02  1.69E+00

TH 4   -5.54E-05 -4.87E-04 -1.61E-04  6.54E-05

TH 5    5.09E-05  5.74E-04 -1.95E-03 -2.89E-05  5.66E-05

OM11   -5.44E-04 -7.03E-04 -1.30E-03  4.30E-05  3.51E-06  1.35E-03

OM12   ......... ......... ......... ......... ......... ......... .........

OM13   ......... ......... ......... ......... ......... ......... ......... .........

OM14   ......... ......... ......... ......... ......... ......... ......... ......... .........

OM22   -6.09E-05 -1.03E-02 -4.28E-03  5.72E-05  3.35E-05  3.57E-04 ......... ......... .........  3.98E-03

OM23   ......... ......... ......... ......... ......... ......... ......... ......... ......... ......... .........

OM24   ......... ......... ......... ......... ......... ......... ......... ......... ......... ......... ......... .........

OM33    2.70E-05 -3.18E-05  2.76E-03 -2.86E-06 -4.78E-06 -4.71E-05 ......... ......... ......... -8.39E-05 ......... .........
         6.57E-05

OM34   ......... ......... ......... ......... ......... ......... ......... ......... ......... ......... ......... .........
        ......... .........

OM44   -1.08E-04  2.73E-04  1.14E-03 -7.55E-06 -2.07E-05 -2.06E-05 ......... ......... ......... -5.50E-05 ......... .........
        -1.35E-06 .........  7.16E-05

SG11   ......... ......... ......... ......... ......... ......... ......... ......... ......... ......... ......... .........
        ......... ......... ......... .........



************************************************************************************************************************
********************                                                                                ********************
********************               FIRST ORDER CONDITIONAL ESTIMATION WITH INTERACTION              ********************
********************                          CORRELATION MATRIX OF ESTIMATE                        ********************
********************                                                                                ********************
************************************************************************************************************************


           TH 1      TH 2      TH 3      TH 4      TH 5      OM11      OM12      OM13      OM14      OM22      OM23      OM24  
            OM33      OM34      OM44      SG11  

TH 1    6.47E-02

TH 2   -1.58E-02  2.41E-01

TH 3   -4.30E-02 -1.29E-01  1.30E+00

TH 4   -1.06E-01 -2.50E-01 -1.53E-02  8.09E-03

TH 5    1.05E-01  3.17E-01 -2.00E-01 -4.74E-01  7.52E-03

OM11   -2.29E-01 -7.94E-02 -2.73E-02  1.44E-01  1.27E-02  3.68E-02

OM12   ......... ......... ......... ......... ......... ......... .........

OM13   ......... ......... ......... ......... ......... ......... ......... .........

OM14   ......... ......... ......... ......... ......... ......... ......... ......... .........

OM22   -1.49E-02 -6.77E-01 -5.22E-02  1.12E-01  7.06E-02  1.54E-01 ......... ......... .........  6.31E-02

OM23   ......... ......... ......... ......... ......... ......... ......... ......... ......... ......... .........

OM24   ......... ......... ......... ......... ......... ......... ......... ......... ......... ......... ......... .........

OM33    5.15E-02 -1.63E-02  2.62E-01 -4.36E-02 -7.84E-02 -1.58E-01 ......... ......... ......... -1.64E-01 ......... .........
         8.11E-03

OM34   ......... ......... ......... ......... ......... ......... ......... ......... ......... ......... ......... .........
        ......... .........

OM44   -1.98E-01  1.34E-01  1.04E-01 -1.10E-01 -3.25E-01 -6.62E-02 ......... ......... ......... -1.03E-01 ......... .........
        -1.97E-02 .........  8.46E-03

SG11   ......... ......... ......... ......... ......... ......... ......... ......... ......... ......... ......... .........
        ......... ......... ......... .........



************************************************************************************************************************
********************                                                                                ********************
********************               FIRST ORDER CONDITIONAL ESTIMATION WITH INTERACTION              ********************
********************                      INVERSE COVARIANCE MATRIX OF ESTIMATE                     ********************
********************                                                                                ********************
************************************************************************************************************************


           TH 1      TH 2      TH 3      TH 4      TH 5      OM11      OM12      OM13      OM14      OM22      OM23      OM24  
            OM33      OM34      OM44      SG11  

TH 1    2.68E+02

TH 2    3.95E+00  4.90E+01

TH 3    5.41E-01  7.47E-01  6.80E-01

TH 4    2.34E+02 -8.13E+01  1.17E+01  2.36E+04

TH 5    5.60E+00 -6.96E+02  1.59E+01  1.60E+04  3.98E+04

OM11    1.07E+02 -4.02E+00 -5.93E-01 -4.59E+02 -1.81E+02  8.31E+02

OM12   ......... ......... ......... ......... ......... ......... .........

OM13   ......... ......... ......... ......... ......... ......... ......... .........

OM14   ......... ......... ......... ......... ......... ......... ......... ......... .........

OM22    7.49E+00  1.33E+02  1.81E+00 -5.13E+02 -2.14E+03 -6.20E+01 ......... ......... .........  6.28E+02

OM23   ......... ......... ......... ......... ......... ......... ......... ......... ......... ......... .........

OM24   ......... ......... ......... ......... ......... ......... ......... ......... ......... ......... ......... .........

OM33   -2.50E+01  9.69E+01 -2.50E+01  7.29E+02  1.77E+01  4.68E+02 ......... ......... .........  5.51E+02 ......... .........
         1.74E+04

OM34   ......... ......... ......... ......... ......... ......... ......... ......... ......... ......... ......... .........
        ......... .........

OM44    4.44E+02 -3.00E+02 -6.28E+00  7.09E+03  1.39E+04  2.86E+02 ......... ......... ......... -7.20E+02 ......... .........
         9.59E+02 .........  2.02E+04

SG11   ......... ......... ......... ......... ......... ......... ......... ......... ......... ......... ......... .........
        ......... ......... ......... .........























************************************************************************************************************************
********************                                                                                ********************
********************               FIRST ORDER CONDITIONAL ESTIMATION WITH INTERACTION              ********************
********************                      EIGENVALUES OF COR MATRIX OF ESTIMATE                     ********************
********************                                                                                ********************
************************************************************************************************************************


            1         2         3         4         5         6         7         8         9

        1.69E-01  4.02E-01  6.38E-01  7.31E-01  1.01E+00  1.07E+00  1.36E+00  1.64E+00  1.99E+00

Elapsed finaloutput time in seconds: <SEC>
#CPUT: Total CPU Time in Seconds, <SEC>
Stop Time: 
<DATE>
<TIME>
