Changing directory to 130ssx.R76
'pushdon' is not recognized as an internal or external command,
operable program or batch file.
Pathlist information for compiler and MPI systems are located in nmpathlist.txt

Starting NMTRAN
  
 WARNINGS AND ERRORS (IF ANY) FOR PROBLEM    1
             
 (WARNING  2) NM-TRAN INFERS THAT THE DATA ARE POPULATION.
Recompiling certain components.
starting wait
ending wait
Exiting lpreddo
Compiling FSUBS
Building NONMEM Executable
Starting nonmem execution ...
License Registered to: <LICENSEE>
Expiration Date: <DATE>
Current Date: <DATE>
Days until program expires : <N>


 First Order Conditional Estimation with Interaction
 MONITORING OF SEARCH:


0ITERATION NO.:    0    OBJECTIVE VALUE:  -91.9425463003935        NO. OF FUNC. EVALS.:   7
 CUMULATIVE NO. OF FUNC. EVALS.:        7
 NPARAMETR:  1.0000E+00  3.0000E+00  4.0000E+01  5.0000E-02  1.0000E-01  1.0000E-01  1.0000E-01  5.0000E-02
 PARAMETER:  1.0000E-01  1.0000E-01  1.0000E-01  1.0000E-01  1.0000E-01  1.0000E-01  1.0000E-01  1.0000E-01
 GRADIENT:   6.0787E+01 -2.0554E+02 -1.5943E+02 -6.7730E+00 -1.0465E+02 -4.4017E+01 -4.6736E+01 -3.1172E+01

0ITERATION NO.:    5    OBJECTIVE VALUE:  -171.164429064193        NO. OF FUNC. EVALS.:  42
 CUMULATIVE NO. OF FUNC. EVALS.:       49
 NPARAMETR:  1.0156E+00  4.2652E+00  5.2282E+01  5.0704E-02  1.1199E-01  2.9787E-01  4.7481E-02  7.8438E-02
 PARAMETER:  1.1548E-01  4.5188E-01  3.6776E-01  1.1398E-01  2.1326E-01  6.4574E-01 -2.7242E-01  3.2514E-01
 GRADIENT:   6.6006E+00 -1.4065E+01  1.9094E+00 -1.5174E+00 -1.4243E+01 -5.2665E+00 -1.4187E+01 -1.6025E+00

0ITERATION NO.:   10    OBJECTIVE VALUE:  -173.128174283356        NO. OF FUNC. EVALS.:  43
 CUMULATIVE NO. OF FUNC. EVALS.:       92
 NPARAMETR:  9.5225E-01  4.3102E+00  5.1488E+01  9.7925E-02  1.0946E-01  3.7714E-01  5.9543E-02  7.2287E-02
 PARAMETER:  5.1077E-02  4.6238E-01  3.5247E-01  7.7218E-01  1.9039E-01  7.6373E-01 -1.5923E-01  2.8431E-01
 GRADIENT:  -1.8995E-01  1.0244E+00 -1.5544E+00  5.6212E-01  7.1375E+00  5.0601E-01  8.7804E-01  2.2280E-01

0ITERATION NO.:   15    OBJECTIVE VALUE:  -173.461374574911        NO. OF FUNC. EVALS.:  43
 CUMULATIVE NO. OF FUNC. EVALS.:      135
 NPARAMETR:  9.6232E-01  4.2980E+00  5.1937E+01  1.2552E-01  9.9779E-02  3.7513E-01  5.7572E-02  7.4344E-02
 PARAMETER:  6.1587E-02  4.5953E-01  3.6116E-01  1.0204E+00  9.7788E-02  7.6105E-01 -1.7607E-01  2.9834E-01
 GRADIENT:   1.3865E-01 -2.1109E-01 -8.2989E-02 -1.1627E-01  1.7940E+00  3.1032E-01 -3.6347E-01 -9.7348E-02

0ITERATION NO.:   20    OBJECTIVE VALUE:  -173.557392868736        NO. OF FUNC. EVALS.:  40
 CUMULATIVE NO. OF FUNC. EVALS.:      175
 NPARAMETR:  9.6540E-01  4.2921E+00  5.2139E+01  1.4980E-01  9.0510E-02  3.6702E-01  5.7413E-02  7.6652E-02
 PARAMETER:  6.4788E-02  4.5815E-01  3.6504E-01  1.1973E+00  2.8845E-04  7.5013E-01 -1.7745E-01  3.1363E-01
 GRADIENT:  -9.0551E-03 -1.0953E-02 -2.3361E-02  3.0997E-02  5.5372E-02  4.9910E-03  2.3221E-02  1.1389E-02

0ITERATION NO.:   24    OBJECTIVE VALUE:  -173.557426993581        NO. OF FUNC. EVALS.:  50
 CUMULATIVE NO. OF FUNC. EVALS.:      225
 NPARAMETR:  9.6562E-01  4.2930E+00  5.2146E+01  1.4991E-01  9.0438E-02  3.6695E-01  5.7386E-02  7.6659E-02
 PARAMETER:  6.5017E-02  4.5836E-01  3.6517E-01  1.1980E+00 -5.0879E-04  7.5003E-01 -1.7768E-01  3.1367E-01
 GRADIENT:   1.5533E-03  2.6049E-02 -2.1392E-03 -8.1084E-05 -1.4677E-04 -3.3879E-04 -1.8928E-03  2.4198E-03
 Elapsed estimation  time in seconds: <SEC>
 Elapsed covariance  time in seconds: <SEC>
 Elapsed postprocess time in seconds: <SEC>
 Elapsed finaloutput time in seconds: <SEC>
Done with nonmem execution
wall seconds: 10.5
