Changing directory to tg106.R76
'pushdon' is not recognized as an internal or external command,
operable program or batch file.
Pathlist information for compiler and MPI systems are located in nmpathlist.txt

Starting NMTRAN
  
 WARNINGS AND ERRORS (IF ANY) FOR PROBLEM    1
             
 (WARNING  2) NM-TRAN INFERS THAT THE DATA ARE POPULATION.
  
Note: Analytical 2nd Derivatives are constructed in FSUBS but are never used.
      You may insert $ABBR DERIV2=NO after the first $PROB to save FSUBS construction and compilation time
  
Recompiling certain components.
starting wait
ending wait
Exiting lpreddo
Compiling FSUBS
Building NONMEM Executable
Starting nonmem execution ...
License Registered to: <LICENSEE>
Expiration Date: <DATE>
Current Date: <DATE>
Days until program expires : <N>


 First Order Conditional Estimation with Interaction
 MONITORING OF SEARCH:


0ITERATION NO.:    0    OBJECTIVE VALUE:   3362.28402567539        NO. OF FUNC. EVALS.:   6
 CUMULATIVE NO. OF FUNC. EVALS.:        6
 NPARAMETR:  7.5000E-01  8.0000E-02  3.0000E+01  1.0000E-01  3.0000E-02  4.0000E-02  6.0000E-02
 PARAMETER:  1.0000E-01  1.0000E-01  1.0000E-01  1.0000E-01  1.0000E-01  1.0000E-01  1.0000E-01
 GRADIENT:   2.3509E+03 -1.5639E+03 -1.3926E+02 -6.0949E+00 -3.3427E+02  1.5978E+03 -3.4242E+02

0ITERATION NO.:    5    OBJECTIVE VALUE:   3132.81868628760        NO. OF FUNC. EVALS.:  37
 CUMULATIVE NO. OF FUNC. EVALS.:       43
 NPARAMETR:  6.6702E-01  8.0687E-02  4.1723E+01  8.1184E-02  3.2443E-02  3.2234E-02  6.7320E-02
 PARAMETER: -1.7252E-02  1.0855E-01  4.2985E-01 -1.0845E-01  1.3915E-01  7.7492E-02  9.3328E-01
 GRADIENT:  -6.1455E+01 -1.0190E+02  6.3671E+01  2.2115E+01 -8.0267E+00 -2.4236E+02  4.1400E+00

0ITERATION NO.:   10    OBJECTIVE VALUE:   3116.65940377722        NO. OF FUNC. EVALS.:  41
 CUMULATIVE NO. OF FUNC. EVALS.:       84
 NPARAMETR:  7.1519E-01  8.8427E-02  3.5520E+01  7.3712E-02  3.4543E-02  3.8918E-02  7.8024E-02
 PARAMETER:  5.2471E-02  2.0015E-01  2.6889E-01 -2.0500E-01  1.7051E-01  9.0671E-02  9.1721E-01
 GRADIENT:   3.1669E+01 -6.9343E+01 -2.3789E+01 -7.9098E+00 -1.4660E-01 -1.4095E+02 -2.3158E-01

0ITERATION NO.:   15    OBJECTIVE VALUE:   3112.90793500001        NO. OF FUNC. EVALS.:  35
 CUMULATIVE NO. OF FUNC. EVALS.:      119
 NPARAMETR:  7.3621E-01  9.4229E-02  3.6413E+01  7.6203E-02  4.1205E-02  5.3421E-02  1.0309E-01
 PARAMETER:  8.1443E-02  2.6370E-01  2.9374E-01 -1.7177E-01  2.5869E-01  1.1395E-01  9.1211E-01
 GRADIENT:   9.8131E-01 -8.5537E-01  1.5328E-03  1.0557E-02  3.7421E-02 -3.4532E-03 -4.7018E-02

0ITERATION NO.:   20    OBJECTIVE VALUE:   3112.89405863415        NO. OF FUNC. EVALS.:  62
 CUMULATIVE NO. OF FUNC. EVALS.:      181
 NPARAMETR:  7.3903E-01  9.4852E-02  3.6409E+01  7.6258E-02  4.1038E-02  5.3269E-02  1.0301E-01
 PARAMETER:  8.5270E-02  2.7029E-01  2.9361E-01 -1.7105E-01  2.5665E-01  1.1386E-01  9.1257E-01
 GRADIENT:   1.1135E-02 -7.7484E-03  2.8353E-02  1.4077E-02  7.9874E-03 -6.0652E-02  3.6918E-03
 Elapsed estimation  time in seconds: <SEC>
 Elapsed covariance  time in seconds: <SEC>
 Elapsed postprocess time in seconds: <SEC>
 Elapsed finaloutput time in seconds: <SEC>
Done with nonmem execution
