<DATE>
<TIME>
$PROB TGI LLC, EXPONENTIAL, V0 FIXED   P:ROOT  F:BASE
$INPUT ID TIME DV MDV
$DATA ../../data/tgi-llc.csv IGNORE=@
$PRED
  V0   = 1                            ; 10^6 cells = 1 mm3 at day 0. Design, not data
  A    = THETA(1) * EXP(ETA(1))
  F    = V0 * EXP(A * TIME)
  IPRE = F
  W    = SQRT(THETA(2)**2 + THETA(3)**2 * IPRE**2)
  IF (W.LT.1E-6) W = 1E-6
  IRES = DV - IPRE
  IWRE = IRES / W
  Y    = IPRE + W * EPS(1)

$THETA
  (0, 0.5)     ; A, growth rate (1/day)
  (0, 10)      ; additive error SD (mm3)
  (0, 0.2)     ; proportional error CV

$OMEGA
  0.05         ; A

$SIGMA 1 FIX

$EST MAX=9999 PRINT=5 METHOD=COND INTER NSIG=3 SIGL=9
     NOABORT NOTBT NOOBT NOSBT
$COV UNCOND PRINT=ERS
$TAB ID TIME DV MDV IPRE IWRE CWRES
     ONEHEADER NOPRINT FILE=sdtab
$TAB ID A ETA1
     ONEHEADER NOPRINT NOAPPEND FILE=patab
$TAB ID TIME
     ONEHEADER NOPRINT NOAPPEND FILE=cotab
$TAB ID MDV
     ONEHEADER NOPRINT NOAPPEND FILE=catab
  
NM-TRAN MESSAGES 
  
 WARNINGS AND ERRORS (IF ANY) FOR PROBLEM    1
             
 (WARNING  2) NM-TRAN INFERS THAT THE DATA ARE POPULATION.
  
Note: Analytical 2nd Derivatives are constructed in FSUBS but are never used.
      You may insert $ABBR DERIV2=NO after the first $PROB to save FSUBS construction and compilation time
  
  
License Registered to: <LICENSEE>
Expiration Date: <DATE>
Current Date: <DATE>
Days until program expires : <N>

NONLINEAR MIXED EFFECTS MODEL PROGRAM (NONMEM) VERSION 7.6.0 (nm760)
ORIGINALLY DEVELOPED BY STUART BEAL, LEWIS SHEINER, AND ALISON BOECKMANN
CURRENT DEVELOPERS ARE ROBERT BAUER, ICON DEVELOPMENT SOLUTIONS,
AND ALISON BOECKMANN. IMPLEMENTATION, EFFICIENCY, AND STANDARDIZATION
PERFORMED BY NOUS INFOSYSTEMS.

PROBLEM NO.:         1
TGI LLC, EXPONENTIAL, V0 FIXED   P:ROOT  F:BASE

DATA CHECKOUT RUN:              NO
DATA SET LOCATED ON UNIT NO.:    2
THIS UNIT TO BE REWOUND:        NO
CREATE/ADD TO FDATA.csv:        YES
NO. OF DATA RECS IN DATA SET:      173
NO. OF DATA ITEMS IN DATA SET:   4
ID DATA ITEM IS DATA ITEM NO.:   1
DEP VARIABLE IS DATA ITEM NO.:   3
MDV DATA ITEM IS DATA ITEM NO.:  4

LABELS FOR DATA ITEMS:
ID TIME DV MDV

(NONBLANK) LABELS FOR PRED-DEFINED ITEMS:
A IPRE IWRE

FORMAT FOR DATA:
(4E8.0)

TOT. NO. OF OBS RECS:      173
TOT. NO. OF INDIVIDUALS:       20

LENGTH OF THETA:   3

DEFAULT THETA BOUNDARY TEST OMITTED:   YES

OMEGA HAS SIMPLE DIAGONAL FORM WITH DIMENSION:   1

DEFAULT OMEGA BOUNDARY TEST OMITTED:   YES

SIGMA HAS SIMPLE DIAGONAL FORM WITH DIMENSION:   1

DEFAULT SIGMA BOUNDARY TEST OMITTED:   YES

INITIAL ESTIMATE OF THETA:
LOWER BOUND    INITIAL EST    UPPER BOUND
 0.0000E+00     0.5000E+00     0.1000E+07
 0.0000E+00     0.1000E+02     0.1000E+07
 0.0000E+00     0.2000E+00     0.1000E+07

INITIAL ESTIMATE OF OMEGA:
0.5000E-01

INITIAL ESTIMATE OF SIGMA:
0.1000E+01

SIGMA CONSTRAINED TO BE THIS INITIAL ESTIMATE

COVARIANCE STEP OMITTED:        NO
R MATRIX PRINTED:              YES
S MATRIX PRINTED:              YES
EIGENVLS. PRINTED:             YES
SPECIAL COMPUTATION:            NO
COMPRESSED FORMAT:              NO
GRADIENT METHOD USED:     NOSLOW
SIGDIGITS ETAHAT (SIGLO):                  -1
SIGDIGITS GRADIENTS (SIGL):                -1
EXCLUDE COV FOR FOCE (NOFCOV):              NO
Cholesky Transposition of R Matrix (CHOLROFF):0
KNUTHSUMOFF:                                -1
RESUME COV ANALYSIS (RESUME):               NO
SIR SAMPLE SIZE (SIRSAMPLE):
NON-LINEARLY TRANSFORM THETAS DURING COV (THBND): 1
PRECONDTIONING CYCLES (PRECOND):        0
PRECONDTIONING TYPES (PRECONDS):        TOS
FORCED PRECONDTIONING CYCLES (PFCOND):0
PRECONDTIONING TYPE (PRETYPE):        0
FORCED POS. DEFINITE SETTING DURING PRECONDITIONING: (FPOSDEF):0
SIMPLE POS. DEFINITE SETTING: (POSDEF):-1

TABLES STEP OMITTED:    NO
NO. OF TABLES:           4
SEED NUMBER (SEED):    11456
NPDTYPE:    0
INTERPTYPE:    0
RANMETHOD:             3U
MC SAMPLES (ESAMPLE):    300
WRES SQUARE ROOT TYPE (WRESCHOL): EIGENVALUE

-- TABLE   1 --

RECORDS ONLY:    ALL

4 COLUMNS APPENDED:    YES
PRINTED:                NO
HEADER:                YES
FILE TO BE FORWARDED:   NO
FORMAT:                S1PE11.4
IDFORMAT:
LFORMAT:
RFORMAT:
FIXED_EFFECT_ETAS:

USER-CHOSEN ITEMS:
ID TIME DV MDV IPRE IWRE CWRES

-- TABLE   2 --

RECORDS ONLY:    ALL

4 COLUMNS APPENDED:    NO
PRINTED:                NO
HEADER:                YES
FILE TO BE FORWARDED:   NO
FORMAT:                S1PE11.4
IDFORMAT:
LFORMAT:
RFORMAT:
FIXED_EFFECT_ETAS:

USER-CHOSEN ITEMS:
ID A ETA1

-- TABLE   3 --

RECORDS ONLY:    ALL

4 COLUMNS APPENDED:    NO
PRINTED:                NO
HEADER:                YES
FILE TO BE FORWARDED:   NO
FORMAT:                S1PE11.4
IDFORMAT:
LFORMAT:
RFORMAT:
FIXED_EFFECT_ETAS:

USER-CHOSEN ITEMS:
ID TIME

-- TABLE   4 --

RECORDS ONLY:    ALL

4 COLUMNS APPENDED:    NO
PRINTED:                NO
HEADER:                YES
FILE TO BE FORWARDED:   NO
FORMAT:                S1PE11.4
IDFORMAT:
LFORMAT:
RFORMAT:
FIXED_EFFECT_ETAS:

USER-CHOSEN ITEMS:
ID MDV




#TBLN:      1
#METH: First Order Conditional Estimation with Interaction

ESTIMATION STEP OMITTED:                 NO
SHRINK INFO WITH EVALUATION (EVALSHRINK) NO
ANALYSIS TYPE:                           POPULATION
NUMBER OF SADDLE POINT RESET ITERATIONS:      0
GRADIENT METHOD USED:               NOSLOW
CONDITIONAL ESTIMATES USED:              YES
CENTERED ETA:                            NO
EPS-ETA INTERACTION:                     YES
LAPLACIAN OBJ. FUNC.:                    NO
NO. OF FUNCT. EVALS. ALLOWED:            9999
NO. OF SIG. FIGURES REQUIRED:            3
INTERMEDIATE PRINTOUT:                   YES
ESTIMATE OUTPUT TO MSF:                  NO
ABORT WITH PRED EXIT CODE 1:             NO
IND. OBJ. FUNC. VALUES SORTED:           NO
NUMERICAL DERIVATIVE
      FILE REQUEST (NUMDER):               NONE
MAP (ETAHAT) ESTIMATION METHOD (OPTMAP):   0
ETA HESSIAN EVALUATION METHOD (ETADER):    0
INITIAL ETA FOR MAP ESTIMATION (MCETA):    0
SIGDIGITS FOR MAP ESTIMATION (SIGLO):      9
GRADIENT SIGDIGITS OF
      FIXED EFFECTS PARAMETERS (SIGL):     9
NOPRIOR SETTING (NOPRIOR):                 0
NOCOV SETTING (NOCOV):                     OFF
DERCONT SETTING (DERCONT):                 OFF
FINAL ETA RE-EVALUATION (FNLETA):          1
EXCLUDE NON-INFLUENTIAL (NON-INFL.) ETAS
      IN SHRINKAGE (ETASTYPE):             NO
NON-INFL. ETA CORRECTION (NONINFETA):      0
RAW OUTPUT FILE (FILE): tg100.ext
EXCLUDE TITLE (NOTITLE):                   NO
EXCLUDE COLUMN LABELS (NOLABEL):           NO
FORMAT FOR ADDITIONAL FILES (FORMAT):      S1PE12.5
PARAMETER ORDER FOR OUTPUTS (ORDER):       TSOL
KNUTHSUMOFF:                               0
INCLUDE LNTWOPI:                           NO
INCLUDE CONSTANT TERM TO PRIOR (PRIORC):   NO
INCLUDE CONSTANT TERM TO OMEGA (ETA) (OLNTWOPI):NO
ADDITIONAL CONVERGENCE TEST (CTYPE=4)?:    NO
EM OR BAYESIAN METHOD USED:                 NONE


THE FOLLOWING LABELS ARE EQUIVALENT
PRED=PREDI
RES=RESI
WRES=WRESI
IWRS=IWRESI
IPRD=IPREDI
IRS=IRESI

MONITORING OF SEARCH:



ITERATION NO.:    0    OBJECTIVE VALUE:   2978.66460105218        NO. OF FUNC. EVALS.:   5
CUMULATIVE NO. OF FUNC. EVALS.:        5
NPARAMETR:  5.0000E-01  1.0000E+01  2.0000E-01  5.0000E-02
PARAMETER:  1.0000E-01  1.0000E-01  1.0000E-01  1.0000E-01
GRADIENT:   6.3327E+01 -5.6304E+02 -1.6356E+03  1.6297E+01


ITERATION NO.:    5    OBJECTIVE VALUE:   2138.70663333522        NO. OF FUNC. EVALS.:  30
CUMULATIVE NO. OF FUNC. EVALS.:       35
NPARAMETR:  3.8816E-01  7.9792E+01  1.1790E+00  6.3928E-03
PARAMETER: -1.5320E-01  2.1768E+00  1.8741E+00 -9.2843E-01
GRADIENT:  -4.6503E+01  1.1051E+01  7.4167E+01 -1.8043E+01


ITERATION NO.:   10    OBJECTIVE VALUE:   2077.07529907219        NO. OF FUNC. EVALS.:  31
CUMULATIVE NO. OF FUNC. EVALS.:       66
NPARAMETR:  4.1726E-01  8.9597E+01  4.4392E-01  1.1921E-02
PARAMETER: -8.0906E-02  2.2927E+00  8.9733E-01 -6.1686E-01
GRADIENT:   3.7846E+00 -2.0134E+00  9.1842E+00 -2.7418E+00


ITERATION NO.:   15    OBJECTIVE VALUE:   2076.54257944086        NO. OF FUNC. EVALS.:  33
CUMULATIVE NO. OF FUNC. EVALS.:       99
NPARAMETR:  4.1552E-01  9.7576E+01  4.0910E-01  1.2982E-02
PARAMETER: -8.5086E-02  2.3780E+00  8.1564E-01 -5.7423E-01
GRADIENT:  -9.4423E-02  2.5846E-02  1.9620E-02  1.5950E-02

#TERM:

MINIMIZATION SUCCESSFUL
NO. OF FUNCTION EVALUATIONS USED:       99
NO. OF SIG. DIGITS IN FINAL EST.:  3.3

ETABAR IS THE ARITHMETIC MEAN OF THE ETA-ESTIMATES,
AND THE P-VALUE IS GIVEN FOR THE NULL HYPOTHESIS THAT THE TRUE MEAN IS 0.

ETABAR:         1.9235E-03
SE:             2.4901E-02
N:                      20

P VAL.:         9.3843E-01

ETASHRINKSD(%)  2.2477E+00
ETASHRINKVR(%)  4.4449E+00
EBVSHRINKSD(%)  2.7119E+00
EBVSHRINKVR(%)  5.3503E+00
RELATIVEINF(%)  9.4650E+01
EPSSHRINKSD(%)  5.0256E+00
EPSSHRINKVR(%)  9.7987E+00

 
TOTAL DATA POINTS NORMALLY DISTRIBUTED (N):          173
N*LOG(2PI) CONSTANT TO OBJECTIVE FUNCTION:    317.95273248881676     
OBJECTIVE FUNCTION VALUE WITHOUT CONSTANT:    2076.5425794408638     
OBJECTIVE FUNCTION VALUE WITH CONSTANT:       2394.4953119296806     
REPORTED OBJECTIVE FUNCTION DOES NOT CONTAIN CONSTANT
 
TOTAL EFFECTIVE ETAS (NIND*NETA):                            20
 
#TERE:
Elapsed estimation  time in seconds: <SEC>
Elapsed covariance  time in seconds: <SEC>
Elapsed postprocess time in seconds: <SEC>






















************************************************************************************************************************
********************                                                                                ********************
********************               FIRST ORDER CONDITIONAL ESTIMATION WITH INTERACTION              ********************
#OBJT:**************                       MINIMUM VALUE OF OBJECTIVE FUNCTION                      ********************
********************                                                                                ********************
************************************************************************************************************************






#OBJV:********************************************          2076.543       *********************************************


************************************************************************************************************************
********************                                                                                ********************
********************               FIRST ORDER CONDITIONAL ESTIMATION WITH INTERACTION              ********************
********************                             FINAL PARAMETER ESTIMATE                           ********************
********************                                                                                ********************
************************************************************************************************************************



THETA - VECTOR OF FIXED EFFECTS PARAMETERS   *********


        TH 1      TH 2      TH 3     

        4.16E-01  9.76E+01  4.09E-01



OMEGA - COV MATRIX FOR RANDOM EFFECTS - ETAS  ********


        ETA1     

ETA1    1.30E-02



SIGMA - COV MATRIX FOR RANDOM EFFECTS - EPSILONS  ****


        EPS1     

EPS1    1.00E+00





OMEGA - CORR MATRIX FOR RANDOM EFFECTS - ETAS  *******


        ETA1     

ETA1    1.14E-01



SIGMA - CORR MATRIX FOR RANDOM EFFECTS - EPSILONS  ***


        EPS1     

EPS1    1.00E+00



************************************************************************************************************************
********************                                                                                ********************
********************               FIRST ORDER CONDITIONAL ESTIMATION WITH INTERACTION              ********************
********************                            STANDARD ERROR OF ESTIMATE                          ********************
********************                                                                                ********************
************************************************************************************************************************



THETA - VECTOR OF FIXED EFFECTS PARAMETERS   *********


        TH 1      TH 2      TH 3     

        1.20E-02  2.01E+01  4.87E-02



OMEGA - COV MATRIX FOR RANDOM EFFECTS - ETAS  ********


        ETA1     

ETA1    5.16E-03



SIGMA - COV MATRIX FOR RANDOM EFFECTS - EPSILONS  ****


        EPS1     

EPS1   .........





OMEGA - CORR MATRIX FOR RANDOM EFFECTS - ETAS  *******


        ETA1     

ETA1    2.27E-02



SIGMA - CORR MATRIX FOR RANDOM EFFECTS - EPSILONS  ***


        EPS1     

EPS1   .........



************************************************************************************************************************
********************                                                                                ********************
********************               FIRST ORDER CONDITIONAL ESTIMATION WITH INTERACTION              ********************
********************                          COVARIANCE MATRIX OF ESTIMATE                         ********************
********************                                                                                ********************
************************************************************************************************************************


           TH 1      TH 2      TH 3      OM11      SG11  

TH 1    1.44E-04

TH 2   -9.30E-02  4.04E+02

TH 3    2.24E-04 -6.41E-01  2.38E-03

OM11    1.92E-05 -5.04E-03 -4.72E-05  2.67E-05

SG11   ......... ......... ......... ......... .........



************************************************************************************************************************
********************                                                                                ********************
********************               FIRST ORDER CONDITIONAL ESTIMATION WITH INTERACTION              ********************
********************                          CORRELATION MATRIX OF ESTIMATE                        ********************
********************                                                                                ********************
************************************************************************************************************************


           TH 1      TH 2      TH 3      OM11      SG11  

TH 1    1.20E-02

TH 2   -3.85E-01  2.01E+01

TH 3    3.82E-01 -6.55E-01  4.87E-02

OM11    3.10E-01 -4.85E-02 -1.88E-01  5.16E-03

SG11   ......... ......... ......... ......... .........



************************************************************************************************************************
********************                                                                                ********************
********************               FIRST ORDER CONDITIONAL ESTIMATION WITH INTERACTION              ********************
********************                      INVERSE COVARIANCE MATRIX OF ESTIMATE                     ********************
********************                                                                                ********************
************************************************************************************************************************


           TH 1      TH 2      TH 3      OM11      SG11  

TH 1    9.96E+03

TH 2    7.42E-01  4.63E-03

TH 3   -9.08E+02  1.23E+00  8.88E+02

OM11   -8.64E+03  2.52E+00  2.46E+03  4.86E+04

SG11   ......... ......... ......... ......... .........























************************************************************************************************************************
********************                                                                                ********************
********************               FIRST ORDER CONDITIONAL ESTIMATION WITH INTERACTION              ********************
********************                      EIGENVALUES OF COR MATRIX OF ESTIMATE                     ********************
********************                                                                                ********************
************************************************************************************************************************


            1         2         3         4

        2.86E-01  5.29E-01  1.22E+00  1.97E+00



************************************************************************************************************************
********************                                                                                ********************
********************               FIRST ORDER CONDITIONAL ESTIMATION WITH INTERACTION              ********************
********************                                     R MATRIX                                   ********************
********************                                                                                ********************
************************************************************************************************************************


           TH 1      TH 2      TH 3      OM11      SG11  

TH 1    8.24E+03

TH 2    1.86E+00  6.16E-03

TH 3    1.17E+02  1.06E+00  6.01E+02

OM11   -3.08E+02  8.36E-01  2.53E+02  4.76E+04

SG11   ......... ......... ......... ......... .........



************************************************************************************************************************
********************                                                                                ********************
********************               FIRST ORDER CONDITIONAL ESTIMATION WITH INTERACTION              ********************
********************                                     S MATRIX                                   ********************
********************                                                                                ********************
************************************************************************************************************************


           TH 1      TH 2      TH 3      OM11      SG11  

TH 1    8.45E+03

TH 2    2.50E+00  8.80E-03

TH 3    6.27E+02  1.09E+00  4.90E+02

OM11    6.28E+03  6.32E-03 -9.75E+02  5.85E+04

SG11   ......... ......... ......... ......... .........

Elapsed finaloutput time in seconds: <SEC>
#CPUT: Total CPU Time in Seconds, <SEC>
Stop Time: 
<DATE>
<TIME>
