Changing directory to 111lag.R76
'pushdon' is not recognized as an internal or external command,
operable program or batch file.
Pathlist information for compiler and MPI systems are located in nmpathlist.txt

Starting NMTRAN
  
 WARNINGS AND ERRORS (IF ANY) FOR PROBLEM    1
             
 (WARNING  2) NM-TRAN INFERS THAT THE DATA ARE POPULATION.

 (DATA WARNING   5) RECORD         2, DATA ITEM   4, CONTENTS: 0.74
 THE DV DATA ITEM IS POSITIVE, BUT THE MDV DATA ITEM IS 1

 (DATA WARNING   5) RECORD        74, DATA ITEM   4, CONTENTS: 0.15
 THE DV DATA ITEM IS POSITIVE, BUT THE MDV DATA ITEM IS 1

 (DATA WARNING   5) RECORD       110, DATA ITEM   4, CONTENTS: 0.24
 THE DV DATA ITEM IS POSITIVE, BUT THE MDV DATA ITEM IS 1
Recompiling certain components.
starting wait
ending wait
Exiting lpreddo
Compiling FSUBS
Building NONMEM Executable
Starting nonmem execution ...
License Registered to: <LICENSEE>
Expiration Date: <DATE>
Current Date: <DATE>
Days until program expires : <N>


 First Order Conditional Estimation with Interaction
 MONITORING OF SEARCH:


0ITERATION NO.:    0    OBJECTIVE VALUE:   132.804515753881        NO. OF FUNC. EVALS.:   8
 CUMULATIVE NO. OF FUNC. EVALS.:        8
 NPARAMETR:  1.5000E+00  3.0000E+00  3.0000E+01  5.0000E-01  1.0000E-01  2.0000E-01  4.0000E-01  1.0000E-01  5.0000E-02
 PARAMETER:  1.0000E-01  1.0000E-01  1.0000E-01  1.0000E-01  1.0000E-01  1.0000E-01  1.0000E-01  1.0000E-01  1.0000E-01
 GRADIENT:  -4.0734E+01  2.0355E+01 -4.2028E+01  4.2333E+00  3.9046E+01  1.5774E+02 -5.0731E+01  5.2583E+00  8.8528E+00

0ITERATION NO.:    5    OBJECTIVE VALUE:   86.2160996044456        NO. OF FUNC. EVALS.:  47
 CUMULATIVE NO. OF FUNC. EVALS.:       55
 NPARAMETR:  2.8761E+00  2.5858E+00  3.0713E+01  4.5062E-01  5.4627E-02  1.5295E-01  7.4282E-01  5.6145E-02  1.9198E-02
 PARAMETER:  7.5095E-01 -4.8578E-02  1.2349E-01 -3.9789E-03 -5.0463E-01 -2.2539E-01  4.0949E-01 -1.8861E-01 -3.7860E-01
 GRADIENT:   4.4742E+00 -1.8770E+01 -7.6583E+01 -9.3320E+00 -4.0153E+00 -6.4102E+00  1.1656E+00 -5.1841E+00 -6.3244E+00

0ITERATION NO.:   10    OBJECTIVE VALUE:   82.7973461092429        NO. OF FUNC. EVALS.:  46
 CUMULATIVE NO. OF FUNC. EVALS.:      101
 NPARAMETR:  2.9864E+00  2.6551E+00  3.3136E+01  4.6976E-01  5.2205E-02  1.5935E-01  8.3847E-01  6.9595E-02  1.8755E-02
 PARAMETER:  7.8859E-01 -2.2135E-02  1.9942E-01  3.7616E-02 -5.4998E-01 -1.7676E-01  4.7006E-01 -8.1238E-02 -3.9029E-01
 GRADIENT:   3.6290E+00 -4.1886E+00  2.8028E+00 -4.3229E+00 -2.4660E+00 -2.7465E+00  3.0279E+00  2.3991E-02 -2.0285E+00

0ITERATION NO.:   15    OBJECTIVE VALUE:   82.2024276093326        NO. OF FUNC. EVALS.:  48
 CUMULATIVE NO. OF FUNC. EVALS.:      149
 NPARAMETR:  2.5839E+00  2.6954E+00  3.3014E+01  4.7005E-01  5.5929E-02  1.5749E-01  6.8755E-01  6.8651E-02  2.0846E-02
 PARAMETER:  6.4384E-01 -7.0581E-03  1.9573E-01  3.8235E-02 -4.8109E-01 -1.9072E-01  3.7083E-01 -8.8065E-02 -3.3744E-01
 GRADIENT:  -1.0326E-02  2.4600E-02  1.5760E-01 -1.0488E-02 -1.5187E-02 -1.2586E-02 -6.1757E-04  4.0699E-03  1.2757E-02

0ITERATION NO.:   18    OBJECTIVE VALUE:   82.2024084097698        NO. OF FUNC. EVALS.:  39
 CUMULATIVE NO. OF FUNC. EVALS.:      188
 NPARAMETR:  2.5847E+00  2.6953E+00  3.3009E+01  4.6999E-01  5.5962E-02  1.5750E-01  6.8758E-01  6.8646E-02  2.0829E-02
 PARAMETER:  6.4413E-01 -7.1054E-03  1.9558E-01  3.8101E-02 -4.8050E-01 -1.9068E-01  3.7086E-01 -8.8100E-02 -3.3783E-01
 GRADIENT:  -1.7173E-02 -2.7261E-03 -3.5333E-02 -1.6807E-04  1.8055E-03 -3.6557E-04 -1.9690E-04  1.1988E-03  7.8761E-04
 Elapsed estimation  time in seconds: <SEC>
 Elapsed covariance  time in seconds: <SEC>
 Elapsed postprocess time in seconds: <SEC>
 Elapsed finaloutput time in seconds: <SEC>
Done with nonmem execution
wall seconds: 13.3
