<DATE>
<TIME>
$PROB THEO 1COMP ORAL, FIRST-ORDER + LAG   P:110ka  F:BASE
$INPUT ID TIME AMT RATE=DROP DV MDV EVID WT
$DATA ../../data/theo-nm.csv IGNORE=@
$SUBR ADVAN2 TRANS2
$ABBR DERIV2=NO

$PK
  TVKA = THETA(1)
  TVCL = THETA(2)
  TVV  = THETA(3)
  KA   = TVKA * EXP(ETA(1))
  CL   = TVCL * EXP(ETA(2))
  V    = TVV  * EXP(ETA(3))
  S2   = V
  ALAG1 = THETA(6)

$ERROR
  IPRE = F
  W    = 1
  W    = SQRT(THETA(4)**2 + THETA(5)**2 * IPRE**2)
  IF (W.LT.1E-6) W = 1E-6
  IRES = DV - IPRE
  IWRE = IRES / W
  Y    = IPRE + W * EPS(1)

$THETA
  (0, 1.5)     ; KA (1/h)
  (0, 3)       ; CL (L/h)
  (0, 30)      ; V  (L)
  (0, 0.5)     ; additive error SD (mg/L)
  (0, 0.1)     ; proportional error CV
  (0, 0.2, 1)  ; ALAG1, absorption lag (h)

$OMEGA
  0.4          ; KA
  0.1          ; CL
  0.05         ; V

$SIGMA 1 FIX

$EST MAX=9999 PRINT=5 METHOD=COND INTER NSIG=3 SIGL=9
     NOABORT NOTBT NOOBT NOSBT
$COV UNCOND PRINT=E
$TAB ID TIME AMT DV MDV EVID IPRE IWRE CWRES
     ONEHEADER NOPRINT FILE=sdtab
$TAB ID KA CL V ETA1 ETA2 ETA3
     ONEHEADER NOPRINT NOAPPEND FILE=patab
$TAB ID WT
     ONEHEADER NOPRINT NOAPPEND FILE=cotab
$TAB ID EVID
     ONEHEADER NOPRINT NOAPPEND FILE=catab
  
NM-TRAN MESSAGES 
  
 WARNINGS AND ERRORS (IF ANY) FOR PROBLEM    1
             
 (WARNING  2) NM-TRAN INFERS THAT THE DATA ARE POPULATION.

 (DATA WARNING   5) RECORD         2, DATA ITEM   4, CONTENTS: 0.74
 THE DV DATA ITEM IS POSITIVE, BUT THE MDV DATA ITEM IS 1

 (DATA WARNING   5) RECORD        74, DATA ITEM   4, CONTENTS: 0.15
 THE DV DATA ITEM IS POSITIVE, BUT THE MDV DATA ITEM IS 1

 (DATA WARNING   5) RECORD       110, DATA ITEM   4, CONTENTS: 0.24
 THE DV DATA ITEM IS POSITIVE, BUT THE MDV DATA ITEM IS 1
  
License Registered to: <LICENSEE>
Expiration Date: <DATE>
Current Date: <DATE>
Days until program expires : <N>

NONLINEAR MIXED EFFECTS MODEL PROGRAM (NONMEM) VERSION 7.6.0 (nm760)
ORIGINALLY DEVELOPED BY STUART BEAL, LEWIS SHEINER, AND ALISON BOECKMANN
CURRENT DEVELOPERS ARE ROBERT BAUER, ICON DEVELOPMENT SOLUTIONS,
AND ALISON BOECKMANN. IMPLEMENTATION, EFFICIENCY, AND STANDARDIZATION
PERFORMED BY NOUS INFOSYSTEMS.

PROBLEM NO.:         1
THEO 1COMP ORAL, FIRST-ORDER + LAG   P:110ka  F:BASE

DATA CHECKOUT RUN:              NO
DATA SET LOCATED ON UNIT NO.:    2
THIS UNIT TO BE REWOUND:        NO
CREATE/ADD TO FDATA.csv:        YES
NO. OF DATA RECS IN DATA SET:      144
NO. OF DATA ITEMS IN DATA SET:   7
ID DATA ITEM IS DATA ITEM NO.:   1
DEP VARIABLE IS DATA ITEM NO.:   4
MDV DATA ITEM IS DATA ITEM NO.:  5

INDICES PASSED TO SUBROUTINE PRED:
  6   2   3   0   0   0   0   0   0   0   0

LABELS FOR DATA ITEMS:
ID TIME AMT DV MDV EVID WT

(NONBLANK) LABELS FOR PRED-DEFINED ITEMS:
KA CL V IPRE IWRE

FORMAT FOR DATA:
(7E7.0)

TOT. NO. OF OBS RECS:      120
TOT. NO. OF INDIVIDUALS:       12

LENGTH OF THETA:   6

DEFAULT THETA BOUNDARY TEST OMITTED:   YES

OMEGA HAS SIMPLE DIAGONAL FORM WITH DIMENSION:   3

DEFAULT OMEGA BOUNDARY TEST OMITTED:   YES

SIGMA HAS SIMPLE DIAGONAL FORM WITH DIMENSION:   1

DEFAULT SIGMA BOUNDARY TEST OMITTED:   YES

INITIAL ESTIMATE OF THETA:
LOWER BOUND    INITIAL EST    UPPER BOUND
 0.0000E+00     0.1500E+01     0.1000E+07
 0.0000E+00     0.3000E+01     0.1000E+07
 0.0000E+00     0.3000E+02     0.1000E+07
 0.0000E+00     0.5000E+00     0.1000E+07
 0.0000E+00     0.1000E+00     0.1000E+07
 0.0000E+00     0.2000E+00     0.1000E+01

INITIAL ESTIMATE OF OMEGA:
0.4000E+00
0.0000E+00   0.1000E+00
0.0000E+00   0.0000E+00   0.5000E-01

INITIAL ESTIMATE OF SIGMA:
0.1000E+01

SIGMA CONSTRAINED TO BE THIS INITIAL ESTIMATE

COVARIANCE STEP OMITTED:        NO
EIGENVLS. PRINTED:             YES
SPECIAL COMPUTATION:            NO
COMPRESSED FORMAT:              NO
GRADIENT METHOD USED:     NOSLOW
SIGDIGITS ETAHAT (SIGLO):                  -1
SIGDIGITS GRADIENTS (SIGL):                -1
EXCLUDE COV FOR FOCE (NOFCOV):              NO
Cholesky Transposition of R Matrix (CHOLROFF):0
KNUTHSUMOFF:                                -1
RESUME COV ANALYSIS (RESUME):               NO
SIR SAMPLE SIZE (SIRSAMPLE):
NON-LINEARLY TRANSFORM THETAS DURING COV (THBND): 1
PRECONDTIONING CYCLES (PRECOND):        0
PRECONDTIONING TYPES (PRECONDS):        TOS
FORCED PRECONDTIONING CYCLES (PFCOND):0
PRECONDTIONING TYPE (PRETYPE):        0
FORCED POS. DEFINITE SETTING DURING PRECONDITIONING: (FPOSDEF):0
SIMPLE POS. DEFINITE SETTING: (POSDEF):-1

TABLES STEP OMITTED:    NO
NO. OF TABLES:           4
SEED NUMBER (SEED):    11456
NPDTYPE:    0
INTERPTYPE:    0
RANMETHOD:             3U
MC SAMPLES (ESAMPLE):    300
WRES SQUARE ROOT TYPE (WRESCHOL): EIGENVALUE

-- TABLE   1 --

RECORDS ONLY:    ALL

4 COLUMNS APPENDED:    YES
PRINTED:                NO
HEADER:                YES
FILE TO BE FORWARDED:   NO
FORMAT:                S1PE11.4
IDFORMAT:
LFORMAT:
RFORMAT:
FIXED_EFFECT_ETAS:

USER-CHOSEN ITEMS:
ID TIME AMT DV MDV EVID IPRE IWRE CWRES

-- TABLE   2 --

RECORDS ONLY:    ALL

4 COLUMNS APPENDED:    NO
PRINTED:                NO
HEADER:                YES
FILE TO BE FORWARDED:   NO
FORMAT:                S1PE11.4
IDFORMAT:
LFORMAT:
RFORMAT:
FIXED_EFFECT_ETAS:

USER-CHOSEN ITEMS:
ID KA CL V ETA1 ETA2 ETA3

-- TABLE   3 --

RECORDS ONLY:    ALL

4 COLUMNS APPENDED:    NO
PRINTED:                NO
HEADER:                YES
FILE TO BE FORWARDED:   NO
FORMAT:                S1PE11.4
IDFORMAT:
LFORMAT:
RFORMAT:
FIXED_EFFECT_ETAS:

USER-CHOSEN ITEMS:
ID WT

-- TABLE   4 --

RECORDS ONLY:    ALL

4 COLUMNS APPENDED:    NO
PRINTED:                NO
HEADER:                YES
FILE TO BE FORWARDED:   NO
FORMAT:                S1PE11.4
IDFORMAT:
LFORMAT:
RFORMAT:
FIXED_EFFECT_ETAS:

USER-CHOSEN ITEMS:
ID EVID

DOUBLE PRECISION PREDPP VERSION 7.6.0 (nm760)

ONE COMPARTMENT MODEL WITH FIRST-ORDER ABSORPTION (ADVAN2)

MAXIMUM NO. OF BASIC PK PARAMETERS:   3

BASIC PK PARAMETERS (AFTER TRANSLATION):
  ELIMINATION RATE (K) IS BASIC PK PARAMETER NO.:  1
  ABSORPTION RATE (KA) IS BASIC PK PARAMETER NO.:  3

TRANSLATOR WILL CONVERT PARAMETERS
CLEARANCE (CL) AND VOLUME (V) TO K (TRANS2)

COMPARTMENT ATTRIBUTES
COMPT. NO.   FUNCTION   INITIAL    ON/OFF      DOSE      DEFAULT    DEFAULT
                        STATUS     ALLOWED    ALLOWED    FOR DOSE   FOR OBS.
   1         DEPOT        OFF        YES        YES        YES        NO
   2         CENTRAL      ON         NO         YES        NO         YES
   3         OUTPUT       OFF        YES        NO         NO         NO


ADDITIONAL PK PARAMETERS - ASSIGNMENT OF ROWS IN GG
COMPT. NO.                             INDICES
             SCALE      BIOAVAIL.   ZERO-ORDER  ZERO-ORDER  ABSORB
                        FRACTION    RATE        DURATION    LAG
   1            *           *           *           *           5
   2            4           *           *           *           *
   3            *           -           -           -           -
            - PARAMETER IS NOT ALLOWED FOR THIS MODEL
            * PARAMETER IS NOT SUPPLIED BY PK SUBROUTINE;
              WILL DEFAULT TO ONE IF APPLICABLE

DATA ITEM INDICES USED BY PRED ARE:
  EVENT ID DATA ITEM IS DATA ITEM NO.:      6
  TIME DATA ITEM IS DATA ITEM NO.:          2
  DOSE AMOUNT DATA ITEM IS DATA ITEM NO.:   3


PK SUBROUTINE CALLED WITH EVERY EVENT RECORD.
PK SUBROUTINE NOT CALLED AT NONEVENT (ADDITIONAL OR LAGGED) DOSE TIMES.

ERROR SUBROUTINE CALLED WITH EVERY EVENT RECORD.




#TBLN:      1
#METH: First Order Conditional Estimation with Interaction

ESTIMATION STEP OMITTED:                 NO
SHRINK INFO WITH EVALUATION (EVALSHRINK) NO
ANALYSIS TYPE:                           POPULATION
NUMBER OF SADDLE POINT RESET ITERATIONS:      0
GRADIENT METHOD USED:               NOSLOW
CONDITIONAL ESTIMATES USED:              YES
CENTERED ETA:                            NO
EPS-ETA INTERACTION:                     YES
LAPLACIAN OBJ. FUNC.:                    NO
NO. OF FUNCT. EVALS. ALLOWED:            9999
NO. OF SIG. FIGURES REQUIRED:            3
INTERMEDIATE PRINTOUT:                   YES
ESTIMATE OUTPUT TO MSF:                  NO
ABORT WITH PRED EXIT CODE 1:             NO
IND. OBJ. FUNC. VALUES SORTED:           NO
NUMERICAL DERIVATIVE
      FILE REQUEST (NUMDER):               NONE
MAP (ETAHAT) ESTIMATION METHOD (OPTMAP):   0
ETA HESSIAN EVALUATION METHOD (ETADER):    0
INITIAL ETA FOR MAP ESTIMATION (MCETA):    0
SIGDIGITS FOR MAP ESTIMATION (SIGLO):      9
GRADIENT SIGDIGITS OF
      FIXED EFFECTS PARAMETERS (SIGL):     9
NOPRIOR SETTING (NOPRIOR):                 0
NOCOV SETTING (NOCOV):                     OFF
DERCONT SETTING (DERCONT):                 OFF
FINAL ETA RE-EVALUATION (FNLETA):          1
EXCLUDE NON-INFLUENTIAL (NON-INFL.) ETAS
      IN SHRINKAGE (ETASTYPE):             NO
NON-INFL. ETA CORRECTION (NONINFETA):      0
RAW OUTPUT FILE (FILE): 111lag.ext
EXCLUDE TITLE (NOTITLE):                   NO
EXCLUDE COLUMN LABELS (NOLABEL):           NO
FORMAT FOR ADDITIONAL FILES (FORMAT):      S1PE12.5
PARAMETER ORDER FOR OUTPUTS (ORDER):       TSOL
KNUTHSUMOFF:                               0
INCLUDE LNTWOPI:                           NO
INCLUDE CONSTANT TERM TO PRIOR (PRIORC):   NO
INCLUDE CONSTANT TERM TO OMEGA (ETA) (OLNTWOPI):NO
ADDITIONAL CONVERGENCE TEST (CTYPE=4)?:    NO
EM OR BAYESIAN METHOD USED:                 NONE


THE FOLLOWING LABELS ARE EQUIVALENT
PRED=PREDI
RES=RESI
WRES=WRESI
IWRS=IWRESI
IPRD=IPREDI
IRS=IRESI

MONITORING OF SEARCH:



ITERATION NO.:    0    OBJECTIVE VALUE:   132.804515753881        NO. OF FUNC. EVALS.:   8
CUMULATIVE NO. OF FUNC. EVALS.:        8
NPARAMETR:  1.5000E+00  3.0000E+00  3.0000E+01  5.0000E-01  1.0000E-01  2.0000E-01  4.0000E-01  1.0000E-01  5.0000E-02
PARAMETER:  1.0000E-01  1.0000E-01  1.0000E-01  1.0000E-01  1.0000E-01  1.0000E-01  1.0000E-01  1.0000E-01  1.0000E-01
GRADIENT:  -4.0734E+01  2.0355E+01 -4.2028E+01  4.2333E+00  3.9046E+01  1.5774E+02 -5.0731E+01  5.2583E+00  8.8528E+00


ITERATION NO.:    5    OBJECTIVE VALUE:   86.2160996044456        NO. OF FUNC. EVALS.:  47
CUMULATIVE NO. OF FUNC. EVALS.:       55
NPARAMETR:  2.8761E+00  2.5858E+00  3.0713E+01  4.5062E-01  5.4627E-02  1.5295E-01  7.4282E-01  5.6145E-02  1.9198E-02
PARAMETER:  7.5095E-01 -4.8578E-02  1.2349E-01 -3.9789E-03 -5.0463E-01 -2.2539E-01  4.0949E-01 -1.8861E-01 -3.7860E-01
GRADIENT:   4.4742E+00 -1.8770E+01 -7.6583E+01 -9.3320E+00 -4.0153E+00 -6.4102E+00  1.1656E+00 -5.1841E+00 -6.3244E+00


ITERATION NO.:   10    OBJECTIVE VALUE:   82.7973461092429        NO. OF FUNC. EVALS.:  46
CUMULATIVE NO. OF FUNC. EVALS.:      101
NPARAMETR:  2.9864E+00  2.6551E+00  3.3136E+01  4.6976E-01  5.2205E-02  1.5935E-01  8.3847E-01  6.9595E-02  1.8755E-02
PARAMETER:  7.8859E-01 -2.2135E-02  1.9942E-01  3.7616E-02 -5.4998E-01 -1.7676E-01  4.7006E-01 -8.1238E-02 -3.9029E-01
GRADIENT:   3.6290E+00 -4.1886E+00  2.8028E+00 -4.3229E+00 -2.4660E+00 -2.7465E+00  3.0279E+00  2.3991E-02 -2.0285E+00


ITERATION NO.:   15    OBJECTIVE VALUE:   82.2024276093326        NO. OF FUNC. EVALS.:  48
CUMULATIVE NO. OF FUNC. EVALS.:      149
NPARAMETR:  2.5839E+00  2.6954E+00  3.3014E+01  4.7005E-01  5.5929E-02  1.5749E-01  6.8755E-01  6.8651E-02  2.0846E-02
PARAMETER:  6.4384E-01 -7.0581E-03  1.9573E-01  3.8235E-02 -4.8109E-01 -1.9072E-01  3.7083E-01 -8.8065E-02 -3.3744E-01
GRADIENT:  -1.0326E-02  2.4600E-02  1.5760E-01 -1.0488E-02 -1.5187E-02 -1.2586E-02 -6.1757E-04  4.0699E-03  1.2757E-02


ITERATION NO.:   18    OBJECTIVE VALUE:   82.2024084097698        NO. OF FUNC. EVALS.:  39
CUMULATIVE NO. OF FUNC. EVALS.:      188
NPARAMETR:  2.5847E+00  2.6953E+00  3.3009E+01  4.6999E-01  5.5962E-02  1.5750E-01  6.8758E-01  6.8646E-02  2.0829E-02
PARAMETER:  6.4413E-01 -7.1054E-03  1.9558E-01  3.8101E-02 -4.8050E-01 -1.9068E-01  3.7086E-01 -8.8100E-02 -3.3783E-01
GRADIENT:  -1.7173E-02 -2.7261E-03 -3.5333E-02 -1.6807E-04  1.8055E-03 -3.6557E-04 -1.9690E-04  1.1988E-03  7.8761E-04

#TERM:

MINIMIZATION SUCCESSFUL
NO. OF FUNCTION EVALUATIONS USED:      188
NO. OF SIG. DIGITS IN FINAL EST.:  3.1

ETABAR IS THE ARITHMETIC MEAN OF THE ETA-ESTIMATES,
AND THE P-VALUE IS GIVEN FOR THE NULL HYPOTHESIS THAT THE TRUE MEAN IS 0.

ETABAR:        -1.0761E-02  2.5327E-03 -4.9811E-03
SE:             2.3102E-01  7.1699E-02  3.8057E-02
N:                      12          12          12

P VAL.:         9.6285E-01  9.7182E-01  8.9587E-01

ETASHRINKSD(%)  3.4808E+00  5.1982E+00  8.5891E+00
ETASHRINKVR(%)  6.8405E+00  1.0126E+01  1.6441E+01
EBVSHRINKSD(%)  2.1880E+00  5.1657E+00  8.1148E+00
EBVSHRINKVR(%)  4.3281E+00  1.0065E+01  1.5571E+01
RELATIVEINF(%)  9.5355E+01  8.9537E+01  8.3855E+01
EPSSHRINKSD(%)  1.4395E+01
EPSSHRINKVR(%)  2.6717E+01

 
TOTAL DATA POINTS NORMALLY DISTRIBUTED (N):          120
N*LOG(2PI) CONSTANT TO OBJECTIVE FUNCTION:    220.54524796912145     
OBJECTIVE FUNCTION VALUE WITHOUT CONSTANT:    82.202408409769774     
OBJECTIVE FUNCTION VALUE WITH CONSTANT:       302.74765637889124     
REPORTED OBJECTIVE FUNCTION DOES NOT CONTAIN CONSTANT
 
TOTAL EFFECTIVE ETAS (NIND*NETA):                            36
 
#TERE:
Elapsed estimation  time in seconds: <SEC>
Elapsed covariance  time in seconds: <SEC>
Elapsed postprocess time in seconds: <SEC>






















************************************************************************************************************************
********************                                                                                ********************
********************               FIRST ORDER CONDITIONAL ESTIMATION WITH INTERACTION              ********************
#OBJT:**************                       MINIMUM VALUE OF OBJECTIVE FUNCTION                      ********************
********************                                                                                ********************
************************************************************************************************************************






#OBJV:********************************************            82.202       *********************************************


************************************************************************************************************************
********************                                                                                ********************
********************               FIRST ORDER CONDITIONAL ESTIMATION WITH INTERACTION              ********************
********************                             FINAL PARAMETER ESTIMATE                           ********************
********************                                                                                ********************
************************************************************************************************************************



THETA - VECTOR OF FIXED EFFECTS PARAMETERS   *********


        TH 1      TH 2      TH 3      TH 4      TH 5      TH 6     

        2.58E+00  2.70E+00  3.30E+01  4.70E-01  5.60E-02  1.57E-01



OMEGA - COV MATRIX FOR RANDOM EFFECTS - ETAS  ********


        ETA1      ETA2      ETA3     

ETA1    6.88E-01

ETA2    0.00E+00  6.86E-02

ETA3    0.00E+00  0.00E+00  2.08E-02



SIGMA - COV MATRIX FOR RANDOM EFFECTS - EPSILONS  ****


        EPS1     

EPS1    1.00E+00





OMEGA - CORR MATRIX FOR RANDOM EFFECTS - ETAS  *******


        ETA1      ETA2      ETA3     

ETA1    8.29E-01

ETA2    0.00E+00  2.62E-01

ETA3    0.00E+00  0.00E+00  1.44E-01



SIGMA - CORR MATRIX FOR RANDOM EFFECTS - EPSILONS  ***


        EPS1     

EPS1    1.00E+00



************************************************************************************************************************
********************                                                                                ********************
********************               FIRST ORDER CONDITIONAL ESTIMATION WITH INTERACTION              ********************
********************                            STANDARD ERROR OF ESTIMATE                          ********************
********************                                                                                ********************
************************************************************************************************************************



THETA - VECTOR OF FIXED EFFECTS PARAMETERS   *********


        TH 1      TH 2      TH 3      TH 4      TH 5      TH 6     

        7.33E-01  2.00E-01  1.39E+00  1.19E-01  2.04E-02  2.87E-02



OMEGA - COV MATRIX FOR RANDOM EFFECTS - ETAS  ********


        ETA1      ETA2      ETA3     

ETA1    2.98E-01

ETA2   .........  2.87E-02

ETA3   ......... .........  7.27E-03



SIGMA - COV MATRIX FOR RANDOM EFFECTS - EPSILONS  ****


        EPS1     

EPS1   .........





OMEGA - CORR MATRIX FOR RANDOM EFFECTS - ETAS  *******


        ETA1      ETA2      ETA3     

ETA1    1.79E-01

ETA2   .........  5.48E-02

ETA3   ......... .........  2.52E-02



SIGMA - CORR MATRIX FOR RANDOM EFFECTS - EPSILONS  ***


        EPS1     

EPS1   .........



************************************************************************************************************************
********************                                                                                ********************
********************               FIRST ORDER CONDITIONAL ESTIMATION WITH INTERACTION              ********************
********************                          COVARIANCE MATRIX OF ESTIMATE                         ********************
********************                                                                                ********************
************************************************************************************************************************


           TH 1      TH 2      TH 3      TH 4      TH 5      TH 6      OM11      OM12      OM13      OM22      OM23      OM33  
            SG11  

TH 1    5.37E-01

TH 2    3.46E-02  4.00E-02

TH 3    3.02E-01  2.33E-01  1.95E+00

TH 4   -1.25E-02  2.14E-04  3.29E-03  1.42E-02

TH 5    3.22E-03 -4.00E-04 -3.58E-03 -1.87E-03  4.18E-04

TH 6    9.70E-03  3.47E-04 -2.37E-03 -1.63E-04  1.12E-04  8.26E-04

OM11    1.46E-01  1.37E-02  2.55E-02 -1.80E-02  2.71E-03  2.19E-03  8.86E-02

OM12   ......... ......... ......... ......... ......... ......... ......... .........

OM13   ......... ......... ......... ......... ......... ......... ......... ......... .........

OM22   -5.05E-03 -2.85E-03 -3.46E-03 -4.83E-04 -2.20E-06 -2.40E-04 -2.58E-03 ......... .........  8.24E-04

OM23   ......... ......... ......... ......... ......... ......... ......... ......... ......... ......... .........

OM33   -1.60E-03  4.18E-04  4.53E-04 -2.82E-04  3.86E-05 -9.99E-06 -2.04E-04 ......... .........  6.57E-06 .........  5.28E-05

SG11   ......... ......... ......... ......... ......... ......... ......... ......... ......... ......... ......... .........
        .........



************************************************************************************************************************
********************                                                                                ********************
********************               FIRST ORDER CONDITIONAL ESTIMATION WITH INTERACTION              ********************
********************                          CORRELATION MATRIX OF ESTIMATE                        ********************
********************                                                                                ********************
************************************************************************************************************************


           TH 1      TH 2      TH 3      TH 4      TH 5      TH 6      OM11      OM12      OM13      OM22      OM23      OM33  
            SG11  

TH 1    7.33E-01

TH 2    2.36E-01  2.00E-01

TH 3    2.95E-01  8.37E-01  1.39E+00

TH 4   -1.43E-01  8.96E-03  1.98E-02  1.19E-01

TH 5    2.15E-01 -9.78E-02 -1.25E-01 -7.69E-01  2.04E-02

TH 6    4.61E-01  6.03E-02 -5.91E-02 -4.76E-02  1.90E-01  2.87E-02

OM11    6.67E-01  2.29E-01  6.15E-02 -5.08E-01  4.46E-01  2.56E-01  2.98E-01

OM12   ......... ......... ......... ......... ......... ......... ......... .........

OM13   ......... ......... ......... ......... ......... ......... ......... ......... .........

OM22   -2.40E-01 -4.97E-01 -8.64E-02 -1.41E-01 -3.74E-03 -2.91E-01 -3.02E-01 ......... .........  2.87E-02

OM23   ......... ......... ......... ......... ......... ......... ......... ......... ......... ......... .........

OM33   -3.00E-01  2.88E-01  4.47E-02 -3.26E-01  2.60E-01 -4.78E-02 -9.42E-02 ......... .........  3.15E-02 .........  7.27E-03

SG11   ......... ......... ......... ......... ......... ......... ......... ......... ......... ......... ......... .........
        .........



************************************************************************************************************************
********************                                                                                ********************
********************               FIRST ORDER CONDITIONAL ESTIMATION WITH INTERACTION              ********************
********************                      INVERSE COVARIANCE MATRIX OF ESTIMATE                     ********************
********************                                                                                ********************
************************************************************************************************************************


           TH 1      TH 2      TH 3      TH 4      TH 5      TH 6      OM11      OM12      OM13      OM22      OM23      OM33  
            SG11  

TH 1    1.29E+01

TH 2    1.22E+02  2.21E+03

TH 3   -1.53E+01 -2.60E+02  3.13E+01

TH 4   -2.58E+01 -2.73E+02  3.46E+01  3.01E+02

TH 5    1.04E+02  2.58E+03 -2.87E+02  5.87E+02  9.73E+03

TH 6   -9.88E+01 -8.82E+02  1.14E+02  1.18E+02 -1.28E+03  2.19E+03

OM11   -3.50E+01 -4.56E+02  5.49E+01  1.09E+02 -4.79E+02  2.37E+02  1.32E+02

OM12   ......... ......... ......... ......... ......... ......... ......... .........

OM13   ......... ......... ......... ......... ......... ......... ......... ......... .........

OM22    2.89E+02  5.62E+03 -6.55E+02 -4.26E+02  7.03E+03 -1.78E+03 -1.05E+03 ......... .........  1.60E+04

OM23   ......... ......... ......... ......... ......... ......... ......... ......... ......... ......... .........

OM33   -8.48E+02 -1.76E+04  2.04E+03  2.76E+03 -2.18E+04  6.14E+03  3.70E+03 ......... ......... -4.39E+04 .........  1.67E+05

SG11   ......... ......... ......... ......... ......... ......... ......... ......... ......... ......... ......... .........
        .........























************************************************************************************************************************
********************                                                                                ********************
********************               FIRST ORDER CONDITIONAL ESTIMATION WITH INTERACTION              ********************
********************                      EIGENVALUES OF COR MATRIX OF ESTIMATE                     ********************
********************                                                                                ********************
************************************************************************************************************************


            1         2         3         4         5         6         7         8         9

        5.49E-03  1.29E-01  2.51E-01  3.94E-01  7.25E-01  1.03E+00  1.63E+00  2.11E+00  2.72E+00

Elapsed finaloutput time in seconds: <SEC>
#CPUT: Total CPU Time in Seconds, <SEC>
Stop Time: 
<DATE>
<TIME>
