Changing directory to pd200ord.R76
'pushdon' is not recognized as an internal or external command,
operable program or batch file.
Pathlist information for compiler and MPI systems are located in nmpathlist.txt

Starting NMTRAN
  
 WARNINGS AND ERRORS (IF ANY) FOR PROBLEM    1
             
 (WARNING  2) NM-TRAN INFERS THAT THE DATA ARE POPULATION.
             
 (WARNING  3) THERE MAY BE AN ERROR IN THE ABBREVIATED CODE. THE FOLLOWING
 ONE OR MORE RANDOM VARIABLES ARE DEFINED WITH "IF" STATEMENTS THAT DO NOT
 PROVIDE DEFINITIONS FOR BOTH THE "THEN" AND "ELSE" CASES. IF ALL
 CONDITIONS FAIL, THE VALUES OF THESE VARIABLES WILL BE ZERO.
  
   P

Recompiling certain components.
starting wait
ending wait
Exiting lpreddo
Compiling FSUBS
Building NONMEM Executable
Starting nonmem execution ...
License Registered to: <LICENSEE>
Expiration Date: <DATE>
Current Date: <DATE>
Days until program expires : <N>


 Laplacian Conditional Estimation
 MONITORING OF SEARCH:


0ITERATION NO.:    0    OBJECTIVE VALUE:   2501.32415193209        NO. OF FUNC. EVALS.:   9
 CUMULATIVE NO. OF FUNC. EVALS.:        9
 NPARAMETR:  2.0000E+00  2.0000E+00  1.0000E+00  2.0000E-01  2.0000E+00  2.0000E+00  1.0000E+00
 PARAMETER:  1.0000E-01  1.0000E-01  1.0000E-01  1.0000E-01  1.0000E-01  1.0000E-01  1.0000E-01
 GRADIENT:   9.6489E+01 -1.1164E+03 -6.9483E+01 -2.2848E+01 -7.5719E+01  4.2130E+01  8.5413E+01

0ITERATION NO.:    5    OBJECTIVE VALUE:   1916.58169652284        NO. OF FUNC. EVALS.:  54
 CUMULATIVE NO. OF FUNC. EVALS.:       63
 NPARAMETR:  4.1416E+00  6.2562E+00  3.1811E+00  2.5304E-01  4.9052E+00  1.1672E+00  4.7148E+00
 PARAMETER:  2.0708E-01  1.2404E+00  1.2572E+00  3.3524E-01  9.9715E-01 -4.3857E-01  8.7535E-01
 GRADIENT:  -2.6086E+03  6.7644E+02  1.0640E+02  5.1763E+01  1.5079E+01 -2.1711E+01 -2.0241E+02

0ITERATION NO.:   10    OBJECTIVE VALUE:   1778.63829844599        NO. OF FUNC. EVALS.:  56
 CUMULATIVE NO. OF FUNC. EVALS.:      119
 NPARAMETR:  5.0631E+00  4.5225E+00  2.9976E+00  9.0096E-02  4.5166E+00  4.1583E-01  1.6482E+00
 PARAMETER:  2.5315E-01  9.1591E-01  1.1978E+00 -6.9744E-01  9.1462E-01 -1.4706E+00  3.4983E-01
 GRADIENT:  -6.0078E+02 -2.0833E+02 -2.5971E+01 -8.0099E+00  4.9548E+01 -2.3483E+01 -3.2076E+01

0ITERATION NO.:   15    OBJECTIVE VALUE:   1699.35166602398        NO. OF FUNC. EVALS.:  51
 CUMULATIVE NO. OF FUNC. EVALS.:      170
 NPARAMETR:  7.4093E+00  6.1944E+00  4.5806E+00  1.4785E-01  8.4244E+00  1.3812E+00  3.3351E+00
 PARAMETER:  3.7047E-01  1.2305E+00  1.6218E+00 -2.0215E-01  1.5380E+00 -2.7020E-01  7.0226E-01
 GRADIENT:  -6.5017E+01  1.2618E+01  6.5866E-01  9.3782E+00  1.7604E+01 -2.7248E+00 -2.0734E+01

0ITERATION NO.:   20    OBJECTIVE VALUE:   1697.73429514281        NO. OF FUNC. EVALS.:  65
 CUMULATIVE NO. OF FUNC. EVALS.:      235
 NPARAMETR:  7.5571E+00  6.2860E+00  4.7806E+00  1.2625E-01  8.0848E+00  1.1312E+00  3.7636E+00
 PARAMETER:  3.7786E-01  1.2452E+00  1.6646E+00 -3.6006E-01  1.4968E+00 -4.6983E-01  7.6269E-01
 GRADIENT:  -6.7775E-01 -1.5779E-01 -9.0736E-02  2.5320E-02 -1.1392E-01 -6.0371E-03 -4.3360E-04

0ITERATION NO.:   22    OBJECTIVE VALUE:   1697.73401895275        NO. OF FUNC. EVALS.:  36
 CUMULATIVE NO. OF FUNC. EVALS.:      271
 NPARAMETR:  7.5622E+00  6.2895E+00  4.7859E+00  1.2612E-01  8.0942E+00  1.1322E+00  3.7678E+00
 PARAMETER:  3.7811E-01  1.2457E+00  1.6657E+00 -3.6111E-01  1.4980E+00 -4.6898E-01  7.6324E-01
 GRADIENT:  -2.1322E-01  8.9069E-02 -3.3133E-04 -1.4692E-02 -6.2887E-03  5.7549E-04 -2.0720E-02
 Elapsed estimation  time in seconds: <SEC>
 Elapsed covariance  time in seconds: <SEC>
 Elapsed postprocess time in seconds: <SEC>
 Elapsed finaloutput time in seconds: <SEC>
Done with nonmem execution
wall seconds: 7.5
