<DATE>
<TIME>
$PROB PEDIATRIC 1COMP IV, ALLOMETRY FIXED + SIGMOID MATURATION   P:ped100  F:CL~WT+PMA,V~WT
$INPUT ID TIME AMT DV MDV EVID WT PMA AGE GRP
$DATA ../../data/ped-sim.csv IGNORE=@
$SUBR ADVAN1 TRANS2
$ABBR DERIV2=NO

$PK
  SZCL = (WT / 70) ** 0.75
  SZV  = (WT / 70) ** 1
  TM50 = THETA(5)                          ; PMA (weeks) at half maturation
  HILL = THETA(6)
  MAT  = PMA ** HILL / (TM50 ** HILL + PMA ** HILL)
  CL = THETA(1) * SZCL * MAT * EXP(ETA(1))
  V  = THETA(2) * SZV  * EXP(ETA(2))
  S1 = V

$ERROR
  IPRE = F
  W    = 1
  W    = SQRT(THETA(3)**2 + THETA(4)**2 * IPRE**2)
  IF (W.LT.1E-6) W = 1E-6
  IRES = DV - IPRE
  IWRE = IRES / W
  Y    = IPRE + W * EPS(1)

$THETA
  (0, 5)       ; CLSTD, CL of a 70-kg mature subject (L/h)
  (0, 40)      ; VSTD  (L)
  (0, 0.2)     ; additive error SD (mg/L)
  (0, 0.1)     ; proportional error CV
  (0, 50)      ; TM50 (weeks PMA)
  (0, 3)       ; HILL

$OMEGA
  0.1          ; CL
  0.05         ; V

$SIGMA 1 FIX

$EST MAX=9999 PRINT=5 METHOD=COND INTER NSIG=3 SIGL=9
     NOABORT NOTBT NOOBT NOSBT
$COV UNCOND PRINT=E
$TAB ID TIME AMT DV MDV EVID IPRE IWRE CWRES
     ONEHEADER NOPRINT FILE=sdtab
$TAB ID CL V ETA1 ETA2 MAT
     ONEHEADER NOPRINT NOAPPEND FILE=patab
$TAB ID WT PMA AGE
     ONEHEADER NOPRINT NOAPPEND FILE=cotab
$TAB ID GRP
     ONEHEADER NOPRINT NOAPPEND FILE=catab
  
NM-TRAN MESSAGES 
  
 WARNINGS AND ERRORS (IF ANY) FOR PROBLEM    1
             
 (WARNING  2) NM-TRAN INFERS THAT THE DATA ARE POPULATION.
  
License Registered to: <LICENSEE>
Expiration Date: <DATE>
Current Date: <DATE>
Days until program expires : <N>

NONLINEAR MIXED EFFECTS MODEL PROGRAM (NONMEM) VERSION 7.6.0 (nm760)
ORIGINALLY DEVELOPED BY STUART BEAL, LEWIS SHEINER, AND ALISON BOECKMANN
CURRENT DEVELOPERS ARE ROBERT BAUER, ICON DEVELOPMENT SOLUTIONS,
AND ALISON BOECKMANN. IMPLEMENTATION, EFFICIENCY, AND STANDARDIZATION
PERFORMED BY NOUS INFOSYSTEMS.

PROBLEM NO.:         1
PEDIATRIC 1COMP IV, ALLOMETRY FIXED + SIGMOID MATURATION   P:ped100  F:C

DATA CHECKOUT RUN:              NO
DATA SET LOCATED ON UNIT NO.:    2
THIS UNIT TO BE REWOUND:        NO
CREATE/ADD TO FDATA.csv:        YES
NO. OF DATA RECS IN DATA SET:      663
NO. OF DATA ITEMS IN DATA SET:  10
ID DATA ITEM IS DATA ITEM NO.:   1
DEP VARIABLE IS DATA ITEM NO.:   4
MDV DATA ITEM IS DATA ITEM NO.:  5

INDICES PASSED TO SUBROUTINE PRED:
  6   2   3   0   0   0   0   0   0   0   0

LABELS FOR DATA ITEMS:
ID TIME AMT DV MDV EVID WT PMA AGE GRP

(NONBLANK) LABELS FOR PRED-DEFINED ITEMS:
MAT CL V IPRE IWRE

FORMAT FOR DATA:
(10E7.0)

TOT. NO. OF OBS RECS:      543
TOT. NO. OF INDIVIDUALS:      120

LENGTH OF THETA:   6

DEFAULT THETA BOUNDARY TEST OMITTED:   YES

OMEGA HAS SIMPLE DIAGONAL FORM WITH DIMENSION:   2

DEFAULT OMEGA BOUNDARY TEST OMITTED:   YES

SIGMA HAS SIMPLE DIAGONAL FORM WITH DIMENSION:   1

DEFAULT SIGMA BOUNDARY TEST OMITTED:   YES

INITIAL ESTIMATE OF THETA:
LOWER BOUND    INITIAL EST    UPPER BOUND
 0.0000E+00     0.5000E+01     0.1000E+07
 0.0000E+00     0.4000E+02     0.1000E+07
 0.0000E+00     0.2000E+00     0.1000E+07
 0.0000E+00     0.1000E+00     0.1000E+07
 0.0000E+00     0.5000E+02     0.1000E+07
 0.0000E+00     0.3000E+01     0.1000E+07

INITIAL ESTIMATE OF OMEGA:
0.1000E+00
0.0000E+00   0.5000E-01

INITIAL ESTIMATE OF SIGMA:
0.1000E+01

SIGMA CONSTRAINED TO BE THIS INITIAL ESTIMATE

COVARIANCE STEP OMITTED:        NO
EIGENVLS. PRINTED:             YES
SPECIAL COMPUTATION:            NO
COMPRESSED FORMAT:              NO
GRADIENT METHOD USED:     NOSLOW
SIGDIGITS ETAHAT (SIGLO):                  -1
SIGDIGITS GRADIENTS (SIGL):                -1
EXCLUDE COV FOR FOCE (NOFCOV):              NO
Cholesky Transposition of R Matrix (CHOLROFF):0
KNUTHSUMOFF:                                -1
RESUME COV ANALYSIS (RESUME):               NO
SIR SAMPLE SIZE (SIRSAMPLE):
NON-LINEARLY TRANSFORM THETAS DURING COV (THBND): 1
PRECONDTIONING CYCLES (PRECOND):        0
PRECONDTIONING TYPES (PRECONDS):        TOS
FORCED PRECONDTIONING CYCLES (PFCOND):0
PRECONDTIONING TYPE (PRETYPE):        0
FORCED POS. DEFINITE SETTING DURING PRECONDITIONING: (FPOSDEF):0
SIMPLE POS. DEFINITE SETTING: (POSDEF):-1

TABLES STEP OMITTED:    NO
NO. OF TABLES:           4
SEED NUMBER (SEED):    11456
NPDTYPE:    0
INTERPTYPE:    0
RANMETHOD:             3U
MC SAMPLES (ESAMPLE):    300
WRES SQUARE ROOT TYPE (WRESCHOL): EIGENVALUE

-- TABLE   1 --

RECORDS ONLY:    ALL

4 COLUMNS APPENDED:    YES
PRINTED:                NO
HEADER:                YES
FILE TO BE FORWARDED:   NO
FORMAT:                S1PE11.4
IDFORMAT:
LFORMAT:
RFORMAT:
FIXED_EFFECT_ETAS:

USER-CHOSEN ITEMS:
ID TIME AMT DV MDV EVID IPRE IWRE CWRES

-- TABLE   2 --

RECORDS ONLY:    ALL

4 COLUMNS APPENDED:    NO
PRINTED:                NO
HEADER:                YES
FILE TO BE FORWARDED:   NO
FORMAT:                S1PE11.4
IDFORMAT:
LFORMAT:
RFORMAT:
FIXED_EFFECT_ETAS:

USER-CHOSEN ITEMS:
ID CL V ETA1 ETA2 MAT

-- TABLE   3 --

RECORDS ONLY:    ALL

4 COLUMNS APPENDED:    NO
PRINTED:                NO
HEADER:                YES
FILE TO BE FORWARDED:   NO
FORMAT:                S1PE11.4
IDFORMAT:
LFORMAT:
RFORMAT:
FIXED_EFFECT_ETAS:

USER-CHOSEN ITEMS:
ID WT PMA AGE

-- TABLE   4 --

RECORDS ONLY:    ALL

4 COLUMNS APPENDED:    NO
PRINTED:                NO
HEADER:                YES
FILE TO BE FORWARDED:   NO
FORMAT:                S1PE11.4
IDFORMAT:
LFORMAT:
RFORMAT:
FIXED_EFFECT_ETAS:

USER-CHOSEN ITEMS:
ID GRP

DOUBLE PRECISION PREDPP VERSION 7.6.0 (nm760)

ONE COMPARTMENT MODEL (ADVAN1)

MAXIMUM NO. OF BASIC PK PARAMETERS:   2

BASIC PK PARAMETERS (AFTER TRANSLATION):
  ELIMINATION RATE (K) IS BASIC PK PARAMETER NO.:  1

TRANSLATOR WILL CONVERT PARAMETERS
CLEARANCE (CL) AND VOLUME (V) TO K (TRANS2)

COMPARTMENT ATTRIBUTES
COMPT. NO.   FUNCTION   INITIAL    ON/OFF      DOSE      DEFAULT    DEFAULT
                        STATUS     ALLOWED    ALLOWED    FOR DOSE   FOR OBS.
   1         CENTRAL      ON         NO         YES        YES        YES
   2         OUTPUT       OFF        YES        NO         NO         NO


ADDITIONAL PK PARAMETERS - ASSIGNMENT OF ROWS IN GG
COMPT. NO.                             INDICES
             SCALE      BIOAVAIL.   ZERO-ORDER  ZERO-ORDER  ABSORB
                        FRACTION    RATE        DURATION    LAG
   1            3           *           *           *           *
   2            *           -           -           -           -
            - PARAMETER IS NOT ALLOWED FOR THIS MODEL
            * PARAMETER IS NOT SUPPLIED BY PK SUBROUTINE;
              WILL DEFAULT TO ONE IF APPLICABLE

DATA ITEM INDICES USED BY PRED ARE:
  EVENT ID DATA ITEM IS DATA ITEM NO.:      6
  TIME DATA ITEM IS DATA ITEM NO.:          2
  DOSE AMOUNT DATA ITEM IS DATA ITEM NO.:   3


PK SUBROUTINE CALLED WITH EVERY EVENT RECORD.
PK SUBROUTINE NOT CALLED AT NONEVENT (ADDITIONAL OR LAGGED) DOSE TIMES.

ERROR SUBROUTINE CALLED WITH EVERY EVENT RECORD.




#TBLN:      1
#METH: First Order Conditional Estimation with Interaction

ESTIMATION STEP OMITTED:                 NO
SHRINK INFO WITH EVALUATION (EVALSHRINK) NO
ANALYSIS TYPE:                           POPULATION
NUMBER OF SADDLE POINT RESET ITERATIONS:      0
GRADIENT METHOD USED:               NOSLOW
CONDITIONAL ESTIMATES USED:              YES
CENTERED ETA:                            NO
EPS-ETA INTERACTION:                     YES
LAPLACIAN OBJ. FUNC.:                    NO
NO. OF FUNCT. EVALS. ALLOWED:            9999
NO. OF SIG. FIGURES REQUIRED:            3
INTERMEDIATE PRINTOUT:                   YES
ESTIMATE OUTPUT TO MSF:                  NO
ABORT WITH PRED EXIT CODE 1:             NO
IND. OBJ. FUNC. VALUES SORTED:           NO
NUMERICAL DERIVATIVE
      FILE REQUEST (NUMDER):               NONE
MAP (ETAHAT) ESTIMATION METHOD (OPTMAP):   0
ETA HESSIAN EVALUATION METHOD (ETADER):    0
INITIAL ETA FOR MAP ESTIMATION (MCETA):    0
SIGDIGITS FOR MAP ESTIMATION (SIGLO):      9
GRADIENT SIGDIGITS OF
      FIXED EFFECTS PARAMETERS (SIGL):     9
NOPRIOR SETTING (NOPRIOR):                 0
NOCOV SETTING (NOCOV):                     OFF
DERCONT SETTING (DERCONT):                 OFF
FINAL ETA RE-EVALUATION (FNLETA):          1
EXCLUDE NON-INFLUENTIAL (NON-INFL.) ETAS
      IN SHRINKAGE (ETASTYPE):             NO
NON-INFL. ETA CORRECTION (NONINFETA):      0
RAW OUTPUT FILE (FILE): ped101.ext
EXCLUDE TITLE (NOTITLE):                   NO
EXCLUDE COLUMN LABELS (NOLABEL):           NO
FORMAT FOR ADDITIONAL FILES (FORMAT):      S1PE12.5
PARAMETER ORDER FOR OUTPUTS (ORDER):       TSOL
KNUTHSUMOFF:                               0
INCLUDE LNTWOPI:                           NO
INCLUDE CONSTANT TERM TO PRIOR (PRIORC):   NO
INCLUDE CONSTANT TERM TO OMEGA (ETA) (OLNTWOPI):NO
ADDITIONAL CONVERGENCE TEST (CTYPE=4)?:    NO
EM OR BAYESIAN METHOD USED:                 NONE


THE FOLLOWING LABELS ARE EQUIVALENT
PRED=PREDI
RES=RESI
WRES=WRESI
IWRS=IWRESI
IPRD=IPREDI
IRS=IRESI

MONITORING OF SEARCH:



ITERATION NO.:    0    OBJECTIVE VALUE:   46.3939669110318        NO. OF FUNC. EVALS.:   8
CUMULATIVE NO. OF FUNC. EVALS.:        8
NPARAMETR:  5.0000E+00  4.0000E+01  2.0000E-01  1.0000E-01  5.0000E+01  3.0000E+00  1.0000E-01  5.0000E-02
PARAMETER:  1.0000E-01  1.0000E-01  1.0000E-01  1.0000E-01  1.0000E-01  1.0000E-01  1.0000E-01  1.0000E-01
GRADIENT:  -1.4502E+02 -3.0121E+01  1.1437E+02  1.3872E+01 -1.2751E+02 -7.2445E+01  4.5506E+00  8.7633E+00


ITERATION NO.:    5    OBJECTIVE VALUE:   5.04010111634913        NO. OF FUNC. EVALS.:  46
CUMULATIVE NO. OF FUNC. EVALS.:       54
NPARAMETR:  5.7611E+00  3.9484E+01  1.3643E-01  1.0344E-01  5.3489E+01  3.2586E+00  7.8728E-02  4.7660E-02
PARAMETER:  2.4169E-01  8.7013E-02 -2.8248E-01  1.3379E-01  1.6745E-01  1.8268E-01 -1.9583E-02  7.6032E-02
GRADIENT:   4.3011E+01 -8.8194E+01 -1.7845E+01 -7.1553E+00 -9.7591E+01 -4.3790E+01 -6.5931E+00  1.0414E+00


ITERATION NO.:   10    OBJECTIVE VALUE:   2.50502225351949        NO. OF FUNC. EVALS.:  49
CUMULATIVE NO. OF FUNC. EVALS.:      103
NPARAMETR:  5.7380E+00  4.0226E+01  1.4101E-01  1.0407E-01  5.3355E+01  3.4591E+00  8.0384E-02  4.6768E-02
PARAMETER:  2.3768E-01  1.0563E-01 -2.4949E-01  1.3989E-01  1.6494E-01  2.4240E-01 -9.1762E-03  6.6589E-02
GRADIENT:   1.2818E+00 -9.7691E+00 -3.0869E+00 -7.6414E-02  2.6456E+00  3.0855E+00  1.9279E-01 -7.1375E-02


ITERATION NO.:   15    OBJECTIVE VALUE:   2.46979735787034        NO. OF FUNC. EVALS.:  68
CUMULATIVE NO. OF FUNC. EVALS.:      171
NPARAMETR:  5.7374E+00  4.0321E+01  1.4213E-01  1.0396E-01  5.3509E+01  3.4254E+00  8.0278E-02  4.6814E-02
PARAMETER:  2.3756E-01  1.0799E-01 -2.4161E-01  1.3886E-01  1.6782E-01  2.3260E-01 -9.8379E-03  6.7077E-02
GRADIENT:  -1.0140E-02  2.0403E-02  3.7728E-03  1.7088E-03  1.7509E-03  1.5168E-02 -4.1163E-03  4.6526E-03

#TERM:

MINIMIZATION SUCCESSFUL
NO. OF FUNCTION EVALUATIONS USED:      171
NO. OF SIG. DIGITS IN FINAL EST.:  3.5

ETABAR IS THE ARITHMETIC MEAN OF THE ETA-ESTIMATES,
AND THE P-VALUE IS GIVEN FOR THE NULL HYPOTHESIS THAT THE TRUE MEAN IS 0.

ETABAR:        -3.9880E-03 -2.0159E-03
SE:             2.4247E-02  1.7774E-02
N:                     120         120

P VAL.:         8.6936E-01  9.0970E-01

ETASHRINKSD(%)  6.2446E+00  1.0006E+01
ETASHRINKVR(%)  1.2099E+01  1.9011E+01
EBVSHRINKSD(%)  5.7633E+00  9.7564E+00
EBVSHRINKVR(%)  1.1194E+01  1.8561E+01
RELATIVEINF(%)  8.8757E+01  8.1394E+01
EPSSHRINKSD(%)  2.0609E+01
EPSSHRINKVR(%)  3.6971E+01

 
TOTAL DATA POINTS NORMALLY DISTRIBUTED (N):          543
N*LOG(2PI) CONSTANT TO OBJECTIVE FUNCTION:    997.96724706027453     
OBJECTIVE FUNCTION VALUE WITHOUT CONSTANT:    2.4697973578703372     
OBJECTIVE FUNCTION VALUE WITH CONSTANT:       1000.4370444181449     
REPORTED OBJECTIVE FUNCTION DOES NOT CONTAIN CONSTANT
 
TOTAL EFFECTIVE ETAS (NIND*NETA):                           240
 
#TERE:
Elapsed estimation  time in seconds: <SEC>
Elapsed covariance  time in seconds: <SEC>
Elapsed postprocess time in seconds: <SEC>






















************************************************************************************************************************
********************                                                                                ********************
********************               FIRST ORDER CONDITIONAL ESTIMATION WITH INTERACTION              ********************
#OBJT:**************                       MINIMUM VALUE OF OBJECTIVE FUNCTION                      ********************
********************                                                                                ********************
************************************************************************************************************************






#OBJV:********************************************             2.470       *********************************************


************************************************************************************************************************
********************                                                                                ********************
********************               FIRST ORDER CONDITIONAL ESTIMATION WITH INTERACTION              ********************
********************                             FINAL PARAMETER ESTIMATE                           ********************
********************                                                                                ********************
************************************************************************************************************************



THETA - VECTOR OF FIXED EFFECTS PARAMETERS   *********


        TH 1      TH 2      TH 3      TH 4      TH 5      TH 6     

        5.74E+00  4.03E+01  1.42E-01  1.04E-01  5.35E+01  3.43E+00



OMEGA - COV MATRIX FOR RANDOM EFFECTS - ETAS  ********


        ETA1      ETA2     

ETA1    8.03E-02

ETA2    0.00E+00  4.68E-02



SIGMA - COV MATRIX FOR RANDOM EFFECTS - EPSILONS  ****


        EPS1     

EPS1    1.00E+00





OMEGA - CORR MATRIX FOR RANDOM EFFECTS - ETAS  *******


        ETA1      ETA2     

ETA1    2.83E-01

ETA2    0.00E+00  2.16E-01



SIGMA - CORR MATRIX FOR RANDOM EFFECTS - EPSILONS  ***


        EPS1     

EPS1    1.00E+00



************************************************************************************************************************
********************                                                                                ********************
********************               FIRST ORDER CONDITIONAL ESTIMATION WITH INTERACTION              ********************
********************                            STANDARD ERROR OF ESTIMATE                          ********************
********************                                                                                ********************
************************************************************************************************************************



THETA - VECTOR OF FIXED EFFECTS PARAMETERS   *********


        TH 1      TH 2      TH 3      TH 4      TH 5      TH 6     

        2.06E-01  8.92E-01  1.32E-02  6.25E-03  2.43E+00  3.39E-01



OMEGA - COV MATRIX FOR RANDOM EFFECTS - ETAS  ********


        ETA1      ETA2     

ETA1    1.10E-02

ETA2   .........  7.07E-03



SIGMA - COV MATRIX FOR RANDOM EFFECTS - EPSILONS  ****


        EPS1     

EPS1   .........





OMEGA - CORR MATRIX FOR RANDOM EFFECTS - ETAS  *******


        ETA1      ETA2     

ETA1    1.93E-02

ETA2   .........  1.63E-02



SIGMA - CORR MATRIX FOR RANDOM EFFECTS - EPSILONS  ***


        EPS1     

EPS1   .........



************************************************************************************************************************
********************                                                                                ********************
********************               FIRST ORDER CONDITIONAL ESTIMATION WITH INTERACTION              ********************
********************                          COVARIANCE MATRIX OF ESTIMATE                         ********************
********************                                                                                ********************
************************************************************************************************************************


           TH 1      TH 2      TH 3      TH 4      TH 5      TH 6      OM11      OM12      OM22      SG11  

TH 1    4.22E-02

TH 2   -5.67E-03  7.95E-01

TH 3    1.33E-04 -4.65E-04  1.74E-04

TH 4    1.25E-04  1.11E-03 -2.34E-05  3.90E-05

TH 5    2.88E-01 -1.31E-01  2.13E-03  5.68E-04  5.89E+00

TH 6   -2.27E-02  4.40E-04 -1.16E-04 -1.31E-05 -6.86E-01  1.15E-01

OM11    3.91E-05 -7.61E-04 -9.56E-06  5.65E-07 -1.66E-03  3.15E-04  1.20E-04

OM12   ......... ......... ......... ......... ......... ......... ......... .........

OM22   -4.24E-05 -3.62E-04  3.82E-06 -1.19E-05 -6.47E-04  1.87E-04  1.14E-05 .........  4.99E-05

SG11   ......... ......... ......... ......... ......... ......... ......... ......... ......... .........



************************************************************************************************************************
********************                                                                                ********************
********************               FIRST ORDER CONDITIONAL ESTIMATION WITH INTERACTION              ********************
********************                          CORRELATION MATRIX OF ESTIMATE                        ********************
********************                                                                                ********************
************************************************************************************************************************


           TH 1      TH 2      TH 3      TH 4      TH 5      TH 6      OM11      OM12      OM22      SG11  

TH 1    2.06E-01

TH 2   -3.09E-02  8.92E-01

TH 3    4.92E-02 -3.96E-02  1.32E-02

TH 4    9.70E-02  1.99E-01 -2.84E-01  6.25E-03

TH 5    5.77E-01 -6.03E-02  6.67E-02  3.75E-02  2.43E+00

TH 6   -3.27E-01  1.46E-03 -2.59E-02 -6.17E-03 -8.34E-01  3.39E-01

OM11    1.74E-02 -7.79E-02 -6.62E-02  8.25E-03 -6.25E-02  8.49E-02  1.10E-02

OM12   ......... ......... ......... ......... ......... ......... ......... .........

OM22   -2.92E-02 -5.75E-02  4.10E-02 -2.71E-01 -3.77E-02  7.81E-02  1.48E-01 .........  7.07E-03

SG11   ......... ......... ......... ......... ......... ......... ......... ......... ......... .........



************************************************************************************************************************
********************                                                                                ********************
********************               FIRST ORDER CONDITIONAL ESTIMATION WITH INTERACTION              ********************
********************                      INVERSE COVARIANCE MATRIX OF ESTIMATE                     ********************
********************                                                                                ********************
************************************************************************************************************************


           TH 1      TH 2      TH 3      TH 4      TH 5      TH 6      OM11      OM12      OM22      SG11  

TH 1    4.07E+01

TH 2   -1.86E-01  1.34E+00

TH 3   -1.05E+01 -2.38E+00  6.37E+03

TH 4   -7.68E+01 -4.15E+01  4.11E+03  3.19E+04

TH 5   -3.43E+00  1.25E-01 -5.70E+00 -1.03E+01  8.68E-01

TH 6   -1.24E+01  6.76E-01 -3.11E+01 -7.88E+01  4.51E+00  3.34E+01

OM11   -3.22E+01  8.81E+00  4.40E+02 -6.90E+02  2.65E+00 -1.07E+01  8.71E+03

OM12   ......... ......... ......... ......... ......... ......... ......... .........

OM22    2.51E+01 -3.14E+00  4.11E+02  7.26E+03 -1.03E+01 -8.61E+01 -2.08E+03 .........  2.24E+04

SG11   ......... ......... ......... ......... ......... ......... ......... ......... ......... .........























************************************************************************************************************************
********************                                                                                ********************
********************               FIRST ORDER CONDITIONAL ESTIMATION WITH INTERACTION              ********************
********************                      EIGENVALUES OF COR MATRIX OF ESTIMATE                     ********************
********************                                                                                ********************
************************************************************************************************************************


            1         2         3         4         5         6         7         8

        1.14E-01  5.57E-01  7.02E-01  8.44E-01  9.42E-01  1.14E+00  1.49E+00  2.21E+00

Elapsed finaloutput time in seconds: <SEC>
#CPUT: Total CPU Time in Seconds, <SEC>
Stop Time: 
<DATE>
<TIME>
