Changing directory to tte101.R76
'pushdon' is not recognized as an internal or external command,
operable program or batch file.
Pathlist information for compiler and MPI systems are located in nmpathlist.txt

Starting NMTRAN
  
 WARNINGS AND ERRORS (IF ANY) FOR PROBLEM    1
             
 (WARNING  2) NM-TRAN INFERS THAT THE DATA ARE POPULATION.
             
 (WARNING  3) THERE MAY BE AN ERROR IN THE ABBREVIATED CODE. THE FOLLOWING
 ONE OR MORE RANDOM VARIABLES ARE DEFINED WITH "IF" STATEMENTS THAT DO NOT
 PROVIDE DEFINITIONS FOR BOTH THE "THEN" AND "ELSE" CASES. IF ALL
 CONDITIONS FAIL, THE VALUES OF THESE VARIABLES WILL BE ZERO.
  
   Y

Recompiling certain components.
starting wait
ending wait
Exiting lpreddo
Compiling FSUBS
Building NONMEM Executable
Starting nonmem execution ...
License Registered to: <LICENSEE>
Expiration Date: <DATE>
Current Date: <DATE>
Days until program expires : <N>


 Laplacian Conditional Estimation
 MONITORING OF SEARCH:


0ITERATION NO.:    0    OBJECTIVE VALUE:   1316.23694732368        NO. OF FUNC. EVALS.:   5
 CUMULATIVE NO. OF FUNC. EVALS.:        5
 NPARAMETR:  1.0000E-01  1.0000E+00  5.0000E-01
 PARAMETER:  1.0000E-01  1.0000E-01  1.0000E-01
 GRADIENT:  -4.7271E+01 -2.6187E+02 -1.0590E+02

0ITERATION NO.:    5    OBJECTIVE VALUE:   1253.62164194063        NO. OF FUNC. EVALS.:  32
 CUMULATIVE NO. OF FUNC. EVALS.:       37
 NPARAMETR:  5.7464E-02  1.5047E+00  1.3661E+00
 PARAMETER: -4.5402E-01  5.0858E-01  2.7321E-01
 GRADIENT:   7.4386E+00  7.4262E+00 -3.1299E+01

0ITERATION NO.:   10    OBJECTIVE VALUE:   1253.11548125348        NO. OF FUNC. EVALS.:  33
 CUMULATIVE NO. OF FUNC. EVALS.:       70
 NPARAMETR:  5.1454E-02  1.5601E+00  1.4416E+00
 PARAMETER: -5.6449E-01  5.4472E-01  2.8831E-01
 GRADIENT:  -8.0079E-03 -5.5100E-02  1.6426E-02

0ITERATION NO.:   11    OBJECTIVE VALUE:   1253.11548125348        NO. OF FUNC. EVALS.:   6
 CUMULATIVE NO. OF FUNC. EVALS.:       76
 NPARAMETR:  5.1454E-02  1.5601E+00  1.4416E+00
 PARAMETER: -5.6449E-01  5.4472E-01  2.8831E-01
 GRADIENT:  -8.0079E-03 -5.5100E-02  1.6426E-02
 Elapsed estimation  time in seconds: <SEC>
 Elapsed covariance  time in seconds: <SEC>
 Elapsed postprocess time in seconds: <SEC>
 Elapsed finaloutput time in seconds: <SEC>
Done with nonmem execution
wall seconds: 19.1
