<DATE>
<TIME>
$PROB THEO 1COMP ORAL, WRONG SCALE OF INITIAL VALUES   P:110ka  F:BASE
$INPUT ID TIME AMT RATE=DROP DV MDV EVID WT
$DATA ../../data/theo-nm.csv IGNORE=@
$SUBR ADVAN2 TRANS2
$ABBR DERIV2=NO

$PK
  TVKA = THETA(1)
  TVCL = THETA(2)
  TVV  = THETA(3)
  KA   = TVKA * EXP(ETA(1))
  CL   = TVCL * EXP(ETA(2))
  V    = TVV  * EXP(ETA(3))
  S2   = V

$ERROR
  IPRE = F
  W    = 1
  W    = SQRT(THETA(4)**2 + THETA(5)**2 * IPRE**2)
  IF (W.LT.1E-6) W = 1E-6
  IRES = DV - IPRE
  IWRE = IRES / W
  Y    = IPRE + W * EPS(1)

$THETA
  (0, 1.5)     ; KA (1/h)
  (0, 0.04)    ; CL (L/h)
  (0, 0.5)     ; V  (L)
  (0, 0.5)     ; additive error SD (mg/L)
  (0, 0.1)     ; proportional error CV

$OMEGA
  0.4          ; KA
  0.1          ; CL
  0.05         ; V

$SIGMA 1 FIX

$EST MAX=9999 PRINT=5 METHOD=COND INTER NSIG=3 SIGL=9
     NOABORT NOTBT NOOBT NOSBT
$COV UNCOND PRINT=E
$TAB ID TIME AMT DV MDV EVID IPRE IWRE CWRES
     ONEHEADER NOPRINT FILE=sdtab
$TAB ID KA CL V ETA1 ETA2 ETA3
     ONEHEADER NOPRINT NOAPPEND FILE=patab
$TAB ID WT
     ONEHEADER NOPRINT NOAPPEND FILE=cotab
$TAB ID EVID
     ONEHEADER NOPRINT NOAPPEND FILE=catab
  
NM-TRAN MESSAGES 
  
 WARNINGS AND ERRORS (IF ANY) FOR PROBLEM    1
             
 (WARNING  2) NM-TRAN INFERS THAT THE DATA ARE POPULATION.

 (DATA WARNING   5) RECORD         2, DATA ITEM   4, CONTENTS: 0.74
 THE DV DATA ITEM IS POSITIVE, BUT THE MDV DATA ITEM IS 1

 (DATA WARNING   5) RECORD        74, DATA ITEM   4, CONTENTS: 0.15
 THE DV DATA ITEM IS POSITIVE, BUT THE MDV DATA ITEM IS 1

 (DATA WARNING   5) RECORD       110, DATA ITEM   4, CONTENTS: 0.24
 THE DV DATA ITEM IS POSITIVE, BUT THE MDV DATA ITEM IS 1
  
License Registered to: <LICENSEE>
Expiration Date: <DATE>
Current Date: <DATE>
Days until program expires : <N>
1NONLINEAR MIXED EFFECTS MODEL PROGRAM (NONMEM) VERSION 7.6.0 (nm760)
 ORIGINALLY DEVELOPED BY STUART BEAL, LEWIS SHEINER, AND ALISON BOECKMANN
 CURRENT DEVELOPERS ARE ROBERT BAUER, ICON DEVELOPMENT SOLUTIONS,
 AND ALISON BOECKMANN. IMPLEMENTATION, EFFICIENCY, AND STANDARDIZATION
 PERFORMED BY NOUS INFOSYSTEMS.

 PROBLEM NO.:         1
 THEO 1COMP ORAL, WRONG SCALE OF INITIAL VALUES   P:110ka  F:BASE
0DATA CHECKOUT RUN:              NO
 DATA SET LOCATED ON UNIT NO.:    2
 THIS UNIT TO BE REWOUND:        NO
 CREATE/ADD TO FDATA.csv:        YES
 NO. OF DATA RECS IN DATA SET:      144
 NO. OF DATA ITEMS IN DATA SET:   7
 ID DATA ITEM IS DATA ITEM NO.:   1
 DEP VARIABLE IS DATA ITEM NO.:   4
 MDV DATA ITEM IS DATA ITEM NO.:  5
0INDICES PASSED TO SUBROUTINE PRED:
   6   2   3   0   0   0   0   0   0   0   0
0LABELS FOR DATA ITEMS:
 ID TIME AMT DV MDV EVID WT
0(NONBLANK) LABELS FOR PRED-DEFINED ITEMS:
 KA CL V IPRE IWRE
0FORMAT FOR DATA:
 (7E7.0)

 TOT. NO. OF OBS RECS:      120
 TOT. NO. OF INDIVIDUALS:       12
0LENGTH OF THETA:   5
0DEFAULT THETA BOUNDARY TEST OMITTED:   YES
0OMEGA HAS SIMPLE DIAGONAL FORM WITH DIMENSION:   3
0DEFAULT OMEGA BOUNDARY TEST OMITTED:   YES
0SIGMA HAS SIMPLE DIAGONAL FORM WITH DIMENSION:   1
0DEFAULT SIGMA BOUNDARY TEST OMITTED:   YES
0INITIAL ESTIMATE OF THETA:
 LOWER BOUND    INITIAL EST    UPPER BOUND
  0.0000E+00     0.1500E+01     0.1000E+07
  0.0000E+00     0.4000E-01     0.1000E+07
  0.0000E+00     0.5000E+00     0.1000E+07
  0.0000E+00     0.5000E+00     0.1000E+07
  0.0000E+00     0.1000E+00     0.1000E+07
0INITIAL ESTIMATE OF OMEGA:
 0.4000E+00
 0.0000E+00   0.1000E+00
 0.0000E+00   0.0000E+00   0.5000E-01
0INITIAL ESTIMATE OF SIGMA:
 0.1000E+01
0SIGMA CONSTRAINED TO BE THIS INITIAL ESTIMATE
0COVARIANCE STEP OMITTED:        NO
 EIGENVLS. PRINTED:             YES
 SPECIAL COMPUTATION:            NO
 COMPRESSED FORMAT:              NO
 GRADIENT METHOD USED:     NOSLOW
 SIGDIGITS ETAHAT (SIGLO):                  -1
 SIGDIGITS GRADIENTS (SIGL):                -1
 EXCLUDE COV FOR FOCE (NOFCOV):              NO
 Cholesky Transposition of R Matrix (CHOLROFF):0
 KNUTHSUMOFF:                                -1
 RESUME COV ANALYSIS (RESUME):               NO
 SIR SAMPLE SIZE (SIRSAMPLE):
 NON-LINEARLY TRANSFORM THETAS DURING COV (THBND): 1
 PRECONDTIONING CYCLES (PRECOND):        0
 PRECONDTIONING TYPES (PRECONDS):        TOS
 FORCED PRECONDTIONING CYCLES (PFCOND):0
 PRECONDTIONING TYPE (PRETYPE):        0
 FORCED POS. DEFINITE SETTING DURING PRECONDITIONING: (FPOSDEF):0
 SIMPLE POS. DEFINITE SETTING: (POSDEF):-1
0TABLES STEP OMITTED:    NO
 NO. OF TABLES:           4
 SEED NUMBER (SEED):    11456
 NPDTYPE:    0
 INTERPTYPE:    0
 RANMETHOD:             3U
 MC SAMPLES (ESAMPLE):    300
 WRES SQUARE ROOT TYPE (WRESCHOL): EIGENVALUE
0-- TABLE   1 --
0RECORDS ONLY:    ALL
04 COLUMNS APPENDED:    YES
 PRINTED:                NO
 HEADER:                YES
 FILE TO BE FORWARDED:   NO
 FORMAT:                S1PE11.4
 IDFORMAT:
 LFORMAT:
 RFORMAT:
 FIXED_EFFECT_ETAS:
0USER-CHOSEN ITEMS:
 ID TIME AMT DV MDV EVID IPRE IWRE CWRES
0-- TABLE   2 --
0RECORDS ONLY:    ALL
04 COLUMNS APPENDED:    NO
 PRINTED:                NO
 HEADER:                YES
 FILE TO BE FORWARDED:   NO
 FORMAT:                S1PE11.4
 IDFORMAT:
 LFORMAT:
 RFORMAT:
 FIXED_EFFECT_ETAS:
0USER-CHOSEN ITEMS:
 ID KA CL V ETA1 ETA2 ETA3
0-- TABLE   3 --
0RECORDS ONLY:    ALL
04 COLUMNS APPENDED:    NO
 PRINTED:                NO
 HEADER:                YES
 FILE TO BE FORWARDED:   NO
 FORMAT:                S1PE11.4
 IDFORMAT:
 LFORMAT:
 RFORMAT:
 FIXED_EFFECT_ETAS:
0USER-CHOSEN ITEMS:
 ID WT
0-- TABLE   4 --
0RECORDS ONLY:    ALL
04 COLUMNS APPENDED:    NO
 PRINTED:                NO
 HEADER:                YES
 FILE TO BE FORWARDED:   NO
 FORMAT:                S1PE11.4
 IDFORMAT:
 LFORMAT:
 RFORMAT:
 FIXED_EFFECT_ETAS:
0USER-CHOSEN ITEMS:
 ID EVID
1DOUBLE PRECISION PREDPP VERSION 7.6.0 (nm760)

 ONE COMPARTMENT MODEL WITH FIRST-ORDER ABSORPTION (ADVAN2)
0MAXIMUM NO. OF BASIC PK PARAMETERS:   3
0BASIC PK PARAMETERS (AFTER TRANSLATION):
   ELIMINATION RATE (K) IS BASIC PK PARAMETER NO.:  1
   ABSORPTION RATE (KA) IS BASIC PK PARAMETER NO.:  3

 TRANSLATOR WILL CONVERT PARAMETERS
 CLEARANCE (CL) AND VOLUME (V) TO K (TRANS2)
0COMPARTMENT ATTRIBUTES
 COMPT. NO.   FUNCTION   INITIAL    ON/OFF      DOSE      DEFAULT    DEFAULT
                         STATUS     ALLOWED    ALLOWED    FOR DOSE   FOR OBS.
    1         DEPOT        OFF        YES        YES        YES        NO
    2         CENTRAL      ON         NO         YES        NO         YES
    3         OUTPUT       OFF        YES        NO         NO         NO
1
 ADDITIONAL PK PARAMETERS - ASSIGNMENT OF ROWS IN GG
 COMPT. NO.                             INDICES
              SCALE      BIOAVAIL.   ZERO-ORDER  ZERO-ORDER  ABSORB
                         FRACTION    RATE        DURATION    LAG
    1            *           *           *           *           *
    2            4           *           *           *           *
    3            *           -           -           -           -
             - PARAMETER IS NOT ALLOWED FOR THIS MODEL
             * PARAMETER IS NOT SUPPLIED BY PK SUBROUTINE;
               WILL DEFAULT TO ONE IF APPLICABLE
0DATA ITEM INDICES USED BY PRED ARE:
   EVENT ID DATA ITEM IS DATA ITEM NO.:      6
   TIME DATA ITEM IS DATA ITEM NO.:          2
   DOSE AMOUNT DATA ITEM IS DATA ITEM NO.:   3

0PK SUBROUTINE CALLED WITH EVERY EVENT RECORD.
 PK SUBROUTINE NOT CALLED AT NONEVENT (ADDITIONAL OR LAGGED) DOSE TIMES.
0ERROR SUBROUTINE CALLED WITH EVERY EVENT RECORD.
1


 #TBLN:      1
 #METH: First Order Conditional Estimation with Interaction

 ESTIMATION STEP OMITTED:                 NO
 SHRINK INFO WITH EVALUATION (EVALSHRINK) NO
 ANALYSIS TYPE:                           POPULATION
 NUMBER OF SADDLE POINT RESET ITERATIONS:      0
 GRADIENT METHOD USED:               NOSLOW
 CONDITIONAL ESTIMATES USED:              YES
 CENTERED ETA:                            NO
 EPS-ETA INTERACTION:                     YES
 LAPLACIAN OBJ. FUNC.:                    NO
 NO. OF FUNCT. EVALS. ALLOWED:            9999
 NO. OF SIG. FIGURES REQUIRED:            3
 INTERMEDIATE PRINTOUT:                   YES
 ESTIMATE OUTPUT TO MSF:                  NO
 ABORT WITH PRED EXIT CODE 1:             NO
 IND. OBJ. FUNC. VALUES SORTED:           NO
 NUMERICAL DERIVATIVE
       FILE REQUEST (NUMDER):               NONE
 MAP (ETAHAT) ESTIMATION METHOD (OPTMAP):   0
 ETA HESSIAN EVALUATION METHOD (ETADER):    0
 INITIAL ETA FOR MAP ESTIMATION (MCETA):    0
 SIGDIGITS FOR MAP ESTIMATION (SIGLO):      9
 GRADIENT SIGDIGITS OF
       FIXED EFFECTS PARAMETERS (SIGL):     9
 NOPRIOR SETTING (NOPRIOR):                 0
 NOCOV SETTING (NOCOV):                     OFF
 DERCONT SETTING (DERCONT):                 OFF
 FINAL ETA RE-EVALUATION (FNLETA):          1
 EXCLUDE NON-INFLUENTIAL (NON-INFL.) ETAS
       IN SHRINKAGE (ETASTYPE):             NO
 NON-INFL. ETA CORRECTION (NONINFETA):      0
 RAW OUTPUT FILE (FILE): 110kax.ext
 EXCLUDE TITLE (NOTITLE):                   NO
 EXCLUDE COLUMN LABELS (NOLABEL):           NO
 FORMAT FOR ADDITIONAL FILES (FORMAT):      S1PE12.5
 PARAMETER ORDER FOR OUTPUTS (ORDER):       TSOL
 KNUTHSUMOFF:                               0
 INCLUDE LNTWOPI:                           NO
 INCLUDE CONSTANT TERM TO PRIOR (PRIORC):   NO
 INCLUDE CONSTANT TERM TO OMEGA (ETA) (OLNTWOPI):NO
 ADDITIONAL CONVERGENCE TEST (CTYPE=4)?:    NO
 EM OR BAYESIAN METHOD USED:                 NONE


 THE FOLLOWING LABELS ARE EQUIVALENT
 PRED=PREDI
 RES=RESI
 WRES=WRESI
 IWRS=IWRESI
 IPRD=IPREDI
 IRS=IRESI

 MONITORING OF SEARCH:


0ITERATION NO.:    0    OBJECTIVE VALUE:   2277.53876678370        NO. OF FUNC. EVALS.:   7
 CUMULATIVE NO. OF FUNC. EVALS.:        7
 NPARAMETR:  1.5000E+00  4.0000E-02  5.0000E-01  5.0000E-01  1.0000E-01  4.0000E-01  1.0000E-01  5.0000E-02
 PARAMETER:  1.0000E-01  1.0000E-01  1.0000E-01  1.0000E-01  1.0000E-01  1.0000E-01  1.0000E-01  1.0000E-01
 GRADIENT:   2.5407E+02 -7.4872E+02  7.8243E+01 -4.0090E+02 -3.9362E+02 -1.0745E+03 -2.3781E+03 -1.2392E+01

0ITERATION NO.:    5    OBJECTIVE VALUE:   256.203990606422        NO. OF FUNC. EVALS.:  43
 CUMULATIVE NO. OF FUNC. EVALS.:       50
 NPARAMETR:  5.1904E-01  1.2372E-01  1.7786E+00  8.5336E-01  4.9534E-02  2.8682E+00  5.5850E+00  1.9630E+00
 PARAMETER: -9.6124E-01  1.2291E+00  1.3690E+00  6.3458E-01 -6.0251E-01  1.0850E+00  2.1113E+00  1.9351E+00
 GRADIENT:   1.5040E+01 -1.3212E+01  4.3765E-01  5.2896E+01  4.6525E+00 -3.3847E+00 -1.7961E+01  1.6500E+01

0ITERATION NO.:   10    OBJECTIVE VALUE:   197.149738073292        NO. OF FUNC. EVALS.:  41
 CUMULATIVE NO. OF FUNC. EVALS.:       91
 NPARAMETR:  6.5917E-02  6.1863E+00  1.9040E+00  5.2487E-01  7.3790E-02  7.6626E-01  7.2338E-01  4.3594E+00
 PARAMETER: -3.0248E+00  5.1412E+00  1.4371E+00  1.4855E-01 -2.0394E-01  4.2503E-01  1.0894E+00  2.3340E+00
 GRADIENT:  -8.3630E+00  2.7537E+01  5.7962E-01 -2.2296E+01 -1.1303E+01  1.9800E+01  3.5896E-01  2.0437E+01

0ITERATION NO.:   15    OBJECTIVE VALUE:   162.542587815673        NO. OF FUNC. EVALS.:  44
 CUMULATIVE NO. OF FUNC. EVALS.:      135
 NPARAMETR:  9.3821E-02  3.0386E+00  2.2768E+00  4.6832E-01  1.1098E-01  1.1051E-01  1.5339E+00  2.4767E-01
 PARAMETER: -2.6718E+00  4.4303E+00  1.6159E+00  3.4545E-02  2.0416E-01 -5.4318E-01  1.4652E+00  9.0004E-01
 GRADIENT:   1.1295E+01  1.7691E+00  1.5810E+01 -7.0393E-01  8.6505E+00  1.5025E+01  2.2893E+01 -9.6305E+00

0ITERATION NO.:   20    OBJECTIVE VALUE:   142.006151629687        NO. OF FUNC. EVALS.:  40
 CUMULATIVE NO. OF FUNC. EVALS.:      175
 NPARAMETR:  8.2332E-02  3.5690E+00  1.3706E+00  7.7105E-01  4.4578E-02  5.5044E-03  4.8361E-01  3.8546E-01
 PARAMETER: -2.8025E+00  4.5912E+00  1.1084E+00  5.3315E-01 -7.0792E-01 -2.0430E+00  8.8806E-01  1.1212E+00
 GRADIENT:  -1.3019E+01  1.4594E+01 -1.0369E+01  3.1019E+01  2.1170E+00  4.8227E-01  1.8172E+01 -3.0124E-01

0ITERATION NO.:   25    OBJECTIVE VALUE:   116.984027733823        NO. OF FUNC. EVALS.:  41
 CUMULATIVE NO. OF FUNC. EVALS.:      216
 NPARAMETR:  8.5450E-02  2.6946E+00  1.7896E+00  7.3400E-01  3.2194E-02  2.6051E-03  3.3734E-02  4.0525E-01
 PARAMETER: -2.7653E+00  4.3101E+00  1.3751E+00  4.8390E-01 -1.0334E+00 -2.4170E+00 -4.4333E-01  1.1462E+00
 GRADIENT:   8.1520E+00 -9.6588E+00  2.7543E+00  8.5145E+00 -4.7843E-01  8.9632E-01  1.8360E+00  2.2529E+00

0ITERATION NO.:   30    OBJECTIVE VALUE:   115.916754624615        NO. OF FUNC. EVALS.:  42
 CUMULATIVE NO. OF FUNC. EVALS.:      258
 NPARAMETR:  8.4654E-02  2.6980E+00  1.5994E+00  6.9003E-01  5.0942E-02  1.4609E-04  3.4105E-02  3.8147E-01
 PARAMETER: -2.7747E+00  4.3114E+00  1.2627E+00  4.2212E-01 -5.7448E-01 -3.8575E+00 -4.3786E-01  1.1160E+00
 GRADIENT:   6.2738E+00 -5.7418E+00 -3.5374E+00  4.0480E+00 -3.6660E-01  3.6771E-02  2.4501E+00  8.1612E-01

0ITERATION NO.:   35    OBJECTIVE VALUE:   115.490460685218        NO. OF FUNC. EVALS.:  40
 CUMULATIVE NO. OF FUNC. EVALS.:      298
 NPARAMETR:  8.4943E-02  2.7288E+00  1.7184E+00  6.5048E-01  6.3235E-02  5.1618E-05  3.0422E-02  3.5834E-01
 PARAMETER: -2.7712E+00  4.3227E+00  1.3345E+00  3.6310E-01 -3.5831E-01 -4.3777E+00 -4.9500E-01  1.0847E+00
 GRADIENT:  -1.7017E-01  2.1019E-01  3.8959E-02  1.3676E-01  1.7487E-02  1.2422E-02 -2.1090E-02 -6.6678E-05

0ITERATION NO.:   40    OBJECTIVE VALUE:   115.490392824266        NO. OF FUNC. EVALS.:  40
 CUMULATIVE NO. OF FUNC. EVALS.:      338
 NPARAMETR:  8.4941E-02  2.7281E+00  1.7175E+00  6.4952E-01  6.3515E-02  4.9572E-05  3.0435E-02  3.5838E-01
 PARAMETER: -2.7713E+00  4.3225E+00  1.3340E+00  3.6163E-01 -3.5390E-01 -4.3979E+00 -4.9478E-01  1.0848E+00
 GRADIENT:  -3.1642E-02 -3.7764E-04 -1.0725E-03  5.6907E-02  3.8708E-02  1.1874E-02 -1.8502E-02  3.7168E-05

0ITERATION NO.:   45    OBJECTIVE VALUE:   115.489915372035        NO. OF FUNC. EVALS.:  46
 CUMULATIVE NO. OF FUNC. EVALS.:      384
 NPARAMETR:  8.4937E-02  2.7265E+00  1.7152E+00  6.4739E-01  6.4082E-02  3.4211E-05  3.0466E-02  3.5859E-01
 PARAMETER: -2.7713E+00  4.3219E+00  1.3327E+00  3.5835E-01 -3.4501E-01 -4.5833E+00 -4.9429E-01  1.0851E+00
 GRADIENT:   2.6718E-01 -4.3381E-01 -1.0176E-01 -1.7900E-01  6.5031E-02  8.0838E-03 -9.1324E-03  4.2391E-03

0ITERATION NO.:   50    OBJECTIVE VALUE:   115.484538308964        NO. OF FUNC. EVALS.:  43
 CUMULATIVE NO. OF FUNC. EVALS.:      427
 NPARAMETR:  8.4946E-02  2.7285E+00  1.7181E+00  6.5064E-01  6.3144E-02  1.6676E-06  3.0426E-02  3.5840E-01
 PARAMETER: -2.7712E+00  4.3226E+00  1.3343E+00  3.6334E-01 -3.5975E-01 -6.0939E+00 -4.9493E-01  1.0848E+00
 GRADIENT:  -8.2057E-02  1.2843E-01  2.8446E-02  7.3468E-02 -8.1332E-03  3.9765E-04 -2.3834E-03 -5.4560E-04

0ITERATION NO.:   55    OBJECTIVE VALUE:   115.484522803864        NO. OF FUNC. EVALS.:  40
 CUMULATIVE NO. OF FUNC. EVALS.:      467
 NPARAMETR:  8.4945E-02  2.7281E+00  1.7175E+00  6.5007E-01  6.3293E-02  1.0022E-06  3.0435E-02  3.5844E-01
 PARAMETER: -2.7712E+00  4.3225E+00  1.3340E+00  3.6247E-01 -3.5740E-01 -6.3485E+00 -4.9479E-01  1.0849E+00
 GRADIENT:  -1.3787E-02  2.0838E-02  4.8800E-03  9.8364E-03 -2.4566E-03  2.3825E-04 -3.1935E-04 -1.8960E-04

0ITERATION NO.:   60    OBJECTIVE VALUE:   115.484469903775        NO. OF FUNC. EVALS.:  44
 CUMULATIVE NO. OF FUNC. EVALS.:      511
 NPARAMETR:  8.4944E-02  2.7280E+00  1.7173E+00  6.4982E-01  6.3362E-02  7.4181E-08  3.0438E-02  3.5845E-01
 PARAMETER: -2.7712E+00  4.3224E+00  1.3339E+00  3.6208E-01 -3.5630E-01 -7.6502E+00 -4.9473E-01  1.0849E+00
 GRADIENT:   1.7058E-02 -2.7034E-02 -5.7783E-03 -1.5972E-02  1.2767E-03  1.7610E-05  4.8212E-04  6.2252E-05

0ITERATION NO.:   65    OBJECTIVE VALUE:   115.483550654242        NO. OF FUNC. EVALS.:  81
 CUMULATIVE NO. OF FUNC. EVALS.:      592
 NPARAMETR:  8.5045E-02  2.7328E+00  1.7210E+00  6.4979E-01  6.3390E-02  2.4600E-11  3.0455E-02  3.5827E-01
 PARAMETER: -2.7700E+00  4.3242E+00  1.3361E+00  3.6205E-01 -3.5587E-01 -1.1656E+01 -4.9446E-01  1.0846E+00
 GRADIENT:   2.1534E-02 -2.7941E-02  6.8568E-03  1.6638E-02  5.1765E-03  5.8346E-09  1.4859E-03 -3.8013E-03

0ITERATION NO.:   66    OBJECTIVE VALUE:   115.483550654242        NO. OF FUNC. EVALS.:  10
 CUMULATIVE NO. OF FUNC. EVALS.:      602
 NPARAMETR:  8.5045E-02  2.7328E+00  1.7210E+00  6.4979E-01  6.3390E-02  2.4600E-11  3.0455E-02  3.5827E-01
 PARAMETER: -2.7700E+00  4.3242E+00  1.3361E+00  3.6205E-01 -3.5587E-01 -1.1656E+01 -4.9446E-01  1.0846E+00
 GRADIENT:   2.1534E-02 -2.7941E-02  6.8568E-03  1.6638E-02  5.1765E-03  5.8346E-09  1.4859E-03 -3.8013E-03

 #TERM:
0MINIMIZATION SUCCESSFUL
 NO. OF FUNCTION EVALUATIONS USED:      602
 NO. OF SIG. DIGITS IN FINAL EST.:  3.1

 ETABAR IS THE ARITHMETIC MEAN OF THE ETA-ESTIMATES,
 AND THE P-VALUE IS GIVEN FOR THE NULL HYPOTHESIS THAT THE TRUE MEAN IS 0.

 ETABAR:         9.1067E-12 -3.2368E-03  5.2465E-03
 SE:             4.2401E-11  4.8277E-02  1.6388E-01
 N:                      12          12          12

 P VAL.:         8.2994E-01  9.4655E-01  9.7446E-01

 ETASHRINKSD(%)  9.9997E+01  4.1518E+00  5.1532E+00
 ETASHRINKVR(%)  1.0000E+02  8.1313E+00  1.0041E+01
 EBVSHRINKSD(%)  9.9997E+01  3.7290E+00  3.5798E+00
 EBVSHRINKVR(%)  1.0000E+02  7.3190E+00  7.0315E+00
 RELATIVEINF(%)  7.3224E-08  6.8197E+01  8.0343E+01
 EPSSHRINKSD(%)  9.5873E+00
 EPSSHRINKVR(%)  1.8255E+01

  
 TOTAL DATA POINTS NORMALLY DISTRIBUTED (N):          120
 N*LOG(2PI) CONSTANT TO OBJECTIVE FUNCTION:    220.54524796912145     
 OBJECTIVE FUNCTION VALUE WITHOUT CONSTANT:    115.48355065424180     
 OBJECTIVE FUNCTION VALUE WITH CONSTANT:       336.02879862336323     
 REPORTED OBJECTIVE FUNCTION DOES NOT CONTAIN CONSTANT
  
 TOTAL EFFECTIVE ETAS (NIND*NETA):                            36
  
 #TERE:
 Elapsed estimation  time in seconds: <SEC>
 Elapsed covariance  time in seconds: <SEC>
 Elapsed postprocess time in seconds: <SEC>
1
 
 
 
 
 
 
 
 
 
 
 
 
 
 
 
 
 
 
 
 
 ************************************************************************************************************************
 ********************                                                                                ********************
 ********************               FIRST ORDER CONDITIONAL ESTIMATION WITH INTERACTION              ********************
 #OBJT:**************                       MINIMUM VALUE OF OBJECTIVE FUNCTION                      ********************
 ********************                                                                                ********************
 ************************************************************************************************************************
 





 #OBJV:********************************************           115.484       *********************************************
1
 ************************************************************************************************************************
 ********************                                                                                ********************
 ********************               FIRST ORDER CONDITIONAL ESTIMATION WITH INTERACTION              ********************
 ********************                             FINAL PARAMETER ESTIMATE                           ********************
 ********************                                                                                ********************
 ************************************************************************************************************************
 


 THETA - VECTOR OF FIXED EFFECTS PARAMETERS   *********


         TH 1      TH 2      TH 3      TH 4      TH 5     
 
         8.50E-02  2.73E+00  1.72E+00  6.50E-01  6.34E-02
 


 OMEGA - COV MATRIX FOR RANDOM EFFECTS - ETAS  ********


         ETA1      ETA2      ETA3     
 
 ETA1
+        2.46E-11
 
 ETA2
+        0.00E+00  3.05E-02
 
 ETA3
+        0.00E+00  0.00E+00  3.58E-01
 


 SIGMA - COV MATRIX FOR RANDOM EFFECTS - EPSILONS  ****


         EPS1     
 
 EPS1
+        1.00E+00
 
1


 OMEGA - CORR MATRIX FOR RANDOM EFFECTS - ETAS  *******


         ETA1      ETA2      ETA3     
 
 ETA1
+        4.96E-06
 
 ETA2
+        0.00E+00  1.75E-01
 
 ETA3
+        0.00E+00  0.00E+00  5.99E-01
 


 SIGMA - CORR MATRIX FOR RANDOM EFFECTS - EPSILONS  ***


         EPS1     
 
 EPS1
+        1.00E+00
 
1
 ************************************************************************************************************************
 ********************                                                                                ********************
 ********************               FIRST ORDER CONDITIONAL ESTIMATION WITH INTERACTION              ********************
 ********************                            STANDARD ERROR OF ESTIMATE                          ********************
 ********************                                                                                ********************
 ************************************************************************************************************************
 


 THETA - VECTOR OF FIXED EFFECTS PARAMETERS   *********


         TH 1      TH 2      TH 3      TH 4      TH 5     
 
         5.34E-03  2.17E-01  3.47E-01  1.32E-01  3.46E-02
 


 OMEGA - COV MATRIX FOR RANDOM EFFECTS - ETAS  ********


         ETA1      ETA2      ETA3     
 
 ETA1
+        2.88E-09
 
 ETA2
+       .........  9.31E-03
 
 ETA3
+       ......... .........  2.02E-01
 


 SIGMA - COV MATRIX FOR RANDOM EFFECTS - EPSILONS  ****


         EPS1     
 
 EPS1
+       .........
 
1


 OMEGA - CORR MATRIX FOR RANDOM EFFECTS - ETAS  *******


         ETA1      ETA2      ETA3     
 
 ETA1
+        2.90E-04
 
 ETA2
+       .........  2.67E-02
 
 ETA3
+       ......... .........  1.68E-01
 


 SIGMA - CORR MATRIX FOR RANDOM EFFECTS - EPSILONS  ***


         EPS1     
 
 EPS1
+       .........
 
1
 ************************************************************************************************************************
 ********************                                                                                ********************
 ********************               FIRST ORDER CONDITIONAL ESTIMATION WITH INTERACTION              ********************
 ********************                          COVARIANCE MATRIX OF ESTIMATE                         ********************
 ********************                                                                                ********************
 ************************************************************************************************************************
 

            TH 1      TH 2      TH 3      TH 4      TH 5      OM11      OM12      OM13      OM22      OM23      OM33      SG11  

 
 TH 1
+        2.86E-05
 
 TH 2
+        9.56E-04  4.70E-02
 
 TH 3
+        8.09E-04  2.07E-02  1.20E-01
 
 TH 4
+       -2.79E-04 -1.42E-02 -3.62E-03  1.76E-02
 
 TH 5
+        6.56E-05  2.55E-03  1.07E-03 -2.98E-03  1.20E-03
 
 OM11
+        1.36E-12  1.05E-10 -5.28E-10 -1.95E-10  1.97E-11  8.28E-18
 
 OM12
+       ......... ......... ......... ......... ......... ......... .........
 
 OM13
+       ......... ......... ......... ......... ......... ......... ......... .........
 
 OM22
+       -8.95E-06 -1.20E-04  8.13E-04 -2.93E-04  2.81E-05 -3.71E-12 ......... .........  8.68E-05
 
 OM23
+       ......... ......... ......... ......... ......... ......... ......... ......... ......... .........
 
 OM33
+        9.56E-05  7.51E-03 -3.62E-02 -1.41E-02  1.45E-03  5.79E-10 ......... ......... -1.88E-04 .........  4.06E-02
 
 SG11
+       ......... ......... ......... ......... ......... ......... ......... ......... ......... ......... ......... .........
 
1
 ************************************************************************************************************************
 ********************                                                                                ********************
 ********************               FIRST ORDER CONDITIONAL ESTIMATION WITH INTERACTION              ********************
 ********************                          CORRELATION MATRIX OF ESTIMATE                        ********************
 ********************                                                                                ********************
 ************************************************************************************************************************
 

            TH 1      TH 2      TH 3      TH 4      TH 5      OM11      OM12      OM13      OM22      OM23      OM33      SG11  

 
 TH 1
+        5.34E-03
 
 TH 2
+        8.25E-01  2.17E-01
 
 TH 3
+        4.36E-01  2.75E-01  3.47E-01
 
 TH 4
+       -3.93E-01 -4.93E-01 -7.87E-02  1.32E-01
 
 TH 5
+        3.55E-01  3.39E-01  8.90E-02 -6.50E-01  3.46E-02
 
 OM11
+        8.82E-02  1.68E-01 -5.29E-01 -5.12E-01  1.98E-01  2.88E-09
 
 OM12
+       ......... ......... ......... ......... ......... ......... .........
 
 OM13
+       ......... ......... ......... ......... ......... ......... ......... .........
 
 OM22
+       -1.80E-01 -5.94E-02  2.51E-01 -2.37E-01  8.72E-02 -1.39E-01 ......... .........  9.31E-03
 
 OM23
+       ......... ......... ......... ......... ......... ......... ......... ......... ......... .........
 
 OM33
+        8.88E-02  1.72E-01 -5.18E-01 -5.28E-01  2.08E-01  9.99E-01 ......... ......... -9.99E-02 .........  2.02E-01
 
 SG11
+       ......... ......... ......... ......... ......... ......... ......... ......... ......... ......... ......... .........
 
1
 ************************************************************************************************************************
 ********************                                                                                ********************
 ********************               FIRST ORDER CONDITIONAL ESTIMATION WITH INTERACTION              ********************
 ********************                      INVERSE COVARIANCE MATRIX OF ESTIMATE                     ********************
 ********************                                                                                ********************
 ************************************************************************************************************************
 

            TH 1      TH 2      TH 3      TH 4      TH 5      OM11      OM12      OM13      OM22      OM23      OM33      SG11  

 
 TH 1
+        2.11E+05
 
 TH 2
+       -3.01E+03  8.17E+01
 
 TH 3
+       -1.10E+03  1.08E+01  2.28E+01
 
 TH 4
+       -5.55E+02  3.99E+01  2.05E+01  2.16E+02
 
 TH 5
+       -3.23E+01  4.83E+01  3.21E+01  3.86E+02  1.97E+03
 
 OM11
+        9.84E+12 -4.14E+10 -1.85E+10  5.54E+10  8.59E+11  2.29E+21
 
 OM12
+       ......... ......... ......... ......... ......... ......... .........
 
 OM13
+       ......... ......... ......... ......... ......... ......... ......... .........
 
 OM22
+        1.43E+05 -6.51E+02 -4.20E+02  1.24E+03  1.10E+04  2.86E+13 ......... .........  3.75E+05
 
 OM23
+       ......... ......... ......... ......... ......... ......... ......... ......... ......... .........
 
 OM33
+       -1.41E+05  6.01E+02  2.89E+02 -7.10E+02 -1.21E+04 -3.26E+13 ......... ......... -4.07E+05 .........  4.64E+05
 
 SG11
+       ......... ......... ......... ......... ......... ......... ......... ......... ......... ......... ......... .........
 
1
 
 
 
 
 
 
 
 
 
 
 
 
 
 
 
 
 
 
 
 
 ************************************************************************************************************************
 ********************                                                                                ********************
 ********************               FIRST ORDER CONDITIONAL ESTIMATION WITH INTERACTION              ********************
 ********************                      EIGENVALUES OF COR MATRIX OF ESTIMATE                     ********************
 ********************                                                                                ********************
 ************************************************************************************************************************
 

             1         2         3         4         5         6         7         8
 
         2.64E-05  1.06E-01  2.04E-01  3.69E-01  6.94E-01  1.26E+00  2.32E+00  3.04E+00
 
 Elapsed finaloutput time in seconds: <SEC>
 #CPUT: Total CPU Time in Seconds, <SEC>
Stop Time: 
<DATE>
<TIME>
