Changing directory to 110kax.R76
'pushdon' is not recognized as an internal or external command,
operable program or batch file.
Pathlist information for compiler and MPI systems are located in nmpathlist.txt

Starting NMTRAN
  
 WARNINGS AND ERRORS (IF ANY) FOR PROBLEM    1
             
 (WARNING  2) NM-TRAN INFERS THAT THE DATA ARE POPULATION.

 (DATA WARNING   5) RECORD         2, DATA ITEM   4, CONTENTS: 0.74
 THE DV DATA ITEM IS POSITIVE, BUT THE MDV DATA ITEM IS 1

 (DATA WARNING   5) RECORD        74, DATA ITEM   4, CONTENTS: 0.15
 THE DV DATA ITEM IS POSITIVE, BUT THE MDV DATA ITEM IS 1

 (DATA WARNING   5) RECORD       110, DATA ITEM   4, CONTENTS: 0.24
 THE DV DATA ITEM IS POSITIVE, BUT THE MDV DATA ITEM IS 1
Recompiling certain components.
starting wait
ending wait
Exiting lpreddo
Compiling FSUBS
Building NONMEM Executable
Starting nonmem execution ...
License Registered to: <LICENSEE>
Expiration Date: <DATE>
Current Date: <DATE>
Days until program expires : <N>


 First Order Conditional Estimation with Interaction
 MONITORING OF SEARCH:


0ITERATION NO.:    0    OBJECTIVE VALUE:   2277.53876678370        NO. OF FUNC. EVALS.:   7
 CUMULATIVE NO. OF FUNC. EVALS.:        7
 NPARAMETR:  1.5000E+00  4.0000E-02  5.0000E-01  5.0000E-01  1.0000E-01  4.0000E-01  1.0000E-01  5.0000E-02
 PARAMETER:  1.0000E-01  1.0000E-01  1.0000E-01  1.0000E-01  1.0000E-01  1.0000E-01  1.0000E-01  1.0000E-01
 GRADIENT:   2.5407E+02 -7.4872E+02  7.8243E+01 -4.0090E+02 -3.9362E+02 -1.0745E+03 -2.3781E+03 -1.2392E+01

0ITERATION NO.:    5    OBJECTIVE VALUE:   256.203990606422        NO. OF FUNC. EVALS.:  43
 CUMULATIVE NO. OF FUNC. EVALS.:       50
 NPARAMETR:  5.1904E-01  1.2372E-01  1.7786E+00  8.5336E-01  4.9534E-02  2.8682E+00  5.5850E+00  1.9630E+00
 PARAMETER: -9.6124E-01  1.2291E+00  1.3690E+00  6.3458E-01 -6.0251E-01  1.0850E+00  2.1113E+00  1.9351E+00
 GRADIENT:   1.5040E+01 -1.3212E+01  4.3765E-01  5.2896E+01  4.6525E+00 -3.3847E+00 -1.7961E+01  1.6500E+01

0ITERATION NO.:   10    OBJECTIVE VALUE:   197.149738073292        NO. OF FUNC. EVALS.:  41
 CUMULATIVE NO. OF FUNC. EVALS.:       91
 NPARAMETR:  6.5917E-02  6.1863E+00  1.9040E+00  5.2487E-01  7.3790E-02  7.6626E-01  7.2338E-01  4.3594E+00
 PARAMETER: -3.0248E+00  5.1412E+00  1.4371E+00  1.4855E-01 -2.0394E-01  4.2503E-01  1.0894E+00  2.3340E+00
 GRADIENT:  -8.3630E+00  2.7537E+01  5.7962E-01 -2.2296E+01 -1.1303E+01  1.9800E+01  3.5896E-01  2.0437E+01

0ITERATION NO.:   15    OBJECTIVE VALUE:   162.542587815673        NO. OF FUNC. EVALS.:  44
 CUMULATIVE NO. OF FUNC. EVALS.:      135
 NPARAMETR:  9.3821E-02  3.0386E+00  2.2768E+00  4.6832E-01  1.1098E-01  1.1051E-01  1.5339E+00  2.4767E-01
 PARAMETER: -2.6718E+00  4.4303E+00  1.6159E+00  3.4545E-02  2.0416E-01 -5.4318E-01  1.4652E+00  9.0004E-01
 GRADIENT:   1.1295E+01  1.7691E+00  1.5810E+01 -7.0393E-01  8.6505E+00  1.5025E+01  2.2893E+01 -9.6305E+00

0ITERATION NO.:   20    OBJECTIVE VALUE:   142.006151629687        NO. OF FUNC. EVALS.:  40
 CUMULATIVE NO. OF FUNC. EVALS.:      175
 NPARAMETR:  8.2332E-02  3.5690E+00  1.3706E+00  7.7105E-01  4.4578E-02  5.5044E-03  4.8361E-01  3.8546E-01
 PARAMETER: -2.8025E+00  4.5912E+00  1.1084E+00  5.3315E-01 -7.0792E-01 -2.0430E+00  8.8806E-01  1.1212E+00
 GRADIENT:  -1.3019E+01  1.4594E+01 -1.0369E+01  3.1019E+01  2.1170E+00  4.8227E-01  1.8172E+01 -3.0124E-01

0ITERATION NO.:   25    OBJECTIVE VALUE:   116.984027733823        NO. OF FUNC. EVALS.:  41
 CUMULATIVE NO. OF FUNC. EVALS.:      216
 NPARAMETR:  8.5450E-02  2.6946E+00  1.7896E+00  7.3400E-01  3.2194E-02  2.6051E-03  3.3734E-02  4.0525E-01
 PARAMETER: -2.7653E+00  4.3101E+00  1.3751E+00  4.8390E-01 -1.0334E+00 -2.4170E+00 -4.4333E-01  1.1462E+00
 GRADIENT:   8.1520E+00 -9.6588E+00  2.7543E+00  8.5145E+00 -4.7843E-01  8.9632E-01  1.8360E+00  2.2529E+00

0ITERATION NO.:   30    OBJECTIVE VALUE:   115.916754624615        NO. OF FUNC. EVALS.:  42
 CUMULATIVE NO. OF FUNC. EVALS.:      258
 NPARAMETR:  8.4654E-02  2.6980E+00  1.5994E+00  6.9003E-01  5.0942E-02  1.4609E-04  3.4105E-02  3.8147E-01
 PARAMETER: -2.7747E+00  4.3114E+00  1.2627E+00  4.2212E-01 -5.7448E-01 -3.8575E+00 -4.3786E-01  1.1160E+00
 GRADIENT:   6.2738E+00 -5.7418E+00 -3.5374E+00  4.0480E+00 -3.6660E-01  3.6771E-02  2.4501E+00  8.1612E-01

0ITERATION NO.:   35    OBJECTIVE VALUE:   115.490460685218        NO. OF FUNC. EVALS.:  40
 CUMULATIVE NO. OF FUNC. EVALS.:      298
 NPARAMETR:  8.4943E-02  2.7288E+00  1.7184E+00  6.5048E-01  6.3235E-02  5.1618E-05  3.0422E-02  3.5834E-01
 PARAMETER: -2.7712E+00  4.3227E+00  1.3345E+00  3.6310E-01 -3.5831E-01 -4.3777E+00 -4.9500E-01  1.0847E+00
 GRADIENT:  -1.7017E-01  2.1019E-01  3.8959E-02  1.3676E-01  1.7487E-02  1.2422E-02 -2.1090E-02 -6.6678E-05

0ITERATION NO.:   40    OBJECTIVE VALUE:   115.490392824266        NO. OF FUNC. EVALS.:  40
 CUMULATIVE NO. OF FUNC. EVALS.:      338
 NPARAMETR:  8.4941E-02  2.7281E+00  1.7175E+00  6.4952E-01  6.3515E-02  4.9572E-05  3.0435E-02  3.5838E-01
 PARAMETER: -2.7713E+00  4.3225E+00  1.3340E+00  3.6163E-01 -3.5390E-01 -4.3979E+00 -4.9478E-01  1.0848E+00
 GRADIENT:  -3.1642E-02 -3.7764E-04 -1.0725E-03  5.6907E-02  3.8708E-02  1.1874E-02 -1.8502E-02  3.7168E-05

0ITERATION NO.:   45    OBJECTIVE VALUE:   115.489915372035        NO. OF FUNC. EVALS.:  46
 CUMULATIVE NO. OF FUNC. EVALS.:      384
 NPARAMETR:  8.4937E-02  2.7265E+00  1.7152E+00  6.4739E-01  6.4082E-02  3.4211E-05  3.0466E-02  3.5859E-01
 PARAMETER: -2.7713E+00  4.3219E+00  1.3327E+00  3.5835E-01 -3.4501E-01 -4.5833E+00 -4.9429E-01  1.0851E+00
 GRADIENT:   2.6718E-01 -4.3381E-01 -1.0176E-01 -1.7900E-01  6.5031E-02  8.0838E-03 -9.1324E-03  4.2391E-03

0ITERATION NO.:   50    OBJECTIVE VALUE:   115.484538308964        NO. OF FUNC. EVALS.:  43
 CUMULATIVE NO. OF FUNC. EVALS.:      427
 NPARAMETR:  8.4946E-02  2.7285E+00  1.7181E+00  6.5064E-01  6.3144E-02  1.6676E-06  3.0426E-02  3.5840E-01
 PARAMETER: -2.7712E+00  4.3226E+00  1.3343E+00  3.6334E-01 -3.5975E-01 -6.0939E+00 -4.9493E-01  1.0848E+00
 GRADIENT:  -8.2057E-02  1.2843E-01  2.8446E-02  7.3468E-02 -8.1332E-03  3.9765E-04 -2.3834E-03 -5.4560E-04

0ITERATION NO.:   55    OBJECTIVE VALUE:   115.484522803864        NO. OF FUNC. EVALS.:  40
 CUMULATIVE NO. OF FUNC. EVALS.:      467
 NPARAMETR:  8.4945E-02  2.7281E+00  1.7175E+00  6.5007E-01  6.3293E-02  1.0022E-06  3.0435E-02  3.5844E-01
 PARAMETER: -2.7712E+00  4.3225E+00  1.3340E+00  3.6247E-01 -3.5740E-01 -6.3485E+00 -4.9479E-01  1.0849E+00
 GRADIENT:  -1.3787E-02  2.0838E-02  4.8800E-03  9.8364E-03 -2.4566E-03  2.3825E-04 -3.1935E-04 -1.8960E-04

0ITERATION NO.:   60    OBJECTIVE VALUE:   115.484469903775        NO. OF FUNC. EVALS.:  44
 CUMULATIVE NO. OF FUNC. EVALS.:      511
 NPARAMETR:  8.4944E-02  2.7280E+00  1.7173E+00  6.4982E-01  6.3362E-02  7.4181E-08  3.0438E-02  3.5845E-01
 PARAMETER: -2.7712E+00  4.3224E+00  1.3339E+00  3.6208E-01 -3.5630E-01 -7.6502E+00 -4.9473E-01  1.0849E+00
 GRADIENT:   1.7058E-02 -2.7034E-02 -5.7783E-03 -1.5972E-02  1.2767E-03  1.7610E-05  4.8212E-04  6.2252E-05

0ITERATION NO.:   65    OBJECTIVE VALUE:   115.483550654242        NO. OF FUNC. EVALS.:  81
 CUMULATIVE NO. OF FUNC. EVALS.:      592
 NPARAMETR:  8.5045E-02  2.7328E+00  1.7210E+00  6.4979E-01  6.3390E-02  2.4600E-11  3.0455E-02  3.5827E-01
 PARAMETER: -2.7700E+00  4.3242E+00  1.3361E+00  3.6205E-01 -3.5587E-01 -1.1656E+01 -4.9446E-01  1.0846E+00
 GRADIENT:   2.1534E-02 -2.7941E-02  6.8568E-03  1.6638E-02  5.1765E-03  5.8346E-09  1.4859E-03 -3.8013E-03

0ITERATION NO.:   66    OBJECTIVE VALUE:   115.483550654242        NO. OF FUNC. EVALS.:  10
 CUMULATIVE NO. OF FUNC. EVALS.:      602
 NPARAMETR:  8.5045E-02  2.7328E+00  1.7210E+00  6.4979E-01  6.3390E-02  2.4600E-11  3.0455E-02  3.5827E-01
 PARAMETER: -2.7700E+00  4.3242E+00  1.3361E+00  3.6205E-01 -3.5587E-01 -1.1656E+01 -4.9446E-01  1.0846E+00
 GRADIENT:   2.1534E-02 -2.7941E-02  6.8568E-03  1.6638E-02  5.1765E-03  5.8346E-09  1.4859E-03 -3.8013E-03
 Elapsed estimation  time in seconds: <SEC>
 Elapsed covariance  time in seconds: <SEC>
 Elapsed postprocess time in seconds: <SEC>
 Elapsed finaloutput time in seconds: <SEC>
Done with nonmem execution
wall seconds: 15.4
