Changing directory to pd100x.R76
'pushdon' is not recognized as an internal or external command,
operable program or batch file.
Pathlist information for compiler and MPI systems are located in nmpathlist.txt

Starting NMTRAN
  
 WARNINGS AND ERRORS (IF ANY) FOR PROBLEM    1
             
 (WARNING  2) NM-TRAN INFERS THAT THE DATA ARE POPULATION.
  
Note: Analytical 2nd Derivatives are constructed in FSUBS but are never used.
      You may insert $ABBR DERIV2=NO after the first $PROB to save FSUBS construction and compilation time
  
Recompiling certain components.
starting wait
ending wait
Exiting lpreddo
Compiling FSUBS
Building NONMEM Executable
Starting nonmem execution ...
License Registered to: <LICENSEE>
Expiration Date: <DATE>
Current Date: <DATE>
Days until program expires : <N>


 First Order Conditional Estimation with Interaction
 MONITORING OF SEARCH:


0ITERATION NO.:    0    OBJECTIVE VALUE:   508.591604842729        NO. OF FUNC. EVALS.:  12
 CUMULATIVE NO. OF FUNC. EVALS.:       12
 NPARAMETR:  5.0000E+00  4.0000E+01  7.0000E+00  2.0000E+00  2.0000E-01  3.0000E+00  2.0000E+00  2.0000E-01  4.0000E-01  1.5000E-01
             1.0000E-01  5.0000E-02  3.0000E-02  2.0000E-01  3.0000E-01
 PARAMETER:  1.0000E-01  1.0000E-01  1.0000E-01  1.0000E-01  1.0000E-01  1.0000E-01  1.0000E-01  1.0000E-01  1.0000E-01  1.0000E-01
             1.0000E-01  1.0000E-01  1.0000E-01  1.0000E-01  1.0000E-01
 GRADIENT:  -6.3553E+01  5.6780E+01  3.7626E+02  1.1391E+02 -1.8664E+01 -3.3691E+02  1.4767E+02  2.5829E+02  7.5267E+01  2.3931E+02
             1.4133E+01  5.1297E+01  1.2844E+02  5.8725E+01 -2.1307E+01

0ITERATION NO.:    5    OBJECTIVE VALUE:   334.451526828522        NO. OF FUNC. EVALS.:  66
 CUMULATIVE NO. OF FUNC. EVALS.:       78
 NPARAMETR:  4.9861E+00  3.9384E+01  7.1865E+00  1.8654E+00  1.6611E-01  3.8021E+00  1.6582E+00  1.3629E-01  3.8302E-01  1.3537E-01
             9.7606E-02  3.8058E-02  1.2916E-02  1.5125E-01  2.9236E-01
 PARAMETER:  9.7218E-02  8.4486E-02  1.2629E-01  3.0347E-02 -8.5643E-02  3.3693E-01 -8.7402E-02 -2.8353E-01  5.6612E-02 -2.6505E-03
             8.7884E-02 -3.6458E-02 -3.2138E-01 -3.9684E-02  8.7096E-02
 GRADIENT:  -2.1308E+01  3.9399E+01  6.9319E+02 -5.8428E+01 -5.7750E+00 -1.4755E+02  8.3685E+01 -8.5268E+01  1.9582E+01  4.8310E+01
            -3.8043E+00 -8.7873E-01  1.8745E+01  1.2660E+01 -1.1086E+01

0ITERATION NO.:   10    OBJECTIVE VALUE:   320.178978965135        NO. OF FUNC. EVALS.:  68
 CUMULATIVE NO. OF FUNC. EVALS.:      146
 NPARAMETR:  4.9997E+00  3.9155E+01  7.2280E+00  2.0854E+00  1.1003E-01  3.6151E+00  1.0435E+00  1.4024E-01  3.6819E-01  1.3920E-01
             9.5101E-02  3.6395E-02  1.3844E-02  1.2085E-01  2.8682E-01
 PARAMETER:  9.9949E-02  7.8637E-02  1.3205E-01  1.4179E-01 -4.9759E-01  2.8652E-01 -5.5061E-01 -2.5500E-01  1.7122E-02  2.5241E-02
             7.4884E-02 -5.8793E-02 -2.8667E-01 -1.5187E-01  7.7529E-02
 GRADIENT:  -2.1214E+01  2.7786E+00  6.4460E+02 -4.3418E+01 -4.3188E+01 -8.7975E+01  3.9203E+01 -5.5255E+01  2.9130E+01  8.8224E+01
            -6.8613E+00 -5.4618E+00  2.8080E+01 -7.4836E+00 -1.2483E+01

0ITERATION NO.:   15    OBJECTIVE VALUE:   314.956234481067        NO. OF FUNC. EVALS.:  68
 CUMULATIVE NO. OF FUNC. EVALS.:      214
 NPARAMETR:  5.0317E+00  3.9271E+01  7.1601E+00  2.0497E+00  1.1251E-01  3.4136E+00  9.8177E-01  1.4410E-01  3.6605E-01  1.3681E-01
             9.3998E-02  3.3190E-02  1.2810E-02  1.1347E-01  7.2274E-01
 PARAMETER:  1.0632E-01  8.1595E-02  1.2261E-01  1.2456E-01 -4.7529E-01  2.2915E-01 -6.1155E-01 -2.2783E-01  1.1296E-02  7.9674E-03
             6.9050E-02 -1.0489E-01 -3.2549E-01 -1.8339E-01  5.3963E-01
 GRADIENT:  -1.2368E+01  2.1696E+01  5.2989E+02 -1.8150E+01 -2.4818E+01 -1.0479E+02  3.8194E+01 -3.1298E+01  1.7483E+01  5.0246E+01
            -7.7994E+00 -1.5401E+01  2.8722E+01 -1.1630E+01  1.7382E+01

0ITERATION NO.:   20    OBJECTIVE VALUE:   299.814050249676        NO. OF FUNC. EVALS.:  69
 CUMULATIVE NO. OF FUNC. EVALS.:      283
 NPARAMETR:  5.0586E+00  3.9230E+01  7.0023E+00  2.0098E+00  1.1731E-01  3.5080E+00  9.3311E-01  1.4743E-01  2.8227E-01  1.4327E-01
             9.7698E-02  3.6860E-02  1.0502E-02  1.3516E-01  4.8341E-01
 PARAMETER:  1.1165E-01  8.0561E-02  1.0033E-01  1.0487E-01 -4.3347E-01  2.5643E-01 -6.6238E-01 -2.0495E-01 -2.4860E-01  5.4118E-02
             8.8353E-02 -5.2454E-02 -4.2483E-01 -9.5924E-02  3.3854E-01
 GRADIENT:  -7.9690E-01 -2.0669E+00  5.3490E+00 -1.2138E+00 -6.7197E-01  8.8733E-01 -2.9132E-01 -2.3892E+00  3.5847E+00  1.5800E+01
             5.2655E-01  3.7409E-01 -1.4376E-01 -1.2402E-01  6.6271E-01

0ITERATION NO.:   25    OBJECTIVE VALUE:   299.575315451024        NO. OF FUNC. EVALS.:  65
 CUMULATIVE NO. OF FUNC. EVALS.:      348
 NPARAMETR:  5.0609E+00  3.9244E+01  7.0027E+00  2.0119E+00  1.1792E-01  3.5207E+00  9.4565E-01  1.4773E-01  1.8609E-01  1.4980E-01
             9.7462E-02  3.6725E-02  1.0523E-02  1.3551E-01  4.6887E-01
 PARAMETER:  1.1211E-01  8.0910E-02  1.0038E-01  1.0594E-01 -4.2831E-01  2.6006E-01 -6.4903E-01 -2.0293E-01 -6.6524E-01  9.8676E-02
             8.7147E-02 -5.4277E-02 -4.2383E-01 -9.4640E-02  3.2327E-01
 GRADIENT:  -7.9256E-02 -4.8795E-01  2.0879E+00 -4.3072E-01 -2.8906E-01  2.8239E-01  2.1716E-01 -5.6227E-01  1.2015E+00  1.4254E+01
             1.0149E-01  5.8436E-02 -2.3124E-01  2.4270E-01  2.3371E-02

0ITERATION NO.:   30    OBJECTIVE VALUE:   299.489134652090        NO. OF FUNC. EVALS.:  66
 CUMULATIVE NO. OF FUNC. EVALS.:      414
 NPARAMETR:  5.0609E+00  3.9245E+01  7.0023E+00  2.0120E+00  1.1784E-01  3.5189E+00  9.4272E-01  1.4773E-01  1.2112E-01  1.5210E-01
             9.7447E-02  3.6711E-02  1.0567E-02  1.3546E-01  4.7027E-01
 PARAMETER:  1.1211E-01  8.0946E-02  1.0033E-01  1.0597E-01 -4.2901E-01  2.5953E-01 -6.5213E-01 -2.0291E-01 -1.0947E+00  1.1388E-01
             8.7069E-02 -5.4468E-02 -4.2174E-01 -9.4810E-02  3.2476E-01
 GRADIENT:  -1.0523E-01 -2.4026E-01 -2.7676E-01 -1.7525E-01 -1.0594E-01  5.1130E-02 -2.9538E-02 -5.8602E-01  4.5313E-02 -9.2822E-01
             7.7566E-02  3.6059E-03  1.7713E-01 -1.6009E-01  7.0689E-02

0ITERATION NO.:   35    OBJECTIVE VALUE:   299.468242167182        NO. OF FUNC. EVALS.:  67
 CUMULATIVE NO. OF FUNC. EVALS.:      481
 NPARAMETR:  5.0612E+00  3.9247E+01  7.0029E+00  2.0123E+00  1.1792E-01  3.5205E+00  9.4377E-01  1.4779E-01  7.1132E-02  1.5354E-01
             9.7421E-02  3.6702E-02  1.0561E-02  1.3551E-01  4.6851E-01
 PARAMETER:  1.1217E-01  8.0987E-02  1.0041E-01  1.0615E-01 -4.2830E-01  2.5999E-01 -6.5102E-01 -2.0252E-01 -1.6269E+00  1.2334E-01
             8.6935E-02 -5.4596E-02 -4.2201E-01 -9.4618E-02  3.2289E-01
 GRADIENT:  -3.4500E-02 -9.6031E-02  2.9518E-01 -8.4454E-02 -5.0258E-02  2.1474E-02 -5.2594E-04 -2.0063E-01  3.0977E-02  1.3361E+00
             3.4489E-02  4.3808E-03  6.9165E-02 -3.5690E-02  3.6735E-02

0ITERATION NO.:   40    OBJECTIVE VALUE:   299.460757180485        NO. OF FUNC. EVALS.:  65
 CUMULATIVE NO. OF FUNC. EVALS.:      546
 NPARAMETR:  5.0614E+00  3.9248E+01  7.0030E+00  2.0125E+00  1.1796E-01  3.5215E+00  9.4455E-01  1.4783E-01  2.6409E-02  1.5416E-01
             9.7399E-02  3.6697E-02  1.0555E-02  1.3563E-01  4.6766E-01
 PARAMETER:  1.1221E-01  8.1016E-02  1.0043E-01  1.0622E-01 -4.2795E-01  2.6028E-01 -6.5020E-01 -2.0224E-01 -2.6178E+00  1.2736E-01
             8.6825E-02 -5.4669E-02 -4.2228E-01 -9.4203E-02  3.2198E-01
 GRADIENT:   1.4270E-02  8.1856E-03  5.1896E-02  2.4401E-03 -1.0370E-02  3.6194E-02  1.5906E-02  6.7952E-02  4.0426E-03  1.4670E+00
            -2.3097E-03  8.7912E-03 -4.1537E-02  6.6354E-02  1.1856E-02

0ITERATION NO.:   45    OBJECTIVE VALUE:   299.459489569675        NO. OF FUNC. EVALS.:  65
 CUMULATIVE NO. OF FUNC. EVALS.:      611
 NPARAMETR:  5.0614E+00  3.9248E+01  7.0030E+00  2.0125E+00  1.1797E-01  3.5213E+00  9.4442E-01  1.4782E-01  5.7737E-03  1.5421E-01
             9.7399E-02  3.6695E-02  1.0560E-02  1.3557E-01  4.6759E-01
 PARAMETER:  1.1220E-01  8.1012E-02  1.0043E-01  1.0622E-01 -4.2792E-01  2.6023E-01 -6.5034E-01 -2.0230E-01 -4.1382E+00  1.2766E-01
             8.6823E-02 -5.4694E-02 -4.2206E-01 -9.4416E-02  3.2191E-01
 GRADIENT:   1.6147E-03  8.7685E-03  8.8000E-02  9.9433E-04  3.2442E-03 -2.4459E-02  6.0417E-03  8.4003E-03  1.0504E-04  6.5255E-02
            -3.5444E-03 -3.5447E-03  6.4444E-03 -7.9053E-03 -5.2107E-03

0ITERATION NO.:   50    OBJECTIVE VALUE:   299.459442129111        NO. OF FUNC. EVALS.:  65
 CUMULATIVE NO. OF FUNC. EVALS.:      676
 NPARAMETR:  5.0614E+00  3.9248E+01  7.0030E+00  2.0125E+00  1.1796E-01  3.5213E+00  9.4437E-01  1.4782E-01  8.5549E-04  1.5421E-01
             9.7401E-02  3.6696E-02  1.0560E-02  1.3558E-01  4.6767E-01
 PARAMETER:  1.1220E-01  8.1011E-02  1.0042E-01  1.0622E-01 -4.2797E-01  2.6023E-01 -6.5039E-01 -2.0230E-01 -6.0475E+00  1.2768E-01
             8.6833E-02 -5.4680E-02 -4.2209E-01 -9.4366E-02  3.2199E-01
 GRADIENT:   2.7105E-04  8.1051E-04 -2.0525E-03  6.2495E-04  5.4404E-04 -2.3098E-03  3.6678E-04  7.4600E-04  2.2126E-06 -1.8609E-03
            -2.5232E-04 -1.5962E-04 -3.3786E-04 -8.8515E-04 -1.2949E-04

0ITERATION NO.:   55    OBJECTIVE VALUE:   299.459441077473        NO. OF FUNC. EVALS.:  67
 CUMULATIVE NO. OF FUNC. EVALS.:      743
 NPARAMETR:  5.0614E+00  3.9248E+01  7.0030E+00  2.0125E+00  1.1796E-01  3.5213E+00  9.4436E-01  1.4782E-01  4.0377E-04  1.5421E-01
             9.7401E-02  3.6696E-02  1.0560E-02  1.3558E-01  4.6767E-01
 PARAMETER:  1.1220E-01  8.1010E-02  1.0042E-01  1.0622E-01 -4.2797E-01  2.6023E-01 -6.5039E-01 -2.0231E-01 -6.7984E+00  1.2767E-01
             8.6833E-02 -5.4679E-02 -4.2208E-01 -9.4363E-02  3.2199E-01
 GRADIENT:  -2.3699E-04 -4.1523E-04  7.1110E-03 -2.1503E-04  1.0784E-04  1.5937E-04 -3.7780E-04 -3.9285E-04  4.9180E-07 -6.8254E-03
             6.3225E-05 -1.0257E-04  6.0178E-04 -4.7395E-04 -4.9779E-04

0ITERATION NO.:   60    OBJECTIVE VALUE:   299.459423736189        NO. OF FUNC. EVALS.: 116
 CUMULATIVE NO. OF FUNC. EVALS.:      859
 NPARAMETR:  5.0615E+00  3.9248E+01  7.0031E+00  2.0126E+00  1.1797E-01  3.5218E+00  9.4474E-01  1.4782E-01  2.3466E-04  1.5421E-01
             9.7400E-02  3.6694E-02  1.0559E-02  1.3557E-01  4.6754E-01
 PARAMETER:  1.1223E-01  8.1019E-02  1.0044E-01  1.0626E-01 -4.2784E-01  2.6037E-01 -6.4999E-01 -2.0229E-01 -7.3411E+00  1.2768E-01
             8.6826E-02 -5.4701E-02 -4.2210E-01 -9.4408E-02  3.2186E-01
 GRADIENT:  -1.6410E-02 -5.5060E-03 -1.1032E-01 -3.7895E-03  1.9397E-04  1.0340E-02 -9.0927E-03  3.5487E-04  1.6886E-07  7.1158E-03
            -2.5083E-03 -3.5004E-03  9.1274E-03  5.7680E-04  4.5823E-03

0ITERATION NO.:   65    OBJECTIVE VALUE:   299.459422284625        NO. OF FUNC. EVALS.: 167
 CUMULATIVE NO. OF FUNC. EVALS.:     1026
 NPARAMETR:  5.0615E+00  3.9248E+01  7.0032E+00  2.0126E+00  1.1798E-01  3.5220E+00  9.4488E-01  1.4782E-01  1.5337E-04  1.5421E-01
             9.7401E-02  3.6695E-02  1.0559E-02  1.3557E-01  4.6746E-01
 PARAMETER:  1.1223E-01  8.1020E-02  1.0045E-01  1.0628E-01 -4.2780E-01  2.6041E-01 -6.4985E-01 -2.0229E-01 -7.7664E+00  1.2768E-01
             8.6832E-02 -5.4689E-02 -4.2213E-01 -9.4425E-02  3.2176E-01
 GRADIENT:  -7.3490E-04  1.5078E-04 -2.1706E-03 -6.0788E-05  3.9963E-05 -4.1446E-04  2.3581E-05  2.1092E-04 -2.9586E-06  7.7537E-04
            -5.3869E-05 -3.8877E-04  7.3337E-05 -3.2052E-05  1.8127E-04
 Elapsed estimation  time in seconds: <SEC>
 Elapsed covariance  time in seconds: <SEC>
 Elapsed postprocess time in seconds: <SEC>
 Elapsed finaloutput time in seconds: <SEC>
Done with nonmem execution
