Changing directory to 100saem.R76
'pushdon' is not recognized as an internal or external command,
operable program or batch file.
Pathlist information for compiler and MPI systems are located in nmpathlist.txt

Starting NMTRAN
  
 WARNINGS AND ERRORS (IF ANY) FOR PROBLEM    1
             
 (WARNING  2) NM-TRAN INFERS THAT THE DATA ARE POPULATION.
Recompiling certain components.
starting wait
ending wait
Exiting lpreddo
Compiling FSUBS
Building NONMEM Executable
Starting nonmem execution ...
License Registered to: <LICENSEE>
Expiration Date: <DATE>
Current Date: <DATE>
Days until program expires : <N>


 Stochastic Approximation Expectation-Maximization
 MONITORING OF SEARCH:

 Stochastic/Burn-in Mode
 iteration        -2000  SAEMOBJ=   714.27758958503136
 iteration        -1800  SAEMOBJ=   137.84748782379017
 iteration        -1600  SAEMOBJ=  -197.33001165089206
 iteration        -1400  SAEMOBJ=  -278.82511696944459
 iteration        -1200  SAEMOBJ=  -278.18960432822666
 iteration        -1000  SAEMOBJ=  -368.41678759292552
 iteration         -800  SAEMOBJ=  -268.03501854248839
 iteration         -600  SAEMOBJ=  -265.58175441186131
 iteration         -400  SAEMOBJ=  -274.62913563499080
 iteration         -200  SAEMOBJ=  -301.46529308099059
 Elapsed burn-in time in seconds:    28.14
 Reduced Stochastic/Accumulation Mode
 iteration            0  SAEMOBJ=  -248.87218670861546
 iteration          200  SAEMOBJ=  -245.73729524757414
 iteration          400  SAEMOBJ=  -245.35516760446865
 iteration          600  SAEMOBJ=  -245.31004997389400
 iteration          800  SAEMOBJ=  -245.24298562243158
 iteration         1000  SAEMOBJ=  -245.33943056246397
 Elapsed estimation  time in seconds: <SEC>
 STOCHASTIC PORTION WAS NOT TESTED FOR CONVERGENCE
 REDUCED STOCHASTIC PORTION WAS COMPLETED

 Elapsed covariance  time in seconds: <SEC>


 Objective Function Evaluation by Importance Sampling
 MONITORING OF SEARCH:

 iteration            0  OBJ=   685.58226726208716 eff.=    3008. Smpl.=    3000. Fit.= 0.99513
 iteration            1  OBJ=   685.64052174876088 eff.=    1190. Smpl.=    3000. Fit.= 0.78425
 iteration            2  OBJ=   685.13652588526293 eff.=    1206. Smpl.=    3000. Fit.= 0.78609
 iteration            3  OBJ=   685.10613706881497 eff.=    1206. Smpl.=    3000. Fit.= 0.78659
 iteration            4  OBJ=   685.53141370391313 eff.=    1199. Smpl.=    3000. Fit.= 0.78607
 Elapsed estimation  time in seconds: <SEC>
 Last iteration, set up for variance assessment
 iteration            5  OBJ=   685.73896986581371 eff.=    1192. Smpl.=    3000. Fit.= 0.78501
 EXPECTATION ONLY PROCESS WAS NOT TESTED FOR CONVERGENCE
 
 Elapsed covariance  time in seconds: <SEC>
 Elapsed postprocess time in seconds: <SEC>
 Elapsed finaloutput time in seconds: <SEC>
Done with nonmem execution
wall seconds: 81.5
