Changing directory to 105start.R76
'pushdon' is not recognized as an internal or external command,
operable program or batch file.
Pathlist information for compiler and MPI systems are located in nmpathlist.txt

Starting NMTRAN
  
 WARNINGS AND ERRORS (IF ANY) FOR PROBLEM    1
             
 (WARNING  2) NM-TRAN INFERS THAT THE DATA ARE POPULATION.
Recompiling certain components.
starting wait
ending wait
Exiting lpreddo
Compiling FSUBS
Building NONMEM Executable
Starting nonmem execution ...
License Registered to: <LICENSEE>
Expiration Date: <DATE>
Current Date: <DATE>
Days until program expires : <N>


 First Order Conditional Estimation with Interaction
 MONITORING OF SEARCH:


0ITERATION NO.:    0    OBJECTIVE VALUE:   811.714720339546        NO. OF FUNC. EVALS.:   6
 CUMULATIVE NO. OF FUNC. EVALS.:        6
 NPARAMETR:  5.0000E-03  2.2000E+00  1.1000E+00  2.0000E-01  6.0000E-01  1.0000E-01  6.0000E-01
 PARAMETER:  1.0000E-01  1.0000E-01  1.0000E-01  1.0000E-01  1.0000E-01  1.0000E-01  1.0000E-01
 GRADIENT:  -1.0391E+01  6.9979E+01  2.6525E+00  8.0544E+01  3.6370E+01  3.5124E+00  5.2691E+01

0ITERATION NO.:    5    OBJECTIVE VALUE:   697.614273957762        NO. OF FUNC. EVALS.:  37
 CUMULATIVE NO. OF FUNC. EVALS.:       43
 NPARAMETR:  7.6437E-03  1.5800E+00  1.2381E+00  8.7246E-02  1.6122E-01  1.4443E-01  1.4784E-01
 PARAMETER:  5.2444E-01 -2.3106E-01  2.1826E-01 -7.2959E-01 -5.5708E-01  2.7862E-01 -1.6267E+00
 GRADIENT:   2.8029E+01  6.3697E+01 -1.2083E+01 -2.6254E+01 -3.4986E+01 -1.6682E+00  1.9366E-01

0ITERATION NO.:   10    OBJECTIVE VALUE:   685.814720293746        NO. OF FUNC. EVALS.:  36
 CUMULATIVE NO. OF FUNC. EVALS.:       79
 NPARAMETR:  6.7351E-03  1.3959E+00  2.0169E+00  7.4567E-02  2.6909E-01  2.0146E-01  1.6011E-01
 PARAMETER:  3.9789E-01 -3.5489E-01  7.0623E-01 -8.8662E-01 -3.0095E-01  3.0083E-01 -1.9705E+00
 GRADIENT:   3.1241E+00 -8.8409E+00  3.4562E-01  1.7088E+00  3.3506E+00 -1.8247E+00  7.2989E-01

0ITERATION NO.:   15    OBJECTIVE VALUE:   685.559285528115        NO. OF FUNC. EVALS.:  35
 CUMULATIVE NO. OF FUNC. EVALS.:      114
 NPARAMETR:  6.7755E-03  1.4057E+00  2.2404E+00  6.4323E-02  2.5393E-01  1.9539E-01  1.5591E-01
 PARAMETER:  4.0387E-01 -3.4791E-01  8.1133E-01 -1.0344E+00 -3.2994E-01  3.0035E-01 -2.2272E+00
 GRADIENT:   9.6554E-01 -1.5379E+00  1.1577E-01 -3.0930E-01 -1.5147E-01  2.1492E-01  2.8936E-01

0ITERATION NO.:   20    OBJECTIVE VALUE:   685.525218386496        NO. OF FUNC. EVALS.:  35
 CUMULATIVE NO. OF FUNC. EVALS.:      149
 NPARAMETR:  6.7823E-03  1.4065E+00  2.2765E+00  6.4085E-02  2.5383E-01  1.9654E-01  1.5499E-01
 PARAMETER:  4.0488E-01 -3.4737E-01  8.2731E-01 -1.0381E+00 -3.3014E-01  3.0218E-01 -2.5685E+00
 GRADIENT:   1.2552E-02  8.0501E-03  4.2093E-02  3.7939E-02  3.0313E-02 -1.3925E-01 -1.5404E-03

0ITERATION NO.:   23    OBJECTIVE VALUE:   685.525200826172        NO. OF FUNC. EVALS.:  27
 CUMULATIVE NO. OF FUNC. EVALS.:      176
 NPARAMETR:  6.7820E-03  1.4064E+00  2.2763E+00  6.4056E-02  2.5379E-01  1.9653E-01  1.5502E-01
 PARAMETER:  4.0483E-01 -3.4739E-01  8.2722E-01 -1.0386E+00 -3.3021E-01  3.0219E-01 -2.5642E+00
 GRADIENT:  -1.7227E-02 -7.7422E-02  1.2786E-02  1.4970E-02  4.9740E-03 -3.6191E-02 -1.4441E-04
 Elapsed estimation  time in seconds: <SEC>
 Elapsed covariance  time in seconds: <SEC>
 Elapsed postprocess time in seconds: <SEC>
 Elapsed finaloutput time in seconds: <SEC>
Done with nonmem execution
