Changing directory to 121iov.R76
'pushdon' is not recognized as an internal or external command,
operable program or batch file.
Pathlist information for compiler and MPI systems are located in nmpathlist.txt

Starting NMTRAN
  
 WARNINGS AND ERRORS (IF ANY) FOR PROBLEM    1
             
 (WARNING  2) NM-TRAN INFERS THAT THE DATA ARE POPULATION.
Recompiling certain components.
starting wait
ending wait
Exiting lpreddo
Compiling FSUBS
Building NONMEM Executable
Starting nonmem execution ...
License Registered to: <LICENSEE>
Expiration Date: <DATE>
Current Date: <DATE>
Days until program expires : <N>


 First Order Conditional Estimation with Interaction
 MONITORING OF SEARCH:


0ITERATION NO.:    0    OBJECTIVE VALUE:  -2581.86398241544        NO. OF FUNC. EVALS.:   7
 CUMULATIVE NO. OF FUNC. EVALS.:        7
 NPARAMETR:  1.0000E+00  3.0000E+00  5.0000E+01  5.0000E-02  1.0000E-01  1.0000E-01  1.0000E-01  5.0000E-02  5.0000E-02  5.0000E-02

 PARAMETER:  1.0000E-01  1.0000E-01  1.0000E-01  1.0000E-01  1.0000E-01  1.0000E-01  1.0000E-01  1.0000E-01  1.0000E-01  1.0000E-01

 GRADIENT:  -4.1445E+01 -5.3057E+01  8.2638E+01 -7.3878E+01 -4.9995E+02 -6.1487E+01 -1.8980E+02  2.1578E+01  3.1576E+01 -1.4849E+02


0ITERATION NO.:    5    OBJECTIVE VALUE:  -2706.37980889147        NO. OF FUNC. EVALS.:  40
 CUMULATIVE NO. OF FUNC. EVALS.:       47
 NPARAMETR:  1.1028E+00  3.2766E+00  4.8893E+01  4.4063E-02  1.2762E-01  1.9426E-01  5.4112E-01  3.5659E-02  2.9554E-02  1.0894E-01

 PARAMETER:  1.9787E-01  1.8819E-01  7.7613E-02 -2.6413E-02  3.4387E-01  4.3202E-01  9.4424E-01 -6.9006E-02 -1.6290E-01  4.8941E-01

 GRADIENT:   2.2742E+01  8.8076E+00  2.1019E+00  2.2018E+01  1.3863E+02  9.3600E+00  4.0644E+01 -4.7927E+00 -8.5022E+00  2.5431E+01


0ITERATION NO.:   10    OBJECTIVE VALUE:  -2717.23175485655        NO. OF FUNC. EVALS.:  43
 CUMULATIVE NO. OF FUNC. EVALS.:       90
 NPARAMETR:  1.0424E+00  3.1903E+00  4.8506E+01  4.1256E-02  1.2078E-01  1.6594E-01  3.3402E-01  3.4591E-02  3.1495E-02  9.8195E-02

 PARAMETER:  1.4156E-01  1.6150E-01  6.9657E-02 -9.2215E-02  2.8883E-01  3.5323E-01  7.0301E-01 -8.4220E-02 -1.3109E-01  4.3746E-01

 GRADIENT:  -2.8564E+00  4.1909E+00 -6.2099E+00 -2.2983E+00 -2.2613E+01 -2.4750E+00 -2.3257E+00 -9.1300E+00 -3.0539E+00  5.2196E+00


0ITERATION NO.:   15    OBJECTIVE VALUE:  -2717.66489803030        NO. OF FUNC. EVALS.:  50
 CUMULATIVE NO. OF FUNC. EVALS.:      140
 NPARAMETR:  1.0481E+00  3.1513E+00  4.8623E+01  4.0987E-02  1.2190E-01  1.7247E-01  3.4114E-01  3.7802E-02  3.2088E-02  9.4779E-02

 PARAMETER:  1.4700E-01  1.4922E-01  7.2083E-02 -9.8780E-02  2.9802E-01  3.7253E-01  7.1356E-01 -3.9837E-02 -1.2177E-01  4.1976E-01

 GRADIENT:   1.0302E-02 -8.7636E-02 -1.4513E-01  4.9054E-03  7.3434E-02  1.7383E-02 -4.3456E-04 -1.5633E-02  7.5344E-03  3.7017E-02


0ITERATION NO.:   17    OBJECTIVE VALUE:  -2717.66491688360        NO. OF FUNC. EVALS.:  27
 CUMULATIVE NO. OF FUNC. EVALS.:      167
 NPARAMETR:  1.0481E+00  3.1520E+00  4.8625E+01  4.0988E-02  1.2190E-01  1.7244E-01  3.4114E-01  3.7806E-02  3.2087E-02  9.4764E-02

 PARAMETER:  1.4699E-01  1.4943E-01  7.2124E-02 -9.8746E-02  2.9799E-01  3.7245E-01  7.1357E-01 -3.9772E-02 -1.2179E-01  4.1968E-01

 GRADIENT:   6.4861E-04 -1.4587E-02 -1.9992E-02 -8.0362E-04  7.1446E-03  3.8308E-03  4.4064E-04 -2.6246E-03  4.6254E-04  6.8140E-03

 Elapsed estimation  time in seconds: <SEC>
 Elapsed covariance  time in seconds: <SEC>
 Elapsed postprocess time in seconds: <SEC>
 Elapsed finaloutput time in seconds: <SEC>
Done with nonmem execution
wall seconds: 28.7
