Changing directory to tg101.R76
'pushdon' is not recognized as an internal or external command,
operable program or batch file.
Pathlist information for compiler and MPI systems are located in nmpathlist.txt

Starting NMTRAN
  
 WARNINGS AND ERRORS (IF ANY) FOR PROBLEM    1
             
 (WARNING  2) NM-TRAN INFERS THAT THE DATA ARE POPULATION.
  
Note: Analytical 2nd Derivatives are constructed in FSUBS but are never used.
      You may insert $ABBR DERIV2=NO after the first $PROB to save FSUBS construction and compilation time
  
Recompiling certain components.
starting wait
ending wait
Exiting lpreddo
Compiling FSUBS
Building NONMEM Executable
Starting nonmem execution ...
License Registered to: <LICENSEE>
Expiration Date: <DATE>
Current Date: <DATE>
Days until program expires : <N>


 First Order Conditional Estimation with Interaction
 MONITORING OF SEARCH:


0ITERATION NO.:    0    OBJECTIVE VALUE:   1977.25459969689        NO. OF FUNC. EVALS.:   6
 CUMULATIVE NO. OF FUNC. EVALS.:        6
 NPARAMETR:  6.0000E-01  2.0000E+03  1.0000E+01  2.0000E-01  5.0000E-02  1.0000E-01
 PARAMETER:  1.0000E-01  1.0000E-01  1.0000E-01  1.0000E-01  1.0000E-01  1.0000E-01
 GRADIENT:   1.2645E+02  1.7844E+02 -2.2216E+02 -7.7356E+01 -5.5734E+00 -6.3013E+01

0ITERATION NO.:    5    OBJECTIVE VALUE:   1782.54974729299        NO. OF FUNC. EVALS.:  36
 CUMULATIVE NO. OF FUNC. EVALS.:       42
 NPARAMETR:  5.6006E-01  1.0554E+03  4.8502E+01  1.2731E-01  1.7810E-02  9.4776E-02
 PARAMETER:  3.1115E-02 -5.3918E-01  1.6790E+00 -3.5166E-01 -4.1613E-01  7.3172E-02
 GRADIENT:   2.9018E+02 -7.3171E+01  4.3109E+01  2.2635E+01 -3.6418E+01  8.6009E+00

0ITERATION NO.:   10    OBJECTIVE VALUE:   1733.92155726795        NO. OF FUNC. EVALS.:  38
 CUMULATIVE NO. OF FUNC. EVALS.:       80
 NPARAMETR:  4.7798E-01  1.3480E+03  4.5375E+01  1.1247E-01  1.4734E-02  1.4721E-02
 PARAMETER: -1.2736E-01 -2.9450E-01  1.6124E+00 -4.7563E-01 -5.1094E-01 -8.5794E-01
 GRADIENT:  -4.2846E+01 -1.4311E+01  1.1533E+01  9.5450E+00 -1.3581E+00  8.1488E+00

0ITERATION NO.:   15    OBJECTIVE VALUE:   1729.89099894130        NO. OF FUNC. EVALS.:  35
 CUMULATIVE NO. OF FUNC. EVALS.:      115
 NPARAMETR:  4.8640E-01  1.3571E+03  4.2945E+01  1.1367E-01  1.4665E-02  1.3931E-03
 PARAMETER: -1.0989E-01 -2.8781E-01  1.5573E+00 -4.6504E-01 -5.1329E-01 -2.0368E+00
 GRADIENT:   8.7128E-01  1.5188E+00 -7.4775E-01 -4.2428E-01  8.0812E-02  2.8397E-01

0ITERATION NO.:   20    OBJECTIVE VALUE:   1729.81188703112        NO. OF FUNC. EVALS.:  35
 CUMULATIVE NO. OF FUNC. EVALS.:      150
 NPARAMETR:  4.8634E-01  1.3556E+03  4.2933E+01  1.1543E-01  1.4550E-02  1.1874E-04
 PARAMETER: -1.1002E-01 -2.8894E-01  1.5570E+00 -4.4964E-01 -5.1722E-01 -3.2680E+00
 GRADIENT:  -2.8807E-01 -7.7632E-02  1.7508E-02  1.1037E-01 -5.4442E-02  2.4560E-03

0ITERATION NO.:   25    OBJECTIVE VALUE:   1729.81136312276        NO. OF FUNC. EVALS.:  38
 CUMULATIVE NO. OF FUNC. EVALS.:      188
 NPARAMETR:  4.8640E-01  1.3556E+03  4.2933E+01  1.1548E-01  1.4567E-02  2.8313E-05
 PARAMETER: -1.0990E-01 -2.8891E-01  1.5570E+00 -4.4921E-01 -5.1663E-01 -3.9848E+00
 GRADIENT:   3.0235E-02 -2.6040E-02  3.0396E-03  3.0606E-03  3.5735E-03  2.2265E-05

0ITERATION NO.:   30    OBJECTIVE VALUE:   1729.81135595019        NO. OF FUNC. EVALS.:  69
 CUMULATIVE NO. OF FUNC. EVALS.:      257
 NPARAMETR:  4.8643E-01  1.3556E+03  4.2933E+01  1.1548E-01  1.4566E-02  2.4102E-05
 PARAMETER: -1.0983E-01 -2.8890E-01  1.5571E+00 -4.4918E-01 -5.1668E-01 -4.0653E+00
 GRADIENT:   1.5853E-03  4.3087E-04 -1.7848E-04 -1.8755E-04 -6.8607E-05 -8.4875E-07
 Elapsed estimation  time in seconds: <SEC>
 Elapsed covariance  time in seconds: <SEC>
 Elapsed postprocess time in seconds: <SEC>
 Elapsed finaloutput time in seconds: <SEC>
Done with nonmem execution
