Changing directory to wf200.R76
'pushdon' is not recognized as an internal or external command,
operable program or batch file.
Pathlist information for compiler and MPI systems are located in nmpathlist.txt

Starting NMTRAN
  
 WARNINGS AND ERRORS (IF ANY) FOR PROBLEM    1
             
 (WARNING  2) NM-TRAN INFERS THAT THE DATA ARE POPULATION.
Recompiling certain components.
starting wait
ending wait
Exiting lpreddo
Compiling FSUBS
Building NONMEM Executable
Starting nonmem execution ...
License Registered to: <LICENSEE>
Expiration Date: <DATE>
Current Date: <DATE>
Days until program expires : <N>


 First Order Conditional Estimation with Interaction
 MONITORING OF SEARCH:


0ITERATION NO.:    0    OBJECTIVE VALUE:   1801.64008645907        NO. OF FUNC. EVALS.:   6
 CUMULATIVE NO. OF FUNC. EVALS.:        6
 NPARAMETR:  1.0000E+02  5.0000E-02  1.0000E+00  5.0000E+00  2.0000E-02  1.0000E-01  1.0000E-01
 PARAMETER:  1.0000E-01  1.0000E-01  1.0000E-01  1.0000E-01  1.0000E-01  1.0000E-01  1.0000E-01
 GRADIENT:  -3.9581E+01  2.7256E+01  2.9414E+01 -2.9718E+01  4.0443E+01  6.0589E+00 -1.8245E+01

0ITERATION NO.:    5    OBJECTIVE VALUE:   1789.08208372289        NO. OF FUNC. EVALS.:  39
 CUMULATIVE NO. OF FUNC. EVALS.:       45
 NPARAMETR:  9.9665E+01  4.8015E-02  9.4323E-01  5.1177E+00  8.3755E-03  8.7929E-02  1.3914E-01
 PARAMETER:  9.6644E-02  5.9495E-02  4.1556E-02  1.2328E-01 -3.3521E-01  3.5679E-02  2.6517E-01
 GRADIENT:  -1.2871E+02 -1.0057E+00 -6.0769E+00 -2.6760E+00  2.2200E+00 -1.8177E+00  1.7950E+00

0ITERATION NO.:   10    OBJECTIVE VALUE:   1787.84627731535        NO. OF FUNC. EVALS.:  38
 CUMULATIVE NO. OF FUNC. EVALS.:       83
 NPARAMETR:  1.0137E+02  4.8219E-02  9.4888E-01  5.1329E+00  7.6341E-03  9.0859E-02  1.3459E-01
 PARAMETER:  1.1359E-01  6.3733E-02  4.7532E-02  1.2624E-01 -3.8156E-01  5.2068E-02  2.4854E-01
 GRADIENT:   9.0642E-02 -1.9016E-01 -3.9845E-02 -7.2938E-02 -4.3560E-02  3.4280E-01  1.4470E-01

0ITERATION NO.:   13    OBJECTIVE VALUE:   1787.84567075819        NO. OF FUNC. EVALS.:  27
 CUMULATIVE NO. OF FUNC. EVALS.:      110
 NPARAMETR:  1.0137E+02  4.8230E-02  9.4899E-01  5.1335E+00  7.6404E-03  9.0351E-02  1.3424E-01
 PARAMETER:  1.1358E-01  6.3960E-02  4.7644E-02  1.2635E-01 -3.8114E-01  4.9268E-02  2.4723E-01
 GRADIENT:  -1.0855E-01 -1.0465E-02 -1.6962E-02 -7.4432E-03 -1.2516E-02 -9.9110E-03 -1.0294E-03
 Elapsed estimation  time in seconds: <SEC>
 Elapsed covariance  time in seconds: <SEC>
 Elapsed postprocess time in seconds: <SEC>
 Elapsed finaloutput time in seconds: <SEC>
Done with nonmem execution
wall seconds: 34.2
