<DATE>
<TIME>
$PROB COUNT, NEGATIVE BINOMIAL, NO DRUG EFFECT   P:cnt101  F:BASE
$INPUT ID TIME DV MDV DOSE CAVG
$DATA ../../data/cnt-sim.csv IGNORE=@
$PRED
  LAM0 = THETA(1) * EXP(ETA(1))
  OVDP = THETA(2)
  LAM  = LAM0
  R    = 1 / OVDP
  LP1  = GAMLN(DV + R) - GAMLN(DV + 1) - GAMLN(R)
  LP2  = R * LOG(R / (R + LAM)) + DV * LOG(LAM / (R + LAM))
  Y    = -2 * (LP1 + LP2)

$THETA
  (0, 5)       ; LAM0
  (0, 0.2)     ; OVDP

$OMEGA 0.5     ; LAM0

$EST MAX=9999 PRINT=5 METHOD=COND LAPLACE -2LL NSIG=3 SIGL=9 NOABORT
$COV UNCOND PRINT=E
$TAB ID TIME DV MDV DOSE CAVG LAM
     ONEHEADER NOPRINT FILE=sdtab
$TAB ID LAM0 ETA1
     ONEHEADER NOPRINT NOAPPEND FILE=patab
$TAB ID CAVG
     ONEHEADER NOPRINT NOAPPEND FILE=cotab
$TAB ID DOSE
     ONEHEADER NOPRINT NOAPPEND FILE=catab
  
NM-TRAN MESSAGES 
  
 WARNINGS AND ERRORS (IF ANY) FOR PROBLEM    1
             
 (WARNING  2) NM-TRAN INFERS THAT THE DATA ARE POPULATION.
  
License Registered to: <LICENSEE>
Expiration Date: <DATE>
Current Date: <DATE>
Days until program expires : <N>
1NONLINEAR MIXED EFFECTS MODEL PROGRAM (NONMEM) VERSION 7.6.0 (nm760)
 ORIGINALLY DEVELOPED BY STUART BEAL, LEWIS SHEINER, AND ALISON BOECKMANN
 CURRENT DEVELOPERS ARE ROBERT BAUER, ICON DEVELOPMENT SOLUTIONS,
 AND ALISON BOECKMANN. IMPLEMENTATION, EFFICIENCY, AND STANDARDIZATION
 PERFORMED BY NOUS INFOSYSTEMS.

 PROBLEM NO.:         1
 COUNT, NEGATIVE BINOMIAL, NO DRUG EFFECT   P:cnt101  F:BASE
0DATA CHECKOUT RUN:              NO
 DATA SET LOCATED ON UNIT NO.:    2
 THIS UNIT TO BE REWOUND:        NO
 CREATE/ADD TO FDATA.csv:        YES
 NO. OF DATA RECS IN DATA SET:     1200
 NO. OF DATA ITEMS IN DATA SET:   6
 ID DATA ITEM IS DATA ITEM NO.:   1
 DEP VARIABLE IS DATA ITEM NO.:   3
 MDV DATA ITEM IS DATA ITEM NO.:  4
0LABELS FOR DATA ITEMS:
 ID TIME DV MDV DOSE CAVG
0(NONBLANK) LABELS FOR PRED-DEFINED ITEMS:
 LAM0 LAM
0FORMAT FOR DATA:
 (6E7.0)

 TOT. NO. OF OBS RECS:     1200
 TOT. NO. OF INDIVIDUALS:      200
0LENGTH OF THETA:   2
0DEFAULT THETA BOUNDARY TEST OMITTED:    NO
0OMEGA HAS SIMPLE DIAGONAL FORM WITH DIMENSION:   1
0DEFAULT OMEGA BOUNDARY TEST OMITTED:    NO
0INITIAL ESTIMATE OF THETA:
 LOWER BOUND    INITIAL EST    UPPER BOUND
  0.0000E+00     0.5000E+01     0.1000E+07
  0.0000E+00     0.2000E+00     0.1000E+07
0INITIAL ESTIMATE OF OMEGA:
 0.5000E+00
0COVARIANCE STEP OMITTED:        NO
 EIGENVLS. PRINTED:             YES
 SPECIAL COMPUTATION:            NO
 COMPRESSED FORMAT:              NO
 GRADIENT METHOD USED:     NOSLOW
 SIGDIGITS ETAHAT (SIGLO):                  -1
 SIGDIGITS GRADIENTS (SIGL):                -1
 EXCLUDE COV FOR FOCE (NOFCOV):              NO
 Cholesky Transposition of R Matrix (CHOLROFF):0
 KNUTHSUMOFF:                                -1
 RESUME COV ANALYSIS (RESUME):               NO
 SIR SAMPLE SIZE (SIRSAMPLE):
 NON-LINEARLY TRANSFORM THETAS DURING COV (THBND): 1
 PRECONDTIONING CYCLES (PRECOND):        0
 PRECONDTIONING TYPES (PRECONDS):        TOS
 FORCED PRECONDTIONING CYCLES (PFCOND):0
 PRECONDTIONING TYPE (PRETYPE):        0
 FORCED POS. DEFINITE SETTING DURING PRECONDITIONING: (FPOSDEF):0
 SIMPLE POS. DEFINITE SETTING: (POSDEF):-1
0TABLES STEP OMITTED:    NO
 NO. OF TABLES:           4
 SEED NUMBER (SEED):    11456
 NPDTYPE:    0
 INTERPTYPE:    0
 RANMETHOD:             3U
 MC SAMPLES (ESAMPLE):    300
 WRES SQUARE ROOT TYPE (WRESCHOL): EIGENVALUE
0-- TABLE   1 --
0RECORDS ONLY:    ALL
04 COLUMNS APPENDED:    YES
 PRINTED:                NO
 HEADERS:               ONE
 FILE TO BE FORWARDED:   NO
 FORMAT:                S1PE11.4
 IDFORMAT:
 LFORMAT:
 RFORMAT:
 FIXED_EFFECT_ETAS:
0USER-CHOSEN ITEMS:
 ID TIME DV MDV DOSE CAVG LAM
0-- TABLE   2 --
0RECORDS ONLY:    ALL
04 COLUMNS APPENDED:    NO
 PRINTED:                NO
 HEADERS:               ONE
 FILE TO BE FORWARDED:   NO
 FORMAT:                S1PE11.4
 IDFORMAT:
 LFORMAT:
 RFORMAT:
 FIXED_EFFECT_ETAS:
0USER-CHOSEN ITEMS:
 ID LAM0 ETA1
0-- TABLE   3 --
0RECORDS ONLY:    ALL
04 COLUMNS APPENDED:    NO
 PRINTED:                NO
 HEADERS:               ONE
 FILE TO BE FORWARDED:   NO
 FORMAT:                S1PE11.4
 IDFORMAT:
 LFORMAT:
 RFORMAT:
 FIXED_EFFECT_ETAS:
0USER-CHOSEN ITEMS:
 ID CAVG
0-- TABLE   4 --
0RECORDS ONLY:    ALL
04 COLUMNS APPENDED:    NO
 PRINTED:                NO
 HEADERS:               ONE
 FILE TO BE FORWARDED:   NO
 FORMAT:                S1PE11.4
 IDFORMAT:
 LFORMAT:
 RFORMAT:
 FIXED_EFFECT_ETAS:
0USER-CHOSEN ITEMS:
 ID DOSE
1


 #TBLN:      1
 #METH: Laplacian Conditional Estimation

 ESTIMATION STEP OMITTED:                 NO
 SHRINK INFO WITH EVALUATION (EVALSHRINK) NO
 ANALYSIS TYPE:                           POPULATION
 NUMBER OF SADDLE POINT RESET ITERATIONS:      0
 GRADIENT METHOD USED:               NOSLOW
 CONDITIONAL ESTIMATES USED:              YES
 CENTERED ETA:                            NO
 EPS-ETA INTERACTION:                     NO
 LAPLACIAN OBJ. FUNC.:                    YES
 NUMERICAL 2ND DERIVATIVES:               NO
 PRED F SET TO -2 LOG LIKELIHOOD:         YES
 NO. OF FUNCT. EVALS. ALLOWED:            9999
 NO. OF SIG. FIGURES REQUIRED:            3
 INTERMEDIATE PRINTOUT:                   YES
 ESTIMATE OUTPUT TO MSF:                  NO
 ABORT WITH PRED EXIT CODE 1:             NO
 IND. OBJ. FUNC. VALUES SORTED:           NO
 NUMERICAL DERIVATIVE
       FILE REQUEST (NUMDER):               NONE
 MAP (ETAHAT) ESTIMATION METHOD (OPTMAP):   0
 ETA HESSIAN EVALUATION METHOD (ETADER):    0
 INITIAL ETA FOR MAP ESTIMATION (MCETA):    0
 SIGDIGITS FOR MAP ESTIMATION (SIGLO):      9
 GRADIENT SIGDIGITS OF
       FIXED EFFECTS PARAMETERS (SIGL):     9
 NOPRIOR SETTING (NOPRIOR):                 0
 NOCOV SETTING (NOCOV):                     OFF
 DERCONT SETTING (DERCONT):                 OFF
 FINAL ETA RE-EVALUATION (FNLETA):          1
 EXCLUDE NON-INFLUENTIAL (NON-INFL.) ETAS
       IN SHRINKAGE (ETASTYPE):             NO
 NON-INFL. ETA CORRECTION (NONINFETA):      0
 RAW OUTPUT FILE (FILE): cnt102.ext
 EXCLUDE TITLE (NOTITLE):                   NO
 EXCLUDE COLUMN LABELS (NOLABEL):           NO
 FORMAT FOR ADDITIONAL FILES (FORMAT):      S1PE12.5
 PARAMETER ORDER FOR OUTPUTS (ORDER):       TSOL
 KNUTHSUMOFF:                               0
 INCLUDE LNTWOPI:                           NO
 INCLUDE CONSTANT TERM TO PRIOR (PRIORC):   NO
 INCLUDE CONSTANT TERM TO OMEGA (ETA) (OLNTWOPI):NO
 ADDITIONAL CONVERGENCE TEST (CTYPE=4)?:    NO
 EM OR BAYESIAN METHOD USED:                 NONE


 THE FOLLOWING LABELS ARE EQUIVALENT
 PRED=NPRED
 RES=NRES
 WRES=NWRES
 IWRS=NIWRES
 IPRD=NIPRED
 IRS=NIRES

 MONITORING OF SEARCH:


0ITERATION NO.:    0    OBJECTIVE VALUE:   6237.15842513642        NO. OF FUNC. EVALS.:   5
 CUMULATIVE NO. OF FUNC. EVALS.:        5
 NPARAMETR:  5.0000E+00  2.0000E-01  5.0000E-01
 PARAMETER:  1.0000E-01  1.0000E-01  1.0000E-01
 GRADIENT:   1.2736E+02 -7.5789E+01 -8.3468E+01

0ITERATION NO.:    5    OBJECTIVE VALUE:   6210.41880860267        NO. OF FUNC. EVALS.:  35
 CUMULATIVE NO. OF FUNC. EVALS.:       40
 NPARAMETR:  4.1514E+00  2.6783E-01  6.1505E-01
 PARAMETER: -8.6002E-02  3.9204E-01  2.0355E-01
 GRADIENT:   1.9159E+00 -7.6204E-02 -1.4684E+00

0ITERATION NO.:    9    OBJECTIVE VALUE:   6210.41333467178        NO. OF FUNC. EVALS.:  26
 CUMULATIVE NO. OF FUNC. EVALS.:       66
 NPARAMETR:  4.1363E+00  2.6781E-01  6.1848E-01
 PARAMETER: -8.9628E-02  3.9196E-01  2.0632E-01
 GRADIENT:  -7.8209E-03 -1.8021E-03  9.1904E-04

 #TERM:
0MINIMIZATION SUCCESSFUL
 NO. OF FUNCTION EVALUATIONS USED:       66
 NO. OF SIG. DIGITS IN FINAL EST.:  3.8

 ETABAR IS THE ARITHMETIC MEAN OF THE ETA-ESTIMATES,
 AND THE P-VALUE IS GIVEN FOR THE NULL HYPOTHESIS THAT THE TRUE MEAN IS 0.

 ETABAR:         1.5565E-03
 SE:             5.1014E-02
 N:                     200

 P VAL.:         9.7566E-01

 ETASHRINKSD(%)  8.2629E+00
 ETASHRINKVR(%)  1.5843E+01
 EBVSHRINKSD(%)  6.9039E+00
 EBVSHRINKVR(%)  1.3331E+01
 RELATIVEINF(%)  8.6669E+01
 EPSSHRINKSD(%)  1.0000E+02
 EPSSHRINKVR(%)  1.0000E+02

  
 TOTAL DATA POINTS NORMALLY DISTRIBUTED (N):            0
 N*LOG(2PI) CONSTANT TO OBJECTIVE FUNCTION:    0.0000000000000000     
 OBJECTIVE FUNCTION VALUE WITHOUT CONSTANT:    6210.4133346717799     
 OBJECTIVE FUNCTION VALUE WITH CONSTANT:       6210.4133346717799     
 REPORTED OBJECTIVE FUNCTION DOES NOT CONTAIN CONSTANT
  
 TOTAL EFFECTIVE ETAS (NIND*NETA):                           200
  
 #TERE:
 Elapsed estimation  time in seconds: <SEC>
 Elapsed covariance  time in seconds: <SEC>
 Elapsed postprocess time in seconds: <SEC>
1
 
 
 
 
 
 
 
 
 
 
 
 
 
 
 
 
 
 
 
 
 ************************************************************************************************************************
 ********************                                                                                ********************
 ********************                         LAPLACIAN CONDITIONAL ESTIMATION                       ********************
 #OBJT:**************                       MINIMUM VALUE OF OBJECTIVE FUNCTION                      ********************
 ********************                                                                                ********************
 ************************************************************************************************************************
 





 #OBJV:********************************************          6210.413       *********************************************
1
 ************************************************************************************************************************
 ********************                                                                                ********************
 ********************                         LAPLACIAN CONDITIONAL ESTIMATION                       ********************
 ********************                             FINAL PARAMETER ESTIMATE                           ********************
 ********************                                                                                ********************
 ************************************************************************************************************************
 


 THETA - VECTOR OF FIXED EFFECTS PARAMETERS   *********


         TH 1      TH 2     
 
         4.14E+00  2.68E-01
 


 OMEGA - COV MATRIX FOR RANDOM EFFECTS - ETAS  ********


         ETA1     
 
 ETA1
+        6.18E-01
 
1


 OMEGA - CORR MATRIX FOR RANDOM EFFECTS - ETAS  *******


         ETA1     
 
 ETA1
+        7.86E-01
 
1
 ************************************************************************************************************************
 ********************                                                                                ********************
 ********************                         LAPLACIAN CONDITIONAL ESTIMATION                       ********************
 ********************                            STANDARD ERROR OF ESTIMATE                          ********************
 ********************                                                                                ********************
 ************************************************************************************************************************
 


 THETA - VECTOR OF FIXED EFFECTS PARAMETERS   *********


         TH 1      TH 2     
 
         2.44E-01  2.32E-02
 


 OMEGA - COV MATRIX FOR RANDOM EFFECTS - ETAS  ********


         ETA1     
 
 ETA1
+        7.93E-02
 
1


 OMEGA - CORR MATRIX FOR RANDOM EFFECTS - ETAS  *******


         ETA1     
 
 ETA1
+        5.04E-02
 
1
 ************************************************************************************************************************
 ********************                                                                                ********************
 ********************                         LAPLACIAN CONDITIONAL ESTIMATION                       ********************
 ********************                          COVARIANCE MATRIX OF ESTIMATE                         ********************
 ********************                                                                                ********************
 ************************************************************************************************************************
 

            TH 1      TH 2      OM11  
 
 TH 1
+        5.95E-02
 
 TH 2
+       -1.65E-04  5.39E-04
 
 OM11
+        2.72E-03 -3.68E-04  6.29E-03
 
1
 ************************************************************************************************************************
 ********************                                                                                ********************
 ********************                         LAPLACIAN CONDITIONAL ESTIMATION                       ********************
 ********************                          CORRELATION MATRIX OF ESTIMATE                        ********************
 ********************                                                                                ********************
 ************************************************************************************************************************
 

            TH 1      TH 2      OM11  
 
 TH 1
+        2.44E-01
 
 TH 2
+       -2.92E-02  2.32E-02
 
 OM11
+        1.40E-01 -2.00E-01  7.93E-02
 
1
 ************************************************************************************************************************
 ********************                                                                                ********************
 ********************                         LAPLACIAN CONDITIONAL ESTIMATION                       ********************
 ********************                      INVERSE COVARIANCE MATRIX OF ESTIMATE                     ********************
 ********************                                                                                ********************
 ************************************************************************************************************************
 

            TH 1      TH 2      OM11  
 
 TH 1
+        1.72E+01
 
 TH 2
+        2.09E-01  1.93E+03
 
 OM11
+       -7.39E+00  1.13E+02  1.69E+02
 
1
 
 
 
 
 
 
 
 
 
 
 
 
 
 
 
 
 
 
 
 
 ************************************************************************************************************************
 ********************                                                                                ********************
 ********************                         LAPLACIAN CONDITIONAL ESTIMATION                       ********************
 ********************                      EIGENVALUES OF COR MATRIX OF ESTIMATE                     ********************
 ********************                                                                                ********************
 ************************************************************************************************************************
 

             1         2         3
 
         7.69E-01  9.73E-01  1.26E+00
 
 Elapsed finaloutput time in seconds: <SEC>
 #CPUT: Total CPU Time in Seconds, <SEC>
Stop Time: 
<DATE>
<TIME>
