Changing directory to cnt100.R76
'pushdon' is not recognized as an internal or external command,
operable program or batch file.
Pathlist information for compiler and MPI systems are located in nmpathlist.txt

Starting NMTRAN
  
 WARNINGS AND ERRORS (IF ANY) FOR PROBLEM    1
             
 (WARNING  2) NM-TRAN INFERS THAT THE DATA ARE POPULATION.
Recompiling certain components.
starting wait
ending wait
Exiting lpreddo
Compiling FSUBS
Building NONMEM Executable
Starting nonmem execution ...
License Registered to: <LICENSEE>
Expiration Date: <DATE>
Current Date: <DATE>
Days until program expires : <N>


 Laplacian Conditional Estimation
 MONITORING OF SEARCH:


0ITERATION NO.:    0    OBJECTIVE VALUE:   6814.80155779695        NO. OF FUNC. EVALS.:   6
 CUMULATIVE NO. OF FUNC. EVALS.:        6
 NPARAMETR:  5.0000E+00  5.0000E-01  3.0000E-01  5.0000E-01
 PARAMETER:  1.0000E-01  1.0000E-01  1.0000E-01  1.0000E-01
 GRADIENT:  -4.2638E+01  5.9125E+00 -2.2406E+00 -8.2399E+01

0ITERATION NO.:    5    OBJECTIVE VALUE:   6808.82499215286        NO. OF FUNC. EVALS.:  39
 CUMULATIVE NO. OF FUNC. EVALS.:       45
 NPARAMETR:  5.5587E+00  4.5274E-01  1.3129E-01  6.0789E-01
 PARAMETER:  2.0592E-01 -8.9619E-02 -7.2635E-01  1.9769E-01
 GRADIENT:   1.0024E+01 -1.8575E+00  1.0990E+00 -4.2199E+00

0ITERATION NO.:   10    OBJECTIVE VALUE:   6808.61415622548        NO. OF FUNC. EVALS.:  35
 CUMULATIVE NO. OF FUNC. EVALS.:       80
 NPARAMETR:  5.4805E+00  4.1793E-01  7.4165E-02  6.1646E-01
 PARAMETER:  1.9176E-01 -2.3126E-01 -1.2975E+00  2.0469E-01
 GRADIENT:   1.5874E-01 -3.0460E-02  1.3262E-02 -4.2175E-02

0ITERATION NO.:   15    OBJECTIVE VALUE:   6808.61410644228        NO. OF FUNC. EVALS.:  56
 CUMULATIVE NO. OF FUNC. EVALS.:      136
 NPARAMETR:  5.4803E+00  4.1749E-01  7.3269E-02  6.1653E-01
 PARAMETER:  1.9172E-01 -2.3307E-01 -1.3096E+00  2.0475E-01
 GRADIENT:   1.1692E-03 -1.6060E-03  4.4220E-04 -8.8923E-03
 Elapsed estimation  time in seconds: <SEC>
 Elapsed covariance  time in seconds: <SEC>
 Elapsed postprocess time in seconds: <SEC>
 Elapsed finaloutput time in seconds: <SEC>
Done with nonmem execution
wall seconds: 8.6
