Changing directory to pd103.R76
'pushdon' is not recognized as an internal or external command,
operable program or batch file.
Pathlist information for compiler and MPI systems are located in nmpathlist.txt

Starting NMTRAN
  
 WARNINGS AND ERRORS (IF ANY) FOR PROBLEM    1
             
 (WARNING  2) NM-TRAN INFERS THAT THE DATA ARE POPULATION.
  
Note: Analytical 2nd Derivatives are constructed in FSUBS but are never used.
      You may insert $ABBR DERIV2=NO after the first $PROB to save FSUBS construction and compilation time
  
Recompiling certain components.
starting wait
ending wait
Exiting lpreddo
Compiling FSUBS
Building NONMEM Executable
Starting nonmem execution ...
License Registered to: <LICENSEE>
Expiration Date: <DATE>
Current Date: <DATE>
Days until program expires : <N>


 First Order Conditional Estimation with Interaction
 MONITORING OF SEARCH:


0ITERATION NO.:    0    OBJECTIVE VALUE:   435.466995712664        NO. OF FUNC. EVALS.:  12
 CUMULATIVE NO. OF FUNC. EVALS.:       12
 NPARAMETR:  5.0000E+00  4.0000E+01  8.5000E-01  8.0000E-01  2.0000E-01  1.5000E+00  2.0000E+00  2.0000E-01  5.0000E-01  1.0000E-01
             1.0000E-01  5.0000E-02  1.0000E-01  2.0000E-01  3.0000E-01
 PARAMETER:  1.0000E-01  1.0000E-01  1.0000E-01  1.0000E-01  1.0000E-01  1.0000E-01  1.0000E-01  1.0000E-01  1.0000E-01  1.0000E-01
             1.0000E-01  1.0000E-01  1.0000E-01  1.0000E-01  1.0000E-01
 GRADIENT:  -6.2290E+01  4.6152E+01  1.3280E+03  5.2560E+01  3.1428E+01 -2.6070E+02  1.1685E+02  2.5751E+02 -2.2004E+02 -8.5981E+01
             1.3640E+01  4.9931E+01 -9.3006E+00  4.6493E+01 -2.5762E+01

0ITERATION NO.:    5    OBJECTIVE VALUE:   383.885339892069        NO. OF FUNC. EVALS.:  69
 CUMULATIVE NO. OF FUNC. EVALS.:       81
 NPARAMETR:  5.2424E+00  3.8939E+01  8.0928E-01  7.5617E-01  1.6611E-01  1.8770E+00  1.6982E+00  1.2677E-01  6.6855E-01  9.6832E-02
             9.6112E-02  3.7529E-02  9.9388E-02  1.5260E-01  3.2783E-01
 PARAMETER:  1.4733E-01  7.3113E-02  9.5209E-02  4.3656E-02 -8.5647E-02  3.2423E-01 -6.3606E-02 -3.5592E-01  3.9051E-01  6.7804E-02
             8.0172E-02 -4.3452E-02  9.6932E-02 -3.5240E-02  1.4435E-01
 GRADIENT:   1.0262E+02 -4.0918E+01 -8.0269E+02 -8.1989E+01  3.5707E+01  2.2986E+02 -5.8698E+01 -1.8572E+02  2.5059E+02  1.7568E+02
            -1.3017E+01 -6.6174E+00  1.3126E+01  9.2115E+00  1.2216E+01

0ITERATION NO.:   10    OBJECTIVE VALUE:   356.147167182645        NO. OF FUNC. EVALS.:  67
 CUMULATIVE NO. OF FUNC. EVALS.:      148
 NPARAMETR:  5.0698E+00  3.8888E+01  8.7543E-01  9.1482E-01  9.5071E-02  1.4325E+00  6.0642E-01  1.3243E-01  6.3359E-01  9.9876E-02
             9.4592E-02  3.5904E-02  1.2085E-01  6.4074E-02  5.5957E-01
 PARAMETER:  1.1387E-01  7.1819E-02  1.0299E-01  2.3412E-01 -6.4370E-01  5.3976E-02 -1.0933E+00 -3.1229E-01  3.3679E-01  9.8755E-02
             7.2200E-02 -6.5584E-02  1.9471E-01 -4.6914E-01  4.1169E-01
 GRADIENT:   1.4000E+01 -3.1117E+01 -1.1678E+02 -2.5248E+01 -1.1906E+01  9.3111E+01 -3.8245E+01 -1.2829E+02  1.5083E+02  1.6144E+02
            -8.2034E+00 -1.2755E+01  2.2580E+01 -3.2250E+01  1.6089E+00

0ITERATION NO.:   15    OBJECTIVE VALUE:   315.349162830562        NO. OF FUNC. EVALS.:  67
 CUMULATIVE NO. OF FUNC. EVALS.:      215
 NPARAMETR:  5.0449E+00  3.9070E+01  8.5336E-01  8.8124E-01  1.0529E-01  1.5068E+00  8.2945E-01  1.4438E-01  6.3762E-01  7.9723E-02
             9.8400E-02  3.5337E-02  1.1152E-01  1.5972E-01  5.8027E-01
 PARAMETER:  1.0893E-01  7.6472E-02  1.0040E-01  1.9672E-01 -5.4161E-01  1.0454E-01 -7.8014E-01 -2.2588E-01  3.4313E-01 -1.2661E-01
             9.1934E-02 -7.3543E-02  1.5450E-01 -1.2441E-02  4.2986E-01
 GRADIENT:  -5.2090E+00 -2.3475E+01 -3.0617E+02  6.1135E+00  2.2867E+00  1.0811E+02 -2.4197E+01 -2.5627E+01  4.4442E+01  5.3855E+01
             1.3050E+00 -7.0285E+00  2.0497E+01  1.9450E+01  1.6442E+01

0ITERATION NO.:   20    OBJECTIVE VALUE:   301.101675710120        NO. OF FUNC. EVALS.:  67
 CUMULATIVE NO. OF FUNC. EVALS.:      282
 NPARAMETR:  5.0591E+00  3.9215E+01  8.5717E-01  8.6035E-01  1.1819E-01  1.4580E+00  9.4279E-01  1.4696E-01  6.9479E-01  4.7884E-02
             9.7198E-02  3.5998E-02  1.0339E-01  1.3779E-01  4.2792E-01
 PARAMETER:  1.1175E-01  8.0185E-02  1.0084E-01  1.7273E-01 -4.2600E-01  7.1588E-02 -6.5205E-01 -2.0814E-01  4.2900E-01 -6.3638E-01
             8.5788E-02 -6.4277E-02  1.1667E-01 -8.6286E-02  2.7758E-01
 GRADIENT:  -9.7995E-01  1.0950E+00  3.7802E+01  5.6931E+00 -9.9057E-02 -2.4135E+01  6.2215E+00 -6.3993E+00 -3.1689E+01  7.5053E-01
            -2.6984E-01 -3.4741E+00  8.5745E-01  2.0128E+00  1.2209E+00

0ITERATION NO.:   25    OBJECTIVE VALUE:   299.853795425778        NO. OF FUNC. EVALS.:  65
 CUMULATIVE NO. OF FUNC. EVALS.:      347
 NPARAMETR:  5.0575E+00  3.9226E+01  8.6207E-01  8.6090E-01  1.1773E-01  1.4675E+00  9.2183E-01  1.4750E-01  7.3201E-01  2.6992E-02
             9.7615E-02  3.6895E-02  1.0449E-01  1.3395E-01  4.1458E-01
 PARAMETER:  1.1143E-01  8.0460E-02  1.0142E-01  1.7337E-01 -4.2994E-01  7.8071E-02 -6.7455E-01 -2.0452E-01  4.8119E-01 -1.2096E+00
             8.7931E-02 -5.1980E-02  1.2196E-01 -1.0044E-01  2.6174E-01
 GRADIENT:  -1.6235E+00 -1.1408E+00 -1.0736E+00  2.0075E-01 -3.0439E-01 -2.4942E+00  3.2167E-01 -1.6477E+00  1.3010E+01  7.1792E-01
             4.9533E-01  3.1946E-02  1.3478E+00  4.5186E-01  6.0819E-01

0ITERATION NO.:   30    OBJECTIVE VALUE:   299.798218338444        NO. OF FUNC. EVALS.:  65
 CUMULATIVE NO. OF FUNC. EVALS.:      412
 NPARAMETR:  5.0613E+00  3.9238E+01  8.6341E-01  8.6153E-01  1.1811E-01  1.4729E+00  9.2884E-01  1.4774E-01  7.3512E-01  2.1068E-02
             9.7369E-02  3.6853E-02  1.0407E-01  1.3347E-01  4.0744E-01
 PARAMETER:  1.1219E-01  8.0758E-02  1.0158E-01  1.7410E-01 -4.2674E-01  8.1759E-02 -6.6696E-01 -2.0286E-01  4.8543E-01 -1.4574E+00
             8.6667E-02 -5.2542E-02  1.1996E-01 -1.0223E-01  2.5306E-01
 GRADIENT:  -1.1825E-01 -1.0342E-01 -2.6392E-01 -9.3139E-02 -3.7573E-02 -9.2308E-02 -1.5077E-02 -1.5845E-01  1.1498E-01  3.0418E-03
             3.7659E-02  7.1903E-03  7.8669E-02  2.3149E-02  2.0578E-02

0ITERATION NO.:   35    OBJECTIVE VALUE:   299.798014500362        NO. OF FUNC. EVALS.: 113
 CUMULATIVE NO. OF FUNC. EVALS.:      525
 NPARAMETR:  5.0618E+00  3.9239E+01  8.6369E-01  8.6181E-01  1.1816E-01  1.4737E+00  9.3010E-01  1.4777E-01  7.3516E-01  2.1020E-02
             9.7344E-02  3.6846E-02  1.0404E-01  1.3335E-01  4.0661E-01
 PARAMETER:  1.1229E-01  8.0793E-02  1.0161E-01  1.7443E-01 -4.2630E-01  8.2291E-02 -6.6561E-01 -2.0266E-01  4.8548E-01 -1.4597E+00
             8.6543E-02 -5.2643E-02  1.1981E-01 -1.0268E-01  2.5204E-01
 GRADIENT:  -6.6813E-03 -1.6098E-04 -8.5449E-01  2.1111E-02  1.3618E-02  3.0933E-02 -1.4838E-02  1.9268E-03  2.7164E-02  9.9022E-04
            -3.6546E-03 -1.6117E-03  1.3250E-03  4.7545E-04 -5.4306E-04
 Elapsed estimation  time in seconds: <SEC>
 Elapsed covariance  time in seconds: <SEC>
 Elapsed postprocess time in seconds: <SEC>
 Elapsed finaloutput time in seconds: <SEC>
Done with nonmem execution
