<DATE>
<TIME>
$PROB NRS PD, COMBINED ERROR INSTEAD OF BOUNDED   P:pd100  F:BASE
$INPUT ID ARM DOSE TIME DV DVID MDV BSL=DROP BFLG=DROP
$DATA ../../data/pd-sim.csv IGNORE=@
$PRED
  CL   = THETA(1) * EXP(ETA(1))
  V    = THETA(2) * EXP(ETA(2))
  LB   = THETA(3) + ETA(3)                  ; baseline logit. logit(7/10) = 0.85
  PLMX = THETA(4) * EXP(ETA(4))             ; placebo response (logit units)
  KPL  = THETA(5)
  EMAX = THETA(6)                           ; drug effect (logit units)
  EC50 = THETA(7) * EXP(ETA(5))

  CONC = DOSE / V * EXP(-CL / V * TIME)
  IF (TIME.LE.0) CONC = 0                   ; the baseline score is taken before the dose
  PL   = PLMX * (1 - EXP(-KPL * TIME))
  DR   = EMAX * CONC / (EC50 + CONC)
  L    = LB - PL - DR
  NRS  = 10 * EXP(L) / (1 + EXP(L))         ; always strictly between 0 and 10

  F    = CONC
  IF (DVID.EQ.2) F = NRS
  IPRE = F
  W    = 1
  IF (DVID.EQ.1) W = THETA(8) * IPRE
  IF (DVID.EQ.2) W = SQRT(THETA(9)**2 + THETA(10)**2 * IPRE**2)
  IF (W.LT.1E-6) W = 1E-6
  IRES = DV - IPRE
  IWRE = IRES / W
  Y    = IPRE + W * EPS(1)

$THETA
  (0, 5)       ; CL (L/h)
  (0, 40)      ; V (L)
  (0.85)       ; LB, baseline logit
  (0, 0.8)     ; PLMAX (logit)
  (0, 0.2)     ; KPL (1/h)
  (0, 1.5)     ; EMAX (logit)
  (0, 2)       ; EC50 (mg/L)
  (0, 0.2)     ; PK proportional error CV
  (0, 0.5)     ; NRS additive error SD
  (0, 0.1)     ; NRS proportional error CV

$OMEGA
  0.1          ; CL
  0.05         ; V
  0.1          ; LB
  0.2          ; PLMAX
  0.3          ; EC50

$SIGMA 1 FIX

$EST MAX=9999 PRINT=5 METHOD=COND INTER NSIG=3 SIGL=9
     NOABORT NOTBT NOOBT NOSBT
$COV UNCOND PRINT=ERS
$TAB ID TIME DVID ARM DOSE DV MDV IPRE IWRE CWRES
     ONEHEADER NOPRINT FILE=sdtab
$TAB ID CL V LB PLMX EC50 ETA1 ETA2 ETA3 ETA4 ETA5
     ONEHEADER NOPRINT NOAPPEND FILE=patab
$TAB ID DOSE
     ONEHEADER NOPRINT NOAPPEND FILE=cotab
$TAB ID ARM
     ONEHEADER NOPRINT NOAPPEND FILE=catab
  
NM-TRAN MESSAGES 
  
 WARNINGS AND ERRORS (IF ANY) FOR PROBLEM    1
             
 (WARNING  2) NM-TRAN INFERS THAT THE DATA ARE POPULATION.
  
Note: Analytical 2nd Derivatives are constructed in FSUBS but are never used.
      You may insert $ABBR DERIV2=NO after the first $PROB to save FSUBS construction and compilation time
  
  
License Registered to: <LICENSEE>
Expiration Date: <DATE>
Current Date: <DATE>
Days until program expires : <N>

NONLINEAR MIXED EFFECTS MODEL PROGRAM (NONMEM) VERSION 7.6.0 (nm760)
ORIGINALLY DEVELOPED BY STUART BEAL, LEWIS SHEINER, AND ALISON BOECKMANN
CURRENT DEVELOPERS ARE ROBERT BAUER, ICON DEVELOPMENT SOLUTIONS,
AND ALISON BOECKMANN. IMPLEMENTATION, EFFICIENCY, AND STANDARDIZATION
PERFORMED BY NOUS INFOSYSTEMS.

PROBLEM NO.:         1
NRS PD, COMBINED ERROR INSTEAD OF BOUNDED   P:pd100  F:BASE

DATA CHECKOUT RUN:              NO
DATA SET LOCATED ON UNIT NO.:    2
THIS UNIT TO BE REWOUND:        NO
CREATE/ADD TO FDATA.csv:        YES
NO. OF DATA RECS IN DATA SET:     1920
NO. OF DATA ITEMS IN DATA SET:   7
ID DATA ITEM IS DATA ITEM NO.:   1
DEP VARIABLE IS DATA ITEM NO.:   5
MDV DATA ITEM IS DATA ITEM NO.:  7

LABELS FOR DATA ITEMS:
ID ARM DOSE TIME DV DVID MDV

(NONBLANK) LABELS FOR PRED-DEFINED ITEMS:
CL V LB PLMX EC50 IPRE IWRE

FORMAT FOR DATA:
(7E6.0)

TOT. NO. OF OBS RECS:     1920
TOT. NO. OF INDIVIDUALS:      160

LENGTH OF THETA:  10

DEFAULT THETA BOUNDARY TEST OMITTED:   YES

OMEGA HAS SIMPLE DIAGONAL FORM WITH DIMENSION:   5

DEFAULT OMEGA BOUNDARY TEST OMITTED:   YES

SIGMA HAS SIMPLE DIAGONAL FORM WITH DIMENSION:   1

DEFAULT SIGMA BOUNDARY TEST OMITTED:   YES

INITIAL ESTIMATE OF THETA:
LOWER BOUND    INITIAL EST    UPPER BOUND
 0.0000E+00     0.5000E+01     0.1000E+07
 0.0000E+00     0.4000E+02     0.1000E+07
-0.1000E+07     0.8500E+00     0.1000E+07
 0.0000E+00     0.8000E+00     0.1000E+07
 0.0000E+00     0.2000E+00     0.1000E+07
 0.0000E+00     0.1500E+01     0.1000E+07
 0.0000E+00     0.2000E+01     0.1000E+07
 0.0000E+00     0.2000E+00     0.1000E+07
 0.0000E+00     0.5000E+00     0.1000E+07
 0.0000E+00     0.1000E+00     0.1000E+07

INITIAL ESTIMATE OF OMEGA:
0.1000E+00
0.0000E+00   0.5000E-01
0.0000E+00   0.0000E+00   0.1000E+00
0.0000E+00   0.0000E+00   0.0000E+00   0.2000E+00
0.0000E+00   0.0000E+00   0.0000E+00   0.0000E+00   0.3000E+00

INITIAL ESTIMATE OF SIGMA:
0.1000E+01

SIGMA CONSTRAINED TO BE THIS INITIAL ESTIMATE

COVARIANCE STEP OMITTED:        NO
R MATRIX PRINTED:              YES
S MATRIX PRINTED:              YES
EIGENVLS. PRINTED:             YES
SPECIAL COMPUTATION:            NO
COMPRESSED FORMAT:              NO
GRADIENT METHOD USED:     NOSLOW
SIGDIGITS ETAHAT (SIGLO):                  -1
SIGDIGITS GRADIENTS (SIGL):                -1
EXCLUDE COV FOR FOCE (NOFCOV):              NO
Cholesky Transposition of R Matrix (CHOLROFF):0
KNUTHSUMOFF:                                -1
RESUME COV ANALYSIS (RESUME):               NO
SIR SAMPLE SIZE (SIRSAMPLE):
NON-LINEARLY TRANSFORM THETAS DURING COV (THBND): 1
PRECONDTIONING CYCLES (PRECOND):        0
PRECONDTIONING TYPES (PRECONDS):        TOS
FORCED PRECONDTIONING CYCLES (PFCOND):0
PRECONDTIONING TYPE (PRETYPE):        0
FORCED POS. DEFINITE SETTING DURING PRECONDITIONING: (FPOSDEF):0
SIMPLE POS. DEFINITE SETTING: (POSDEF):-1

TABLES STEP OMITTED:    NO
NO. OF TABLES:           4
SEED NUMBER (SEED):    11456
NPDTYPE:    0
INTERPTYPE:    0
RANMETHOD:             3U
MC SAMPLES (ESAMPLE):    300
WRES SQUARE ROOT TYPE (WRESCHOL): EIGENVALUE

-- TABLE   1 --

RECORDS ONLY:    ALL

4 COLUMNS APPENDED:    YES
PRINTED:                NO
HEADERS:               ONE
FILE TO BE FORWARDED:   NO
FORMAT:                S1PE11.4
IDFORMAT:
LFORMAT:
RFORMAT:
FIXED_EFFECT_ETAS:

USER-CHOSEN ITEMS:
ID TIME DVID ARM DOSE DV MDV IPRE IWRE CWRES

-- TABLE   2 --

RECORDS ONLY:    ALL

4 COLUMNS APPENDED:    NO
PRINTED:                NO
HEADERS:               ONE
FILE TO BE FORWARDED:   NO
FORMAT:                S1PE11.4
IDFORMAT:
LFORMAT:
RFORMAT:
FIXED_EFFECT_ETAS:

USER-CHOSEN ITEMS:
ID CL V LB PLMX EC50 ETA1 ETA2 ETA3 ETA4 ETA5

-- TABLE   3 --

RECORDS ONLY:    ALL

4 COLUMNS APPENDED:    NO
PRINTED:                NO
HEADERS:               ONE
FILE TO BE FORWARDED:   NO
FORMAT:                S1PE11.4
IDFORMAT:
LFORMAT:
RFORMAT:
FIXED_EFFECT_ETAS:

USER-CHOSEN ITEMS:
ID DOSE

-- TABLE   4 --

RECORDS ONLY:    ALL

4 COLUMNS APPENDED:    NO
PRINTED:                NO
HEADERS:               ONE
FILE TO BE FORWARDED:   NO
FORMAT:                S1PE11.4
IDFORMAT:
LFORMAT:
RFORMAT:
FIXED_EFFECT_ETAS:

USER-CHOSEN ITEMS:
ID ARM




#TBLN:      1
#METH: First Order Conditional Estimation with Interaction

ESTIMATION STEP OMITTED:                 NO
SHRINK INFO WITH EVALUATION (EVALSHRINK) NO
ANALYSIS TYPE:                           POPULATION
NUMBER OF SADDLE POINT RESET ITERATIONS:      0
GRADIENT METHOD USED:               NOSLOW
CONDITIONAL ESTIMATES USED:              YES
CENTERED ETA:                            NO
EPS-ETA INTERACTION:                     YES
LAPLACIAN OBJ. FUNC.:                    NO
NO. OF FUNCT. EVALS. ALLOWED:            9999
NO. OF SIG. FIGURES REQUIRED:            3
INTERMEDIATE PRINTOUT:                   YES
ESTIMATE OUTPUT TO MSF:                  NO
ABORT WITH PRED EXIT CODE 1:             NO
IND. OBJ. FUNC. VALUES SORTED:           NO
NUMERICAL DERIVATIVE
      FILE REQUEST (NUMDER):               NONE
MAP (ETAHAT) ESTIMATION METHOD (OPTMAP):   0
ETA HESSIAN EVALUATION METHOD (ETADER):    0
INITIAL ETA FOR MAP ESTIMATION (MCETA):    0
SIGDIGITS FOR MAP ESTIMATION (SIGLO):      9
GRADIENT SIGDIGITS OF
      FIXED EFFECTS PARAMETERS (SIGL):     9
NOPRIOR SETTING (NOPRIOR):                 0
NOCOV SETTING (NOCOV):                     OFF
DERCONT SETTING (DERCONT):                 OFF
FINAL ETA RE-EVALUATION (FNLETA):          1
EXCLUDE NON-INFLUENTIAL (NON-INFL.) ETAS
      IN SHRINKAGE (ETASTYPE):             NO
NON-INFL. ETA CORRECTION (NONINFETA):      0
RAW OUTPUT FILE (FILE): pd103.ext
EXCLUDE TITLE (NOTITLE):                   NO
EXCLUDE COLUMN LABELS (NOLABEL):           NO
FORMAT FOR ADDITIONAL FILES (FORMAT):      S1PE12.5
PARAMETER ORDER FOR OUTPUTS (ORDER):       TSOL
KNUTHSUMOFF:                               0
INCLUDE LNTWOPI:                           NO
INCLUDE CONSTANT TERM TO PRIOR (PRIORC):   NO
INCLUDE CONSTANT TERM TO OMEGA (ETA) (OLNTWOPI):NO
ADDITIONAL CONVERGENCE TEST (CTYPE=4)?:    NO
EM OR BAYESIAN METHOD USED:                 NONE


THE FOLLOWING LABELS ARE EQUIVALENT
PRED=PREDI
RES=RESI
WRES=WRESI
IWRS=IWRESI
IPRD=IPREDI
IRS=IRESI

MONITORING OF SEARCH:



ITERATION NO.:    0    OBJECTIVE VALUE:   435.466995712664        NO. OF FUNC. EVALS.:  12
CUMULATIVE NO. OF FUNC. EVALS.:       12
NPARAMETR:  5.0000E+00  4.0000E+01  8.5000E-01  8.0000E-01  2.0000E-01  1.5000E+00  2.0000E+00  2.0000E-01  5.0000E-01  1.0000E-01
            1.0000E-01  5.0000E-02  1.0000E-01  2.0000E-01  3.0000E-01
PARAMETER:  1.0000E-01  1.0000E-01  1.0000E-01  1.0000E-01  1.0000E-01  1.0000E-01  1.0000E-01  1.0000E-01  1.0000E-01  1.0000E-01
            1.0000E-01  1.0000E-01  1.0000E-01  1.0000E-01  1.0000E-01
GRADIENT:  -6.2290E+01  4.6152E+01  1.3280E+03  5.2560E+01  3.1428E+01 -2.6070E+02  1.1685E+02  2.5751E+02 -2.2004E+02 -8.5981E+01
            1.3640E+01  4.9931E+01 -9.3006E+00  4.6493E+01 -2.5762E+01


ITERATION NO.:    5    OBJECTIVE VALUE:   383.885339892069        NO. OF FUNC. EVALS.:  69
CUMULATIVE NO. OF FUNC. EVALS.:       81
NPARAMETR:  5.2424E+00  3.8939E+01  8.0928E-01  7.5617E-01  1.6611E-01  1.8770E+00  1.6982E+00  1.2677E-01  6.6855E-01  9.6832E-02
            9.6112E-02  3.7529E-02  9.9388E-02  1.5260E-01  3.2783E-01
PARAMETER:  1.4733E-01  7.3113E-02  9.5209E-02  4.3656E-02 -8.5647E-02  3.2423E-01 -6.3606E-02 -3.5592E-01  3.9051E-01  6.7804E-02
            8.0172E-02 -4.3452E-02  9.6932E-02 -3.5240E-02  1.4435E-01
GRADIENT:   1.0262E+02 -4.0918E+01 -8.0269E+02 -8.1989E+01  3.5707E+01  2.2986E+02 -5.8698E+01 -1.8572E+02  2.5059E+02  1.7568E+02
           -1.3017E+01 -6.6174E+00  1.3126E+01  9.2115E+00  1.2216E+01


ITERATION NO.:   10    OBJECTIVE VALUE:   356.147167182645        NO. OF FUNC. EVALS.:  67
CUMULATIVE NO. OF FUNC. EVALS.:      148
NPARAMETR:  5.0698E+00  3.8888E+01  8.7543E-01  9.1482E-01  9.5071E-02  1.4325E+00  6.0642E-01  1.3243E-01  6.3359E-01  9.9876E-02
            9.4592E-02  3.5904E-02  1.2085E-01  6.4074E-02  5.5957E-01
PARAMETER:  1.1387E-01  7.1819E-02  1.0299E-01  2.3412E-01 -6.4370E-01  5.3976E-02 -1.0933E+00 -3.1229E-01  3.3679E-01  9.8755E-02
            7.2200E-02 -6.5584E-02  1.9471E-01 -4.6914E-01  4.1169E-01
GRADIENT:   1.4000E+01 -3.1117E+01 -1.1678E+02 -2.5248E+01 -1.1906E+01  9.3111E+01 -3.8245E+01 -1.2829E+02  1.5083E+02  1.6144E+02
           -8.2034E+00 -1.2755E+01  2.2580E+01 -3.2250E+01  1.6089E+00


ITERATION NO.:   15    OBJECTIVE VALUE:   315.349162830562        NO. OF FUNC. EVALS.:  67
CUMULATIVE NO. OF FUNC. EVALS.:      215
NPARAMETR:  5.0449E+00  3.9070E+01  8.5336E-01  8.8124E-01  1.0529E-01  1.5068E+00  8.2945E-01  1.4438E-01  6.3762E-01  7.9723E-02
            9.8400E-02  3.5337E-02  1.1152E-01  1.5972E-01  5.8027E-01
PARAMETER:  1.0893E-01  7.6472E-02  1.0040E-01  1.9672E-01 -5.4161E-01  1.0454E-01 -7.8014E-01 -2.2588E-01  3.4313E-01 -1.2661E-01
            9.1934E-02 -7.3543E-02  1.5450E-01 -1.2441E-02  4.2986E-01
GRADIENT:  -5.2090E+00 -2.3475E+01 -3.0617E+02  6.1135E+00  2.2867E+00  1.0811E+02 -2.4197E+01 -2.5627E+01  4.4442E+01  5.3855E+01
            1.3050E+00 -7.0285E+00  2.0497E+01  1.9450E+01  1.6442E+01


ITERATION NO.:   20    OBJECTIVE VALUE:   301.101675710120        NO. OF FUNC. EVALS.:  67
CUMULATIVE NO. OF FUNC. EVALS.:      282
NPARAMETR:  5.0591E+00  3.9215E+01  8.5717E-01  8.6035E-01  1.1819E-01  1.4580E+00  9.4279E-01  1.4696E-01  6.9479E-01  4.7884E-02
            9.7198E-02  3.5998E-02  1.0339E-01  1.3779E-01  4.2792E-01
PARAMETER:  1.1175E-01  8.0185E-02  1.0084E-01  1.7273E-01 -4.2600E-01  7.1588E-02 -6.5205E-01 -2.0814E-01  4.2900E-01 -6.3638E-01
            8.5788E-02 -6.4277E-02  1.1667E-01 -8.6286E-02  2.7758E-01
GRADIENT:  -9.7995E-01  1.0950E+00  3.7802E+01  5.6931E+00 -9.9057E-02 -2.4135E+01  6.2215E+00 -6.3993E+00 -3.1689E+01  7.5053E-01
           -2.6984E-01 -3.4741E+00  8.5745E-01  2.0128E+00  1.2209E+00


ITERATION NO.:   25    OBJECTIVE VALUE:   299.853795425778        NO. OF FUNC. EVALS.:  65
CUMULATIVE NO. OF FUNC. EVALS.:      347
NPARAMETR:  5.0575E+00  3.9226E+01  8.6207E-01  8.6090E-01  1.1773E-01  1.4675E+00  9.2183E-01  1.4750E-01  7.3201E-01  2.6992E-02
            9.7615E-02  3.6895E-02  1.0449E-01  1.3395E-01  4.1458E-01
PARAMETER:  1.1143E-01  8.0460E-02  1.0142E-01  1.7337E-01 -4.2994E-01  7.8071E-02 -6.7455E-01 -2.0452E-01  4.8119E-01 -1.2096E+00
            8.7931E-02 -5.1980E-02  1.2196E-01 -1.0044E-01  2.6174E-01
GRADIENT:  -1.6235E+00 -1.1408E+00 -1.0736E+00  2.0075E-01 -3.0439E-01 -2.4942E+00  3.2167E-01 -1.6477E+00  1.3010E+01  7.1792E-01
            4.9533E-01  3.1946E-02  1.3478E+00  4.5186E-01  6.0819E-01


ITERATION NO.:   30    OBJECTIVE VALUE:   299.798218338444        NO. OF FUNC. EVALS.:  65
CUMULATIVE NO. OF FUNC. EVALS.:      412
NPARAMETR:  5.0613E+00  3.9238E+01  8.6341E-01  8.6153E-01  1.1811E-01  1.4729E+00  9.2884E-01  1.4774E-01  7.3512E-01  2.1068E-02
            9.7369E-02  3.6853E-02  1.0407E-01  1.3347E-01  4.0744E-01
PARAMETER:  1.1219E-01  8.0758E-02  1.0158E-01  1.7410E-01 -4.2674E-01  8.1759E-02 -6.6696E-01 -2.0286E-01  4.8543E-01 -1.4574E+00
            8.6667E-02 -5.2542E-02  1.1996E-01 -1.0223E-01  2.5306E-01
GRADIENT:  -1.1825E-01 -1.0342E-01 -2.6392E-01 -9.3139E-02 -3.7573E-02 -9.2308E-02 -1.5077E-02 -1.5845E-01  1.1498E-01  3.0418E-03
            3.7659E-02  7.1903E-03  7.8669E-02  2.3149E-02  2.0578E-02


ITERATION NO.:   35    OBJECTIVE VALUE:   299.798014500362        NO. OF FUNC. EVALS.: 113
CUMULATIVE NO. OF FUNC. EVALS.:      525
NPARAMETR:  5.0618E+00  3.9239E+01  8.6369E-01  8.6181E-01  1.1816E-01  1.4737E+00  9.3010E-01  1.4777E-01  7.3516E-01  2.1020E-02
            9.7344E-02  3.6846E-02  1.0404E-01  1.3335E-01  4.0661E-01
PARAMETER:  1.1229E-01  8.0793E-02  1.0161E-01  1.7443E-01 -4.2630E-01  8.2291E-02 -6.6561E-01 -2.0266E-01  4.8548E-01 -1.4597E+00
            8.6543E-02 -5.2643E-02  1.1981E-01 -1.0268E-01  2.5204E-01
GRADIENT:  -6.6813E-03 -1.6098E-04 -8.5449E-01  2.1111E-02  1.3618E-02  3.0933E-02 -1.4838E-02  1.9268E-03  2.7164E-02  9.9022E-04
           -3.6546E-03 -1.6117E-03  1.3250E-03  4.7545E-04 -5.4306E-04

#TERM:

MINIMIZATION SUCCESSFUL
NO. OF FUNCTION EVALUATIONS USED:      525
NO. OF SIG. DIGITS IN FINAL EST.:  3.3

ETABAR IS THE ARITHMETIC MEAN OF THE ETA-ESTIMATES,
AND THE P-VALUE IS GIVEN FOR THE NULL HYPOTHESIS THAT THE TRUE MEAN IS 0.

ETABAR:         5.0708E-03 -6.2618E-03  5.6703E-03  3.1698E-02  1.8315E-02
SE:             2.0216E-02  1.1348E-02  2.1848E-02  2.0424E-02  2.6441E-02
N:                     160         160         160         160         160

P VAL.:         8.0195E-01  5.8110E-01  7.9522E-01  1.2066E-01  4.8852E-01

ETASHRINKSD(%)  1.8023E+01  2.5146E+01  1.4306E+01  2.8724E+01  4.7471E+01
ETASHRINKVR(%)  3.2797E+01  4.3969E+01  2.6565E+01  4.9197E+01  7.2407E+01
EBVSHRINKSD(%)  1.7008E+01  2.4624E+01  1.3771E+01  2.9865E+01  4.5890E+01
EBVSHRINKVR(%)  3.1123E+01  4.3184E+01  2.5646E+01  5.0810E+01  7.0721E+01
RELATIVEINF(%)  6.8817E+01  5.6615E+01  5.7511E+01  4.5538E+01  2.4074E+01
EPSSHRINKSD(%)  1.1936E+01
EPSSHRINKVR(%)  2.2448E+01

 
TOTAL DATA POINTS NORMALLY DISTRIBUTED (N):         1920
N*LOG(2PI) CONSTANT TO OBJECTIVE FUNCTION:    3528.7239675059432     
OBJECTIVE FUNCTION VALUE WITHOUT CONSTANT:    299.79801450036211     
OBJECTIVE FUNCTION VALUE WITH CONSTANT:       3828.5219820063053     
REPORTED OBJECTIVE FUNCTION DOES NOT CONTAIN CONSTANT
 
TOTAL EFFECTIVE ETAS (NIND*NETA):                           680
 
#TERE:
Elapsed estimation  time in seconds: <SEC>
Elapsed covariance  time in seconds: <SEC>
Elapsed postprocess time in seconds: <SEC>






















************************************************************************************************************************
********************                                                                                ********************
********************               FIRST ORDER CONDITIONAL ESTIMATION WITH INTERACTION              ********************
#OBJT:**************                       MINIMUM VALUE OF OBJECTIVE FUNCTION                      ********************
********************                                                                                ********************
************************************************************************************************************************






#OBJV:********************************************           299.798       *********************************************


************************************************************************************************************************
********************                                                                                ********************
********************               FIRST ORDER CONDITIONAL ESTIMATION WITH INTERACTION              ********************
********************                             FINAL PARAMETER ESTIMATE                           ********************
********************                                                                                ********************
************************************************************************************************************************



THETA - VECTOR OF FIXED EFFECTS PARAMETERS   *********


        TH 1      TH 2      TH 3      TH 4      TH 5      TH 6      TH 7      TH 8      TH 9      TH10     

        5.06E+00  3.92E+01  8.64E-01  8.62E-01  1.18E-01  1.47E+00  9.30E-01  1.48E-01  7.35E-01  2.10E-02



OMEGA - COV MATRIX FOR RANDOM EFFECTS - ETAS  ********


        ETA1      ETA2      ETA3      ETA4      ETA5     

ETA1    9.73E-02

ETA2    0.00E+00  3.68E-02

ETA3    0.00E+00  0.00E+00  1.04E-01

ETA4    0.00E+00  0.00E+00  0.00E+00  1.33E-01

ETA5    0.00E+00  0.00E+00  0.00E+00  0.00E+00  4.07E-01



SIGMA - COV MATRIX FOR RANDOM EFFECTS - EPSILONS  ****


        EPS1     

EPS1    1.00E+00





OMEGA - CORR MATRIX FOR RANDOM EFFECTS - ETAS  *******


        ETA1      ETA2      ETA3      ETA4      ETA5     

ETA1    3.12E-01

ETA2    0.00E+00  1.92E-01

ETA3    0.00E+00  0.00E+00  3.23E-01

ETA4    0.00E+00  0.00E+00  0.00E+00  3.65E-01

ETA5    0.00E+00  0.00E+00  0.00E+00  0.00E+00  6.38E-01



SIGMA - CORR MATRIX FOR RANDOM EFFECTS - EPSILONS  ***


        EPS1     

EPS1    1.00E+00



************************************************************************************************************************
********************                                                                                ********************
********************               FIRST ORDER CONDITIONAL ESTIMATION WITH INTERACTION              ********************
********************                            STANDARD ERROR OF ESTIMATE                          ********************
********************                                                                                ********************
************************************************************************************************************************



THETA - VECTOR OF FIXED EFFECTS PARAMETERS   *********


        TH 1      TH 2      TH 3      TH 4      TH 5      TH 6      TH 7      TH 8      TH 9      TH10     

        1.52E-01  7.95E-01  3.56E-02  5.21E-02  1.52E-02  7.48E-02  1.60E-01  6.92E-03  4.22E-02  4.69E-02



OMEGA - COV MATRIX FOR RANDOM EFFECTS - ETAS  ********


        ETA1      ETA2      ETA3      ETA4      ETA5     

ETA1    1.27E-02

ETA2   .........  7.02E-03

ETA3   ......... .........  1.48E-02

ETA4   ......... ......... .........  3.19E-02

ETA5   ......... ......... ......... .........  1.42E-01



SIGMA - COV MATRIX FOR RANDOM EFFECTS - EPSILONS  ****


        EPS1     

EPS1   .........





OMEGA - CORR MATRIX FOR RANDOM EFFECTS - ETAS  *******


        ETA1      ETA2      ETA3      ETA4      ETA5     

ETA1    2.03E-02

ETA2   .........  1.83E-02

ETA3   ......... .........  2.29E-02

ETA4   ......... ......... .........  4.37E-02

ETA5   ......... ......... ......... .........  1.11E-01



SIGMA - CORR MATRIX FOR RANDOM EFFECTS - EPSILONS  ***


        EPS1     

EPS1   .........



************************************************************************************************************************
********************                                                                                ********************
********************               FIRST ORDER CONDITIONAL ESTIMATION WITH INTERACTION              ********************
********************                          COVARIANCE MATRIX OF ESTIMATE                         ********************
********************                                                                                ********************
************************************************************************************************************************


           TH 1      TH 2      TH 3      TH 4      TH 5      TH 6      TH 7      TH 8      TH 9      TH10      OM11      OM12  
            OM13      OM14      OM15      OM22      OM23      OM24      OM25      OM33      OM34      OM35      OM44      OM45  
           OM55      SG11  

TH 1    2.32E-02

TH 2    5.51E-03  6.31E-01

TH 3   -2.87E-04  2.13E-03  1.26E-03

TH 4    6.11E-04  4.95E-03  5.07E-04  2.71E-03

TH 5   -1.08E-04 -1.87E-03  3.64E-05 -4.46E-04  2.30E-04

TH 6    4.39E-05  6.47E-03  5.69E-04  1.49E-03  3.40E-05  5.59E-03

TH 7   -1.58E-03  6.46E-03 -3.52E-04  5.84E-04  7.68E-04  8.87E-03  2.55E-02

TH 8    2.58E-04  2.01E-05  2.24E-05  2.70E-05 -2.60E-06 -2.89E-05 -9.22E-05  4.80E-05

TH 9    3.45E-04  1.88E-03  3.53E-04 -2.63E-04  4.34E-05  4.04E-05 -5.78E-05  1.31E-07  1.78E-03

TH10   -3.98E-04 -3.21E-03 -4.43E-04  9.83E-05  1.16E-05 -7.18E-05  4.41E-04  3.43E-06 -1.82E-03  2.20E-03

OM11    3.11E-04  1.04E-03 -6.79E-05 -6.60E-05 -1.62E-05 -2.45E-06 -8.80E-05 -5.75E-06 -4.36E-05  2.45E-05  1.61E-04

OM12   ......... ......... ......... ......... ......... ......... ......... ......... ......... ......... ......... .........

OM13   ......... ......... ......... ......... ......... ......... ......... ......... ......... ......... ......... .........
        .........

OM14   ......... ......... ......... ......... ......... ......... ......... ......... ......... ......... ......... .........
        ......... .........

OM15   ......... ......... ......... ......... ......... ......... ......... ......... ......... ......... ......... .........
        ......... ......... .........

OM22   -6.92E-05 -5.49E-05 -1.90E-05  4.14E-05 -2.47E-05 -6.97E-05 -1.14E-04 -1.03E-05 -1.45E-05  1.87E-05 -3.22E-06 .........
        ......... ......... .........  4.92E-05

OM23   ......... ......... ......... ......... ......... ......... ......... ......... ......... ......... ......... .........
        ......... ......... ......... ......... .........

OM24   ......... ......... ......... ......... ......... ......... ......... ......... ......... ......... ......... .........
        ......... ......... ......... ......... ......... .........

OM25   ......... ......... ......... ......... ......... ......... ......... ......... ......... ......... ......... .........
        ......... ......... ......... ......... ......... ......... .........




           TH 1      TH 2      TH 3      TH 4      TH 5      TH 6      TH 7      TH 8      TH 9      TH10      OM11      OM12  
            OM13      OM14      OM15      OM22      OM23      OM24      OM25      OM33      OM34      OM35      OM44      OM45  
           OM55      SG11  

OM33   -1.74E-04  9.87E-04  8.91E-05  6.27E-05 -2.33E-05 -9.15E-06 -3.79E-04 -2.98E-06  1.71E-04 -2.21E-04  3.91E-06 .........
        ......... ......... .........  3.66E-06 ......... ......... .........  2.18E-04

OM34   ......... ......... ......... ......... ......... ......... ......... ......... ......... ......... ......... .........
        ......... ......... ......... ......... ......... ......... ......... ......... .........

OM35   ......... ......... ......... ......... ......... ......... ......... ......... ......... ......... ......... .........
        ......... ......... ......... ......... ......... ......... ......... ......... ......... .........

OM44    4.70E-05 -2.73E-04 -1.56E-04 -3.94E-04  4.50E-06 -4.36E-04 -7.10E-04 -5.80E-07 -1.84E-04  1.80E-04  4.02E-05 .........
        ......... ......... .........  3.57E-05 ......... ......... ......... -4.24E-05 ......... .........  1.02E-03

OM45   ......... ......... ......... ......... ......... ......... ......... ......... ......... ......... ......... .........
        ......... ......... ......... ......... ......... ......... ......... ......... ......... ......... ......... .........

OM55    2.15E-03  3.54E-03 -1.04E-03 -2.79E-04 -6.98E-04 -4.19E-03 -1.14E-02  5.97E-05 -6.75E-04  1.33E-04  4.78E-04 .........
        ......... ......... ......... -2.95E-06 ......... ......... ......... -3.05E-04 ......... .........  3.08E-04 .........
        2.01E-02

SG11   ......... ......... ......... ......... ......... ......... ......... ......... ......... ......... ......... .........
        ......... ......... ......... ......... ......... ......... ......... ......... ......... ......... ......... .........
       ......... .........



************************************************************************************************************************
********************                                                                                ********************
********************               FIRST ORDER CONDITIONAL ESTIMATION WITH INTERACTION              ********************
********************                          CORRELATION MATRIX OF ESTIMATE                        ********************
********************                                                                                ********************
************************************************************************************************************************


           TH 1      TH 2      TH 3      TH 4      TH 5      TH 6      TH 7      TH 8      TH 9      TH10      OM11      OM12  
            OM13      OM14      OM15      OM22      OM23      OM24      OM25      OM33      OM34      OM35      OM44      OM45  
           OM55      SG11  

TH 1    1.52E-01

TH 2    4.55E-02  7.95E-01

TH 3   -5.30E-02  7.53E-02  3.56E-02

TH 4    7.70E-02  1.20E-01  2.74E-01  5.21E-02

TH 5   -4.67E-02 -1.55E-01  6.74E-02 -5.65E-01  1.52E-02

TH 6    3.85E-03  1.09E-01  2.14E-01  3.82E-01  2.99E-02  7.48E-02

TH 7   -6.51E-02  5.10E-02 -6.19E-02  7.03E-02  3.17E-01  7.43E-01  1.60E-01

TH 8    2.44E-01  3.65E-03  9.11E-02  7.50E-02 -2.47E-02 -5.59E-02 -8.35E-02  6.92E-03

TH 9    5.36E-02  5.60E-02  2.35E-01 -1.20E-01  6.78E-02  1.28E-02 -8.58E-03  4.49E-04  4.22E-02

TH10   -5.56E-02 -8.59E-02 -2.66E-01  4.02E-02  1.62E-02 -2.05E-02  5.89E-02  1.06E-02 -9.16E-01  4.69E-02

OM11    1.61E-01  1.03E-01 -1.51E-01 -1.00E-01 -8.43E-02 -2.58E-03 -4.35E-02 -6.55E-02 -8.15E-02  4.12E-02  1.27E-02

OM12   ......... ......... ......... ......... ......... ......... ......... ......... ......... ......... ......... .........

OM13   ......... ......... ......... ......... ......... ......... ......... ......... ......... ......... ......... .........
        .........

OM14   ......... ......... ......... ......... ......... ......... ......... ......... ......... ......... ......... .........
        ......... .........

OM15   ......... ......... ......... ......... ......... ......... ......... ......... ......... ......... ......... .........
        ......... ......... .........

OM22   -6.47E-02 -9.84E-03 -7.62E-02  1.13E-01 -2.32E-01 -1.33E-01 -1.02E-01 -2.12E-01 -4.90E-02  5.69E-02 -3.62E-02 .........
        ......... ......... .........  7.02E-03

OM23   ......... ......... ......... ......... ......... ......... ......... ......... ......... ......... ......... .........
        ......... ......... ......... ......... .........

OM24   ......... ......... ......... ......... ......... ......... ......... ......... ......... ......... ......... .........
        ......... ......... ......... ......... ......... .........

OM25   ......... ......... ......... ......... ......... ......... ......... ......... ......... ......... ......... .........
        ......... ......... ......... ......... ......... ......... .........




           TH 1      TH 2      TH 3      TH 4      TH 5      TH 6      TH 7      TH 8      TH 9      TH10      OM11      OM12  
            OM13      OM14      OM15      OM22      OM23      OM24      OM25      OM33      OM34      OM35      OM44      OM45  
           OM55      SG11  

OM33   -7.75E-02  8.41E-02  1.70E-01  8.16E-02 -1.04E-01 -8.29E-03 -1.61E-01 -2.92E-02  2.74E-01 -3.19E-01  2.09E-02 .........
        ......... ......... .........  3.53E-02 ......... ......... .........  1.48E-02

OM34   ......... ......... ......... ......... ......... ......... ......... ......... ......... ......... ......... .........
        ......... ......... ......... ......... ......... ......... ......... ......... .........

OM35   ......... ......... ......... ......... ......... ......... ......... ......... ......... ......... ......... .........
        ......... ......... ......... ......... ......... ......... ......... ......... ......... .........

OM44    9.67E-03 -1.08E-02 -1.37E-01 -2.37E-01  9.30E-03 -1.83E-01 -1.39E-01 -2.63E-03 -1.37E-01  1.20E-01  9.94E-02 .........
        ......... ......... .........  1.60E-01 ......... ......... ......... -8.99E-02 ......... .........  3.19E-02

OM45   ......... ......... ......... ......... ......... ......... ......... ......... ......... ......... ......... .........
        ......... ......... ......... ......... ......... ......... ......... ......... ......... ......... ......... .........

OM55    9.92E-02  3.14E-02 -2.07E-01 -3.77E-02 -3.24E-01 -3.95E-01 -5.06E-01  6.07E-02 -1.13E-01  1.99E-02  2.66E-01 .........
        ......... ......... ......... -2.96E-03 ......... ......... ......... -1.46E-01 ......... .........  6.80E-02 .........
        1.42E-01

SG11   ......... ......... ......... ......... ......... ......... ......... ......... ......... ......... ......... .........
        ......... ......... ......... ......... ......... ......... ......... ......... ......... ......... ......... .........
       ......... .........



************************************************************************************************************************
********************                                                                                ********************
********************               FIRST ORDER CONDITIONAL ESTIMATION WITH INTERACTION              ********************
********************                      INVERSE COVARIANCE MATRIX OF ESTIMATE                     ********************
********************                                                                                ********************
************************************************************************************************************************


           TH 1      TH 2      TH 3      TH 4      TH 5      TH 6      TH 7      TH 8      TH 9      TH10      OM11      OM12  
            OM13      OM14      OM15      OM22      OM23      OM24      OM25      OM33      OM34      OM35      OM44      OM45  
           OM55      SG11  

TH 1    5.02E+01

TH 2   -3.57E-01  1.70E+00

TH 3    3.83E+01 -4.40E+00  1.31E+03

TH 4   -2.90E+01  5.79E-01 -3.33E+02  9.38E+02

TH 5   -7.53E+01  1.82E+01 -1.27E+03  1.85E+03  1.04E+04

TH 6   -1.49E+01  3.49E-01 -2.89E+02 -1.94E+02  3.85E+02  6.36E+02

TH 7    1.17E+01 -1.62E+00  1.95E+02 -6.42E+00 -4.19E+02 -2.34E+02  1.59E+02

TH 8   -2.72E+02  1.31E+00 -5.78E+02 -3.28E+02  4.52E+02  3.88E+02 -7.93E+01  2.44E+04

TH 9   -2.25E+01  8.35E-01 -9.22E+00  3.35E+02  1.04E+02  5.08E+01 -1.71E+01 -5.27E+02  4.02E+03

TH10    5.33E+00  1.92E+00  2.37E+02  1.21E+02 -2.48E+02  3.49E+01  9.11E+00 -6.46E+02  3.30E+03  3.28E+03

OM11   -1.12E+02 -8.70E+00  7.91E+01  4.21E+02  6.92E+02 -2.04E+02 -3.70E+01  1.38E+03  3.04E+02  6.71E+01  7.54E+03

OM12   ......... ......... ......... ......... ......... ......... ......... ......... ......... ......... ......... .........

OM13   ......... ......... ......... ......... ......... ......... ......... ......... ......... ......... ......... .........
        .........

OM14   ......... ......... ......... ......... ......... ......... ......... ......... ......... ......... ......... .........
        ......... .........

OM15   ......... ......... ......... ......... ......... ......... ......... ......... ......... ......... ......... .........
        ......... ......... .........

OM22    2.53E+00  5.64E+00  5.00E+00 -4.82E+02  2.74E+03  6.87E+02 -1.50E+02  5.79E+03 -6.01E+02 -6.16E+02  5.11E+02 .........
        ......... ......... .........  2.48E+04

OM23   ......... ......... ......... ......... ......... ......... ......... ......... ......... ......... ......... .........
        ......... ......... ......... ......... .........

OM24   ......... ......... ......... ......... ......... ......... ......... ......... ......... ......... ......... .........
        ......... ......... ......... ......... ......... .........

OM25   ......... ......... ......... ......... ......... ......... ......... ......... ......... ......... ......... .........
        ......... ......... ......... ......... ......... ......... .........




           TH 1      TH 2      TH 3      TH 4      TH 5      TH 6      TH 7      TH 8      TH 9      TH10      OM11      OM12  
            OM13      OM14      OM15      OM22      OM23      OM24      OM25      OM33      OM34      OM35      OM44      OM45  
           OM55      SG11  

OM33    6.82E+01 -6.85E+00  1.38E+02 -5.50E+01  1.20E+02 -1.94E+02  2.48E+02 -1.53E+02  2.76E+02  7.87E+02 -8.12E+02 .........
        ......... ......... ......... -3.49E+02 ......... ......... .........  6.01E+03

OM34   ......... ......... ......... ......... ......... ......... ......... ......... ......... ......... ......... .........
        ......... ......... ......... ......... ......... ......... ......... ......... .........

OM35   ......... ......... ......... ......... ......... ......... ......... ......... ......... ......... ......... .........
        ......... ......... ......... ......... ......... ......... ......... ......... ......... .........

OM44   -3.97E+00 -1.19E+00  2.45E+01  2.50E+02  2.55E+02 -3.21E+01  3.89E+01 -3.04E+02  2.69E+02  1.39E+02 -1.84E+02 .........
        ......... ......... ......... -9.41E+02 ......... ......... .........  2.24E+02 ......... .........  1.16E+03

OM45   ......... ......... ......... ......... ......... ......... ......... ......... ......... ......... ......... .........
        ......... ......... ......... ......... ......... ......... ......... ......... ......... ......... ......... .........

OM55    1.03E+00 -5.65E-01  6.60E+01  1.54E+01  1.52E+02 -8.23E-01  3.96E+01 -6.98E+01  1.18E+02  1.16E+02 -1.99E+02 .........
        ......... ......... .........  1.13E+02 ......... ......... .........  2.17E+02 ......... .........  2.85E+01 .........
        9.20E+01

SG11   ......... ......... ......... ......... ......... ......... ......... ......... ......... ......... ......... .........
        ......... ......... ......... ......... ......... ......... ......... ......... ......... ......... ......... .........
       ......... .........























************************************************************************************************************************
********************                                                                                ********************
********************               FIRST ORDER CONDITIONAL ESTIMATION WITH INTERACTION              ********************
********************                      EIGENVALUES OF COR MATRIX OF ESTIMATE                     ********************
********************                                                                                ********************
************************************************************************************************************************


            1         2         3         4         5         6         7         8         9        10        11        12
            13        14        15

        7.17E-02  1.34E-01  2.29E-01  3.95E-01  5.86E-01  7.18E-01  7.82E-01  8.50E-01  9.56E-01  9.99E-01  1.26E+00  1.43E+00
         1.87E+00  2.20E+00  2.52E+00



************************************************************************************************************************
********************                                                                                ********************
********************               FIRST ORDER CONDITIONAL ESTIMATION WITH INTERACTION              ********************
********************                                     R MATRIX                                   ********************
********************                                                                                ********************
************************************************************************************************************************


           TH 1      TH 2      TH 3      TH 4      TH 5      TH 6      TH 7      TH 8      TH 9      TH10      OM11      OM12  
            OM13      OM14      OM15      OM22      OM23      OM24      OM25      OM33      OM34      OM35      OM44      OM45  
           OM55      SG11  

TH 1    4.42E+01

TH 2   -1.45E-01  1.59E+00

TH 3    1.09E+00  5.88E-01  1.15E+03

TH 4   -3.71E+00  1.31E+00 -2.51E+02  8.03E+02

TH 5   -7.49E+00  2.82E-01 -1.07E+03  1.70E+03  1.05E+04

TH 6    6.55E-01 -1.58E+00 -3.04E+02 -8.42E+01  5.44E+02  5.19E+02

TH 7    5.81E-01  5.69E-01  1.63E+02 -3.74E+01 -5.75E+02 -2.02E+02  1.34E+02

TH 8   -7.91E+01 -1.41E+01  3.73E+01 -3.93E+01 -6.56E+01 -2.85E+01  1.50E+01  2.37E+04

TH 9    4.82E-01 -3.14E-01  2.68E+01 -1.31E+01 -1.16E+02  6.55E+01  2.83E+00  1.26E+01  4.02E+03

TH10   -1.45E-02 -1.60E-01  7.14E+01 -1.37E+01  1.06E+00  5.19E+01 -6.38E+00  6.30E+00  3.15E+03  2.98E+03

OM11    1.91E+01 -5.77E+00  2.48E+00  3.61E+01  2.60E+00 -2.19E+01  5.06E+00  6.16E+02 -9.31E+00 -5.33E+00  5.30E+03

OM12   ......... ......... ......... ......... ......... ......... ......... ......... ......... ......... ......... .........

OM13   ......... ......... ......... ......... ......... ......... ......... ......... ......... ......... ......... .........
        .........

OM14   ......... ......... ......... ......... ......... ......... ......... ......... ......... ......... ......... .........
        ......... .........

OM15   ......... ......... ......... ......... ......... ......... ......... ......... ......... ......... ......... .........
        ......... ......... .........

OM22    2.86E+01 -7.95E+00  2.38E+00  3.47E+01 -6.01E+01  1.31E+00  3.14E+01  3.54E+03  2.91E+01  1.98E+01 -1.15E+02 .........
        ......... ......... .........  2.50E+04

OM23   ......... ......... ......... ......... ......... ......... ......... ......... ......... ......... ......... .........
        ......... ......... ......... ......... .........

OM24   ......... ......... ......... ......... ......... ......... ......... ......... ......... ......... ......... .........
        ......... ......... ......... ......... ......... .........

OM25   ......... ......... ......... ......... ......... ......... ......... ......... ......... ......... ......... .........
        ......... ......... ......... ......... ......... ......... .........




           TH 1      TH 2      TH 3      TH 4      TH 5      TH 6      TH 7      TH 8      TH 9      TH10      OM11      OM12  
            OM13      OM14      OM15      OM22      OM23      OM24      OM25      OM33      OM34      OM35      OM44      OM45  
           OM55      SG11  

OM33    3.41E-01  8.15E-02 -6.35E+01 -3.90E+01  1.84E+01  1.97E+01  3.87E+01  1.78E+01  2.15E+02  2.34E+02 -6.42E+00 .........
        ......... ......... .........  1.31E+01 ......... ......... .........  4.11E+03

OM34   ......... ......... ......... ......... ......... ......... ......... ......... ......... ......... ......... .........
        ......... ......... ......... ......... ......... ......... ......... ......... .........

OM35   ......... ......... ......... ......... ......... ......... ......... ......... ......... ......... ......... .........
        ......... ......... ......... ......... ......... ......... ......... ......... ......... .........

OM44   -1.01E-01 -5.22E-02  2.01E+01  3.08E+02  7.36E+02  2.35E+01 -8.06E+00  4.80E+01  2.62E+02  2.03E+02 -1.30E+01 .........
        ......... ......... .........  1.25E+01 ......... ......... .........  1.27E+02 ......... .........  1.37E+03

OM45   ......... ......... ......... ......... ......... ......... ......... ......... ......... ......... ......... .........
        ......... ......... ......... ......... ......... ......... ......... ......... ......... ......... ......... .........

OM55   -1.25E-01  6.94E-02  6.87E+00  2.19E+01  8.53E+01  2.01E+01  7.90E+00 -6.33E+00  5.02E+01  4.43E+01 -5.46E-01 .........
        ......... ......... .........  3.15E+01 ......... ......... .........  9.59E+01 ......... .........  1.95E+01 .........
        5.49E+01

SG11   ......... ......... ......... ......... ......... ......... ......... ......... ......... ......... ......... .........
        ......... ......... ......... ......... ......... ......... ......... ......... ......... ......... ......... .........
       ......... .........



************************************************************************************************************************
********************                                                                                ********************
********************               FIRST ORDER CONDITIONAL ESTIMATION WITH INTERACTION              ********************
********************                                     S MATRIX                                   ********************
********************                                                                                ********************
************************************************************************************************************************


           TH 1      TH 2      TH 3      TH 4      TH 5      TH 6      TH 7      TH 8      TH 9      TH10      OM11      OM12  
            OM13      OM14      OM15      OM22      OM23      OM24      OM25      OM33      OM34      OM35      OM44      OM45  
           OM55      SG11  

TH 1    4.42E+01

TH 2   -8.04E-02  1.61E+00

TH 3   -2.79E+01  4.68E+00  1.14E+03

TH 4    1.36E+01  1.31E+00 -2.36E+02  8.07E+02

TH 5    3.62E+01 -2.15E+01 -1.05E+03  1.77E+03  1.23E+04

TH 6    1.66E+01 -2.92E+00 -3.52E+02 -9.14E+00  7.66E+02  4.75E+02

TH 7   -7.79E+00  2.49E+00  1.69E+02 -7.45E+01 -7.96E+02 -2.00E+02  1.34E+02

TH 8    8.99E+01 -2.70E+01  4.53E+02  3.32E+02  3.53E+02 -2.60E+02  6.98E+00  2.50E+04

TH 9    1.07E+01 -3.66E+00  1.63E+02 -3.74E+02 -3.24E+02  1.33E+01  4.81E+01  3.55E+02  4.43E+03

TH10   -2.05E+00 -5.38E+00  1.30E+01 -1.65E+02  2.82E+02  1.86E+01  5.77E+00  4.18E+02  3.30E+03  2.99E+03

OM11    1.14E+02 -2.40E+00 -2.85E+02 -1.17E+02 -3.38E+02  1.95E+02 -3.87E+01  3.48E+02 -3.49E+02 -2.03E+02  4.51E+03

OM12   ......... ......... ......... ......... ......... ......... ......... ......... ......... ......... ......... .........

OM13   ......... ......... ......... ......... ......... ......... ......... ......... ......... ......... ......... .........
        .........

OM14   ......... ......... ......... ......... ......... ......... ......... ......... ......... ......... ......... .........
        ......... .........

OM15   ......... ......... ......... ......... ......... ......... ......... ......... ......... ......... ......... .........
        ......... ......... .........

OM22    2.76E+01 -1.45E+01 -3.72E+01  5.75E+02 -2.77E+03 -5.77E+02  2.37E+02  2.37E+03  2.77E+02  4.09E+02 -6.77E+02 .........
        ......... ......... .........  2.96E+04

OM23   ......... ......... ......... ......... ......... ......... ......... ......... ......... ......... ......... .........
        ......... ......... ......... ......... .........

OM24   ......... ......... ......... ......... ......... ......... ......... ......... ......... ......... ......... .........
        ......... ......... ......... ......... ......... .........

OM25   ......... ......... ......... ......... ......... ......... ......... ......... ......... ......... ......... .........
        ......... ......... ......... ......... ......... ......... .........




           TH 1      TH 2      TH 3      TH 4      TH 5      TH 6      TH 7      TH 8      TH 9      TH10      OM11      OM12  
            OM13      OM14      OM15      OM22      OM23      OM24      OM25      OM33      OM34      OM35      OM44      OM45  
           OM55      SG11  

OM33   -2.35E+01  5.76E+00 -5.53E+01 -1.11E+02 -3.66E+02  1.41E+02 -5.25E+01 -1.89E+02  1.95E+02 -1.40E+02  2.95E+02 .........
        ......... ......... .........  2.39E+02 ......... ......... .........  3.27E+03

OM34   ......... ......... ......... ......... ......... ......... ......... ......... ......... ......... ......... .........
        ......... ......... ......... ......... ......... ......... ......... ......... .........

OM35   ......... ......... ......... ......... ......... ......... ......... ......... ......... ......... ......... .........
        ......... ......... ......... ......... ......... ......... ......... ......... ......... .........

OM44    9.76E+00 -9.14E-01 -8.24E+00  4.36E+02  1.37E+03  6.42E+01 -5.79E+01  4.40E+02  2.50E+02  3.07E+02  1.11E+02 .........
        ......... ......... .........  1.11E+03 ......... ......... .........  3.07E+01 ......... .........  1.72E+03

OM45   ......... ......... ......... ......... ......... ......... ......... ......... ......... ......... ......... .........
        ......... ......... ......... ......... ......... ......... ......... ......... ......... ......... ......... .........

OM55    3.75E+00  5.14E-01 -3.35E+01  2.78E+01  4.05E+01  3.79E+01 -9.69E+00  2.92E+01 -2.22E+01 -1.56E+01  1.18E+02 .........
        ......... ......... ......... -2.27E+00 ......... ......... .........  6.25E+01 ......... .........  1.87E+01 .........
        4.01E+01

SG11   ......... ......... ......... ......... ......... ......... ......... ......... ......... ......... ......... .........
        ......... ......... ......... ......... ......... ......... ......... ......... ......... ......... ......... .........
       ......... .........

Elapsed finaloutput time in seconds: <SEC>
#CPUT: Total CPU Time in Seconds, <SEC>
Stop Time: 
<DATE>
<TIME>
