Changing directory to tg103x.R76
'pushdon' is not recognized as an internal or external command,
operable program or batch file.
Pathlist information for compiler and MPI systems are located in nmpathlist.txt

Starting NMTRAN
  
 WARNINGS AND ERRORS (IF ANY) FOR PROBLEM    1
             
 (WARNING  2) NM-TRAN INFERS THAT THE DATA ARE POPULATION.
             
 (WARNING  97) A RANDOM QUANTITY IS RAISED TO A POWER. IF THE RESULT AFFECTS
 THE VALUE OF THE OBJECTIVE FUNCTION, THE USER SHOULD ENSURE THAT THE
 RANDOM QUANTITY IS NEVER 0 WHEN THE POWER IS < 1.
  
Note: Analytical 2nd Derivatives are constructed in FSUBS but are never used.
      You may insert $ABBR DERIV2=NO after the first $PROB to save FSUBS construction and compilation time
  
Recompiling certain components.
starting wait
ending wait
Exiting lpreddo
Compiling FSUBS
Building NONMEM Executable
Starting nonmem execution ...
License Registered to: <LICENSEE>
Expiration Date: <DATE>
Current Date: <DATE>
Days until program expires : <N>


 First Order Conditional Estimation with Interaction
 MONITORING OF SEARCH:


0ITERATION NO.:    0    OBJECTIVE VALUE:   1900.75458097627        NO. OF FUNC. EVALS.:   7
 CUMULATIVE NO. OF FUNC. EVALS.:        7
 NPARAMETR:  5.0000E+00  1.0000E+00  7.0000E-01  1.0000E+01  2.0000E-01  5.0000E-01  1.0000E-01
 PARAMETER:  1.0000E-01  1.0000E-01  1.0000E-01  1.0000E-01  1.0000E-01  1.0000E-01  1.0000E-01
 GRADIENT:   5.9827E+01 -7.6021E+01 -3.6260E+02 -2.9891E+01 -1.8022E+02 -4.5314E+01  1.9557E+01

0ITERATION NO.:    5    OBJECTIVE VALUE:   1723.67507428169        NO. OF FUNC. EVALS.:  41
 CUMULATIVE NO. OF FUNC. EVALS.:       48
 NPARAMETR:  2.0175E+00  7.2649E-01  8.3056E-01  2.6851E+01  1.3981E-01  6.5248E-01  8.1971E-03
 PARAMETER: -8.0760E-01 -2.1953E-01  8.6927E-01  1.0877E+00 -2.5800E-01  2.3308E-01 -1.1507E+00
 GRADIENT:  -8.0907E+00  1.2954E+02  1.5214E+02 -3.5668E+00  6.2747E+00 -2.8848E+00 -4.2631E+00

0ITERATION NO.:   10    OBJECTIVE VALUE:   1704.80630136543        NO. OF FUNC. EVALS.:  42
 CUMULATIVE NO. OF FUNC. EVALS.:       90
 NPARAMETR:  6.2726E-01  1.1121E+00  7.4857E-01  3.3241E+01  1.1327E-01  2.8781E+00  9.5116E-03
 PARAMETER: -1.9758E+00  2.0623E-01  3.5040E-01  1.3012E+00 -4.6858E-01  9.7515E-01 -1.0763E+00
 GRADIENT:   5.7060E+00  2.7906E+01 -1.5636E+00 -1.9617E+00  2.6846E+00 -1.0730E+00  4.6414E+00

0ITERATION NO.:   15    OBJECTIVE VALUE:   1702.03041746939        NO. OF FUNC. EVALS.:  41
 CUMULATIVE NO. OF FUNC. EVALS.:      131
 NPARAMETR:  1.5903E-01  1.1967E+00  7.3697E-01  3.4082E+01  1.0949E-01  4.8027E+00  7.8281E-03
 PARAMETER: -3.3481E+00  2.7955E-01  2.8785E-01  1.3262E+00 -5.0245E-01  1.2312E+00 -1.1737E+00
 GRADIENT:   5.8276E-02  2.1640E+00  2.2824E+00  1.2038E-01 -1.1294E+00 -1.0131E+00  8.1831E-01

0ITERATION NO.:   20    OBJECTIVE VALUE:   1701.95953649358        NO. OF FUNC. EVALS.:  47
 CUMULATIVE NO. OF FUNC. EVALS.:      178
 NPARAMETR:  1.2176E-01  1.2166E+00  7.3422E-01  3.3905E+01  1.1011E-01  5.8714E+00  7.5480E-03
 PARAMETER: -3.6151E+00  2.9608E-01  2.7330E-01  1.3210E+00 -4.9682E-01  1.3316E+00 -1.1919E+00
 GRADIENT:  -1.5450E-02 -8.5408E-01 -3.7169E-01 -1.8792E-02 -4.8412E-03  1.2142E-02  9.0705E-03

0ITERATION NO.:   23    OBJECTIVE VALUE:   1701.95928623270        NO. OF FUNC. EVALS.:  45
 CUMULATIVE NO. OF FUNC. EVALS.:      223
 NPARAMETR:  1.2030E-01  1.2182E+00  7.3403E-01  3.3924E+01  1.1008E-01  5.9085E+00  7.5469E-03
 PARAMETER: -3.6272E+00  2.9741E-01  2.7227E-01  1.3215E+00 -4.9707E-01  1.3348E+00 -1.1920E+00
 GRADIENT:   1.5969E-03  1.0779E-02  2.4227E-03 -6.7135E-05  1.8600E-03  2.6942E-03 -6.8642E-04
 Elapsed estimation  time in seconds: <SEC>
 Elapsed covariance  time in seconds: <SEC>
 Elapsed postprocess time in seconds: <SEC>
 Elapsed finaloutput time in seconds: <SEC>
Done with nonmem execution
