Changing directory to 100imp.R76
'pushdon' is not recognized as an internal or external command,
operable program or batch file.
Pathlist information for compiler and MPI systems are located in nmpathlist.txt

Starting NMTRAN
  
 WARNINGS AND ERRORS (IF ANY) FOR PROBLEM    1
             
 (WARNING  2) NM-TRAN INFERS THAT THE DATA ARE POPULATION.
Recompiling certain components.
starting wait
ending wait
Exiting lpreddo
Compiling FSUBS
Building NONMEM Executable
Starting nonmem execution ...
License Registered to: <LICENSEE>
Expiration Date: <DATE>
Current Date: <DATE>
Days until program expires : <N>


 Importance Sampling
 MONITORING OF SEARCH:

 iteration            0  OBJ=   739.23467446245672 eff.=     307. Smpl.=     300. Fit.= 0.95222
 iteration           20  OBJ=   685.42475619061440 eff.=     122. Smpl.=     300. Fit.= 0.78820
 iteration           40  OBJ=   685.11486468931037 eff.=     120. Smpl.=     300. Fit.= 0.78488
 iteration           60  OBJ=   685.05766589550194 eff.=     121. Smpl.=     300. Fit.= 0.78714
 iteration           80  OBJ=   685.49288073635239 eff.=     121. Smpl.=     300. Fit.= 0.78593
 iteration          100  OBJ=   684.72317314816780 eff.=     121. Smpl.=     300. Fit.= 0.78524
 iteration          120  OBJ=   685.98251091004602 eff.=     121. Smpl.=     300. Fit.= 0.78805
 iteration          140  OBJ=   684.15881406816402 eff.=     122. Smpl.=     300. Fit.= 0.78665
 iteration          160  OBJ=   685.92456707244719 eff.=     120. Smpl.=     300. Fit.= 0.78522
 iteration          180  OBJ=   685.64066160650509 eff.=     121. Smpl.=     300. Fit.= 0.78680
 iteration          200  OBJ=   685.88103584027431 eff.=     120. Smpl.=     300. Fit.= 0.78630
 iteration          220  OBJ=   685.84939645018187 eff.=     119. Smpl.=     300. Fit.= 0.78526
 iteration          240  OBJ=   685.06440920304021 eff.=     122. Smpl.=     300. Fit.= 0.78761
 iteration          260  OBJ=   685.14338967097478 eff.=     121. Smpl.=     300. Fit.= 0.78441
 iteration          280  OBJ=   684.45030937860440 eff.=     122. Smpl.=     300. Fit.= 0.78649
 Elapsed estimation  time in seconds: <SEC>
 Last iteration, set up for variance assessment
 iteration          300  OBJ=   684.38377929548074 eff.=     121. Smpl.=     300. Fit.= 0.78595
 OPTIMIZATION WAS NOT TESTED FOR CONVERGENCE
 
 Elapsed covariance  time in seconds: <SEC>


 Objective Function Evaluation by Importance Sampling
 MONITORING OF SEARCH:

 iteration            0  OBJ=   685.36622038134567 eff.=    3006. Smpl.=    3000. Fit.= 0.99482
 iteration            1  OBJ=   685.40960174439624 eff.=    1190. Smpl.=    3000. Fit.= 0.78391
 iteration            2  OBJ=   684.90795525518672 eff.=    1207. Smpl.=    3000. Fit.= 0.78599
 iteration            3  OBJ=   684.89216535951186 eff.=    1206. Smpl.=    3000. Fit.= 0.78614
 iteration            4  OBJ=   685.31498078433663 eff.=    1199. Smpl.=    3000. Fit.= 0.78580
 Elapsed estimation  time in seconds: <SEC>
 Last iteration, set up for variance assessment
 iteration            5  OBJ=   685.51182404872804 eff.=    1193. Smpl.=    3000. Fit.= 0.78478
 EXPECTATION ONLY PROCESS WAS NOT TESTED FOR CONVERGENCE
 
 Elapsed covariance  time in seconds: <SEC>
 Elapsed postprocess time in seconds: <SEC>
 Elapsed finaloutput time in seconds: <SEC>
Done with nonmem execution
wall seconds: 203.0
