Changing directory to 120add.R76
'pushdon' is not recognized as an internal or external command,
operable program or batch file.
Pathlist information for compiler and MPI systems are located in nmpathlist.txt

Starting NMTRAN
  
 WARNINGS AND ERRORS (IF ANY) FOR PROBLEM    1
             
 (WARNING  2) NM-TRAN INFERS THAT THE DATA ARE POPULATION.
Recompiling certain components.
starting wait
ending wait
Exiting lpreddo
Compiling FSUBS
Building NONMEM Executable
Starting nonmem execution ...
License Registered to: <LICENSEE>
Expiration Date: <DATE>
Current Date: <DATE>
Days until program expires : <N>


 First Order Conditional Estimation with Interaction
 MONITORING OF SEARCH:


0ITERATION NO.:    0    OBJECTIVE VALUE:  -2182.95098471438        NO. OF FUNC. EVALS.:   6
 CUMULATIVE NO. OF FUNC. EVALS.:        6
 NPARAMETR:  1.0000E+00  3.0000E+00  5.0000E+01  2.0000E-01  1.0000E-01  1.0000E-01  5.0000E-02
 PARAMETER:  1.0000E-01  1.0000E-01  1.0000E-01  1.0000E-01  1.0000E-01  1.0000E-01  1.0000E-01
 GRADIENT:  -1.0583E+02 -5.6814E+01  1.8498E+01 -1.5278E+02 -5.4394E+01 -2.0894E+02  2.2372E+01

0ITERATION NO.:    5    OBJECTIVE VALUE:  -2250.70984136255        NO. OF FUNC. EVALS.:  36
 CUMULATIVE NO. OF FUNC. EVALS.:       42
 NPARAMETR:  1.0858E+00  3.1262E+00  4.9179E+01  2.0163E-01  1.6150E-01  3.9860E-01  3.8859E-02
 PARAMETER:  1.8230E-01  1.4120E-01  8.3438E-02  1.0813E-01  3.3968E-01  7.9139E-01 -2.6040E-02
 GRADIENT:  -1.2030E+01 -1.6949E-01 -2.9740E+01 -7.1130E+01 -5.5362E+00  1.8799E+01  5.3641E+00

0ITERATION NO.:   10    OBJECTIVE VALUE:  -2252.68486937657        NO. OF FUNC. EVALS.:  37
 CUMULATIVE NO. OF FUNC. EVALS.:       79
 NPARAMETR:  1.1112E+00  3.1275E+00  4.9762E+01  2.0499E-01  1.7138E-01  3.3193E-01  3.6140E-02
 PARAMETER:  2.0547E-01  1.4161E-01  9.5223E-02  1.2467E-01  3.6936E-01  6.9988E-01 -6.2308E-02
 GRADIENT:   5.4592E-01  1.1824E-01 -7.3158E-01  1.0719E+00 -7.3242E-02  5.8496E-01 -1.3190E-01

0ITERATION NO.:   13    OBJECTIVE VALUE:  -2252.68613960982        NO. OF FUNC. EVALS.:  27
 CUMULATIVE NO. OF FUNC. EVALS.:      106
 NPARAMETR:  1.1105E+00  3.1266E+00  4.9778E+01  2.0495E-01  1.7149E-01  3.3033E-01  3.6196E-02
 PARAMETER:  2.0482E-01  1.4132E-01  9.5543E-02  1.2447E-01  3.6967E-01  6.9746E-01 -6.1531E-02
 GRADIENT:   7.0322E-02 -1.1582E-02  1.6471E-01  1.7505E-01 -7.9297E-03  5.5578E-02 -4.6436E-03
 Elapsed estimation  time in seconds: <SEC>
 Elapsed covariance  time in seconds: <SEC>
 Elapsed postprocess time in seconds: <SEC>
 Elapsed finaloutput time in seconds: <SEC>
Done with nonmem execution
wall seconds: 20.9
