<DATE>
<TIME>
$PROB PHENO 1COMP IV BOLUS SIM   P:108wt  F:CL~WT,V~WT
$INPUT ID DAT2=DROP TIME AMT RATE CMT DV MDV EVID
       WT BWT SEX APGR CREA TAFD=DROP
$DATA ../../data/pheno-nm.csv IGNORE=@
$SUBR ADVAN1 TRANS2
$ABBR DERIV2=NO

$PK
  TVCL = THETA(1) * (WT/1.5)**THETA(5)
  TVV  = THETA(2) * (WT/1.5)**THETA(6)
  CL   = TVCL * EXP(ETA(1))
  V    = TVV  * EXP(ETA(2))
  S1   = V

$ERROR
  IPRE = F
  W    = 1
  W    = SQRT(THETA(3)**2 + THETA(4)**2 * IPRE**2)
  IF (W.LT.1E-6) W = 1E-6
  Y    = IPRE + W * EPS(1)

; Final estimates of 108wt, fixed as truth. Nothing is estimated here.
$THETA
  0.00731506 FIX   ; CL (L/h)
  1.49004    FIX   ; V  (L)
  2.07286    FIX   ; additive error SD (mg/L)
  0.0724404  FIX   ; proportional error CV
  1.13332    FIX   ; WT~CL
  0.915276   FIX   ; WT~V

$OMEGA BLOCK(2) FIX
  0.0468821
  0.0275845  0.0209607

$SIGMA 1 FIX

; Simulate 200 times without re-estimation. ONLYSIM skips estimation.
$SIM (20260915) ONLYSIMULATION SUBPROBLEMS=200

$TAB ID TIME DV MDV
     ONEHEADER NOPRINT NOAPPEND FILE=simtab
  
NM-TRAN MESSAGES 
  
 WARNINGS AND ERRORS (IF ANY) FOR PROBLEM    1
             
 (WARNING  2) NM-TRAN INFERS THAT THE DATA ARE POPULATION.
  
License Registered to: <LICENSEE>
Expiration Date: <DATE>
Current Date: <DATE>
Days until program expires : <N>
1NONLINEAR MIXED EFFECTS MODEL PROGRAM (NONMEM) VERSION 7.6.0 (nm760)
 ORIGINALLY DEVELOPED BY STUART BEAL, LEWIS SHEINER, AND ALISON BOECKMANN
 CURRENT DEVELOPERS ARE ROBERT BAUER, ICON DEVELOPMENT SOLUTIONS,
 AND ALISON BOECKMANN. IMPLEMENTATION, EFFICIENCY, AND STANDARDIZATION
 PERFORMED BY NOUS INFOSYSTEMS.

 PROBLEM NO.:         1
 PHENO 1COMP IV BOLUS SIM   P:108wt  F:CL~WT,V~WT
0DATA CHECKOUT RUN:              NO
 DATA SET LOCATED ON UNIT NO.:    2
 THIS UNIT TO BE REWOUND:        NO
 CREATE/ADD TO FDATA.csv:        YES
 NO. OF DATA RECS IN DATA SET:      803
 NO. OF DATA ITEMS IN DATA SET:  13
 ID DATA ITEM IS DATA ITEM NO.:   1
 DEP VARIABLE IS DATA ITEM NO.:   6
 MDV DATA ITEM IS DATA ITEM NO.:  7
0INDICES PASSED TO SUBROUTINE PRED:
   8   2   3   4   0   0   5   0   0   0   0
0LABELS FOR DATA ITEMS:
 ID TIME AMT RATE CMT DV MDV EVID WT BWT SEX APGR CREA
0FORMAT FOR DATA:
 (E3.0,E8.0,E5.0,2E2.0,E5.0,2E2.0,E4.0,E5.0,E2.0,E3.0,E6.0)

 TOT. NO. OF OBS RECS:      155
 TOT. NO. OF INDIVIDUALS:       59
0LENGTH OF THETA:   6
0DEFAULT THETA BOUNDARY TEST OMITTED:    NO
0OMEGA HAS BLOCK FORM:
  1
  1  1
0DEFAULT OMEGA BOUNDARY TEST OMITTED:    NO
0SIGMA HAS SIMPLE DIAGONAL FORM WITH DIMENSION:   1
0DEFAULT SIGMA BOUNDARY TEST OMITTED:    NO
0INITIAL ESTIMATE OF THETA:
 LOWER BOUND    INITIAL EST    UPPER BOUND
  0.7315E-02     0.7315E-02     0.7315E-02
  0.1490E+01     0.1490E+01     0.1490E+01
  0.2073E+01     0.2073E+01     0.2073E+01
  0.7244E-01     0.7244E-01     0.7244E-01
  0.1133E+01     0.1133E+01     0.1133E+01
  0.9153E+00     0.9153E+00     0.9153E+00
0INITIAL ESTIMATE OF OMEGA:
 BLOCK SET NO.   BLOCK                                                                    FIXED
        1                                                                                  YES
                  0.4688E-01
                  0.2758E-01   0.2096E-01
0INITIAL ESTIMATE OF SIGMA:
 0.1000E+01
0SIGMA CONSTRAINED TO BE THIS INITIAL ESTIMATE
0SIMULATION STEP OMITTED:    NO
 OBJ FUNC EVALUATED:         NO
 ORIGINAL DATA USED ON EACH NEW SIMULATION:         NO
 SEEDS RESET ON EACH NEW SUPERSET ITERATION:        YES
0SIMULATION RANDOM METHOD SELECTED (RANMETHOD): 4U
SEED   1 RESET TO INITIAL: YES
 SOURCE   1:
   SEED1:      20260915   SEED2:             0   PSEUDO-NORMAL
 NUMBER OF SUBPROBLEMS:  200
0TABLES STEP OMITTED:    NO
 NO. OF TABLES:           1
 SEED NUMBER (SEED):    11456
 NPDTYPE:    0
 INTERPTYPE:    0
 RANMETHOD:             3U
 MC SAMPLES (ESAMPLE):    300
 WRES SQUARE ROOT TYPE (WRESCHOL): EIGENVALUE
0-- TABLE   1 --
0RECORDS ONLY:    ALL
04 COLUMNS APPENDED:    NO
 PRINTED:                NO
 HEADER:                YES
 FILE TO BE FORWARDED:   NO
 FORMAT:                S1PE11.4
 IDFORMAT:
 LFORMAT:
 RFORMAT:
 FIXED_EFFECT_ETAS:
0USER-CHOSEN ITEMS:
 ID TIME DV MDV
1DOUBLE PRECISION PREDPP VERSION 7.6.0 (nm760)

 ONE COMPARTMENT MODEL (ADVAN1)
0MAXIMUM NO. OF BASIC PK PARAMETERS:   2
0BASIC PK PARAMETERS (AFTER TRANSLATION):
   ELIMINATION RATE (K) IS BASIC PK PARAMETER NO.:  1

 TRANSLATOR WILL CONVERT PARAMETERS
 CLEARANCE (CL) AND VOLUME (V) TO K (TRANS2)
0COMPARTMENT ATTRIBUTES
 COMPT. NO.   FUNCTION   INITIAL    ON/OFF      DOSE      DEFAULT    DEFAULT
                         STATUS     ALLOWED    ALLOWED    FOR DOSE   FOR OBS.
    1         CENTRAL      ON         NO         YES        YES        YES
    2         OUTPUT       OFF        YES        NO         NO         NO
1
 ADDITIONAL PK PARAMETERS - ASSIGNMENT OF ROWS IN GG
 COMPT. NO.                             INDICES
              SCALE      BIOAVAIL.   ZERO-ORDER  ZERO-ORDER  ABSORB
                         FRACTION    RATE        DURATION    LAG
    1            3           *           *           *           *
    2            *           -           -           -           -
             - PARAMETER IS NOT ALLOWED FOR THIS MODEL
             * PARAMETER IS NOT SUPPLIED BY PK SUBROUTINE;
               WILL DEFAULT TO ONE IF APPLICABLE
0DATA ITEM INDICES USED BY PRED ARE:
   EVENT ID DATA ITEM IS DATA ITEM NO.:      8
   TIME DATA ITEM IS DATA ITEM NO.:          2
   DOSE AMOUNT DATA ITEM IS DATA ITEM NO.:   3
   DOSE RATE DATA ITEM IS DATA ITEM NO.:     4
   COMPT. NO. DATA ITEM IS DATA ITEM NO.:    5

0PK SUBROUTINE CALLED WITH EVERY EVENT RECORD.
 PK SUBROUTINE NOT CALLED AT NONEVENT (ADDITIONAL OR LAGGED) DOSE TIMES.
0ERROR SUBROUTINE CALLED WITH EVERY EVENT RECORD.
1
 PROBLEM NO.:           1      SUBPROBLEM NO.:           1

 SIMULATION STEP PERFORMED
 SOURCE  1:
    SEED1:     628929084   SEED2:   -1107647566
 Elapsed simulation  time in seconds: <SEC>
 ESTIMATION STEP OMITTED:                 YES
 Elapsed finaloutput time in seconds: <SEC>
  
1
 PROBLEM NO.:           1      SUBPROBLEM NO.:           2

 SIMULATION STEP PERFORMED
 SOURCE  1:
    SEED1:     982417302   SEED2:             0
 Elapsed simulation  time in seconds: <SEC>
 ESTIMATION STEP OMITTED:                 YES
 Elapsed finaloutput time in seconds: <SEC>
  
1
 PROBLEM NO.:           1      SUBPROBLEM NO.:           3

 SIMULATION STEP PERFORMED
 SOURCE  1:
    SEED1:    1615211540   SEED2:    1011407157
 Elapsed simulation  time in seconds: <SEC>
 ESTIMATION STEP OMITTED:                 YES
 Elapsed finaloutput time in seconds: <SEC>
  
1
 PROBLEM NO.:           1      SUBPROBLEM NO.:           4

 SIMULATION STEP PERFORMED
 SOURCE  1:
    SEED1:    1786724460   SEED2:             0
 Elapsed simulation  time in seconds: <SEC>
 ESTIMATION STEP OMITTED:                 YES
 Elapsed finaloutput time in seconds: <SEC>
  
1
 PROBLEM NO.:           1      SUBPROBLEM NO.:           5

 SIMULATION STEP PERFORMED
 SOURCE  1:
    SEED1:    1969912338   SEED2:    1066175267
 Elapsed simulation  time in seconds: <SEC>
 ESTIMATION STEP OMITTED:                 YES
 Elapsed finaloutput time in seconds: <SEC>
  
1
 PROBLEM NO.:           1      SUBPROBLEM NO.:           6

 SIMULATION STEP PERFORMED
 SOURCE  1:
    SEED1:    1630004781   SEED2:             0
 Elapsed simulation  time in seconds: <SEC>
 ESTIMATION STEP OMITTED:                 YES
 Elapsed finaloutput time in seconds: <SEC>
  
1
 PROBLEM NO.:           1      SUBPROBLEM NO.:           7

 SIMULATION STEP PERFORMED
 SOURCE  1:
    SEED1:     703443938   SEED2:   -1093564077
 Elapsed simulation  time in seconds: <SEC>
 ESTIMATION STEP OMITTED:                 YES
 Elapsed finaloutput time in seconds: <SEC>
  
1
 PROBLEM NO.:           1      SUBPROBLEM NO.:           8

 SIMULATION STEP PERFORMED
 SOURCE  1:
    SEED1:     756181284   SEED2:             0
 Elapsed simulation  time in seconds: <SEC>
 ESTIMATION STEP OMITTED:                 YES
 Elapsed finaloutput time in seconds: <SEC>
  
1
 PROBLEM NO.:           1      SUBPROBLEM NO.:           9

 SIMULATION STEP PERFORMED
 SOURCE  1:
    SEED1:    1469886924   SEED2:   -1090251155
 Elapsed simulation  time in seconds: <SEC>
 ESTIMATION STEP OMITTED:                 YES
 Elapsed finaloutput time in seconds: <SEC>
  
1
 PROBLEM NO.:           1      SUBPROBLEM NO.:          10

 SIMULATION STEP PERFORMED
 SOURCE  1:
    SEED1:     863403148   SEED2:             0
 Elapsed simulation  time in seconds: <SEC>
 ESTIMATION STEP OMITTED:                 YES
 Elapsed finaloutput time in seconds: <SEC>
  
1
 PROBLEM NO.:           1      SUBPROBLEM NO.:          11

 SIMULATION STEP PERFORMED
 SOURCE  1:
    SEED1:    1920750367   SEED2:    1056827648
 Elapsed simulation  time in seconds: <SEC>
 ESTIMATION STEP OMITTED:                 YES
 Elapsed finaloutput time in seconds: <SEC>
  
1
 PROBLEM NO.:           1      SUBPROBLEM NO.:          12

 SIMULATION STEP PERFORMED
 SOURCE  1:
    SEED1:    1993566015   SEED2:             0
 Elapsed simulation  time in seconds: <SEC>
 ESTIMATION STEP OMITTED:                 YES
 Elapsed finaloutput time in seconds: <SEC>
  
1
 PROBLEM NO.:           1      SUBPROBLEM NO.:          13

 SIMULATION STEP PERFORMED
 SOURCE  1:
    SEED1:     957896745   SEED2:   -1087683679
 Elapsed simulation  time in seconds: <SEC>
 ESTIMATION STEP OMITTED:                 YES
 Elapsed finaloutput time in seconds: <SEC>
  
1
 PROBLEM NO.:           1      SUBPROBLEM NO.:          14

 SIMULATION STEP PERFORMED
 SOURCE  1:
    SEED1:    1600366146   SEED2:             0
 Elapsed simulation  time in seconds: <SEC>
 ESTIMATION STEP OMITTED:                 YES
 Elapsed finaloutput time in seconds: <SEC>
  
1
 PROBLEM NO.:           1      SUBPROBLEM NO.:          15

 SIMULATION STEP PERFORMED
 SOURCE  1:
    SEED1:     399293476   SEED2:    1050614534
 Elapsed simulation  time in seconds: <SEC>
 ESTIMATION STEP OMITTED:                 YES
 Elapsed finaloutput time in seconds: <SEC>
  
1
 PROBLEM NO.:           1      SUBPROBLEM NO.:          16

 SIMULATION STEP PERFORMED
 SOURCE  1:
    SEED1:    1407826628   SEED2:             0
 Elapsed simulation  time in seconds: <SEC>
 ESTIMATION STEP OMITTED:                 YES
 Elapsed finaloutput time in seconds: <SEC>
  
1
 PROBLEM NO.:           1      SUBPROBLEM NO.:          17

 SIMULATION STEP PERFORMED
 SOURCE  1:
    SEED1:    1149034186   SEED2:   -1074188422
 Elapsed simulation  time in seconds: <SEC>
 ESTIMATION STEP OMITTED:                 YES
 Elapsed finaloutput time in seconds: <SEC>
  
1
 PROBLEM NO.:           1      SUBPROBLEM NO.:          18

 SIMULATION STEP PERFORMED
 SOURCE  1:
    SEED1:    1917373735   SEED2:             0
 Elapsed simulation  time in seconds: <SEC>
 ESTIMATION STEP OMITTED:                 YES
 Elapsed finaloutput time in seconds: <SEC>
  
1
 PROBLEM NO.:           1      SUBPROBLEM NO.:          19

 SIMULATION STEP PERFORMED
 SOURCE  1:
    SEED1:    1745028418   SEED2:    1066278169
 Elapsed simulation  time in seconds: <SEC>
 ESTIMATION STEP OMITTED:                 YES
 Elapsed finaloutput time in seconds: <SEC>
  
1
 PROBLEM NO.:           1      SUBPROBLEM NO.:          20

 SIMULATION STEP PERFORMED
 SOURCE  1:
    SEED1:    1008324469   SEED2:             0
 Elapsed simulation  time in seconds: <SEC>
 ESTIMATION STEP OMITTED:                 YES
 Elapsed finaloutput time in seconds: <SEC>
  
1
 PROBLEM NO.:           1      SUBPROBLEM NO.:          21

 SIMULATION STEP PERFORMED
 SOURCE  1:
    SEED1:     889264403   SEED2:   -1085207096
 Elapsed simulation  time in seconds: <SEC>
 ESTIMATION STEP OMITTED:                 YES
 Elapsed finaloutput time in seconds: <SEC>
  
1
 PROBLEM NO.:           1      SUBPROBLEM NO.:          22

 SIMULATION STEP PERFORMED
 SOURCE  1:
    SEED1:     517736665   SEED2:             0
 Elapsed simulation  time in seconds: <SEC>
 ESTIMATION STEP OMITTED:                 YES
 Elapsed finaloutput time in seconds: <SEC>
  
1
 PROBLEM NO.:           1      SUBPROBLEM NO.:          23

 SIMULATION STEP PERFORMED
 SOURCE  1:
    SEED1:     940221361   SEED2:   -1081005920
 Elapsed simulation  time in seconds: <SEC>
 ESTIMATION STEP OMITTED:                 YES
 Elapsed finaloutput time in seconds: <SEC>
  
1
 PROBLEM NO.:           1      SUBPROBLEM NO.:          24

 SIMULATION STEP PERFORMED
 SOURCE  1:
    SEED1:    1485864460   SEED2:             0
 Elapsed simulation  time in seconds: <SEC>
 ESTIMATION STEP OMITTED:                 YES
 Elapsed finaloutput time in seconds: <SEC>
  
1
 PROBLEM NO.:           1      SUBPROBLEM NO.:          25

 SIMULATION STEP PERFORMED
 SOURCE  1:
    SEED1:    1345954004   SEED2:   -1086582617
 Elapsed simulation  time in seconds: <SEC>
 ESTIMATION STEP OMITTED:                 YES
 Elapsed finaloutput time in seconds: <SEC>
  
1
 PROBLEM NO.:           1      SUBPROBLEM NO.:          26

 SIMULATION STEP PERFORMED
 SOURCE  1:
    SEED1:    1749611981   SEED2:             0
 Elapsed simulation  time in seconds: <SEC>
 ESTIMATION STEP OMITTED:                 YES
 Elapsed finaloutput time in seconds: <SEC>
  
1
 PROBLEM NO.:           1      SUBPROBLEM NO.:          27

 SIMULATION STEP PERFORMED
 SOURCE  1:
    SEED1:     970782737   SEED2:   -1078921520
 Elapsed simulation  time in seconds: <SEC>
 ESTIMATION STEP OMITTED:                 YES
 Elapsed finaloutput time in seconds: <SEC>
  
1
 PROBLEM NO.:           1      SUBPROBLEM NO.:          28

 SIMULATION STEP PERFORMED
 SOURCE  1:
    SEED1:    1278371879   SEED2:             0
 Elapsed simulation  time in seconds: <SEC>
 ESTIMATION STEP OMITTED:                 YES
 Elapsed finaloutput time in seconds: <SEC>
  
1
 PROBLEM NO.:           1      SUBPROBLEM NO.:          29

 SIMULATION STEP PERFORMED
 SOURCE  1:
    SEED1:     713225350   SEED2:   -1104179298
 Elapsed simulation  time in seconds: <SEC>
 ESTIMATION STEP OMITTED:                 YES
 Elapsed finaloutput time in seconds: <SEC>
  
1
 PROBLEM NO.:           1      SUBPROBLEM NO.:          30

 SIMULATION STEP PERFORMED
 SOURCE  1:
    SEED1:     909997686   SEED2:             0
 Elapsed simulation  time in seconds: <SEC>
 ESTIMATION STEP OMITTED:                 YES
 Elapsed finaloutput time in seconds: <SEC>
  
1
 PROBLEM NO.:           1      SUBPROBLEM NO.:          31

 SIMULATION STEP PERFORMED
 SOURCE  1:
    SEED1:     549154275   SEED2:   -1110110804
 Elapsed simulation  time in seconds: <SEC>
 ESTIMATION STEP OMITTED:                 YES
 Elapsed finaloutput time in seconds: <SEC>
  
1
 PROBLEM NO.:           1      SUBPROBLEM NO.:          32

 SIMULATION STEP PERFORMED
 SOURCE  1:
    SEED1:    2015362410   SEED2:             0
 Elapsed simulation  time in seconds: <SEC>
 ESTIMATION STEP OMITTED:                 YES
 Elapsed finaloutput time in seconds: <SEC>
  
1
 PROBLEM NO.:           1      SUBPROBLEM NO.:          33

 SIMULATION STEP PERFORMED
 SOURCE  1:
    SEED1:        814142   SEED2:    1064480034
 Elapsed simulation  time in seconds: <SEC>
 ESTIMATION STEP OMITTED:                 YES
 Elapsed finaloutput time in seconds: <SEC>
  
1
 PROBLEM NO.:           1      SUBPROBLEM NO.:          34

 SIMULATION STEP PERFORMED
 SOURCE  1:
    SEED1:     706411790   SEED2:             0
 Elapsed simulation  time in seconds: <SEC>
 ESTIMATION STEP OMITTED:                 YES
 Elapsed finaloutput time in seconds: <SEC>
  
1
 PROBLEM NO.:           1      SUBPROBLEM NO.:          35

 SIMULATION STEP PERFORMED
 SOURCE  1:
    SEED1:    1852647941   SEED2:    1040794301
 Elapsed simulation  time in seconds: <SEC>
 ESTIMATION STEP OMITTED:                 YES
 Elapsed finaloutput time in seconds: <SEC>
  
1
 PROBLEM NO.:           1      SUBPROBLEM NO.:          36

 SIMULATION STEP PERFORMED
 SOURCE  1:
    SEED1:     884942109   SEED2:             0
 Elapsed simulation  time in seconds: <SEC>
 ESTIMATION STEP OMITTED:                 YES
 Elapsed finaloutput time in seconds: <SEC>
  
1
 PROBLEM NO.:           1      SUBPROBLEM NO.:          37

 SIMULATION STEP PERFORMED
 SOURCE  1:
    SEED1:    1868507063   SEED2:    1065863421
 Elapsed simulation  time in seconds: <SEC>
 ESTIMATION STEP OMITTED:                 YES
 Elapsed finaloutput time in seconds: <SEC>
  
1
 PROBLEM NO.:           1      SUBPROBLEM NO.:          38

 SIMULATION STEP PERFORMED
 SOURCE  1:
    SEED1:     680735560   SEED2:             0
 Elapsed simulation  time in seconds: <SEC>
 ESTIMATION STEP OMITTED:                 YES
 Elapsed finaloutput time in seconds: <SEC>
  
1
 PROBLEM NO.:           1      SUBPROBLEM NO.:          39

 SIMULATION STEP PERFORMED
 SOURCE  1:
    SEED1:    2014717418   SEED2:    1074962481
 Elapsed simulation  time in seconds: <SEC>
 ESTIMATION STEP OMITTED:                 YES
 Elapsed finaloutput time in seconds: <SEC>
  
1
 PROBLEM NO.:           1      SUBPROBLEM NO.:          40

 SIMULATION STEP PERFORMED
 SOURCE  1:
    SEED1:    1982039403   SEED2:             0
 Elapsed simulation  time in seconds: <SEC>
 ESTIMATION STEP OMITTED:                 YES
 Elapsed finaloutput time in seconds: <SEC>
  
1
 PROBLEM NO.:           1      SUBPROBLEM NO.:          41

 SIMULATION STEP PERFORMED
 SOURCE  1:
    SEED1:    1088832644   SEED2:   -1074569329
 Elapsed simulation  time in seconds: <SEC>
 ESTIMATION STEP OMITTED:                 YES
 Elapsed finaloutput time in seconds: <SEC>
  
1
 PROBLEM NO.:           1      SUBPROBLEM NO.:          42

 SIMULATION STEP PERFORMED
 SOURCE  1:
    SEED1:    1820573451   SEED2:             0
 Elapsed simulation  time in seconds: <SEC>
 ESTIMATION STEP OMITTED:                 YES
 Elapsed finaloutput time in seconds: <SEC>
  
1
 PROBLEM NO.:           1      SUBPROBLEM NO.:          43

 SIMULATION STEP PERFORMED
 SOURCE  1:
    SEED1:     441904361   SEED2:    1064020570
 Elapsed simulation  time in seconds: <SEC>
 ESTIMATION STEP OMITTED:                 YES
 Elapsed finaloutput time in seconds: <SEC>
  
1
 PROBLEM NO.:           1      SUBPROBLEM NO.:          44

 SIMULATION STEP PERFORMED
 SOURCE  1:
    SEED1:     101914716   SEED2:             0
 Elapsed simulation  time in seconds: <SEC>
 ESTIMATION STEP OMITTED:                 YES
 Elapsed finaloutput time in seconds: <SEC>
  
1
 PROBLEM NO.:           1      SUBPROBLEM NO.:          45

 SIMULATION STEP PERFORMED
 SOURCE  1:
    SEED1:      53969742   SEED2:    1059357586
 Elapsed simulation  time in seconds: <SEC>
 ESTIMATION STEP OMITTED:                 YES
 Elapsed finaloutput time in seconds: <SEC>
  
1
 PROBLEM NO.:           1      SUBPROBLEM NO.:          46

 SIMULATION STEP PERFORMED
 SOURCE  1:
    SEED1:    1512684118   SEED2:             0
 Elapsed simulation  time in seconds: <SEC>
 ESTIMATION STEP OMITTED:                 YES
 Elapsed finaloutput time in seconds: <SEC>
  
1
 PROBLEM NO.:           1      SUBPROBLEM NO.:          47

 SIMULATION STEP PERFORMED
 SOURCE  1:
    SEED1:      34641806   SEED2:    1066281223
 Elapsed simulation  time in seconds: <SEC>
 ESTIMATION STEP OMITTED:                 YES
 Elapsed finaloutput time in seconds: <SEC>
  
1
 PROBLEM NO.:           1      SUBPROBLEM NO.:          48

 SIMULATION STEP PERFORMED
 SOURCE  1:
    SEED1:     105109179   SEED2:             0
 Elapsed simulation  time in seconds: <SEC>
 ESTIMATION STEP OMITTED:                 YES
 Elapsed finaloutput time in seconds: <SEC>
  
1
 PROBLEM NO.:           1      SUBPROBLEM NO.:          49

 SIMULATION STEP PERFORMED
 SOURCE  1:
    SEED1:    1258940872   SEED2:   -1071454186
 Elapsed simulation  time in seconds: <SEC>
 ESTIMATION STEP OMITTED:                 YES
 Elapsed finaloutput time in seconds: <SEC>
  
1
 PROBLEM NO.:           1      SUBPROBLEM NO.:          50

 SIMULATION STEP PERFORMED
 SOURCE  1:
    SEED1:    1946170029   SEED2:             0
 Elapsed simulation  time in seconds: <SEC>
 ESTIMATION STEP OMITTED:                 YES
 Elapsed finaloutput time in seconds: <SEC>
  
1
 PROBLEM NO.:           1      SUBPROBLEM NO.:          51

 SIMULATION STEP PERFORMED
 SOURCE  1:
    SEED1:     309414890   SEED2:    1067877609
 Elapsed simulation  time in seconds: <SEC>
 ESTIMATION STEP OMITTED:                 YES
 Elapsed finaloutput time in seconds: <SEC>
  
1
 PROBLEM NO.:           1      SUBPROBLEM NO.:          52

 SIMULATION STEP PERFORMED
 SOURCE  1:
    SEED1:    2090778347   SEED2:             0
 Elapsed simulation  time in seconds: <SEC>
 ESTIMATION STEP OMITTED:                 YES
 Elapsed finaloutput time in seconds: <SEC>
  
1
 PROBLEM NO.:           1      SUBPROBLEM NO.:          53

 SIMULATION STEP PERFORMED
 SOURCE  1:
    SEED1:    2006944963   SEED2:    1066334051
 Elapsed simulation  time in seconds: <SEC>
 ESTIMATION STEP OMITTED:                 YES
 Elapsed finaloutput time in seconds: <SEC>
  
1
 PROBLEM NO.:           1      SUBPROBLEM NO.:          54

 SIMULATION STEP PERFORMED
 SOURCE  1:
    SEED1:    2126200700   SEED2:             0
 Elapsed simulation  time in seconds: <SEC>
 ESTIMATION STEP OMITTED:                 YES
 Elapsed finaloutput time in seconds: <SEC>
  
1
 PROBLEM NO.:           1      SUBPROBLEM NO.:          55

 SIMULATION STEP PERFORMED
 SOURCE  1:
    SEED1:     381938202   SEED2:    1051387712
 Elapsed simulation  time in seconds: <SEC>
 ESTIMATION STEP OMITTED:                 YES
 Elapsed finaloutput time in seconds: <SEC>
  
1
 PROBLEM NO.:           1      SUBPROBLEM NO.:          56

 SIMULATION STEP PERFORMED
 SOURCE  1:
    SEED1:    1346036586   SEED2:             0
 Elapsed simulation  time in seconds: <SEC>
 ESTIMATION STEP OMITTED:                 YES
 Elapsed finaloutput time in seconds: <SEC>
  
1
 PROBLEM NO.:           1      SUBPROBLEM NO.:          57

 SIMULATION STEP PERFORMED
 SOURCE  1:
    SEED1:     929790617   SEED2:   -1084499577
 Elapsed simulation  time in seconds: <SEC>
 ESTIMATION STEP OMITTED:                 YES
 Elapsed finaloutput time in seconds: <SEC>
  
1
 PROBLEM NO.:           1      SUBPROBLEM NO.:          58

 SIMULATION STEP PERFORMED
 SOURCE  1:
    SEED1:    1973493291   SEED2:             0
 Elapsed simulation  time in seconds: <SEC>
 ESTIMATION STEP OMITTED:                 YES
 Elapsed finaloutput time in seconds: <SEC>
  
1
 PROBLEM NO.:           1      SUBPROBLEM NO.:          59

 SIMULATION STEP PERFORMED
 SOURCE  1:
    SEED1:     562982261   SEED2:   -1108172368
 Elapsed simulation  time in seconds: <SEC>
 ESTIMATION STEP OMITTED:                 YES
 Elapsed finaloutput time in seconds: <SEC>
  
1
 PROBLEM NO.:           1      SUBPROBLEM NO.:          60

 SIMULATION STEP PERFORMED
 SOURCE  1:
    SEED1:    1031593327   SEED2:             0
 Elapsed simulation  time in seconds: <SEC>
 ESTIMATION STEP OMITTED:                 YES
 Elapsed finaloutput time in seconds: <SEC>
  
1
 PROBLEM NO.:           1      SUBPROBLEM NO.:          61

 SIMULATION STEP PERFORMED
 SOURCE  1:
    SEED1:    1189142415   SEED2:   -1085265467
 Elapsed simulation  time in seconds: <SEC>
 ESTIMATION STEP OMITTED:                 YES
 Elapsed finaloutput time in seconds: <SEC>
  
1
 PROBLEM NO.:           1      SUBPROBLEM NO.:          62

 SIMULATION STEP PERFORMED
 SOURCE  1:
    SEED1:     364736181   SEED2:             0
 Elapsed simulation  time in seconds: <SEC>
 ESTIMATION STEP OMITTED:                 YES
 Elapsed finaloutput time in seconds: <SEC>
  
1
 PROBLEM NO.:           1      SUBPROBLEM NO.:          63

 SIMULATION STEP PERFORMED
 SOURCE  1:
    SEED1:    1569555994   SEED2:   -1095899285
 Elapsed simulation  time in seconds: <SEC>
 ESTIMATION STEP OMITTED:                 YES
 Elapsed finaloutput time in seconds: <SEC>
  
1
 PROBLEM NO.:           1      SUBPROBLEM NO.:          64

 SIMULATION STEP PERFORMED
 SOURCE  1:
    SEED1:     908580532   SEED2:             0
 Elapsed simulation  time in seconds: <SEC>
 ESTIMATION STEP OMITTED:                 YES
 Elapsed finaloutput time in seconds: <SEC>
  
1
 PROBLEM NO.:           1      SUBPROBLEM NO.:          65

 SIMULATION STEP PERFORMED
 SOURCE  1:
    SEED1:    1565578209   SEED2:   -1100540791
 Elapsed simulation  time in seconds: <SEC>
 ESTIMATION STEP OMITTED:                 YES
 Elapsed finaloutput time in seconds: <SEC>
  
1
 PROBLEM NO.:           1      SUBPROBLEM NO.:          66

 SIMULATION STEP PERFORMED
 SOURCE  1:
    SEED1:    1693364992   SEED2:             0
 Elapsed simulation  time in seconds: <SEC>
 ESTIMATION STEP OMITTED:                 YES
 Elapsed finaloutput time in seconds: <SEC>
  
1
 PROBLEM NO.:           1      SUBPROBLEM NO.:          67

 SIMULATION STEP PERFORMED
 SOURCE  1:
    SEED1:    1812586284   SEED2:    1061165108
 Elapsed simulation  time in seconds: <SEC>
 ESTIMATION STEP OMITTED:                 YES
 Elapsed finaloutput time in seconds: <SEC>
  
1
 PROBLEM NO.:           1      SUBPROBLEM NO.:          68

 SIMULATION STEP PERFORMED
 SOURCE  1:
    SEED1:    1355077411   SEED2:             0
 Elapsed simulation  time in seconds: <SEC>
 ESTIMATION STEP OMITTED:                 YES
 Elapsed finaloutput time in seconds: <SEC>
  
1
 PROBLEM NO.:           1      SUBPROBLEM NO.:          69

 SIMULATION STEP PERFORMED
 SOURCE  1:
    SEED1:    1977345153   SEED2:    1059295898
 Elapsed simulation  time in seconds: <SEC>
 ESTIMATION STEP OMITTED:                 YES
 Elapsed finaloutput time in seconds: <SEC>
  
1
 PROBLEM NO.:           1      SUBPROBLEM NO.:          70

 SIMULATION STEP PERFORMED
 SOURCE  1:
    SEED1:    1181027558   SEED2:             0
 Elapsed simulation  time in seconds: <SEC>
 ESTIMATION STEP OMITTED:                 YES
 Elapsed finaloutput time in seconds: <SEC>
  
1
 PROBLEM NO.:           1      SUBPROBLEM NO.:          71

 SIMULATION STEP PERFORMED
 SOURCE  1:
    SEED1:    1778613458   SEED2:    1053153720
 Elapsed simulation  time in seconds: <SEC>
 ESTIMATION STEP OMITTED:                 YES
 Elapsed finaloutput time in seconds: <SEC>
  
1
 PROBLEM NO.:           1      SUBPROBLEM NO.:          72

 SIMULATION STEP PERFORMED
 SOURCE  1:
    SEED1:     613864876   SEED2:             0
 Elapsed simulation  time in seconds: <SEC>
 ESTIMATION STEP OMITTED:                 YES
 Elapsed finaloutput time in seconds: <SEC>
  
1
 PROBLEM NO.:           1      SUBPROBLEM NO.:          73

 SIMULATION STEP PERFORMED
 SOURCE  1:
    SEED1:    1691079898   SEED2:    1053384320
 Elapsed simulation  time in seconds: <SEC>
 ESTIMATION STEP OMITTED:                 YES
 Elapsed finaloutput time in seconds: <SEC>
  
1
 PROBLEM NO.:           1      SUBPROBLEM NO.:          74

 SIMULATION STEP PERFORMED
 SOURCE  1:
    SEED1:    1414340682   SEED2:             0
 Elapsed simulation  time in seconds: <SEC>
 ESTIMATION STEP OMITTED:                 YES
 Elapsed finaloutput time in seconds: <SEC>
  
1
 PROBLEM NO.:           1      SUBPROBLEM NO.:          75

 SIMULATION STEP PERFORMED
 SOURCE  1:
    SEED1:      42952994   SEED2:    1050045323
 Elapsed simulation  time in seconds: <SEC>
 ESTIMATION STEP OMITTED:                 YES
 Elapsed finaloutput time in seconds: <SEC>
  
1
 PROBLEM NO.:           1      SUBPROBLEM NO.:          76

 SIMULATION STEP PERFORMED
 SOURCE  1:
    SEED1:     878732772   SEED2:             0
 Elapsed simulation  time in seconds: <SEC>
 ESTIMATION STEP OMITTED:                 YES
 Elapsed finaloutput time in seconds: <SEC>
  
1
 PROBLEM NO.:           1      SUBPROBLEM NO.:          77

 SIMULATION STEP PERFORMED
 SOURCE  1:
    SEED1:    1602740230   SEED2:   -1124607152
 Elapsed simulation  time in seconds: <SEC>
 ESTIMATION STEP OMITTED:                 YES
 Elapsed finaloutput time in seconds: <SEC>
  
1
 PROBLEM NO.:           1      SUBPROBLEM NO.:          78

 SIMULATION STEP PERFORMED
 SOURCE  1:
    SEED1:     504393205   SEED2:             0
 Elapsed simulation  time in seconds: <SEC>
 ESTIMATION STEP OMITTED:                 YES
 Elapsed finaloutput time in seconds: <SEC>
  
1
 PROBLEM NO.:           1      SUBPROBLEM NO.:          79

 SIMULATION STEP PERFORMED
 SOURCE  1:
    SEED1:    1694382660   SEED2:    1022880540
 Elapsed simulation  time in seconds: <SEC>
 ESTIMATION STEP OMITTED:                 YES
 Elapsed finaloutput time in seconds: <SEC>
  
1
 PROBLEM NO.:           1      SUBPROBLEM NO.:          80

 SIMULATION STEP PERFORMED
 SOURCE  1:
    SEED1:    1254507703   SEED2:             0
 Elapsed simulation  time in seconds: <SEC>
 ESTIMATION STEP OMITTED:                 YES
 Elapsed finaloutput time in seconds: <SEC>
  
1
 PROBLEM NO.:           1      SUBPROBLEM NO.:          81

 SIMULATION STEP PERFORMED
 SOURCE  1:
    SEED1:     527234239   SEED2:    1025008897
 Elapsed simulation  time in seconds: <SEC>
 ESTIMATION STEP OMITTED:                 YES
 Elapsed finaloutput time in seconds: <SEC>
  
1
 PROBLEM NO.:           1      SUBPROBLEM NO.:          82

 SIMULATION STEP PERFORMED
 SOURCE  1:
    SEED1:     575887530   SEED2:             0
 Elapsed simulation  time in seconds: <SEC>
 ESTIMATION STEP OMITTED:                 YES
 Elapsed finaloutput time in seconds: <SEC>
  
1
 PROBLEM NO.:           1      SUBPROBLEM NO.:          83

 SIMULATION STEP PERFORMED
 SOURCE  1:
    SEED1:    1226143700   SEED2:   -1079172138
 Elapsed simulation  time in seconds: <SEC>
 ESTIMATION STEP OMITTED:                 YES
 Elapsed finaloutput time in seconds: <SEC>
  
1
 PROBLEM NO.:           1      SUBPROBLEM NO.:          84

 SIMULATION STEP PERFORMED
 SOURCE  1:
    SEED1:     919301683   SEED2:             0
 Elapsed simulation  time in seconds: <SEC>
 ESTIMATION STEP OMITTED:                 YES
 Elapsed finaloutput time in seconds: <SEC>
  
1
 PROBLEM NO.:           1      SUBPROBLEM NO.:          85

 SIMULATION STEP PERFORMED
 SOURCE  1:
    SEED1:    1265593196   SEED2:   -1097821583
 Elapsed simulation  time in seconds: <SEC>
 ESTIMATION STEP OMITTED:                 YES
 Elapsed finaloutput time in seconds: <SEC>
  
1
 PROBLEM NO.:           1      SUBPROBLEM NO.:          86

 SIMULATION STEP PERFORMED
 SOURCE  1:
    SEED1:    2032700171   SEED2:             0
 Elapsed simulation  time in seconds: <SEC>
 ESTIMATION STEP OMITTED:                 YES
 Elapsed finaloutput time in seconds: <SEC>
  
1
 PROBLEM NO.:           1      SUBPROBLEM NO.:          87

 SIMULATION STEP PERFORMED
 SOURCE  1:
    SEED1:    1497089759   SEED2:   -1092308181
 Elapsed simulation  time in seconds: <SEC>
 ESTIMATION STEP OMITTED:                 YES
 Elapsed finaloutput time in seconds: <SEC>
  
1
 PROBLEM NO.:           1      SUBPROBLEM NO.:          88

 SIMULATION STEP PERFORMED
 SOURCE  1:
    SEED1:    2024823339   SEED2:             0
 Elapsed simulation  time in seconds: <SEC>
 ESTIMATION STEP OMITTED:                 YES
 Elapsed finaloutput time in seconds: <SEC>
  
1
 PROBLEM NO.:           1      SUBPROBLEM NO.:          89

 SIMULATION STEP PERFORMED
 SOURCE  1:
    SEED1:     831811409   SEED2:   -1089398320
 Elapsed simulation  time in seconds: <SEC>
 ESTIMATION STEP OMITTED:                 YES
 Elapsed finaloutput time in seconds: <SEC>
  
1
 PROBLEM NO.:           1      SUBPROBLEM NO.:          90

 SIMULATION STEP PERFORMED
 SOURCE  1:
    SEED1:     323992247   SEED2:             0
 Elapsed simulation  time in seconds: <SEC>
 ESTIMATION STEP OMITTED:                 YES
 Elapsed finaloutput time in seconds: <SEC>
  
1
 PROBLEM NO.:           1      SUBPROBLEM NO.:          91

 SIMULATION STEP PERFORMED
 SOURCE  1:
    SEED1:     701857724   SEED2:   -1087155041
 Elapsed simulation  time in seconds: <SEC>
 ESTIMATION STEP OMITTED:                 YES
 Elapsed finaloutput time in seconds: <SEC>
  
1
 PROBLEM NO.:           1      SUBPROBLEM NO.:          92

 SIMULATION STEP PERFORMED
 SOURCE  1:
    SEED1:     286668898   SEED2:             0
 Elapsed simulation  time in seconds: <SEC>
 ESTIMATION STEP OMITTED:                 YES
 Elapsed finaloutput time in seconds: <SEC>
  
1
 PROBLEM NO.:           1      SUBPROBLEM NO.:          93

 SIMULATION STEP PERFORMED
 SOURCE  1:
    SEED1:    1568688206   SEED2:   -1104420209
 Elapsed simulation  time in seconds: <SEC>
 ESTIMATION STEP OMITTED:                 YES
 Elapsed finaloutput time in seconds: <SEC>
  
1
 PROBLEM NO.:           1      SUBPROBLEM NO.:          94

 SIMULATION STEP PERFORMED
 SOURCE  1:
    SEED1:     645104217   SEED2:             0
 Elapsed simulation  time in seconds: <SEC>
 ESTIMATION STEP OMITTED:                 YES
 Elapsed finaloutput time in seconds: <SEC>
  
1
 PROBLEM NO.:           1      SUBPROBLEM NO.:          95

 SIMULATION STEP PERFORMED
 SOURCE  1:
    SEED1:    1481776901   SEED2:   -1092641778
 Elapsed simulation  time in seconds: <SEC>
 ESTIMATION STEP OMITTED:                 YES
 Elapsed finaloutput time in seconds: <SEC>
  
1
 PROBLEM NO.:           1      SUBPROBLEM NO.:          96

 SIMULATION STEP PERFORMED
 SOURCE  1:
    SEED1:    1684162158   SEED2:             0
 Elapsed simulation  time in seconds: <SEC>
 ESTIMATION STEP OMITTED:                 YES
 Elapsed finaloutput time in seconds: <SEC>
  
1
 PROBLEM NO.:           1      SUBPROBLEM NO.:          97

 SIMULATION STEP PERFORMED
 SOURCE  1:
    SEED1:    1726694324   SEED2:    1044399269
 Elapsed simulation  time in seconds: <SEC>
 ESTIMATION STEP OMITTED:                 YES
 Elapsed finaloutput time in seconds: <SEC>
  
1
 PROBLEM NO.:           1      SUBPROBLEM NO.:          98

 SIMULATION STEP PERFORMED
 SOURCE  1:
    SEED1:     545321793   SEED2:             0
 Elapsed simulation  time in seconds: <SEC>
 ESTIMATION STEP OMITTED:                 YES
 Elapsed finaloutput time in seconds: <SEC>
  
1
 PROBLEM NO.:           1      SUBPROBLEM NO.:          99

 SIMULATION STEP PERFORMED
 SOURCE  1:
    SEED1:     416218023   SEED2:    1044094012
 Elapsed simulation  time in seconds: <SEC>
 ESTIMATION STEP OMITTED:                 YES
 Elapsed finaloutput time in seconds: <SEC>
  
1
 PROBLEM NO.:           1      SUBPROBLEM NO.:         100

 SIMULATION STEP PERFORMED
 SOURCE  1:
    SEED1:    2067428146   SEED2:             0
 Elapsed simulation  time in seconds: <SEC>
 ESTIMATION STEP OMITTED:                 YES
 Elapsed finaloutput time in seconds: <SEC>
  
1
 PROBLEM NO.:           1      SUBPROBLEM NO.:         101

 SIMULATION STEP PERFORMED
 SOURCE  1:
    SEED1:    2083692524   SEED2:    1071198974
 Elapsed simulation  time in seconds: <SEC>
 ESTIMATION STEP OMITTED:                 YES
 Elapsed finaloutput time in seconds: <SEC>
  
1
 PROBLEM NO.:           1      SUBPROBLEM NO.:         102

 SIMULATION STEP PERFORMED
 SOURCE  1:
    SEED1:     257969322   SEED2:             0
 Elapsed simulation  time in seconds: <SEC>
 ESTIMATION STEP OMITTED:                 YES
 Elapsed finaloutput time in seconds: <SEC>
  
1
 PROBLEM NO.:           1      SUBPROBLEM NO.:         103

 SIMULATION STEP PERFORMED
 SOURCE  1:
    SEED1:    1457600340   SEED2:   -1086204874
 Elapsed simulation  time in seconds: <SEC>
 ESTIMATION STEP OMITTED:                 YES
 Elapsed finaloutput time in seconds: <SEC>
  
1
 PROBLEM NO.:           1      SUBPROBLEM NO.:         104

 SIMULATION STEP PERFORMED
 SOURCE  1:
    SEED1:    1101787923   SEED2:             0
 Elapsed simulation  time in seconds: <SEC>
 ESTIMATION STEP OMITTED:                 YES
 Elapsed finaloutput time in seconds: <SEC>
  
1
 PROBLEM NO.:           1      SUBPROBLEM NO.:         105

 SIMULATION STEP PERFORMED
 SOURCE  1:
    SEED1:    1813439847   SEED2:    1059080681
 Elapsed simulation  time in seconds: <SEC>
 ESTIMATION STEP OMITTED:                 YES
 Elapsed finaloutput time in seconds: <SEC>
  
1
 PROBLEM NO.:           1      SUBPROBLEM NO.:         106

 SIMULATION STEP PERFORMED
 SOURCE  1:
    SEED1:     627836195   SEED2:             0
 Elapsed simulation  time in seconds: <SEC>
 ESTIMATION STEP OMITTED:                 YES
 Elapsed finaloutput time in seconds: <SEC>
  
1
 PROBLEM NO.:           1      SUBPROBLEM NO.:         107

 SIMULATION STEP PERFORMED
 SOURCE  1:
    SEED1:    1403759163   SEED2:   -1096526900
 Elapsed simulation  time in seconds: <SEC>
 ESTIMATION STEP OMITTED:                 YES
 Elapsed finaloutput time in seconds: <SEC>
  
1
 PROBLEM NO.:           1      SUBPROBLEM NO.:         108

 SIMULATION STEP PERFORMED
 SOURCE  1:
    SEED1:    1407033322   SEED2:             0
 Elapsed simulation  time in seconds: <SEC>
 ESTIMATION STEP OMITTED:                 YES
 Elapsed finaloutput time in seconds: <SEC>
  
1
 PROBLEM NO.:           1      SUBPROBLEM NO.:         109

 SIMULATION STEP PERFORMED
 SOURCE  1:
    SEED1:       8168576   SEED2:    1073095284
 Elapsed simulation  time in seconds: <SEC>
 ESTIMATION STEP OMITTED:                 YES
 Elapsed finaloutput time in seconds: <SEC>
  
1
 PROBLEM NO.:           1      SUBPROBLEM NO.:         110

 SIMULATION STEP PERFORMED
 SOURCE  1:
    SEED1:      31409601   SEED2:             0
 Elapsed simulation  time in seconds: <SEC>
 ESTIMATION STEP OMITTED:                 YES
 Elapsed finaloutput time in seconds: <SEC>
  
1
 PROBLEM NO.:           1      SUBPROBLEM NO.:         111

 SIMULATION STEP PERFORMED
 SOURCE  1:
    SEED1:    1698962061   SEED2:    1050562598
 Elapsed simulation  time in seconds: <SEC>
 ESTIMATION STEP OMITTED:                 YES
 Elapsed finaloutput time in seconds: <SEC>
  
1
 PROBLEM NO.:           1      SUBPROBLEM NO.:         112

 SIMULATION STEP PERFORMED
 SOURCE  1:
    SEED1:     900851024   SEED2:             0
 Elapsed simulation  time in seconds: <SEC>
 ESTIMATION STEP OMITTED:                 YES
 Elapsed finaloutput time in seconds: <SEC>
  
1
 PROBLEM NO.:           1      SUBPROBLEM NO.:         113

 SIMULATION STEP PERFORMED
 SOURCE  1:
    SEED1:    1219620652   SEED2:   -1093105570
 Elapsed simulation  time in seconds: <SEC>
 ESTIMATION STEP OMITTED:                 YES
 Elapsed finaloutput time in seconds: <SEC>
  
1
 PROBLEM NO.:           1      SUBPROBLEM NO.:         114

 SIMULATION STEP PERFORMED
 SOURCE  1:
    SEED1:     963663854   SEED2:             0
 Elapsed simulation  time in seconds: <SEC>
 ESTIMATION STEP OMITTED:                 YES
 Elapsed finaloutput time in seconds: <SEC>
  
1
 PROBLEM NO.:           1      SUBPROBLEM NO.:         115

 SIMULATION STEP PERFORMED
 SOURCE  1:
    SEED1:    1035031073   SEED2:   -1081541520
 Elapsed simulation  time in seconds: <SEC>
 ESTIMATION STEP OMITTED:                 YES
 Elapsed finaloutput time in seconds: <SEC>
  
1
 PROBLEM NO.:           1      SUBPROBLEM NO.:         116

 SIMULATION STEP PERFORMED
 SOURCE  1:
    SEED1:    1561024545   SEED2:             0
 Elapsed simulation  time in seconds: <SEC>
 ESTIMATION STEP OMITTED:                 YES
 Elapsed finaloutput time in seconds: <SEC>
  
1
 PROBLEM NO.:           1      SUBPROBLEM NO.:         117

 SIMULATION STEP PERFORMED
 SOURCE  1:
    SEED1:    1311768402   SEED2:   -1075824722
 Elapsed simulation  time in seconds: <SEC>
 ESTIMATION STEP OMITTED:                 YES
 Elapsed finaloutput time in seconds: <SEC>
  
1
 PROBLEM NO.:           1      SUBPROBLEM NO.:         118

 SIMULATION STEP PERFORMED
 SOURCE  1:
    SEED1:    1474305310   SEED2:             0
 Elapsed simulation  time in seconds: <SEC>
 ESTIMATION STEP OMITTED:                 YES
 Elapsed finaloutput time in seconds: <SEC>
  
1
 PROBLEM NO.:           1      SUBPROBLEM NO.:         119

 SIMULATION STEP PERFORMED
 SOURCE  1:
    SEED1:    1699616791   SEED2:    1051194557
 Elapsed simulation  time in seconds: <SEC>
 ESTIMATION STEP OMITTED:                 YES
 Elapsed finaloutput time in seconds: <SEC>
  
1
 PROBLEM NO.:           1      SUBPROBLEM NO.:         120

 SIMULATION STEP PERFORMED
 SOURCE  1:
    SEED1:    1710381136   SEED2:             0
 Elapsed simulation  time in seconds: <SEC>
 ESTIMATION STEP OMITTED:                 YES
 Elapsed finaloutput time in seconds: <SEC>
  
1
 PROBLEM NO.:           1      SUBPROBLEM NO.:         121

 SIMULATION STEP PERFORMED
 SOURCE  1:
    SEED1:     439254059   SEED2:    1056415982
 Elapsed simulation  time in seconds: <SEC>
 ESTIMATION STEP OMITTED:                 YES
 Elapsed finaloutput time in seconds: <SEC>
  
1
 PROBLEM NO.:           1      SUBPROBLEM NO.:         122

 SIMULATION STEP PERFORMED
 SOURCE  1:
    SEED1:    1960126334   SEED2:             0
 Elapsed simulation  time in seconds: <SEC>
 ESTIMATION STEP OMITTED:                 YES
 Elapsed finaloutput time in seconds: <SEC>
  
1
 PROBLEM NO.:           1      SUBPROBLEM NO.:         123

 SIMULATION STEP PERFORMED
 SOURCE  1:
    SEED1:    1953574221   SEED2:    1063422102
 Elapsed simulation  time in seconds: <SEC>
 ESTIMATION STEP OMITTED:                 YES
 Elapsed finaloutput time in seconds: <SEC>
  
1
 PROBLEM NO.:           1      SUBPROBLEM NO.:         124

 SIMULATION STEP PERFORMED
 SOURCE  1:
    SEED1:     691556943   SEED2:             0
 Elapsed simulation  time in seconds: <SEC>
 ESTIMATION STEP OMITTED:                 YES
 Elapsed finaloutput time in seconds: <SEC>
  
1
 PROBLEM NO.:           1      SUBPROBLEM NO.:         125

 SIMULATION STEP PERFORMED
 SOURCE  1:
    SEED1:    1398886988   SEED2:   -1094525704
 Elapsed simulation  time in seconds: <SEC>
 ESTIMATION STEP OMITTED:                 YES
 Elapsed finaloutput time in seconds: <SEC>
  
1
 PROBLEM NO.:           1      SUBPROBLEM NO.:         126

 SIMULATION STEP PERFORMED
 SOURCE  1:
    SEED1:    1614856441   SEED2:             0
 Elapsed simulation  time in seconds: <SEC>
 ESTIMATION STEP OMITTED:                 YES
 Elapsed finaloutput time in seconds: <SEC>
  
1
 PROBLEM NO.:           1      SUBPROBLEM NO.:         127

 SIMULATION STEP PERFORMED
 SOURCE  1:
    SEED1:    1850805783   SEED2:    1067534704
 Elapsed simulation  time in seconds: <SEC>
 ESTIMATION STEP OMITTED:                 YES
 Elapsed finaloutput time in seconds: <SEC>
  
1
 PROBLEM NO.:           1      SUBPROBLEM NO.:         128

 SIMULATION STEP PERFORMED
 SOURCE  1:
    SEED1:     341472032   SEED2:             0
 Elapsed simulation  time in seconds: <SEC>
 ESTIMATION STEP OMITTED:                 YES
 Elapsed finaloutput time in seconds: <SEC>
  
1
 PROBLEM NO.:           1      SUBPROBLEM NO.:         129

 SIMULATION STEP PERFORMED
 SOURCE  1:
    SEED1:    1136465403   SEED2:   -1077361783
 Elapsed simulation  time in seconds: <SEC>
 ESTIMATION STEP OMITTED:                 YES
 Elapsed finaloutput time in seconds: <SEC>
  
1
 PROBLEM NO.:           1      SUBPROBLEM NO.:         130

 SIMULATION STEP PERFORMED
 SOURCE  1:
    SEED1:      78119286   SEED2:             0
 Elapsed simulation  time in seconds: <SEC>
 ESTIMATION STEP OMITTED:                 YES
 Elapsed finaloutput time in seconds: <SEC>
  
1
 PROBLEM NO.:           1      SUBPROBLEM NO.:         131

 SIMULATION STEP PERFORMED
 SOURCE  1:
    SEED1:    1630817895   SEED2:    1041809709
 Elapsed simulation  time in seconds: <SEC>
 ESTIMATION STEP OMITTED:                 YES
 Elapsed finaloutput time in seconds: <SEC>
  
1
 PROBLEM NO.:           1      SUBPROBLEM NO.:         132

 SIMULATION STEP PERFORMED
 SOURCE  1:
    SEED1:    1907814548   SEED2:             0
 Elapsed simulation  time in seconds: <SEC>
 ESTIMATION STEP OMITTED:                 YES
 Elapsed finaloutput time in seconds: <SEC>
  
1
 PROBLEM NO.:           1      SUBPROBLEM NO.:         133

 SIMULATION STEP PERFORMED
 SOURCE  1:
    SEED1:    1621863680   SEED2:    1003343225
 Elapsed simulation  time in seconds: <SEC>
 ESTIMATION STEP OMITTED:                 YES
 Elapsed finaloutput time in seconds: <SEC>
  
1
 PROBLEM NO.:           1      SUBPROBLEM NO.:         134

 SIMULATION STEP PERFORMED
 SOURCE  1:
    SEED1:     219747094   SEED2:             0
 Elapsed simulation  time in seconds: <SEC>
 ESTIMATION STEP OMITTED:                 YES
 Elapsed finaloutput time in seconds: <SEC>
  
1
 PROBLEM NO.:           1      SUBPROBLEM NO.:         135

 SIMULATION STEP PERFORMED
 SOURCE  1:
    SEED1:     591125191   SEED2:   -1097331949
 Elapsed simulation  time in seconds: <SEC>
 ESTIMATION STEP OMITTED:                 YES
 Elapsed finaloutput time in seconds: <SEC>
  
1
 PROBLEM NO.:           1      SUBPROBLEM NO.:         136

 SIMULATION STEP PERFORMED
 SOURCE  1:
    SEED1:    1225672177   SEED2:             0
 Elapsed simulation  time in seconds: <SEC>
 ESTIMATION STEP OMITTED:                 YES
 Elapsed finaloutput time in seconds: <SEC>
  
1
 PROBLEM NO.:           1      SUBPROBLEM NO.:         137

 SIMULATION STEP PERFORMED
 SOURCE  1:
    SEED1:    1844112357   SEED2:    1053259109
 Elapsed simulation  time in seconds: <SEC>
 ESTIMATION STEP OMITTED:                 YES
 Elapsed finaloutput time in seconds: <SEC>
  
1
 PROBLEM NO.:           1      SUBPROBLEM NO.:         138

 SIMULATION STEP PERFORMED
 SOURCE  1:
    SEED1:    2128280205   SEED2:             0
 Elapsed simulation  time in seconds: <SEC>
 ESTIMATION STEP OMITTED:                 YES
 Elapsed finaloutput time in seconds: <SEC>
  
1
 PROBLEM NO.:           1      SUBPROBLEM NO.:         139

 SIMULATION STEP PERFORMED
 SOURCE  1:
    SEED1:    1803531526   SEED2:    1061774752
 Elapsed simulation  time in seconds: <SEC>
 ESTIMATION STEP OMITTED:                 YES
 Elapsed finaloutput time in seconds: <SEC>
  
1
 PROBLEM NO.:           1      SUBPROBLEM NO.:         140

 SIMULATION STEP PERFORMED
 SOURCE  1:
    SEED1:     652755966   SEED2:             0
 Elapsed simulation  time in seconds: <SEC>
 ESTIMATION STEP OMITTED:                 YES
 Elapsed finaloutput time in seconds: <SEC>
  
1
 PROBLEM NO.:           1      SUBPROBLEM NO.:         141

 SIMULATION STEP PERFORMED
 SOURCE  1:
    SEED1:    1423475657   SEED2:   -1082206453
 Elapsed simulation  time in seconds: <SEC>
 ESTIMATION STEP OMITTED:                 YES
 Elapsed finaloutput time in seconds: <SEC>
  
1
 PROBLEM NO.:           1      SUBPROBLEM NO.:         142

 SIMULATION STEP PERFORMED
 SOURCE  1:
    SEED1:    1644306192   SEED2:             0
 Elapsed simulation  time in seconds: <SEC>
 ESTIMATION STEP OMITTED:                 YES
 Elapsed finaloutput time in seconds: <SEC>
  
1
 PROBLEM NO.:           1      SUBPROBLEM NO.:         143

 SIMULATION STEP PERFORMED
 SOURCE  1:
    SEED1:    1006579744   SEED2:   -1095026385
 Elapsed simulation  time in seconds: <SEC>
 ESTIMATION STEP OMITTED:                 YES
 Elapsed finaloutput time in seconds: <SEC>
  
1
 PROBLEM NO.:           1      SUBPROBLEM NO.:         144

 SIMULATION STEP PERFORMED
 SOURCE  1:
    SEED1:    1374580787   SEED2:             0
 Elapsed simulation  time in seconds: <SEC>
 ESTIMATION STEP OMITTED:                 YES
 Elapsed finaloutput time in seconds: <SEC>
  
1
 PROBLEM NO.:           1      SUBPROBLEM NO.:         145

 SIMULATION STEP PERFORMED
 SOURCE  1:
    SEED1:    1307301826   SEED2:   -1082456239
 Elapsed simulation  time in seconds: <SEC>
 ESTIMATION STEP OMITTED:                 YES
 Elapsed finaloutput time in seconds: <SEC>
  
1
 PROBLEM NO.:           1      SUBPROBLEM NO.:         146

 SIMULATION STEP PERFORMED
 SOURCE  1:
    SEED1:    1692176142   SEED2:             0
 Elapsed simulation  time in seconds: <SEC>
 ESTIMATION STEP OMITTED:                 YES
 Elapsed finaloutput time in seconds: <SEC>
  
1
 PROBLEM NO.:           1      SUBPROBLEM NO.:         147

 SIMULATION STEP PERFORMED
 SOURCE  1:
    SEED1:      43009193   SEED2:    1067627869
 Elapsed simulation  time in seconds: <SEC>
 ESTIMATION STEP OMITTED:                 YES
 Elapsed finaloutput time in seconds: <SEC>
  
1
 PROBLEM NO.:           1      SUBPROBLEM NO.:         148

 SIMULATION STEP PERFORMED
 SOURCE  1:
    SEED1:     829635677   SEED2:             0
 Elapsed simulation  time in seconds: <SEC>
 ESTIMATION STEP OMITTED:                 YES
 Elapsed finaloutput time in seconds: <SEC>
  
1
 PROBLEM NO.:           1      SUBPROBLEM NO.:         149

 SIMULATION STEP PERFORMED
 SOURCE  1:
    SEED1:    1083815717   SEED2:   -1072758340
 Elapsed simulation  time in seconds: <SEC>
 ESTIMATION STEP OMITTED:                 YES
 Elapsed finaloutput time in seconds: <SEC>
  
1
 PROBLEM NO.:           1      SUBPROBLEM NO.:         150

 SIMULATION STEP PERFORMED
 SOURCE  1:
    SEED1:    1102417604   SEED2:             0
 Elapsed simulation  time in seconds: <SEC>
 ESTIMATION STEP OMITTED:                 YES
 Elapsed finaloutput time in seconds: <SEC>
  
1
 PROBLEM NO.:           1      SUBPROBLEM NO.:         151

 SIMULATION STEP PERFORMED
 SOURCE  1:
    SEED1:    1334447166   SEED2:   -1082341509
 Elapsed simulation  time in seconds: <SEC>
 ESTIMATION STEP OMITTED:                 YES
 Elapsed finaloutput time in seconds: <SEC>
  
1
 PROBLEM NO.:           1      SUBPROBLEM NO.:         152

 SIMULATION STEP PERFORMED
 SOURCE  1:
    SEED1:    1900298622   SEED2:             0
 Elapsed simulation  time in seconds: <SEC>
 ESTIMATION STEP OMITTED:                 YES
 Elapsed finaloutput time in seconds: <SEC>
  
1
 PROBLEM NO.:           1      SUBPROBLEM NO.:         153

 SIMULATION STEP PERFORMED
 SOURCE  1:
    SEED1:    2030692113   SEED2:    1065610779
 Elapsed simulation  time in seconds: <SEC>
 ESTIMATION STEP OMITTED:                 YES
 Elapsed finaloutput time in seconds: <SEC>
  
1
 PROBLEM NO.:           1      SUBPROBLEM NO.:         154

 SIMULATION STEP PERFORMED
 SOURCE  1:
    SEED1:    1500706959   SEED2:             0
 Elapsed simulation  time in seconds: <SEC>
 ESTIMATION STEP OMITTED:                 YES
 Elapsed finaloutput time in seconds: <SEC>
  
1
 PROBLEM NO.:           1      SUBPROBLEM NO.:         155

 SIMULATION STEP PERFORMED
 SOURCE  1:
    SEED1:    1906414389   SEED2:    1065124857
 Elapsed simulation  time in seconds: <SEC>
 ESTIMATION STEP OMITTED:                 YES
 Elapsed finaloutput time in seconds: <SEC>
  
1
 PROBLEM NO.:           1      SUBPROBLEM NO.:         156

 SIMULATION STEP PERFORMED
 SOURCE  1:
    SEED1:    1706897325   SEED2:             0
 Elapsed simulation  time in seconds: <SEC>
 ESTIMATION STEP OMITTED:                 YES
 Elapsed finaloutput time in seconds: <SEC>
  
1
 PROBLEM NO.:           1      SUBPROBLEM NO.:         157

 SIMULATION STEP PERFORMED
 SOURCE  1:
    SEED1:    2124113721   SEED2:    1066586347
 Elapsed simulation  time in seconds: <SEC>
 ESTIMATION STEP OMITTED:                 YES
 Elapsed finaloutput time in seconds: <SEC>
  
1
 PROBLEM NO.:           1      SUBPROBLEM NO.:         158

 SIMULATION STEP PERFORMED
 SOURCE  1:
    SEED1:    2082471630   SEED2:             0
 Elapsed simulation  time in seconds: <SEC>
 ESTIMATION STEP OMITTED:                 YES
 Elapsed finaloutput time in seconds: <SEC>
  
1
 PROBLEM NO.:           1      SUBPROBLEM NO.:         159

 SIMULATION STEP PERFORMED
 SOURCE  1:
    SEED1:    1243436442   SEED2:   -1082491876
 Elapsed simulation  time in seconds: <SEC>
 ESTIMATION STEP OMITTED:                 YES
 Elapsed finaloutput time in seconds: <SEC>
  
1
 PROBLEM NO.:           1      SUBPROBLEM NO.:         160

 SIMULATION STEP PERFORMED
 SOURCE  1:
    SEED1:     933924393   SEED2:             0
 Elapsed simulation  time in seconds: <SEC>
 ESTIMATION STEP OMITTED:                 YES
 Elapsed finaloutput time in seconds: <SEC>
  
1
 PROBLEM NO.:           1      SUBPROBLEM NO.:         161

 SIMULATION STEP PERFORMED
 SOURCE  1:
    SEED1:     876554012   SEED2:   -1085581196
 Elapsed simulation  time in seconds: <SEC>
 ESTIMATION STEP OMITTED:                 YES
 Elapsed finaloutput time in seconds: <SEC>
  
1
 PROBLEM NO.:           1      SUBPROBLEM NO.:         162

 SIMULATION STEP PERFORMED
 SOURCE  1:
    SEED1:     422848092   SEED2:             0
 Elapsed simulation  time in seconds: <SEC>
 ESTIMATION STEP OMITTED:                 YES
 Elapsed finaloutput time in seconds: <SEC>
  
1
 PROBLEM NO.:           1      SUBPROBLEM NO.:         163

 SIMULATION STEP PERFORMED
 SOURCE  1:
    SEED1:     312424107   SEED2:    1049023009
 Elapsed simulation  time in seconds: <SEC>
 ESTIMATION STEP OMITTED:                 YES
 Elapsed finaloutput time in seconds: <SEC>
  
1
 PROBLEM NO.:           1      SUBPROBLEM NO.:         164

 SIMULATION STEP PERFORMED
 SOURCE  1:
    SEED1:    1158953551   SEED2:             0
 Elapsed simulation  time in seconds: <SEC>
 ESTIMATION STEP OMITTED:                 YES
 Elapsed finaloutput time in seconds: <SEC>
  
1
 PROBLEM NO.:           1      SUBPROBLEM NO.:         165

 SIMULATION STEP PERFORMED
 SOURCE  1:
    SEED1:     527929287   SEED2:    1013779399
 Elapsed simulation  time in seconds: <SEC>
 ESTIMATION STEP OMITTED:                 YES
 Elapsed finaloutput time in seconds: <SEC>
  
1
 PROBLEM NO.:           1      SUBPROBLEM NO.:         166

 SIMULATION STEP PERFORMED
 SOURCE  1:
    SEED1:     496420973   SEED2:             0
 Elapsed simulation  time in seconds: <SEC>
 ESTIMATION STEP OMITTED:                 YES
 Elapsed finaloutput time in seconds: <SEC>
  
1
 PROBLEM NO.:           1      SUBPROBLEM NO.:         167

 SIMULATION STEP PERFORMED
 SOURCE  1:
    SEED1:    1941110916   SEED2:    1062050638
 Elapsed simulation  time in seconds: <SEC>
 ESTIMATION STEP OMITTED:                 YES
 Elapsed finaloutput time in seconds: <SEC>
  
1
 PROBLEM NO.:           1      SUBPROBLEM NO.:         168

 SIMULATION STEP PERFORMED
 SOURCE  1:
    SEED1:    1832676775   SEED2:             0
 Elapsed simulation  time in seconds: <SEC>
 ESTIMATION STEP OMITTED:                 YES
 Elapsed finaloutput time in seconds: <SEC>
  
1
 PROBLEM NO.:           1      SUBPROBLEM NO.:         169

 SIMULATION STEP PERFORMED
 SOURCE  1:
    SEED1:    1482728942   SEED2:   -1082026679
 Elapsed simulation  time in seconds: <SEC>
 ESTIMATION STEP OMITTED:                 YES
 Elapsed finaloutput time in seconds: <SEC>
  
1
 PROBLEM NO.:           1      SUBPROBLEM NO.:         170

 SIMULATION STEP PERFORMED
 SOURCE  1:
    SEED1:    1068291550   SEED2:             0
 Elapsed simulation  time in seconds: <SEC>
 ESTIMATION STEP OMITTED:                 YES
 Elapsed finaloutput time in seconds: <SEC>
  
1
 PROBLEM NO.:           1      SUBPROBLEM NO.:         171

 SIMULATION STEP PERFORMED
 SOURCE  1:
    SEED1:    1657946972   SEED2:    1041506254
 Elapsed simulation  time in seconds: <SEC>
 ESTIMATION STEP OMITTED:                 YES
 Elapsed finaloutput time in seconds: <SEC>
  
1
 PROBLEM NO.:           1      SUBPROBLEM NO.:         172

 SIMULATION STEP PERFORMED
 SOURCE  1:
    SEED1:     364171148   SEED2:             0
 Elapsed simulation  time in seconds: <SEC>
 ESTIMATION STEP OMITTED:                 YES
 Elapsed finaloutput time in seconds: <SEC>
  
1
 PROBLEM NO.:           1      SUBPROBLEM NO.:         173

 SIMULATION STEP PERFORMED
 SOURCE  1:
    SEED1:    1509401711   SEED2:   -1093139086
 Elapsed simulation  time in seconds: <SEC>
 ESTIMATION STEP OMITTED:                 YES
 Elapsed finaloutput time in seconds: <SEC>
  
1
 PROBLEM NO.:           1      SUBPROBLEM NO.:         174

 SIMULATION STEP PERFORMED
 SOURCE  1:
    SEED1:    1841426631   SEED2:             0
 Elapsed simulation  time in seconds: <SEC>
 ESTIMATION STEP OMITTED:                 YES
 Elapsed finaloutput time in seconds: <SEC>
  
1
 PROBLEM NO.:           1      SUBPROBLEM NO.:         175

 SIMULATION STEP PERFORMED
 SOURCE  1:
    SEED1:      67847050   SEED2:    1062507260
 Elapsed simulation  time in seconds: <SEC>
 ESTIMATION STEP OMITTED:                 YES
 Elapsed finaloutput time in seconds: <SEC>
  
1
 PROBLEM NO.:           1      SUBPROBLEM NO.:         176

 SIMULATION STEP PERFORMED
 SOURCE  1:
    SEED1:    2030742415   SEED2:             0
 Elapsed simulation  time in seconds: <SEC>
 ESTIMATION STEP OMITTED:                 YES
 Elapsed finaloutput time in seconds: <SEC>
  
1
 PROBLEM NO.:           1      SUBPROBLEM NO.:         177

 SIMULATION STEP PERFORMED
 SOURCE  1:
    SEED1:    1419291833   SEED2:   -1091230360
 Elapsed simulation  time in seconds: <SEC>
 ESTIMATION STEP OMITTED:                 YES
 Elapsed finaloutput time in seconds: <SEC>
  
1
 PROBLEM NO.:           1      SUBPROBLEM NO.:         178

 SIMULATION STEP PERFORMED
 SOURCE  1:
    SEED1:    1673239024   SEED2:             0
 Elapsed simulation  time in seconds: <SEC>
 ESTIMATION STEP OMITTED:                 YES
 Elapsed finaloutput time in seconds: <SEC>
  
1
 PROBLEM NO.:           1      SUBPROBLEM NO.:         179

 SIMULATION STEP PERFORMED
 SOURCE  1:
    SEED1:    1001230836   SEED2:   -1072890219
 Elapsed simulation  time in seconds: <SEC>
 ESTIMATION STEP OMITTED:                 YES
 Elapsed finaloutput time in seconds: <SEC>
  
1
 PROBLEM NO.:           1      SUBPROBLEM NO.:         180

 SIMULATION STEP PERFORMED
 SOURCE  1:
    SEED1:    1533124154   SEED2:             0
 Elapsed simulation  time in seconds: <SEC>
 ESTIMATION STEP OMITTED:                 YES
 Elapsed finaloutput time in seconds: <SEC>
  
1
 PROBLEM NO.:           1      SUBPROBLEM NO.:         181

 SIMULATION STEP PERFORMED
 SOURCE  1:
    SEED1:    2022918775   SEED2:    1071673076
 Elapsed simulation  time in seconds: <SEC>
 ESTIMATION STEP OMITTED:                 YES
 Elapsed finaloutput time in seconds: <SEC>
  
1
 PROBLEM NO.:           1      SUBPROBLEM NO.:         182

 SIMULATION STEP PERFORMED
 SOURCE  1:
    SEED1:     852546856   SEED2:             0
 Elapsed simulation  time in seconds: <SEC>
 ESTIMATION STEP OMITTED:                 YES
 Elapsed finaloutput time in seconds: <SEC>
  
1
 PROBLEM NO.:           1      SUBPROBLEM NO.:         183

 SIMULATION STEP PERFORMED
 SOURCE  1:
    SEED1:     554398680   SEED2:   -1108650173
 Elapsed simulation  time in seconds: <SEC>
 ESTIMATION STEP OMITTED:                 YES
 Elapsed finaloutput time in seconds: <SEC>
  
1
 PROBLEM NO.:           1      SUBPROBLEM NO.:         184

 SIMULATION STEP PERFORMED
 SOURCE  1:
    SEED1:     495519916   SEED2:             0
 Elapsed simulation  time in seconds: <SEC>
 ESTIMATION STEP OMITTED:                 YES
 Elapsed finaloutput time in seconds: <SEC>
  
1
 PROBLEM NO.:           1      SUBPROBLEM NO.:         185

 SIMULATION STEP PERFORMED
 SOURCE  1:
    SEED1:    1015496991   SEED2:   -1079967830
 Elapsed simulation  time in seconds: <SEC>
 ESTIMATION STEP OMITTED:                 YES
 Elapsed finaloutput time in seconds: <SEC>
  
1
 PROBLEM NO.:           1      SUBPROBLEM NO.:         186

 SIMULATION STEP PERFORMED
 SOURCE  1:
    SEED1:    1750641741   SEED2:             0
 Elapsed simulation  time in seconds: <SEC>
 ESTIMATION STEP OMITTED:                 YES
 Elapsed finaloutput time in seconds: <SEC>
  
1
 PROBLEM NO.:           1      SUBPROBLEM NO.:         187

 SIMULATION STEP PERFORMED
 SOURCE  1:
    SEED1:    1631576718   SEED2:    1042362230
 Elapsed simulation  time in seconds: <SEC>
 ESTIMATION STEP OMITTED:                 YES
 Elapsed finaloutput time in seconds: <SEC>
  
1
 PROBLEM NO.:           1      SUBPROBLEM NO.:         188

 SIMULATION STEP PERFORMED
 SOURCE  1:
    SEED1:    1514623960   SEED2:             0
 Elapsed simulation  time in seconds: <SEC>
 ESTIMATION STEP OMITTED:                 YES
 Elapsed finaloutput time in seconds: <SEC>
  
1
 PROBLEM NO.:           1      SUBPROBLEM NO.:         189

 SIMULATION STEP PERFORMED
 SOURCE  1:
    SEED1:    1328803014   SEED2:   -1095720911
 Elapsed simulation  time in seconds: <SEC>
 ESTIMATION STEP OMITTED:                 YES
 Elapsed finaloutput time in seconds: <SEC>
  
1
 PROBLEM NO.:           1      SUBPROBLEM NO.:         190

 SIMULATION STEP PERFORMED
 SOURCE  1:
    SEED1:     817828478   SEED2:             0
 Elapsed simulation  time in seconds: <SEC>
 ESTIMATION STEP OMITTED:                 YES
 Elapsed finaloutput time in seconds: <SEC>
  
1
 PROBLEM NO.:           1      SUBPROBLEM NO.:         191

 SIMULATION STEP PERFORMED
 SOURCE  1:
    SEED1:    1827829350   SEED2:    1058697461
 Elapsed simulation  time in seconds: <SEC>
 ESTIMATION STEP OMITTED:                 YES
 Elapsed finaloutput time in seconds: <SEC>
  
1
 PROBLEM NO.:           1      SUBPROBLEM NO.:         192

 SIMULATION STEP PERFORMED
 SOURCE  1:
    SEED1:     924794589   SEED2:             0
 Elapsed simulation  time in seconds: <SEC>
 ESTIMATION STEP OMITTED:                 YES
 Elapsed finaloutput time in seconds: <SEC>
  
1
 PROBLEM NO.:           1      SUBPROBLEM NO.:         193

 SIMULATION STEP PERFORMED
 SOURCE  1:
    SEED1:     982566255   SEED2:   -1080468546
 Elapsed simulation  time in seconds: <SEC>
 ESTIMATION STEP OMITTED:                 YES
 Elapsed finaloutput time in seconds: <SEC>
  
1
 PROBLEM NO.:           1      SUBPROBLEM NO.:         194

 SIMULATION STEP PERFORMED
 SOURCE  1:
    SEED1:      60090649   SEED2:             0
 Elapsed simulation  time in seconds: <SEC>
 ESTIMATION STEP OMITTED:                 YES
 Elapsed finaloutput time in seconds: <SEC>
  
1
 PROBLEM NO.:           1      SUBPROBLEM NO.:         195

 SIMULATION STEP PERFORMED
 SOURCE  1:
    SEED1:     363190369   SEED2:    1059802669
 Elapsed simulation  time in seconds: <SEC>
 ESTIMATION STEP OMITTED:                 YES
 Elapsed finaloutput time in seconds: <SEC>
  
1
 PROBLEM NO.:           1      SUBPROBLEM NO.:         196

 SIMULATION STEP PERFORMED
 SOURCE  1:
    SEED1:    1297908999   SEED2:             0
 Elapsed simulation  time in seconds: <SEC>
 ESTIMATION STEP OMITTED:                 YES
 Elapsed finaloutput time in seconds: <SEC>
  
1
 PROBLEM NO.:           1      SUBPROBLEM NO.:         197

 SIMULATION STEP PERFORMED
 SOURCE  1:
    SEED1:     686557991   SEED2:   -1100669322
 Elapsed simulation  time in seconds: <SEC>
 ESTIMATION STEP OMITTED:                 YES
 Elapsed finaloutput time in seconds: <SEC>
  
1
 PROBLEM NO.:           1      SUBPROBLEM NO.:         198

 SIMULATION STEP PERFORMED
 SOURCE  1:
    SEED1:     761986854   SEED2:             0
 Elapsed simulation  time in seconds: <SEC>
 ESTIMATION STEP OMITTED:                 YES
 Elapsed finaloutput time in seconds: <SEC>
  
1
 PROBLEM NO.:           1      SUBPROBLEM NO.:         199

 SIMULATION STEP PERFORMED
 SOURCE  1:
    SEED1:       9298878   SEED2:    1056251093
 Elapsed simulation  time in seconds: <SEC>
 ESTIMATION STEP OMITTED:                 YES
 Elapsed finaloutput time in seconds: <SEC>
  
1
 PROBLEM NO.:           1      SUBPROBLEM NO.:         200

 SIMULATION STEP PERFORMED
 SOURCE  1:
    SEED1:    1334418064   SEED2:             0
 Elapsed simulation  time in seconds: <SEC>
 ESTIMATION STEP OMITTED:                 YES
 Elapsed finaloutput time in seconds: <SEC>
 #CPUT: Total CPU Time in Seconds, <SEC>
Stop Time: 
<DATE>
<TIME>
