Changing directory to 120base.R76
'pushdon' is not recognized as an internal or external command,
operable program or batch file.
Pathlist information for compiler and MPI systems are located in nmpathlist.txt

Starting NMTRAN
  
 WARNINGS AND ERRORS (IF ANY) FOR PROBLEM    1
             
 (WARNING  2) NM-TRAN INFERS THAT THE DATA ARE POPULATION.
Recompiling certain components.
starting wait
ending wait
Exiting lpreddo
Compiling FSUBS
Building NONMEM Executable
Starting nonmem execution ...
License Registered to: <LICENSEE>
Expiration Date: <DATE>
Current Date: <DATE>
Days until program expires : <N>


 First Order Conditional Estimation with Interaction
 MONITORING OF SEARCH:


0ITERATION NO.:    0    OBJECTIVE VALUE:  -1545.21805622649        NO. OF FUNC. EVALS.:   7
 CUMULATIVE NO. OF FUNC. EVALS.:        7
 NPARAMETR:  1.0000E+00  3.0000E+00  5.0000E+01  5.0000E-02  1.0000E-01  1.0000E-01  1.0000E-01  5.0000E-02
 PARAMETER:  1.0000E-01  1.0000E-01  1.0000E-01  1.0000E-01  1.0000E-01  1.0000E-01  1.0000E-01  1.0000E-01
 GRADIENT:  -1.1804E+02 -3.8277E+01  5.0661E+01 -1.0009E+03 -2.5167E+03 -9.2981E+01 -2.5551E+02  2.4944E+01

0ITERATION NO.:    5    OBJECTIVE VALUE:  -2359.75852115968        NO. OF FUNC. EVALS.:  40
 CUMULATIVE NO. OF FUNC. EVALS.:       47
 NPARAMETR:  1.0988E+00  2.8592E+00  4.8437E+01  1.2369E-01  1.4160E-01  2.0832E-01  3.5871E-01  3.3027E-02
 PARAMETER:  1.9425E-01  5.1930E-02  6.8245E-02  1.0058E+00  4.4787E-01  4.6695E-01  7.3868E-01 -1.0734E-01
 GRADIENT:  -3.0544E+00 -3.2294E+01 -9.2840E+01  8.4001E+01  1.2807E+02  1.1962E+01  5.4314E+00 -5.6942E+00

0ITERATION NO.:   10    OBJECTIVE VALUE:  -2367.96107624484        NO. OF FUNC. EVALS.:  45
 CUMULATIVE NO. OF FUNC. EVALS.:       92
 NPARAMETR:  1.1214E+00  3.1759E+00  5.0082E+01  1.1527E-01  1.3906E-01  1.8144E-01  3.2333E-01  3.7566E-02
 PARAMETER:  2.1456E-01  1.5698E-01  1.0163E-01  9.3528E-01  4.2972E-01  3.9788E-01  6.8675E-01 -4.2958E-02
 GRADIENT:   2.5410E+00  4.0770E+00  7.6387E+00  6.1560E+00  3.9507E+01  1.4459E+00 -2.9013E+00  5.3918E+00

0ITERATION NO.:   15    OBJECTIVE VALUE:  -2368.86542705549        NO. OF FUNC. EVALS.:  47
 CUMULATIVE NO. OF FUNC. EVALS.:      139
 NPARAMETR:  1.1144E+00  3.1393E+00  4.9866E+01  1.1957E-01  1.3295E-01  1.7966E-01  3.3254E-01  3.5367E-02
 PARAMETER:  2.0831E-01  1.4538E-01  9.7314E-02  9.7185E-01  3.8479E-01  3.9295E-01  7.0079E-01 -7.3128E-02
 GRADIENT:  -2.4561E-02 -7.2652E-02 -1.1007E-01 -4.0676E-02 -7.7076E-02 -1.9080E-02  2.5429E-02 -6.4191E-03

0ITERATION NO.:   17    OBJECTIVE VALUE:  -2368.86544190952        NO. OF FUNC. EVALS.:  27
 CUMULATIVE NO. OF FUNC. EVALS.:      166
 NPARAMETR:  1.1144E+00  3.1399E+00  4.9868E+01  1.1957E-01  1.3296E-01  1.7971E-01  3.3244E-01  3.5367E-02
 PARAMETER:  2.0835E-01  1.4558E-01  9.7355E-02  9.7185E-01  3.8484E-01  3.9308E-01  7.0065E-01 -7.3117E-02
 GRADIENT:  -6.5668E-03 -2.7808E-03  5.9776E-03 -3.8304E-04 -9.0643E-03  3.3763E-03 -5.8879E-03 -2.4263E-03
 Elapsed estimation  time in seconds: <SEC>
 Elapsed covariance  time in seconds: <SEC>
 Elapsed postprocess time in seconds: <SEC>
 Elapsed finaloutput time in seconds: <SEC>
Done with nonmem execution
wall seconds: 21.5
