Changing directory to pd101b.R76
'pushdon' is not recognized as an internal or external command,
operable program or batch file.
Pathlist information for compiler and MPI systems are located in nmpathlist.txt

Starting NMTRAN
  
 WARNINGS AND ERRORS (IF ANY) FOR PROBLEM    1
             
 (WARNING  2) NM-TRAN INFERS THAT THE DATA ARE POPULATION.
  
Note: Analytical 2nd Derivatives are constructed in FSUBS but are never used.
      You may insert $ABBR DERIV2=NO after the first $PROB to save FSUBS construction and compilation time
  
Recompiling certain components.
starting wait
ending wait
Exiting lpreddo
Compiling FSUBS
Building NONMEM Executable
Starting nonmem execution ...
License Registered to: <LICENSEE>
Expiration Date: <DATE>
Current Date: <DATE>
Days until program expires : <N>


 First Order Conditional Estimation with Interaction
 MONITORING OF SEARCH:


0ITERATION NO.:    0    OBJECTIVE VALUE:   252.766468907417        NO. OF FUNC. EVALS.:  12
 CUMULATIVE NO. OF FUNC. EVALS.:       12
 NPARAMETR:  5.0000E+00  4.0000E+01  8.5000E-01  8.0000E-01  2.0000E-01  1.5000E+00  2.0000E+00  2.0000E-01  4.0000E-01  1.5000E-01
             1.0000E-01  5.0000E-02  1.0000E-01  2.0000E-01  3.0000E-01
 PARAMETER:  1.0000E-01  1.0000E-01  1.0000E-01  1.0000E-01  1.0000E-01  1.0000E-01  1.0000E-01  1.0000E-01  1.0000E-01  1.0000E-01
             1.0000E-01  1.0000E-01  1.0000E-01  1.0000E-01  1.0000E-01
 GRADIENT:  -4.2770E+01  4.5522E+01  2.8270E+02 -1.1651E+01 -1.6171E+01 -8.6328E+01  3.8310E+01  8.2709E+01  2.8936E+01  9.1301E+01
             5.8570E+00  9.0436E+00  2.2234E+00  4.8463E+00  2.1920E+00

0ITERATION NO.:    5    OBJECTIVE VALUE:   240.480623617310        NO. OF FUNC. EVALS.:  68
 CUMULATIVE NO. OF FUNC. EVALS.:       80
 NPARAMETR:  5.5476E+00  3.5428E+01  9.7225E-01  8.5115E-01  2.0428E-01  1.7859E+00  1.7444E+00  1.3124E-01  3.7482E-01  1.1182E-01
             9.4306E-02  4.4986E-02  9.8496E-02  1.8780E-01  2.7887E-01
 PARAMETER:  2.0392E-01 -2.1378E-02  1.1438E-01  1.6197E-01  1.2116E-01  2.7448E-01 -3.6760E-02 -3.2126E-01  3.4978E-02 -1.9376E-01
             7.0690E-02  4.7163E-02  9.2422E-02  6.8537E-02  6.3482E-02
 GRADIENT:   5.5595E+01 -1.0938E+02  1.2953E+02 -1.1932E+01  2.2066E+01  7.8789E+01 -1.4033E+01 -4.6392E+01 -4.2050E+01 -8.8929E+01
            -9.4706E-01 -7.5153E+00 -3.9886E+00  3.2472E+00  6.7557E+00

0ITERATION NO.:   10    OBJECTIVE VALUE:   228.077355513090        NO. OF FUNC. EVALS.:  68
 CUMULATIVE NO. OF FUNC. EVALS.:      148
 NPARAMETR:  5.3657E+00  3.6655E+01  9.6939E-01  8.1846E-01  1.0403E-01  1.4180E+00  5.5815E-01  1.3203E-01  5.8715E-01  9.1717E-02
             8.6989E-02  3.6555E-02  1.3395E-01  1.1148E-01  7.9111E-02
 PARAMETER:  1.7058E-01  1.2670E-02  1.1405E-01  1.2281E-01 -5.5359E-01  4.3770E-02 -1.1763E+00 -3.1528E-01  4.8381E-01 -3.9193E-01
             3.0308E-02 -5.6596E-02  2.4616E-01 -1.9223E-01 -5.6646E-01
 GRADIENT:   2.6678E+01 -5.5574E+01  1.9425E+02 -4.3390E+00 -8.6691E+00 -3.7064E+01 -6.4201E-01 -4.8571E+01 -4.0103E+00 -3.3820E+00
            -2.1720E+00 -1.4868E+01  2.8130E+00 -2.1360E+01 -1.6902E+00

0ITERATION NO.:   15    OBJECTIVE VALUE:   219.646254714054        NO. OF FUNC. EVALS.:  65
 CUMULATIVE NO. OF FUNC. EVALS.:      213
 NPARAMETR:  5.2228E+00  3.6910E+01  8.4912E-01  7.1766E-01  1.4727E-01  1.3708E+00  7.3362E-01  1.4107E-01  5.7023E-01  9.3419E-02
             8.9718E-02  4.8731E-02  1.2152E-01  2.6934E-01  1.1095E-02
 PARAMETER:  1.4359E-01  1.9613E-02  9.9896E-02 -8.6204E-03 -2.0605E-01  9.9543E-03 -9.0291E-01 -2.4903E-01  4.5458E-01 -3.7354E-01
             4.5749E-02  8.7142E-02  1.9746E-01  2.4882E-01 -1.5486E+00
 GRADIENT:   3.4307E+00 -3.9766E+01 -9.4397E+01 -8.0400E-01 -1.8201E+00 -2.0317E+01  4.3625E+00 -1.6346E+01 -3.4903E+00 -4.2604E+00
            -1.4154E-01  2.4043E+00 -2.6449E-01  2.7888E+00 -2.1165E-01

0ITERATION NO.:   20    OBJECTIVE VALUE:   216.526983540535        NO. OF FUNC. EVALS.:  68
 CUMULATIVE NO. OF FUNC. EVALS.:      281
 NPARAMETR:  5.2256E+00  3.8305E+01  9.2639E-01  7.6885E-01  1.3211E-01  1.4458E+00  7.0675E-01  1.4911E-01  5.2959E-01  1.0441E-01
             8.9513E-02  4.5105E-02  1.1729E-01  2.1487E-01  2.0108E-01
 PARAMETER:  1.4412E-01  5.6701E-02  1.0899E-01  6.0290E-02 -3.1472E-01  6.3221E-02 -9.4023E-01 -1.9367E-01  3.8064E-01 -2.6234E-01
             4.4606E-02  4.8481E-02  1.7976E-01  1.3586E-01 -1.0004E-01
 GRADIENT:   1.5168E-01  7.0869E+00  4.5227E+01 -5.7515E-01  2.3515E-01  1.5344E+00 -2.6650E-01  1.4986E+00  4.3317E+00  1.3091E+00
            -4.2158E-01  1.3042E-01  6.9741E-02 -7.9794E-01 -3.6117E-01

0ITERATION NO.:   25    OBJECTIVE VALUE:   216.048662957666        NO. OF FUNC. EVALS.:  65
 CUMULATIVE NO. OF FUNC. EVALS.:      346
 NPARAMETR:  5.2218E+00  3.8063E+01  9.1532E-01  7.5294E-01  1.3442E-01  1.4286E+00  6.8738E-01  1.4804E-01  4.2090E-01  1.2509E-01
             8.9109E-02  4.5246E-02  1.2081E-01  2.2625E-01  2.4140E-01
 PARAMETER:  1.4340E-01  5.0365E-02  1.0768E-01  3.9379E-02 -2.9736E-01  5.1255E-02 -9.6802E-01 -2.0085E-01  1.5093E-01 -8.1581E-02
             4.2342E-02  5.0047E-02  1.9453E-01  1.6166E-01 -8.6563E-03
 GRADIENT:   1.3370E-02 -1.2624E+00  2.9491E+01 -4.9265E-01  4.2500E-01 -2.3616E+00  3.7527E-01 -5.7132E-01  4.9067E+00  7.0702E+00
            -7.2431E-01  3.0910E-01  2.0776E+00  1.7652E-01  3.2250E-01

0ITERATION NO.:   30    OBJECTIVE VALUE:   215.751057640724        NO. OF FUNC. EVALS.:  65
 CUMULATIVE NO. OF FUNC. EVALS.:      411
 NPARAMETR:  5.2209E+00  3.8096E+01  9.0789E-01  7.7656E-01  1.3273E-01  1.4487E+00  7.5669E-01  1.4823E-01  3.3525E-01  1.3400E-01
             9.0256E-02  4.4972E-02  1.1556E-01  2.2045E-01  2.2566E-01
 PARAMETER:  1.4323E-01  5.1220E-02  1.0681E-01  7.0256E-02 -3.0999E-01  6.5185E-02 -8.7194E-01 -1.9958E-01 -7.6600E-02 -1.2764E-02
             4.8738E-02  4.7013E-02  1.7230E-01  1.4868E-01 -4.2387E-02
 GRADIENT:  -1.7773E-01 -7.2636E-02  6.6185E-01  2.1088E-01 -6.0024E-01 -3.0473E+00  1.2790E+00 -1.3889E-01  3.6078E-01 -1.3584E+00
             1.7637E-01  9.6286E-02 -6.9000E-02  8.9202E-02  1.0712E-01

0ITERATION NO.:   35    OBJECTIVE VALUE:   215.560787726805        NO. OF FUNC. EVALS.:  65
 CUMULATIVE NO. OF FUNC. EVALS.:      476
 NPARAMETR:  5.2243E+00  3.8106E+01  9.0923E-01  7.5478E-01  1.3128E-01  1.4344E+00  6.8451E-01  1.4833E-01  2.2915E-01  1.4374E-01
             9.0153E-02  4.5076E-02  1.1618E-01  2.3038E-01  2.4126E-01
 PARAMETER:  1.4389E-01  5.1495E-02  1.0697E-01  4.1821E-02 -3.2102E-01  5.5302E-02 -9.7220E-01 -1.9886E-01 -4.5708E-01  5.7340E-02
             4.8168E-02  4.8163E-02  1.7496E-01  1.7070E-01 -8.9638E-03
 GRADIENT:   2.6710E-01  1.6502E-02 -4.7679E+00 -2.4091E-01  3.1202E-01  1.6985E+00 -5.2077E-01  3.5645E-02  2.1383E-01 -2.2342E-01
             8.7592E-02  1.6681E-01 -1.5526E-01  1.3035E-01  3.0261E-02

0ITERATION NO.:   40    OBJECTIVE VALUE:   215.488426521922        NO. OF FUNC. EVALS.:  65
 CUMULATIVE NO. OF FUNC. EVALS.:      541
 NPARAMETR:  5.2224E+00  3.8102E+01  9.0907E-01  7.6424E-01  1.3126E-01  1.4407E+00  7.0819E-01  1.4834E-01  1.4364E-01  1.4860E-01
             9.0078E-02  4.4938E-02  1.1603E-01  2.2675E-01  2.3160E-01
 PARAMETER:  1.4352E-01  5.1384E-02  1.0695E-01  5.4269E-02 -3.2112E-01  5.9659E-02 -9.3819E-01 -1.9879E-01 -9.2415E-01  9.0639E-02
             4.7752E-02  4.6633E-02  1.7434E-01  1.6277E-01 -2.9391E-02
 GRADIENT:  -7.9629E-02  2.9037E-02 -4.9401E+00  1.8440E-01  5.1634E-02  2.6683E-01 -1.3137E-01  3.9647E-02  8.0488E-02  2.2373E-01
             5.6801E-02  6.7714E-02 -1.6875E-01  2.0248E-02 -9.7592E-03

0ITERATION NO.:   45    OBJECTIVE VALUE:   215.460513116110        NO. OF FUNC. EVALS.:  65
 CUMULATIVE NO. OF FUNC. EVALS.:      606
 NPARAMETR:  5.2228E+00  3.8102E+01  9.1003E-01  7.6478E-01  1.3133E-01  1.4424E+00  7.1207E-01  1.4834E-01  5.5423E-02  1.5127E-01
             9.0031E-02  4.4842E-02  1.1626E-01  2.2670E-01  2.2985E-01
 PARAMETER:  1.4359E-01  5.1386E-02  1.0706E-01  5.4979E-02 -3.2060E-01  6.0830E-02 -9.3272E-01 -1.9883E-01 -1.8765E+00  1.0842E-01
             4.7492E-02  4.5559E-02  1.7535E-01  1.6265E-01 -3.3167E-02
 GRADIENT:  -2.3171E-02  3.9951E-02 -1.3764E+00 -5.4129E-03  5.6641E-04  1.9049E-01 -2.5507E-02 -9.0102E-04  1.3562E-02  8.4143E-01
             2.2204E-02 -2.4253E-02 -6.3147E-02  2.8168E-02 -3.8860E-03

0ITERATION NO.:   50    OBJECTIVE VALUE:   215.456349441202        NO. OF FUNC. EVALS.:  67
 CUMULATIVE NO. OF FUNC. EVALS.:      673
 NPARAMETR:  5.2230E+00  3.8100E+01  9.1034E-01  7.6492E-01  1.3137E-01  1.4426E+00  7.1282E-01  1.4834E-01  1.7906E-02  1.5158E-01
             9.0006E-02  4.4851E-02  1.1639E-01  2.2656E-01  2.3002E-01
 PARAMETER:  1.4364E-01  5.1347E-02  1.0710E-01  5.5159E-02 -3.2031E-01  6.1005E-02 -9.3167E-01 -1.9883E-01 -3.0063E+00  1.1046E-01
             4.7355E-02  4.5666E-02  1.7590E-01  1.6235E-01 -3.2810E-02
 GRADIENT:   1.6922E-02 -1.2527E-02 -8.6749E-02 -3.4870E-02 -4.9131E-03  7.8326E-02  6.2117E-04  7.1143E-04  9.5690E-04  1.6056E-01
             4.4979E-03 -1.1675E-02 -9.1927E-03  6.7779E-03 -2.3942E-04

0ITERATION NO.:   55    OBJECTIVE VALUE:   215.455909446084        NO. OF FUNC. EVALS.:  65
 CUMULATIVE NO. OF FUNC. EVALS.:      738
 NPARAMETR:  5.2229E+00  3.8101E+01  9.1033E-01  7.6503E-01  1.3139E-01  1.4426E+00  7.1287E-01  1.4834E-01  1.9038E-03  1.5160E-01
             8.9998E-02  4.4860E-02  1.1641E-01  2.2648E-01  2.3009E-01
 PARAMETER:  1.4362E-01  5.1351E-02  1.0710E-01  5.5299E-02 -3.2015E-01  6.0954E-02 -9.3160E-01 -1.9883E-01 -5.2476E+00  1.1061E-01
             4.7306E-02  4.5767E-02  1.7599E-01  1.6217E-01 -3.2653E-02
 GRADIENT:  -1.0500E-03  7.6086E-05 -4.0339E-02 -3.9598E-03  1.8737E-03  9.8066E-03 -9.4077E-04  1.1693E-03  9.5071E-06 -1.8821E-02
            -2.0215E-03 -1.8331E-03  1.3460E-04 -1.6655E-03  5.0681E-05

0ITERATION NO.:   60    OBJECTIVE VALUE:   215.455903299156        NO. OF FUNC. EVALS.:  68
 CUMULATIVE NO. OF FUNC. EVALS.:      806
 NPARAMETR:  5.2229E+00  3.8101E+01  9.1036E-01  7.6506E-01  1.3138E-01  1.4426E+00  7.1284E-01  1.4834E-01  1.0420E-03  1.5160E-01
             9.0002E-02  4.4862E-02  1.1641E-01  2.2650E-01  2.3008E-01
 PARAMETER:  1.4362E-01  5.1348E-02  1.0710E-01  5.5337E-02 -3.2026E-01  6.0962E-02 -9.3164E-01 -1.9884E-01 -5.8503E+00  1.1063E-01
             4.7330E-02  4.5785E-02  1.7599E-01  1.6221E-01 -3.2682E-02
 GRADIENT:   3.5104E-03 -2.9043E-03  4.9570E-02 -7.5506E-04 -1.2173E-03  2.9333E-04  4.4195E-04 -1.3174E-03  2.8931E-06  2.5372E-03
             1.3445E-03  9.9174E-05  2.5507E-04  1.5882E-03 -2.1138E-05

0ITERATION NO.:   65    OBJECTIVE VALUE:   215.455881822650        NO. OF FUNC. EVALS.: 168
 CUMULATIVE NO. OF FUNC. EVALS.:      974
 NPARAMETR:  5.2232E+00  3.8101E+01  9.1065E-01  7.6537E-01  1.3139E-01  1.4429E+00  7.1355E-01  1.4834E-01  2.7604E-04  1.5160E-01
             9.0000E-02  4.4861E-02  1.1641E-01  2.2635E-01  2.2987E-01
 PARAMETER:  1.4367E-01  5.1362E-02  1.0714E-01  5.5750E-02 -3.2014E-01  6.1210E-02 -9.3066E-01 -1.9883E-01 -7.1787E+00  1.1063E-01
             4.7318E-02  4.5768E-02  1.7599E-01  1.6189E-01 -3.3144E-02
 GRADIENT:   1.0070E-03 -9.4495E-04  7.1198E-03 -6.9772E-04  4.2900E-04  4.1227E-03 -3.7984E-04 -7.4639E-04  2.0311E-07 -6.5688E-04
             3.9070E-05 -3.4747E-04  1.1100E-04  3.0624E-04  6.3117E-05

0ITERATION NO.:   69    OBJECTIVE VALUE:   215.455881679732        NO. OF FUNC. EVALS.: 139
 CUMULATIVE NO. OF FUNC. EVALS.:     1113
 NPARAMETR:  5.2232E+00  3.8101E+01  9.1065E-01  7.6537E-01  1.3139E-01  1.4429E+00  7.1355E-01  1.4834E-01  1.3715E-04  1.5160E-01
             9.0000E-02  4.4861E-02  1.1641E-01  2.2635E-01  2.2986E-01
 PARAMETER:  1.4367E-01  5.1363E-02  1.0714E-01  5.5752E-02 -3.2014E-01  6.1206E-02 -9.3066E-01 -1.9883E-01 -7.8781E+00  1.1063E-01
             4.7317E-02  4.5771E-02  1.7598E-01  1.6189E-01 -3.3150E-02
 GRADIENT:  -4.7323E-04  3.0295E-05  5.8819E-04 -9.7346E-05  5.4665E-05  5.8448E-04 -9.0672E-05 -2.7714E-04 -3.8882E-06 -6.2832E-04
             3.0273E-04  5.5050E-05  6.8060E-05  3.0812E-04 -5.8386E-05
 Elapsed estimation  time in seconds: <SEC>
 Elapsed covariance  time in seconds: <SEC>
 Elapsed postprocess time in seconds: <SEC>
 Elapsed finaloutput time in seconds: <SEC>
Done with nonmem execution
