<DATE>
<TIME>
$PROB NRS PD, 160 MG ARM ONLY   P:pd101  F:BASE
$INPUT ID ARM DOSE TIME DV DVID MDV BSL=DROP BFLG=DROP
$DATA ../../data/pd-sim.csv IGNORE=@ IGNORE=(ARM.NE.4)
$PRED
  CL   = THETA(1) * EXP(ETA(1))
  V    = THETA(2) * EXP(ETA(2))
  LB   = THETA(3) + ETA(3)                  ; baseline logit. logit(7/10) = 0.85
  PLMX = THETA(4) * EXP(ETA(4))             ; placebo response (logit units)
  KPL  = THETA(5)
  EMAX = THETA(6)                           ; drug effect (logit units)
  EC50 = THETA(7) * EXP(ETA(5))

  CONC = DOSE / V * EXP(-CL / V * TIME)
  IF (TIME.LE.0) CONC = 0                   ; the baseline score is taken before the dose
  PL   = PLMX * (1 - EXP(-KPL * TIME))
  DR   = EMAX * CONC / (EC50 + CONC)
  L    = LB - PL - DR
  NRS  = 10 * EXP(L) / (1 + EXP(L))         ; always strictly between 0 and 10

  F    = CONC
  IF (DVID.EQ.2) F = NRS
  IPRE = F
  W    = 1
  IF (DVID.EQ.1) W = THETA(8) * IPRE
  IF (DVID.EQ.2) W = SQRT(THETA(9)**2 + THETA(10)**2 * IPRE * (10 - IPRE))
  IF (W.LT.1E-6) W = 1E-6
  IRES = DV - IPRE
  IWRE = IRES / W
  Y    = IPRE + W * EPS(1)

$THETA
  (0, 5)       ; CL (L/h)
  (0, 40)      ; V (L)
  (0.85)       ; LB, baseline logit
  (0, 0.8)     ; PLMAX (logit)
  (0, 0.2)     ; KPL (1/h)
  (0, 1.5)     ; EMAX (logit)
  (0, 2)       ; EC50 (mg/L)
  (0, 0.2)     ; PK proportional error CV
  (0, 0.4)     ; NRS error, floor SD
  (0, 0.15)    ; NRS error, bounded-scale coefficient

$OMEGA
  0.1          ; CL
  0.05         ; V
  0.1          ; LB
  0.2          ; PLMAX
  0.3          ; EC50

$SIGMA 1 FIX

$EST MAX=9999 PRINT=5 METHOD=COND INTER NSIG=3 SIGL=9
     NOABORT NOTBT NOOBT NOSBT
$COV UNCOND PRINT=ERS
$TAB ID TIME DVID ARM DOSE DV MDV IPRE IWRE CWRES
     ONEHEADER NOPRINT FILE=sdtab
$TAB ID CL V LB PLMX EC50 ETA1 ETA2 ETA3 ETA4 ETA5
     ONEHEADER NOPRINT NOAPPEND FILE=patab
$TAB ID DOSE
     ONEHEADER NOPRINT NOAPPEND FILE=cotab
$TAB ID ARM
     ONEHEADER NOPRINT NOAPPEND FILE=catab
  
NM-TRAN MESSAGES 
  
 WARNINGS AND ERRORS (IF ANY) FOR PROBLEM    1
             
 (WARNING  2) NM-TRAN INFERS THAT THE DATA ARE POPULATION.
  
Note: Analytical 2nd Derivatives are constructed in FSUBS but are never used.
      You may insert $ABBR DERIV2=NO after the first $PROB to save FSUBS construction and compilation time
  
  
License Registered to: <LICENSEE>
Expiration Date: <DATE>
Current Date: <DATE>
Days until program expires : <N>

NONLINEAR MIXED EFFECTS MODEL PROGRAM (NONMEM) VERSION 7.6.0 (nm760)
ORIGINALLY DEVELOPED BY STUART BEAL, LEWIS SHEINER, AND ALISON BOECKMANN
CURRENT DEVELOPERS ARE ROBERT BAUER, ICON DEVELOPMENT SOLUTIONS,
AND ALISON BOECKMANN. IMPLEMENTATION, EFFICIENCY, AND STANDARDIZATION
PERFORMED BY NOUS INFOSYSTEMS.

PROBLEM NO.:         1
NRS PD, 160 MG ARM ONLY   P:pd101  F:BASE

DATA CHECKOUT RUN:              NO
DATA SET LOCATED ON UNIT NO.:    2
THIS UNIT TO BE REWOUND:        NO
CREATE/ADD TO FDATA.csv:        YES
NO. OF DATA RECS IN DATA SET:      520
NO. OF DATA ITEMS IN DATA SET:   7
ID DATA ITEM IS DATA ITEM NO.:   1
DEP VARIABLE IS DATA ITEM NO.:   5
MDV DATA ITEM IS DATA ITEM NO.:  7

LABELS FOR DATA ITEMS:
ID ARM DOSE TIME DV DVID MDV

(NONBLANK) LABELS FOR PRED-DEFINED ITEMS:
CL V LB PLMX EC50 IPRE IWRE

FORMAT FOR DATA:
(7E6.0)

TOT. NO. OF OBS RECS:      520
TOT. NO. OF INDIVIDUALS:       40

LENGTH OF THETA:  10

DEFAULT THETA BOUNDARY TEST OMITTED:   YES

OMEGA HAS SIMPLE DIAGONAL FORM WITH DIMENSION:   5

DEFAULT OMEGA BOUNDARY TEST OMITTED:   YES

SIGMA HAS SIMPLE DIAGONAL FORM WITH DIMENSION:   1

DEFAULT SIGMA BOUNDARY TEST OMITTED:   YES

INITIAL ESTIMATE OF THETA:
LOWER BOUND    INITIAL EST    UPPER BOUND
 0.0000E+00     0.5000E+01     0.1000E+07
 0.0000E+00     0.4000E+02     0.1000E+07
-0.1000E+07     0.8500E+00     0.1000E+07
 0.0000E+00     0.8000E+00     0.1000E+07
 0.0000E+00     0.2000E+00     0.1000E+07
 0.0000E+00     0.1500E+01     0.1000E+07
 0.0000E+00     0.2000E+01     0.1000E+07
 0.0000E+00     0.2000E+00     0.1000E+07
 0.0000E+00     0.4000E+00     0.1000E+07
 0.0000E+00     0.1500E+00     0.1000E+07

INITIAL ESTIMATE OF OMEGA:
0.1000E+00
0.0000E+00   0.5000E-01
0.0000E+00   0.0000E+00   0.1000E+00
0.0000E+00   0.0000E+00   0.0000E+00   0.2000E+00
0.0000E+00   0.0000E+00   0.0000E+00   0.0000E+00   0.3000E+00

INITIAL ESTIMATE OF SIGMA:
0.1000E+01

SIGMA CONSTRAINED TO BE THIS INITIAL ESTIMATE

COVARIANCE STEP OMITTED:        NO
R MATRIX PRINTED:              YES
S MATRIX PRINTED:              YES
EIGENVLS. PRINTED:             YES
SPECIAL COMPUTATION:            NO
COMPRESSED FORMAT:              NO
GRADIENT METHOD USED:     NOSLOW
SIGDIGITS ETAHAT (SIGLO):                  -1
SIGDIGITS GRADIENTS (SIGL):                -1
EXCLUDE COV FOR FOCE (NOFCOV):              NO
Cholesky Transposition of R Matrix (CHOLROFF):0
KNUTHSUMOFF:                                -1
RESUME COV ANALYSIS (RESUME):               NO
SIR SAMPLE SIZE (SIRSAMPLE):
NON-LINEARLY TRANSFORM THETAS DURING COV (THBND): 1
PRECONDTIONING CYCLES (PRECOND):        0
PRECONDTIONING TYPES (PRECONDS):        TOS
FORCED PRECONDTIONING CYCLES (PFCOND):0
PRECONDTIONING TYPE (PRETYPE):        0
FORCED POS. DEFINITE SETTING DURING PRECONDITIONING: (FPOSDEF):0
SIMPLE POS. DEFINITE SETTING: (POSDEF):-1

TABLES STEP OMITTED:    NO
NO. OF TABLES:           4
SEED NUMBER (SEED):    11456
NPDTYPE:    0
INTERPTYPE:    0
RANMETHOD:             3U
MC SAMPLES (ESAMPLE):    300
WRES SQUARE ROOT TYPE (WRESCHOL): EIGENVALUE

-- TABLE   1 --

RECORDS ONLY:    ALL

4 COLUMNS APPENDED:    YES
PRINTED:                NO
HEADER:                YES
FILE TO BE FORWARDED:   NO
FORMAT:                S1PE11.4
IDFORMAT:
LFORMAT:
RFORMAT:
FIXED_EFFECT_ETAS:

USER-CHOSEN ITEMS:
ID TIME DVID ARM DOSE DV MDV IPRE IWRE CWRES

-- TABLE   2 --

RECORDS ONLY:    ALL

4 COLUMNS APPENDED:    NO
PRINTED:                NO
HEADER:                YES
FILE TO BE FORWARDED:   NO
FORMAT:                S1PE11.4
IDFORMAT:
LFORMAT:
RFORMAT:
FIXED_EFFECT_ETAS:

USER-CHOSEN ITEMS:
ID CL V LB PLMX EC50 ETA1 ETA2 ETA3 ETA4 ETA5

-- TABLE   3 --

RECORDS ONLY:    ALL

4 COLUMNS APPENDED:    NO
PRINTED:                NO
HEADER:                YES
FILE TO BE FORWARDED:   NO
FORMAT:                S1PE11.4
IDFORMAT:
LFORMAT:
RFORMAT:
FIXED_EFFECT_ETAS:

USER-CHOSEN ITEMS:
ID DOSE

-- TABLE   4 --

RECORDS ONLY:    ALL

4 COLUMNS APPENDED:    NO
PRINTED:                NO
HEADER:                YES
FILE TO BE FORWARDED:   NO
FORMAT:                S1PE11.4
IDFORMAT:
LFORMAT:
RFORMAT:
FIXED_EFFECT_ETAS:

USER-CHOSEN ITEMS:
ID ARM




#TBLN:      1
#METH: First Order Conditional Estimation with Interaction

ESTIMATION STEP OMITTED:                 NO
SHRINK INFO WITH EVALUATION (EVALSHRINK) NO
ANALYSIS TYPE:                           POPULATION
NUMBER OF SADDLE POINT RESET ITERATIONS:      0
GRADIENT METHOD USED:               NOSLOW
CONDITIONAL ESTIMATES USED:              YES
CENTERED ETA:                            NO
EPS-ETA INTERACTION:                     YES
LAPLACIAN OBJ. FUNC.:                    NO
NO. OF FUNCT. EVALS. ALLOWED:            9999
NO. OF SIG. FIGURES REQUIRED:            3
INTERMEDIATE PRINTOUT:                   YES
ESTIMATE OUTPUT TO MSF:                  NO
ABORT WITH PRED EXIT CODE 1:             NO
IND. OBJ. FUNC. VALUES SORTED:           NO
NUMERICAL DERIVATIVE
      FILE REQUEST (NUMDER):               NONE
MAP (ETAHAT) ESTIMATION METHOD (OPTMAP):   0
ETA HESSIAN EVALUATION METHOD (ETADER):    0
INITIAL ETA FOR MAP ESTIMATION (MCETA):    0
SIGDIGITS FOR MAP ESTIMATION (SIGLO):      9
GRADIENT SIGDIGITS OF
      FIXED EFFECTS PARAMETERS (SIGL):     9
NOPRIOR SETTING (NOPRIOR):                 0
NOCOV SETTING (NOCOV):                     OFF
DERCONT SETTING (DERCONT):                 OFF
FINAL ETA RE-EVALUATION (FNLETA):          1
EXCLUDE NON-INFLUENTIAL (NON-INFL.) ETAS
      IN SHRINKAGE (ETASTYPE):             NO
NON-INFL. ETA CORRECTION (NONINFETA):      0
RAW OUTPUT FILE (FILE): pd101b.ext
EXCLUDE TITLE (NOTITLE):                   NO
EXCLUDE COLUMN LABELS (NOLABEL):           NO
FORMAT FOR ADDITIONAL FILES (FORMAT):      S1PE12.5
PARAMETER ORDER FOR OUTPUTS (ORDER):       TSOL
KNUTHSUMOFF:                               0
INCLUDE LNTWOPI:                           NO
INCLUDE CONSTANT TERM TO PRIOR (PRIORC):   NO
INCLUDE CONSTANT TERM TO OMEGA (ETA) (OLNTWOPI):NO
ADDITIONAL CONVERGENCE TEST (CTYPE=4)?:    NO
EM OR BAYESIAN METHOD USED:                 NONE


THE FOLLOWING LABELS ARE EQUIVALENT
PRED=PREDI
RES=RESI
WRES=WRESI
IWRS=IWRESI
IPRD=IPREDI
IRS=IRESI

MONITORING OF SEARCH:



ITERATION NO.:    0    OBJECTIVE VALUE:   252.766468907417        NO. OF FUNC. EVALS.:  12
CUMULATIVE NO. OF FUNC. EVALS.:       12
NPARAMETR:  5.0000E+00  4.0000E+01  8.5000E-01  8.0000E-01  2.0000E-01  1.5000E+00  2.0000E+00  2.0000E-01  4.0000E-01  1.5000E-01
            1.0000E-01  5.0000E-02  1.0000E-01  2.0000E-01  3.0000E-01
PARAMETER:  1.0000E-01  1.0000E-01  1.0000E-01  1.0000E-01  1.0000E-01  1.0000E-01  1.0000E-01  1.0000E-01  1.0000E-01  1.0000E-01
            1.0000E-01  1.0000E-01  1.0000E-01  1.0000E-01  1.0000E-01
GRADIENT:  -4.2770E+01  4.5522E+01  2.8270E+02 -1.1651E+01 -1.6171E+01 -8.6328E+01  3.8310E+01  8.2709E+01  2.8936E+01  9.1301E+01
            5.8570E+00  9.0436E+00  2.2234E+00  4.8463E+00  2.1920E+00


ITERATION NO.:    5    OBJECTIVE VALUE:   240.480623617310        NO. OF FUNC. EVALS.:  68
CUMULATIVE NO. OF FUNC. EVALS.:       80
NPARAMETR:  5.5476E+00  3.5428E+01  9.7225E-01  8.5115E-01  2.0428E-01  1.7859E+00  1.7444E+00  1.3124E-01  3.7482E-01  1.1182E-01
            9.4306E-02  4.4986E-02  9.8496E-02  1.8780E-01  2.7887E-01
PARAMETER:  2.0392E-01 -2.1378E-02  1.1438E-01  1.6197E-01  1.2116E-01  2.7448E-01 -3.6760E-02 -3.2126E-01  3.4978E-02 -1.9376E-01
            7.0690E-02  4.7163E-02  9.2422E-02  6.8537E-02  6.3482E-02
GRADIENT:   5.5595E+01 -1.0938E+02  1.2953E+02 -1.1932E+01  2.2066E+01  7.8789E+01 -1.4033E+01 -4.6392E+01 -4.2050E+01 -8.8929E+01
           -9.4706E-01 -7.5153E+00 -3.9886E+00  3.2472E+00  6.7557E+00


ITERATION NO.:   10    OBJECTIVE VALUE:   228.077355513090        NO. OF FUNC. EVALS.:  68
CUMULATIVE NO. OF FUNC. EVALS.:      148
NPARAMETR:  5.3657E+00  3.6655E+01  9.6939E-01  8.1846E-01  1.0403E-01  1.4180E+00  5.5815E-01  1.3203E-01  5.8715E-01  9.1717E-02
            8.6989E-02  3.6555E-02  1.3395E-01  1.1148E-01  7.9111E-02
PARAMETER:  1.7058E-01  1.2670E-02  1.1405E-01  1.2281E-01 -5.5359E-01  4.3770E-02 -1.1763E+00 -3.1528E-01  4.8381E-01 -3.9193E-01
            3.0308E-02 -5.6596E-02  2.4616E-01 -1.9223E-01 -5.6646E-01
GRADIENT:   2.6678E+01 -5.5574E+01  1.9425E+02 -4.3390E+00 -8.6691E+00 -3.7064E+01 -6.4201E-01 -4.8571E+01 -4.0103E+00 -3.3820E+00
           -2.1720E+00 -1.4868E+01  2.8130E+00 -2.1360E+01 -1.6902E+00


ITERATION NO.:   15    OBJECTIVE VALUE:   219.646254714054        NO. OF FUNC. EVALS.:  65
CUMULATIVE NO. OF FUNC. EVALS.:      213
NPARAMETR:  5.2228E+00  3.6910E+01  8.4912E-01  7.1766E-01  1.4727E-01  1.3708E+00  7.3362E-01  1.4107E-01  5.7023E-01  9.3419E-02
            8.9718E-02  4.8731E-02  1.2152E-01  2.6934E-01  1.1095E-02
PARAMETER:  1.4359E-01  1.9613E-02  9.9896E-02 -8.6204E-03 -2.0605E-01  9.9543E-03 -9.0291E-01 -2.4903E-01  4.5458E-01 -3.7354E-01
            4.5749E-02  8.7142E-02  1.9746E-01  2.4882E-01 -1.5486E+00
GRADIENT:   3.4307E+00 -3.9766E+01 -9.4397E+01 -8.0400E-01 -1.8201E+00 -2.0317E+01  4.3625E+00 -1.6346E+01 -3.4903E+00 -4.2604E+00
           -1.4154E-01  2.4043E+00 -2.6449E-01  2.7888E+00 -2.1165E-01


ITERATION NO.:   20    OBJECTIVE VALUE:   216.526983540535        NO. OF FUNC. EVALS.:  68
CUMULATIVE NO. OF FUNC. EVALS.:      281
NPARAMETR:  5.2256E+00  3.8305E+01  9.2639E-01  7.6885E-01  1.3211E-01  1.4458E+00  7.0675E-01  1.4911E-01  5.2959E-01  1.0441E-01
            8.9513E-02  4.5105E-02  1.1729E-01  2.1487E-01  2.0108E-01
PARAMETER:  1.4412E-01  5.6701E-02  1.0899E-01  6.0290E-02 -3.1472E-01  6.3221E-02 -9.4023E-01 -1.9367E-01  3.8064E-01 -2.6234E-01
            4.4606E-02  4.8481E-02  1.7976E-01  1.3586E-01 -1.0004E-01
GRADIENT:   1.5168E-01  7.0869E+00  4.5227E+01 -5.7515E-01  2.3515E-01  1.5344E+00 -2.6650E-01  1.4986E+00  4.3317E+00  1.3091E+00
           -4.2158E-01  1.3042E-01  6.9741E-02 -7.9794E-01 -3.6117E-01


ITERATION NO.:   25    OBJECTIVE VALUE:   216.048662957666        NO. OF FUNC. EVALS.:  65
CUMULATIVE NO. OF FUNC. EVALS.:      346
NPARAMETR:  5.2218E+00  3.8063E+01  9.1532E-01  7.5294E-01  1.3442E-01  1.4286E+00  6.8738E-01  1.4804E-01  4.2090E-01  1.2509E-01
            8.9109E-02  4.5246E-02  1.2081E-01  2.2625E-01  2.4140E-01
PARAMETER:  1.4340E-01  5.0365E-02  1.0768E-01  3.9379E-02 -2.9736E-01  5.1255E-02 -9.6802E-01 -2.0085E-01  1.5093E-01 -8.1581E-02
            4.2342E-02  5.0047E-02  1.9453E-01  1.6166E-01 -8.6563E-03
GRADIENT:   1.3370E-02 -1.2624E+00  2.9491E+01 -4.9265E-01  4.2500E-01 -2.3616E+00  3.7527E-01 -5.7132E-01  4.9067E+00  7.0702E+00
           -7.2431E-01  3.0910E-01  2.0776E+00  1.7652E-01  3.2250E-01


ITERATION NO.:   30    OBJECTIVE VALUE:   215.751057640724        NO. OF FUNC. EVALS.:  65
CUMULATIVE NO. OF FUNC. EVALS.:      411
NPARAMETR:  5.2209E+00  3.8096E+01  9.0789E-01  7.7656E-01  1.3273E-01  1.4487E+00  7.5669E-01  1.4823E-01  3.3525E-01  1.3400E-01
            9.0256E-02  4.4972E-02  1.1556E-01  2.2045E-01  2.2566E-01
PARAMETER:  1.4323E-01  5.1220E-02  1.0681E-01  7.0256E-02 -3.0999E-01  6.5185E-02 -8.7194E-01 -1.9958E-01 -7.6600E-02 -1.2764E-02
            4.8738E-02  4.7013E-02  1.7230E-01  1.4868E-01 -4.2387E-02
GRADIENT:  -1.7773E-01 -7.2636E-02  6.6185E-01  2.1088E-01 -6.0024E-01 -3.0473E+00  1.2790E+00 -1.3889E-01  3.6078E-01 -1.3584E+00
            1.7637E-01  9.6286E-02 -6.9000E-02  8.9202E-02  1.0712E-01


ITERATION NO.:   35    OBJECTIVE VALUE:   215.560787726805        NO. OF FUNC. EVALS.:  65
CUMULATIVE NO. OF FUNC. EVALS.:      476
NPARAMETR:  5.2243E+00  3.8106E+01  9.0923E-01  7.5478E-01  1.3128E-01  1.4344E+00  6.8451E-01  1.4833E-01  2.2915E-01  1.4374E-01
            9.0153E-02  4.5076E-02  1.1618E-01  2.3038E-01  2.4126E-01
PARAMETER:  1.4389E-01  5.1495E-02  1.0697E-01  4.1821E-02 -3.2102E-01  5.5302E-02 -9.7220E-01 -1.9886E-01 -4.5708E-01  5.7340E-02
            4.8168E-02  4.8163E-02  1.7496E-01  1.7070E-01 -8.9638E-03
GRADIENT:   2.6710E-01  1.6502E-02 -4.7679E+00 -2.4091E-01  3.1202E-01  1.6985E+00 -5.2077E-01  3.5645E-02  2.1383E-01 -2.2342E-01
            8.7592E-02  1.6681E-01 -1.5526E-01  1.3035E-01  3.0261E-02


ITERATION NO.:   40    OBJECTIVE VALUE:   215.488426521922        NO. OF FUNC. EVALS.:  65
CUMULATIVE NO. OF FUNC. EVALS.:      541
NPARAMETR:  5.2224E+00  3.8102E+01  9.0907E-01  7.6424E-01  1.3126E-01  1.4407E+00  7.0819E-01  1.4834E-01  1.4364E-01  1.4860E-01
            9.0078E-02  4.4938E-02  1.1603E-01  2.2675E-01  2.3160E-01
PARAMETER:  1.4352E-01  5.1384E-02  1.0695E-01  5.4269E-02 -3.2112E-01  5.9659E-02 -9.3819E-01 -1.9879E-01 -9.2415E-01  9.0639E-02
            4.7752E-02  4.6633E-02  1.7434E-01  1.6277E-01 -2.9391E-02
GRADIENT:  -7.9629E-02  2.9037E-02 -4.9401E+00  1.8440E-01  5.1634E-02  2.6683E-01 -1.3137E-01  3.9647E-02  8.0488E-02  2.2373E-01
            5.6801E-02  6.7714E-02 -1.6875E-01  2.0248E-02 -9.7592E-03


ITERATION NO.:   45    OBJECTIVE VALUE:   215.460513116110        NO. OF FUNC. EVALS.:  65
CUMULATIVE NO. OF FUNC. EVALS.:      606
NPARAMETR:  5.2228E+00  3.8102E+01  9.1003E-01  7.6478E-01  1.3133E-01  1.4424E+00  7.1207E-01  1.4834E-01  5.5423E-02  1.5127E-01
            9.0031E-02  4.4842E-02  1.1626E-01  2.2670E-01  2.2985E-01
PARAMETER:  1.4359E-01  5.1386E-02  1.0706E-01  5.4979E-02 -3.2060E-01  6.0830E-02 -9.3272E-01 -1.9883E-01 -1.8765E+00  1.0842E-01
            4.7492E-02  4.5559E-02  1.7535E-01  1.6265E-01 -3.3167E-02
GRADIENT:  -2.3171E-02  3.9951E-02 -1.3764E+00 -5.4129E-03  5.6641E-04  1.9049E-01 -2.5507E-02 -9.0102E-04  1.3562E-02  8.4143E-01
            2.2204E-02 -2.4253E-02 -6.3147E-02  2.8168E-02 -3.8860E-03


ITERATION NO.:   50    OBJECTIVE VALUE:   215.456349441202        NO. OF FUNC. EVALS.:  67
CUMULATIVE NO. OF FUNC. EVALS.:      673
NPARAMETR:  5.2230E+00  3.8100E+01  9.1034E-01  7.6492E-01  1.3137E-01  1.4426E+00  7.1282E-01  1.4834E-01  1.7906E-02  1.5158E-01
            9.0006E-02  4.4851E-02  1.1639E-01  2.2656E-01  2.3002E-01
PARAMETER:  1.4364E-01  5.1347E-02  1.0710E-01  5.5159E-02 -3.2031E-01  6.1005E-02 -9.3167E-01 -1.9883E-01 -3.0063E+00  1.1046E-01
            4.7355E-02  4.5666E-02  1.7590E-01  1.6235E-01 -3.2810E-02
GRADIENT:   1.6922E-02 -1.2527E-02 -8.6749E-02 -3.4870E-02 -4.9131E-03  7.8326E-02  6.2117E-04  7.1143E-04  9.5690E-04  1.6056E-01
            4.4979E-03 -1.1675E-02 -9.1927E-03  6.7779E-03 -2.3942E-04


ITERATION NO.:   55    OBJECTIVE VALUE:   215.455909446084        NO. OF FUNC. EVALS.:  65
CUMULATIVE NO. OF FUNC. EVALS.:      738
NPARAMETR:  5.2229E+00  3.8101E+01  9.1033E-01  7.6503E-01  1.3139E-01  1.4426E+00  7.1287E-01  1.4834E-01  1.9038E-03  1.5160E-01
            8.9998E-02  4.4860E-02  1.1641E-01  2.2648E-01  2.3009E-01
PARAMETER:  1.4362E-01  5.1351E-02  1.0710E-01  5.5299E-02 -3.2015E-01  6.0954E-02 -9.3160E-01 -1.9883E-01 -5.2476E+00  1.1061E-01
            4.7306E-02  4.5767E-02  1.7599E-01  1.6217E-01 -3.2653E-02
GRADIENT:  -1.0500E-03  7.6086E-05 -4.0339E-02 -3.9598E-03  1.8737E-03  9.8066E-03 -9.4077E-04  1.1693E-03  9.5071E-06 -1.8821E-02
           -2.0215E-03 -1.8331E-03  1.3460E-04 -1.6655E-03  5.0681E-05


ITERATION NO.:   60    OBJECTIVE VALUE:   215.455903299156        NO. OF FUNC. EVALS.:  68
CUMULATIVE NO. OF FUNC. EVALS.:      806
NPARAMETR:  5.2229E+00  3.8101E+01  9.1036E-01  7.6506E-01  1.3138E-01  1.4426E+00  7.1284E-01  1.4834E-01  1.0420E-03  1.5160E-01
            9.0002E-02  4.4862E-02  1.1641E-01  2.2650E-01  2.3008E-01
PARAMETER:  1.4362E-01  5.1348E-02  1.0710E-01  5.5337E-02 -3.2026E-01  6.0962E-02 -9.3164E-01 -1.9884E-01 -5.8503E+00  1.1063E-01
            4.7330E-02  4.5785E-02  1.7599E-01  1.6221E-01 -3.2682E-02
GRADIENT:   3.5104E-03 -2.9043E-03  4.9570E-02 -7.5506E-04 -1.2173E-03  2.9333E-04  4.4195E-04 -1.3174E-03  2.8931E-06  2.5372E-03
            1.3445E-03  9.9174E-05  2.5507E-04  1.5882E-03 -2.1138E-05


ITERATION NO.:   65    OBJECTIVE VALUE:   215.455881822650        NO. OF FUNC. EVALS.: 168
CUMULATIVE NO. OF FUNC. EVALS.:      974
NPARAMETR:  5.2232E+00  3.8101E+01  9.1065E-01  7.6537E-01  1.3139E-01  1.4429E+00  7.1355E-01  1.4834E-01  2.7604E-04  1.5160E-01
            9.0000E-02  4.4861E-02  1.1641E-01  2.2635E-01  2.2987E-01
PARAMETER:  1.4367E-01  5.1362E-02  1.0714E-01  5.5750E-02 -3.2014E-01  6.1210E-02 -9.3066E-01 -1.9883E-01 -7.1787E+00  1.1063E-01
            4.7318E-02  4.5768E-02  1.7599E-01  1.6189E-01 -3.3144E-02
GRADIENT:   1.0070E-03 -9.4495E-04  7.1198E-03 -6.9772E-04  4.2900E-04  4.1227E-03 -3.7984E-04 -7.4639E-04  2.0311E-07 -6.5688E-04
            3.9070E-05 -3.4747E-04  1.1100E-04  3.0624E-04  6.3117E-05


ITERATION NO.:   69    OBJECTIVE VALUE:   215.455881679732        NO. OF FUNC. EVALS.: 139
CUMULATIVE NO. OF FUNC. EVALS.:     1113
NPARAMETR:  5.2232E+00  3.8101E+01  9.1065E-01  7.6537E-01  1.3139E-01  1.4429E+00  7.1355E-01  1.4834E-01  1.3715E-04  1.5160E-01
            9.0000E-02  4.4861E-02  1.1641E-01  2.2635E-01  2.2986E-01
PARAMETER:  1.4367E-01  5.1363E-02  1.0714E-01  5.5752E-02 -3.2014E-01  6.1206E-02 -9.3066E-01 -1.9883E-01 -7.8781E+00  1.1063E-01
            4.7317E-02  4.5771E-02  1.7598E-01  1.6189E-01 -3.3150E-02
GRADIENT:  -4.7323E-04  3.0295E-05  5.8819E-04 -9.7346E-05  5.4665E-05  5.8448E-04 -9.0672E-05 -2.7714E-04 -3.8882E-06 -6.2832E-04
            3.0273E-04  5.5050E-05  6.8060E-05  3.0812E-04 -5.8386E-05

#TERM:

MINIMIZATION SUCCESSFUL
HOWEVER, PROBLEMS OCCURRED WITH THE MINIMIZATION.
REGARD THE RESULTS OF THE ESTIMATION STEP CAREFULLY, AND ACCEPT THEM ONLY
AFTER CHECKING THAT THE COVARIANCE STEP PRODUCES REASONABLE OUTPUT.
NO. OF FUNCTION EVALUATIONS USED:     1113
NO. OF SIG. DIGITS IN FINAL EST.:  3.1

ETABAR IS THE ARITHMETIC MEAN OF THE ETA-ESTIMATES,
AND THE P-VALUE IS GIVEN FOR THE NULL HYPOTHESIS THAT THE TRUE MEAN IS 0.

ETABAR:         6.3146E-03 -8.3418E-03  1.0692E-02  5.4749E-02  3.1924E-02
SE:             4.4896E-02  2.9541E-02  4.7978E-02  5.6822E-02  3.2123E-02
N:                      40          40          40          40          40

P VAL.:         8.8815E-01  7.7765E-01  8.2365E-01  3.3530E-01  3.2031E-01

ETASHRINKSD(%)  5.3270E+00  1.1700E+01  1.1010E+01  2.3592E+01  5.7105E+01
ETASHRINKVR(%)  1.0370E+01  2.2031E+01  2.0808E+01  4.1618E+01  8.1600E+01
EBVSHRINKSD(%)  4.1879E+00  1.1041E+01  1.0630E+01  2.4912E+01  5.7774E+01
EBVSHRINKVR(%)  8.2004E+00  2.0863E+01  2.0130E+01  4.3618E+01  8.2170E+01
RELATIVEINF(%)  9.1661E+01  7.8872E+01  6.2050E+01  4.6148E+01  1.1834E+01
EPSSHRINKSD(%)  1.2921E+01
EPSSHRINKVR(%)  2.4173E+01

 
TOTAL DATA POINTS NORMALLY DISTRIBUTED (N):          520
N*LOG(2PI) CONSTANT TO OBJECTIVE FUNCTION:    955.69607453285960     
OBJECTIVE FUNCTION VALUE WITHOUT CONSTANT:    215.45588167973196     
OBJECTIVE FUNCTION VALUE WITH CONSTANT:       1171.1519562125916     
REPORTED OBJECTIVE FUNCTION DOES NOT CONTAIN CONSTANT
 
TOTAL EFFECTIVE ETAS (NIND*NETA):                           200
 
#TERE:
Elapsed estimation  time in seconds: <SEC>
Elapsed covariance  time in seconds: <SEC>
Elapsed postprocess time in seconds: <SEC>






















************************************************************************************************************************
********************                                                                                ********************
********************               FIRST ORDER CONDITIONAL ESTIMATION WITH INTERACTION              ********************
#OBJT:**************                       MINIMUM VALUE OF OBJECTIVE FUNCTION                      ********************
********************                                                                                ********************
************************************************************************************************************************






#OBJV:********************************************           215.456       *********************************************


************************************************************************************************************************
********************                                                                                ********************
********************               FIRST ORDER CONDITIONAL ESTIMATION WITH INTERACTION              ********************
********************                             FINAL PARAMETER ESTIMATE                           ********************
********************                                                                                ********************
************************************************************************************************************************



THETA - VECTOR OF FIXED EFFECTS PARAMETERS   *********


        TH 1      TH 2      TH 3      TH 4      TH 5      TH 6      TH 7      TH 8      TH 9      TH10     

        5.22E+00  3.81E+01  9.11E-01  7.65E-01  1.31E-01  1.44E+00  7.14E-01  1.48E-01  1.37E-04  1.52E-01



OMEGA - COV MATRIX FOR RANDOM EFFECTS - ETAS  ********


        ETA1      ETA2      ETA3      ETA4      ETA5     

ETA1    9.00E-02

ETA2    0.00E+00  4.49E-02

ETA3    0.00E+00  0.00E+00  1.16E-01

ETA4    0.00E+00  0.00E+00  0.00E+00  2.26E-01

ETA5    0.00E+00  0.00E+00  0.00E+00  0.00E+00  2.30E-01



SIGMA - COV MATRIX FOR RANDOM EFFECTS - EPSILONS  ****


        EPS1     

EPS1    1.00E+00





OMEGA - CORR MATRIX FOR RANDOM EFFECTS - ETAS  *******


        ETA1      ETA2      ETA3      ETA4      ETA5     

ETA1    3.00E-01

ETA2    0.00E+00  2.12E-01

ETA3    0.00E+00  0.00E+00  3.41E-01

ETA4    0.00E+00  0.00E+00  0.00E+00  4.76E-01

ETA5    0.00E+00  0.00E+00  0.00E+00  0.00E+00  4.79E-01



SIGMA - CORR MATRIX FOR RANDOM EFFECTS - EPSILONS  ***


        EPS1     

EPS1    1.00E+00



************************************************************************************************************************
********************                                                                                ********************
********************               FIRST ORDER CONDITIONAL ESTIMATION WITH INTERACTION              ********************
********************                            STANDARD ERROR OF ESTIMATE                          ********************
********************                                                                                ********************
************************************************************************************************************************



THETA - VECTOR OF FIXED EFFECTS PARAMETERS   *********


        TH 1      TH 2      TH 3      TH 4      TH 5      TH 6      TH 7      TH 8      TH 9      TH10     

        2.66E-01  1.47E+00  7.61E-02  1.42E-01  4.27E-02  1.12E-01  3.62E-01  1.37E-02  7.17E-04  6.22E-03



OMEGA - COV MATRIX FOR RANDOM EFFECTS - ETAS  ********


        ETA1      ETA2      ETA3      ETA4      ETA5     

ETA1    2.06E-02

ETA2   .........  1.60E-02

ETA3   ......... .........  2.30E-02

ETA4   ......... ......... .........  1.08E-01

ETA5   ......... ......... ......... .........  2.59E-01



SIGMA - COV MATRIX FOR RANDOM EFFECTS - EPSILONS  ****


        EPS1     

EPS1   .........





OMEGA - CORR MATRIX FOR RANDOM EFFECTS - ETAS  *******


        ETA1      ETA2      ETA3      ETA4      ETA5     

ETA1    3.43E-02

ETA2   .........  3.78E-02

ETA3   ......... .........  3.37E-02

ETA4   ......... ......... .........  1.14E-01

ETA5   ......... ......... ......... .........  2.70E-01



SIGMA - CORR MATRIX FOR RANDOM EFFECTS - EPSILONS  ***


        EPS1     

EPS1   .........



************************************************************************************************************************
********************                                                                                ********************
********************               FIRST ORDER CONDITIONAL ESTIMATION WITH INTERACTION              ********************
********************                          COVARIANCE MATRIX OF ESTIMATE                         ********************
********************                                                                                ********************
************************************************************************************************************************


           TH 1      TH 2      TH 3      TH 4      TH 5      TH 6      TH 7      TH 8      TH 9      TH10      OM11      OM12  
            OM13      OM14      OM15      OM22      OM23      OM24      OM25      OM33      OM34      OM35      OM44      OM45  
           OM55      SG11  

TH 1    7.05E-02

TH 2    2.38E-02  2.17E+00

TH 3   -4.08E-03  3.92E-02  5.80E-03

TH 4   -5.73E-03  1.86E-02  4.46E-03  2.03E-02

TH 5   -2.23E-03 -7.86E-03 -7.15E-04 -6.55E-04  1.82E-03

TH 6   -5.53E-03  1.30E-02  3.71E-03  1.31E-02 -4.04E-04  1.27E-02

TH 7   -3.06E-02 -7.98E-02  5.09E-04  3.16E-02  8.43E-03  2.63E-02  1.31E-01

TH 8    1.28E-03  3.76E-03  1.36E-04 -1.68E-04 -1.37E-04 -3.00E-04 -2.07E-03  1.88E-04

TH 9   -7.18E-05  3.15E-04  2.15E-06 -1.62E-05  5.25E-06  2.13E-05  7.61E-05 -5.94E-06  5.14E-07

TH10    7.43E-05 -1.69E-03 -1.71E-05 -8.97E-05  6.28E-05  1.58E-05  3.03E-04  8.26E-06  4.55E-07  3.87E-05

OM11    1.76E-03  9.11E-03  6.12E-05 -1.12E-03 -7.00E-05 -6.89E-04 -3.17E-03  1.67E-06  1.83E-06 -7.94E-06  4.24E-04

OM12   ......... ......... ......... ......... ......... ......... ......... ......... ......... ......... ......... .........

OM13   ......... ......... ......... ......... ......... ......... ......... ......... ......... ......... ......... .........
        .........

OM14   ......... ......... ......... ......... ......... ......... ......... ......... ......... ......... ......... .........
        ......... .........

OM15   ......... ......... ......... ......... ......... ......... ......... ......... ......... ......... ......... .........
        ......... ......... .........

OM22   -5.09E-04 -1.39E-03 -1.13E-05  4.32E-04 -1.88E-04  4.83E-05  2.54E-04 -2.35E-05 -6.39E-07  8.65E-06 -3.94E-05 .........
        ......... ......... .........  2.57E-04

OM23   ......... ......... ......... ......... ......... ......... ......... ......... ......... ......... ......... .........
        ......... ......... ......... ......... .........

OM24   ......... ......... ......... ......... ......... ......... ......... ......... ......... ......... ......... .........
        ......... ......... ......... ......... ......... .........

OM25   ......... ......... ......... ......... ......... ......... ......... ......... ......... ......... ......... .........
        ......... ......... ......... ......... ......... ......... .........




           TH 1      TH 2      TH 3      TH 4      TH 5      TH 6      TH 7      TH 8      TH 9      TH10      OM11      OM12  
            OM13      OM14      OM15      OM22      OM23      OM24      OM25      OM33      OM34      OM35      OM44      OM45  
           OM55      SG11  

OM33   -6.81E-04  6.97E-03 -2.19E-04 -8.30E-04  7.48E-06 -2.10E-04 -1.10E-03 -1.15E-05  5.29E-06  5.26E-06  1.29E-04 .........
        ......... ......... .........  1.94E-06 ......... ......... .........  5.28E-04

OM34   ......... ......... ......... ......... ......... ......... ......... ......... ......... ......... ......... .........
        ......... ......... ......... ......... ......... ......... ......... ......... .........

OM35   ......... ......... ......... ......... ......... ......... ......... ......... ......... ......... ......... .........
        ......... ......... ......... ......... ......... ......... ......... ......... ......... .........

OM44    8.07E-03  1.88E-02 -1.04E-03 -5.58E-03 -4.82E-04 -4.21E-03 -1.33E-02  2.73E-04 -2.70E-06  1.00E-05  6.02E-04 .........
        ......... ......... .........  1.00E-04 ......... ......... .........  1.19E-04 ......... .........  1.17E-02

OM45   ......... ......... ......... ......... ......... ......... ......... ......... ......... ......... ......... .........
        ......... ......... ......... ......... ......... ......... ......... ......... ......... ......... ......... .........

OM55    1.88E-02  3.41E-02 -2.51E-03 -1.88E-02 -4.63E-03 -1.31E-02 -6.99E-02  7.39E-04 -2.10E-05 -3.64E-04  2.82E-03 .........
        ......... ......... ......... -4.17E-04 ......... ......... .........  8.62E-04 ......... .........  3.33E-03 .........
        6.71E-02

SG11   ......... ......... ......... ......... ......... ......... ......... ......... ......... ......... ......... .........
        ......... ......... ......... ......... ......... ......... ......... ......... ......... ......... ......... .........
       ......... .........



************************************************************************************************************************
********************                                                                                ********************
********************               FIRST ORDER CONDITIONAL ESTIMATION WITH INTERACTION              ********************
********************                          CORRELATION MATRIX OF ESTIMATE                        ********************
********************                                                                                ********************
************************************************************************************************************************


           TH 1      TH 2      TH 3      TH 4      TH 5      TH 6      TH 7      TH 8      TH 9      TH10      OM11      OM12  
            OM13      OM14      OM15      OM22      OM23      OM24      OM25      OM33      OM34      OM35      OM44      OM45  
           OM55      SG11  

TH 1    2.66E-01

TH 2    6.08E-02  1.47E+00

TH 3   -2.02E-01  3.50E-01  7.61E-02

TH 4   -1.52E-01  8.88E-02  4.12E-01  1.42E-01

TH 5   -1.97E-01 -1.25E-01 -2.20E-01 -1.08E-01  4.27E-02

TH 6   -1.85E-01  7.85E-02  4.34E-01  8.21E-01 -8.40E-02  1.12E-01

TH 7   -3.19E-01 -1.50E-01  1.84E-02  6.13E-01  5.45E-01  6.47E-01  3.62E-01

TH 8    3.52E-01  1.86E-01  1.31E-01 -8.62E-02 -2.34E-01 -1.94E-01 -4.16E-01  1.37E-02

TH 9   -3.77E-01  2.98E-01  3.93E-02 -1.58E-01  1.71E-01  2.64E-01  2.93E-01 -6.04E-01  7.17E-04

TH10    4.49E-02 -1.84E-01 -3.61E-02 -1.01E-01  2.36E-01  2.26E-02  1.34E-01  9.67E-02  1.02E-01  6.22E-03

OM11    3.21E-01  3.01E-01  3.90E-02 -3.82E-01 -7.96E-02 -2.98E-01 -4.25E-01  5.91E-03  1.24E-01 -6.20E-02  2.06E-02

OM12   ......... ......... ......... ......... ......... ......... ......... ......... ......... ......... ......... .........

OM13   ......... ......... ......... ......... ......... ......... ......... ......... ......... ......... ......... .........
        .........

OM14   ......... ......... ......... ......... ......... ......... ......... ......... ......... ......... ......... .........
        ......... .........

OM15   ......... ......... ......... ......... ......... ......... ......... ......... ......... ......... ......... .........
        ......... ......... .........

OM22   -1.20E-01 -5.88E-02 -9.26E-03  1.90E-01 -2.75E-01  2.68E-02  4.37E-02 -1.07E-01 -5.56E-02  8.68E-02 -1.19E-01 .........
        ......... ......... .........  1.60E-02

OM23   ......... ......... ......... ......... ......... ......... ......... ......... ......... ......... ......... .........
        ......... ......... ......... ......... .........

OM24   ......... ......... ......... ......... ......... ......... ......... ......... ......... ......... ......... .........
        ......... ......... ......... ......... ......... .........

OM25   ......... ......... ......... ......... ......... ......... ......... ......... ......... ......... ......... .........
        ......... ......... ......... ......... ......... ......... .........




           TH 1      TH 2      TH 3      TH 4      TH 5      TH 6      TH 7      TH 8      TH 9      TH10      OM11      OM12  
            OM13      OM14      OM15      OM22      OM23      OM24      OM25      OM33      OM34      OM35      OM44      OM45  
           OM55      SG11  

OM33   -1.12E-01  2.06E-01 -1.25E-01 -2.54E-01  7.62E-03 -8.14E-02 -1.32E-01 -3.66E-02  3.21E-01  3.68E-02  2.74E-01 .........
        ......... ......... .........  5.28E-03 ......... ......... .........  2.30E-02

OM34   ......... ......... ......... ......... ......... ......... ......... ......... ......... ......... ......... .........
        ......... ......... ......... ......... ......... ......... ......... ......... .........

OM35   ......... ......... ......... ......... ......... ......... ......... ......... ......... ......... ......... .........
        ......... ......... ......... ......... ......... ......... ......... ......... ......... .........

OM44    2.80E-01  1.18E-01 -1.26E-01 -3.62E-01 -1.04E-01 -3.46E-01 -3.40E-01  1.84E-01 -3.47E-02  1.49E-02  2.70E-01 .........
        ......... ......... .........  5.78E-02 ......... ......... .........  4.77E-02 ......... .........  1.08E-01

OM45   ......... ......... ......... ......... ......... ......... ......... ......... ......... ......... ......... .........
        ......... ......... ......... ......... ......... ......... ......... ......... ......... ......... ......... .........

OM55    2.73E-01  8.93E-02 -1.27E-01 -5.09E-01 -4.19E-01 -4.51E-01 -7.45E-01  2.08E-01 -1.13E-01 -2.26E-01  5.30E-01 .........
        ......... ......... ......... -1.00E-01 ......... ......... .........  1.45E-01 ......... .........  1.19E-01 .........
        2.59E-01

SG11   ......... ......... ......... ......... ......... ......... ......... ......... ......... ......... ......... .........
        ......... ......... ......... ......... ......... ......... ......... ......... ......... ......... ......... .........
       ......... .........



************************************************************************************************************************
********************                                                                                ********************
********************               FIRST ORDER CONDITIONAL ESTIMATION WITH INTERACTION              ********************
********************                      INVERSE COVARIANCE MATRIX OF ESTIMATE                     ********************
********************                                                                                ********************
************************************************************************************************************************


           TH 1      TH 2      TH 3      TH 4      TH 5      TH 6      TH 7      TH 8      TH 9      TH10      OM11      OM12  
            OM13      OM14      OM15      OM22      OM23      OM24      OM25      OM33      OM34      OM35      OM44      OM45  
           OM55      SG11  

TH 1    7.50E+04

TH 2   -3.64E+04  1.77E+04

TH 3   -9.54E+03  4.65E+03  1.62E+03

TH 4    9.10E+05 -4.42E+05 -1.16E+05  1.10E+07

TH 5    8.11E+05 -3.94E+05 -1.04E+05  9.84E+06  8.76E+06

TH 6   -6.50E+05  3.16E+05  8.29E+04 -7.89E+06 -7.03E+06  5.64E+06

TH 7   -1.74E+05  8.44E+04  2.23E+04 -2.11E+06 -1.88E+06  1.51E+06  4.03E+05

TH 8    3.39E+06 -1.65E+06 -4.34E+05  4.12E+07  3.67E+07 -2.94E+07 -7.87E+06  1.54E+08

TH 9    1.46E+08 -7.11E+07 -1.87E+07  1.78E+09  1.58E+09 -1.27E+09 -3.39E+08  6.63E+09  2.86E+11

TH10   -1.78E+06  8.65E+05  2.28E+05 -2.16E+07 -1.93E+07  1.54E+07  4.13E+06 -8.07E+07 -3.48E+09  4.24E+07

OM11   -7.03E+03  3.34E+03  4.72E+02 -8.37E+04 -7.51E+04  5.99E+04  1.60E+04 -3.10E+05 -1.35E+07  1.63E+05  5.94E+03

OM12   ......... ......... ......... ......... ......... ......... ......... ......... ......... ......... ......... .........

OM13   ......... ......... ......... ......... ......... ......... ......... ......... ......... ......... ......... .........
        .........

OM14   ......... ......... ......... ......... ......... ......... ......... ......... ......... ......... ......... .........
        ......... .........

OM15   ......... ......... ......... ......... ......... ......... ......... ......... ......... ......... ......... .........
        ......... ......... .........

OM22    4.00E+04 -1.94E+04 -5.12E+03  4.85E+05  4.34E+05 -3.46E+05 -9.28E+04  1.81E+06  7.81E+07 -9.54E+05 -3.71E+03 .........
        ......... ......... .........  2.74E+04

OM23   ......... ......... ......... ......... ......... ......... ......... ......... ......... ......... ......... .........
        ......... ......... ......... ......... .........

OM24   ......... ......... ......... ......... ......... ......... ......... ......... ......... ......... ......... .........
        ......... ......... ......... ......... ......... .........

OM25   ......... ......... ......... ......... ......... ......... ......... ......... ......... ......... ......... .........
        ......... ......... ......... ......... ......... ......... .........




           TH 1      TH 2      TH 3      TH 4      TH 5      TH 6      TH 7      TH 8      TH 9      TH10      OM11      OM12  
            OM13      OM14      OM15      OM22      OM23      OM24      OM25      OM33      OM34      OM35      OM44      OM45  
           OM55      SG11  

OM33    1.74E+03 -8.21E+02  8.44E+01  2.05E+04  1.80E+04 -1.48E+04 -3.82E+03  7.52E+04  3.26E+06 -3.97E+04 -1.12E+03 .........
        ......... ......... .........  4.21E+02 ......... ......... .........  2.73E+03

OM34   ......... ......... ......... ......... ......... ......... ......... ......... ......... ......... ......... .........
        ......... ......... ......... ......... ......... ......... ......... ......... .........

OM35   ......... ......... ......... ......... ......... ......... ......... ......... ......... ......... ......... .........
        ......... ......... ......... ......... ......... ......... ......... ......... ......... .........

OM44   -2.43E+03  1.18E+03  3.28E+02 -2.94E+04 -2.62E+04  2.10E+04  5.63E+03 -1.10E+05 -4.74E+06  5.79E+04  6.01E+01 .........
        ......... ......... ......... -1.42E+03 ......... ......... .........  5.14E+00 ......... .........  2.03E+02

OM45   ......... ......... ......... ......... ......... ......... ......... ......... ......... ......... ......... .........
        ......... ......... ......... ......... ......... ......... ......... ......... ......... ......... ......... .........

OM55   -1.40E+03  6.81E+02  2.17E+02 -1.70E+04 -1.51E+04  1.21E+04  3.27E+03 -6.35E+04 -2.74E+06  3.36E+04 -9.28E+01 .........
        ......... ......... ......... -7.58E+02 ......... ......... .........  1.62E+01 ......... .........  7.07E+01 .........
        7.78E+01

SG11   ......... ......... ......... ......... ......... ......... ......... ......... ......... ......... ......... .........
        ......... ......... ......... ......... ......... ......... ......... ......... ......... ......... ......... .........
       ......... .........























************************************************************************************************************************
********************                                                                                ********************
********************               FIRST ORDER CONDITIONAL ESTIMATION WITH INTERACTION              ********************
********************                      EIGENVALUES OF COR MATRIX OF ESTIMATE                     ********************
********************                                                                                ********************
************************************************************************************************************************


            1         2         3         4         5         6         7         8         9        10        11        12
            13        14        15

        1.71E-06  5.58E-02  1.75E-01  2.14E-01  3.05E-01  5.30E-01  6.17E-01  7.95E-01  8.63E-01  9.51E-01  1.17E+00  1.30E+00
         1.95E+00  2.18E+00  3.90E+00



************************************************************************************************************************
********************                                                                                ********************
********************               FIRST ORDER CONDITIONAL ESTIMATION WITH INTERACTION              ********************
********************                                     R MATRIX                                   ********************
********************                                                                                ********************
************************************************************************************************************************


           TH 1      TH 2      TH 3      TH 4      TH 5      TH 6      TH 7      TH 8      TH 9      TH10      OM11      OM12  
            OM13      OM14      OM15      OM22      OM23      OM24      OM25      OM33      OM34      OM35      OM44      OM45  
           OM55      SG11  

TH 1    1.50E+01

TH 2   -7.13E-02  4.84E-01

TH 3    2.25E-01  1.87E-01  2.74E+02

TH 4   -1.34E+00  3.14E-01 -4.27E+01  1.70E+02

TH 5    7.34E-02 -7.75E-01 -2.11E+02  2.55E+02  1.80E+03

TH 6    5.06E-01 -6.57E-01 -1.62E+02 -1.30E+01  4.09E+02  3.42E+02

TH 7    3.54E-01  1.04E-01  6.13E+01 -4.36E+01 -2.35E+02 -1.02E+02  5.95E+01

TH 8   -2.66E+01 -4.31E+00  7.15E+00 -1.68E+01 -2.94E+00 -5.97E-01  8.91E+00  7.83E+03

TH 9    9.79E-01 -4.80E-01 -1.42E-01  1.20E+01  1.07E+01 -8.57E+00 -2.29E+00  4.47E+01  1.93E+03

TH10   -3.31E-01 -4.46E-02  3.22E+01 -3.42E+01 -2.45E+02 -1.79E+01  8.07E+01  1.83E+00 -2.22E+01  2.50E+04

OM11    6.02E+00 -1.86E+00  2.58E+00  1.21E+01 -2.60E+01 -1.43E+01 -2.82E-01  2.53E+02 -7.80E-02 -3.43E+00  2.07E+03

OM12   ......... ......... ......... ......... ......... ......... ......... ......... ......... ......... ......... .........

OM13   ......... ......... ......... ......... ......... ......... ......... ......... ......... ......... ......... .........
        .........

OM14   ......... ......... ......... ......... ......... ......... ......... ......... ......... ......... ......... .........
        ......... .........

OM15   ......... ......... ......... ......... ......... ......... ......... ......... ......... ......... ......... .........
        ......... ......... .........

OM22    9.81E+00 -1.69E+00  5.80E+00  1.23E+01 -6.30E+01 -1.77E+01  1.09E+01  7.89E+02  4.68E-01  1.20E+02 -9.42E+01 .........
        ......... ......... .........  6.20E+03

OM23   ......... ......... ......... ......... ......... ......... ......... ......... ......... ......... ......... .........
        ......... ......... ......... ......... .........

OM24   ......... ......... ......... ......... ......... ......... ......... ......... ......... ......... ......... .........
        ......... ......... ......... ......... ......... .........

OM25   ......... ......... ......... ......... ......... ......... ......... ......... ......... ......... ......... .........
        ......... ......... ......... ......... ......... ......... .........




           TH 1      TH 2      TH 3      TH 4      TH 5      TH 6      TH 7      TH 8      TH 9      TH10      OM11      OM12  
            OM13      OM14      OM15      OM22      OM23      OM24      OM25      OM33      OM34      OM35      OM44      OM45  
           OM55      SG11  

OM33   -3.06E-02  6.98E-02 -5.11E+00 -4.42E-01  4.46E-01 -1.14E+01  1.75E+01 -4.75E-01 -6.26E-03  1.88E+02 -2.51E+00 .........
        ......... ......... .........  1.87E+01 ......... ......... .........  9.49E+02

OM34   ......... ......... ......... ......... ......... ......... ......... ......... ......... ......... ......... .........
        ......... ......... ......... ......... ......... ......... ......... ......... .........

OM35   ......... ......... ......... ......... ......... ......... ......... ......... ......... ......... ......... .........
        ......... ......... ......... ......... ......... ......... ......... ......... ......... .........

OM44   -2.42E-02 -1.90E-02  4.03E+00  5.18E+01  8.94E+01  8.77E+00  2.96E+00  3.65E+00 -1.83E-02  1.39E+02 -2.71E+00 .........
        ......... ......... .........  1.12E+01 ......... ......... ......... -2.72E+00 ......... .........  1.63E+02

OM45   ......... ......... ......... ......... ......... ......... ......... ......... ......... ......... ......... .........
        ......... ......... ......... ......... ......... ......... ......... ......... ......... ......... ......... .........

OM55    4.96E-02 -7.73E-03  3.98E+00  1.82E+00  7.65E+00 -4.37E+00  7.51E+00  4.66E+00 -1.46E-02  8.31E+01 -2.40E+00 .........
        ......... ......... .........  2.40E+00 ......... ......... .........  2.52E+01 ......... .........  9.34E+00 .........
        1.92E+01

SG11   ......... ......... ......... ......... ......... ......... ......... ......... ......... ......... ......... .........
        ......... ......... ......... ......... ......... ......... ......... ......... ......... ......... ......... .........
       ......... .........



************************************************************************************************************************
********************                                                                                ********************
********************               FIRST ORDER CONDITIONAL ESTIMATION WITH INTERACTION              ********************
********************                                     S MATRIX                                   ********************
********************                                                                                ********************
************************************************************************************************************************


           TH 1      TH 2      TH 3      TH 4      TH 5      TH 6      TH 7      TH 8      TH 9      TH10      OM11      OM12  
            OM13      OM14      OM15      OM22      OM23      OM24      OM25      OM33      OM34      OM35      OM44      OM45  
           OM55      SG11  

TH 1    1.50E+01

TH 2   -1.35E-01  4.87E-01

TH 3   -1.87E+01  2.80E+00  2.75E+02

TH 4    3.52E+00  2.26E+00 -2.13E+01  1.74E+02

TH 5    1.28E+01  2.45E+00 -2.37E+02  2.82E+02  1.85E+03

TH 6    1.41E+01 -5.69E-02 -1.88E+02  2.86E+01  4.24E+02  3.31E+02

TH 7   -6.39E+00 -7.31E-01  6.41E+01 -4.90E+01 -2.25E+02 -1.15E+02  6.27E+01

TH 8    7.75E+01  3.66E+00  5.03E+01  2.46E+02  3.08E+02  1.33E+02 -2.24E+02  1.06E+04

TH 9   -2.73E-03 -1.23E-03 -5.60E-03 -1.80E-02  2.96E-02  1.31E-02  4.58E-03  6.36E-02  7.04E-05

TH10    4.42E+01 -2.22E+01  2.10E+01 -3.83E+02  2.63E+02  1.66E+02  1.68E+02  1.82E+03  1.12E+00  2.38E+04

OM11    6.72E+01  5.51E+00  1.19E+01 -3.42E+01  2.20E+02  1.02E+02 -6.13E+01  4.17E+02 -1.03E-02 -5.98E+01  1.79E+03

OM12   ......... ......... ......... ......... ......... ......... ......... ......... ......... ......... ......... .........

OM13   ......... ......... ......... ......... ......... ......... ......... ......... ......... ......... ......... .........
        .........

OM14   ......... ......... ......... ......... ......... ......... ......... ......... ......... ......... ......... .........
        ......... .........

OM15   ......... ......... ......... ......... ......... ......... ......... ......... ......... ......... ......... .........
        ......... ......... .........

OM22   -1.51E+01 -5.00E+00  1.47E+02  1.77E+02 -1.72E+03 -5.49E+02  1.99E+02  1.26E+03  2.46E-02  2.03E+03 -6.87E+02 .........
        ......... ......... .........  1.01E+04

OM23   ......... ......... ......... ......... ......... ......... ......... ......... ......... ......... ......... .........
        ......... ......... ......... ......... .........

OM24   ......... ......... ......... ......... ......... ......... ......... ......... ......... ......... ......... .........
        ......... ......... ......... ......... ......... .........

OM25   ......... ......... ......... ......... ......... ......... ......... ......... ......... ......... ......... .........
        ......... ......... ......... ......... ......... ......... .........




           TH 1      TH 2      TH 3      TH 4      TH 5      TH 6      TH 7      TH 8      TH 9      TH10      OM11      OM12  
            OM13      OM14      OM15      OM22      OM23      OM24      OM25      OM33      OM34      OM35      OM44      OM45  
           OM55      SG11  

OM33   -7.73E+00  2.24E+00 -7.05E+01 -8.03E+01  2.76E+01  6.85E+01  3.92E+00 -1.55E+02  9.90E-03  3.68E+02  2.59E+02 .........
        ......... ......... ......... -4.81E+01 ......... ......... .........  5.10E+02

OM34   ......... ......... ......... ......... ......... ......... ......... ......... ......... ......... ......... .........
        ......... ......... ......... ......... ......... ......... ......... ......... .........

OM35   ......... ......... ......... ......... ......... ......... ......... ......... ......... ......... ......... .........
        ......... ......... ......... ......... ......... ......... ......... ......... ......... .........

OM44    1.21E+01  1.34E+00  8.60E+00  9.63E+01  1.72E+02  1.07E+01 -5.41E-01  1.81E+02  1.75E-02  3.11E+02  8.61E+01 .........
        ......... ......... .........  1.79E+02 ......... ......... ......... -3.55E+01 ......... .........  2.55E+02

OM45   ......... ......... ......... ......... ......... ......... ......... ......... ......... ......... ......... .........
        ......... ......... ......... ......... ......... ......... ......... ......... ......... ......... ......... .........

OM55    2.83E+00  2.14E-02 -9.24E+00 -8.85E+00  9.00E+00  1.04E+01 -9.53E-01  2.56E+01  1.61E-03  2.51E+01  7.79E+01 .........
        ......... ......... ......... -3.14E+01 ......... ......... .........  3.21E+01 ......... .........  4.74E+00 .........
        1.19E+01

SG11   ......... ......... ......... ......... ......... ......... ......... ......... ......... ......... ......... .........
        ......... ......... ......... ......... ......... ......... ......... ......... ......... ......... ......... .........
       ......... .........

Elapsed finaloutput time in seconds: <SEC>
#CPUT: Total CPU Time in Seconds, <SEC>
Stop Time: 
<DATE>
<TIME>
