License Registered to: <LICENSEE>
Expiration Date: <DATE>
Current Date: <DATE>
Days until program expires : <N>

NONLINEAR MIXED EFFECTS MODEL PROGRAM (NONMEM) VERSION 7.6.0 (nm760)
ORIGINALLY DEVELOPED BY STUART BEAL, LEWIS SHEINER, AND ALISON BOECKMANN
CURRENT DEVELOPERS ARE ROBERT BAUER, ICON DEVELOPMENT SOLUTIONS,
AND ALISON BOECKMANN. IMPLEMENTATION, EFFICIENCY, AND STANDARDIZATION
PERFORMED BY NOUS INFOSYSTEMS.

PROBLEM NO.:         1
IV2 DATA, 1COMP IV BOLUS (TOO SIMPLE)   P:ROOT  F:BASE

DATA CHECKOUT RUN:              NO
DATA SET LOCATED ON UNIT NO.:    2
THIS UNIT TO BE REWOUND:        NO
CREATE/ADD TO FDATA.csv:        YES
NO. OF DATA RECS IN DATA SET:      480
NO. OF DATA ITEMS IN DATA SET:   8
ID DATA ITEM IS DATA ITEM NO.:   1
DEP VARIABLE IS DATA ITEM NO.:   4
MDV DATA ITEM IS DATA ITEM NO.:  5

INDICES PASSED TO SUBROUTINE PRED:
  6   2   3   0   0   0   0   0   0   0   0

LABELS FOR DATA ITEMS:
ID TIME AMT DV MDV EVID WT SEX

(NONBLANK) LABELS FOR PRED-DEFINED ITEMS:
CL V IPRE IWRE

FORMAT FOR DATA:
(8E6.0)

TOT. NO. OF OBS RECS:      440
TOT. NO. OF INDIVIDUALS:       40

LENGTH OF THETA:   4

DEFAULT THETA BOUNDARY TEST OMITTED:   YES

OMEGA HAS SIMPLE DIAGONAL FORM WITH DIMENSION:   2

DEFAULT OMEGA BOUNDARY TEST OMITTED:   YES

SIGMA HAS SIMPLE DIAGONAL FORM WITH DIMENSION:   1

DEFAULT SIGMA BOUNDARY TEST OMITTED:   YES

INITIAL ESTIMATE OF THETA:
LOWER BOUND    INITIAL EST    UPPER BOUND
 0.0000E+00     0.5000E+01     0.1000E+07
 0.0000E+00     0.4000E+02     0.1000E+07
 0.0000E+00     0.2000E-01     0.1000E+07
 0.0000E+00     0.1000E+00     0.1000E+07

INITIAL ESTIMATE OF OMEGA:
0.1000E+00
0.0000E+00   0.1000E+00

INITIAL ESTIMATE OF SIGMA:
0.1000E+01

SIGMA CONSTRAINED TO BE THIS INITIAL ESTIMATE

COVARIANCE STEP OMITTED:        NO
EIGENVLS. PRINTED:             YES
SPECIAL COMPUTATION:            NO
COMPRESSED FORMAT:              NO
GRADIENT METHOD USED:     NOSLOW
SIGDIGITS ETAHAT (SIGLO):                  -1
SIGDIGITS GRADIENTS (SIGL):                -1
EXCLUDE COV FOR FOCE (NOFCOV):              NO
Cholesky Transposition of R Matrix (CHOLROFF):0
KNUTHSUMOFF:                                -1
RESUME COV ANALYSIS (RESUME):               NO
SIR SAMPLE SIZE (SIRSAMPLE):
NON-LINEARLY TRANSFORM THETAS DURING COV (THBND): 1
PRECONDTIONING CYCLES (PRECOND):        0
PRECONDTIONING TYPES (PRECONDS):        TOS
FORCED PRECONDTIONING CYCLES (PFCOND):0
PRECONDTIONING TYPE (PRETYPE):        0
FORCED POS. DEFINITE SETTING DURING PRECONDITIONING: (FPOSDEF):0
SIMPLE POS. DEFINITE SETTING: (POSDEF):-1

TABLES STEP OMITTED:    NO
NO. OF TABLES:           4
SEED NUMBER (SEED):    11456
NPDTYPE:    0
INTERPTYPE:    0
RANMETHOD:             3U
MC SAMPLES (ESAMPLE):    300
WRES SQUARE ROOT TYPE (WRESCHOL): EIGENVALUE

-- TABLE   1 --

RECORDS ONLY:    ALL

4 COLUMNS APPENDED:    YES
PRINTED:                NO
HEADER:                YES
FILE TO BE FORWARDED:   NO
FORMAT:                S1PE11.4
IDFORMAT:
LFORMAT:
RFORMAT:
FIXED_EFFECT_ETAS:

USER-CHOSEN ITEMS:
ID TIME AMT DV MDV EVID CL V IPRE IWRE CWRES

-- TABLE   2 --

RECORDS ONLY:    ALL

4 COLUMNS APPENDED:    NO
PRINTED:                NO
HEADER:                YES
FILE TO BE FORWARDED:   NO
FORMAT:                S1PE11.4
IDFORMAT:
LFORMAT:
RFORMAT:
FIXED_EFFECT_ETAS:

USER-CHOSEN ITEMS:
ID CL V ETA1 ETA2

-- TABLE   3 --

RECORDS ONLY:    ALL

4 COLUMNS APPENDED:    NO
PRINTED:                NO
HEADER:                YES
FILE TO BE FORWARDED:   NO
FORMAT:                S1PE11.4
IDFORMAT:
LFORMAT:
RFORMAT:
FIXED_EFFECT_ETAS:

USER-CHOSEN ITEMS:
ID WT

-- TABLE   4 --

RECORDS ONLY:    ALL

4 COLUMNS APPENDED:    NO
PRINTED:                NO
HEADER:                YES
FILE TO BE FORWARDED:   NO
FORMAT:                S1PE11.4
IDFORMAT:
LFORMAT:
RFORMAT:
FIXED_EFFECT_ETAS:

USER-CHOSEN ITEMS:
ID SEX

DOUBLE PRECISION PREDPP VERSION 7.6.0 (nm760)

ONE COMPARTMENT MODEL (ADVAN1)

MAXIMUM NO. OF BASIC PK PARAMETERS:   2

BASIC PK PARAMETERS (AFTER TRANSLATION):
  ELIMINATION RATE (K) IS BASIC PK PARAMETER NO.:  1

TRANSLATOR WILL CONVERT PARAMETERS
CLEARANCE (CL) AND VOLUME (V) TO K (TRANS2)

COMPARTMENT ATTRIBUTES
COMPT. NO.   FUNCTION   INITIAL    ON/OFF      DOSE      DEFAULT    DEFAULT
                        STATUS     ALLOWED    ALLOWED    FOR DOSE   FOR OBS.
   1         CENTRAL      ON         NO         YES        YES        YES
   2         OUTPUT       OFF        YES        NO         NO         NO


ADDITIONAL PK PARAMETERS - ASSIGNMENT OF ROWS IN GG
COMPT. NO.                             INDICES
             SCALE      BIOAVAIL.   ZERO-ORDER  ZERO-ORDER  ABSORB
                        FRACTION    RATE        DURATION    LAG
   1            3           *           *           *           *
   2            *           -           -           -           -
            - PARAMETER IS NOT ALLOWED FOR THIS MODEL
            * PARAMETER IS NOT SUPPLIED BY PK SUBROUTINE;
              WILL DEFAULT TO ONE IF APPLICABLE

DATA ITEM INDICES USED BY PRED ARE:
  EVENT ID DATA ITEM IS DATA ITEM NO.:      6
  TIME DATA ITEM IS DATA ITEM NO.:          2
  DOSE AMOUNT DATA ITEM IS DATA ITEM NO.:   3


PK SUBROUTINE CALLED WITH EVERY EVENT RECORD.
PK SUBROUTINE NOT CALLED AT NONEVENT (ADDITIONAL OR LAGGED) DOSE TIMES.

ERROR SUBROUTINE CALLED WITH EVERY EVENT RECORD.




#TBLN:      1
#METH: First Order Conditional Estimation with Interaction

ESTIMATION STEP OMITTED:                 NO
SHRINK INFO WITH EVALUATION (EVALSHRINK) NO
ANALYSIS TYPE:                           POPULATION
NUMBER OF SADDLE POINT RESET ITERATIONS:      0
GRADIENT METHOD USED:               NOSLOW
CONDITIONAL ESTIMATES USED:              YES
CENTERED ETA:                            NO
EPS-ETA INTERACTION:                     YES
LAPLACIAN OBJ. FUNC.:                    NO
NO. OF FUNCT. EVALS. ALLOWED:            9999
NO. OF SIG. FIGURES REQUIRED:            3
INTERMEDIATE PRINTOUT:                   YES
ESTIMATE OUTPUT TO MSF:                  NO
ABORT WITH PRED EXIT CODE 1:             NO
IND. OBJ. FUNC. VALUES SORTED:           NO
NUMERICAL DERIVATIVE
      FILE REQUEST (NUMDER):               NONE
MAP (ETAHAT) ESTIMATION METHOD (OPTMAP):   0
ETA HESSIAN EVALUATION METHOD (ETADER):    0
INITIAL ETA FOR MAP ESTIMATION (MCETA):    0
SIGDIGITS FOR MAP ESTIMATION (SIGLO):      9
GRADIENT SIGDIGITS OF
      FIXED EFFECTS PARAMETERS (SIGL):     9
NOPRIOR SETTING (NOPRIOR):                 0
NOCOV SETTING (NOCOV):                     OFF
DERCONT SETTING (DERCONT):                 OFF
FINAL ETA RE-EVALUATION (FNLETA):          1
EXCLUDE NON-INFLUENTIAL (NON-INFL.) ETAS
      IN SHRINKAGE (ETASTYPE):             NO
NON-INFL. ETA CORRECTION (NONINFETA):      0
RAW OUTPUT FILE (FILE): 140iv2.ext
EXCLUDE TITLE (NOTITLE):                   NO
EXCLUDE COLUMN LABELS (NOLABEL):           NO
FORMAT FOR ADDITIONAL FILES (FORMAT):      S1PE12.5
PARAMETER ORDER FOR OUTPUTS (ORDER):       TSOL
KNUTHSUMOFF:                               0
INCLUDE LNTWOPI:                           NO
INCLUDE CONSTANT TERM TO PRIOR (PRIORC):   NO
INCLUDE CONSTANT TERM TO OMEGA (ETA) (OLNTWOPI):NO
ADDITIONAL CONVERGENCE TEST (CTYPE=4)?:    NO
EM OR BAYESIAN METHOD USED:                 NONE


THE FOLLOWING LABELS ARE EQUIVALENT
PRED=PREDI
RES=RESI
WRES=WRESI
IWRS=IWRESI
IPRD=IPREDI
IRS=IRESI

MONITORING OF SEARCH:



ITERATION NO.:    0    OBJECTIVE VALUE:   5626.56135355427        NO. OF FUNC. EVALS.:   6
CUMULATIVE NO. OF FUNC. EVALS.:        6
NPARAMETR:  5.0000E+00  4.0000E+01  2.0000E-02  1.0000E-01  1.0000E-01  1.0000E-01
PARAMETER:  1.0000E-01  1.0000E-01  1.0000E-01  1.0000E-01  1.0000E-01  1.0000E-01
GRADIENT:   6.3649E+01  1.9554E+02 -3.8140E+03 -9.8566E+03 -1.4724E+02 -1.1241E+00


ITERATION NO.:    5    OBJECTIVE VALUE:  -58.0903545551148        NO. OF FUNC. EVALS.:  39
CUMULATIVE NO. OF FUNC. EVALS.:       45
NPARAMETR:  1.6057E+01  6.3397E+01  1.9708E-01  1.2417E+00  2.6878E-01  3.5434E-02
PARAMETER:  1.2667E+00  5.6053E-01  2.3879E+00  2.6191E+00  5.9435E-01 -4.1875E-01
GRADIENT:   3.6181E+01  1.5482E+02  7.5583E+01  1.2589E+02  3.3081E+01 -8.6913E+00


ITERATION NO.:   10    OBJECTIVE VALUE:  -312.477131967249        NO. OF FUNC. EVALS.:  39
CUMULATIVE NO. OF FUNC. EVALS.:       84
NPARAMETR:  1.0069E+01  2.3578E+01  2.2353E-01  4.2997E-01  1.4097E-02  3.8001E-02
PARAMETER:  8.0004E-01 -4.2858E-01  2.5138E+00  1.5586E+00 -8.7961E-01 -3.8378E-01
GRADIENT:   2.4608E+02 -2.3963E+02  7.9147E-01  2.2551E+02 -2.6589E+01 -1.6667E+01


ITERATION NO.:   15    OBJECTIVE VALUE:  -471.996958099503        NO. OF FUNC. EVALS.:  35
CUMULATIVE NO. OF FUNC. EVALS.:      119
NPARAMETR:  9.0933E+00  2.4365E+01  2.2085E-01  1.5069E-01  8.6593E-02  4.9927E-02
PARAMETER:  6.9810E-01 -3.9573E-01  2.5017E+00  5.1007E-01  2.8026E-02 -2.4731E-01
GRADIENT:   3.7854E+00  1.0308E+01  9.0265E+00  3.5089E+00  6.9747E+00  1.1379E+00


ITERATION NO.:   20    OBJECTIVE VALUE:  -472.352872720623        NO. OF FUNC. EVALS.:  35
CUMULATIVE NO. OF FUNC. EVALS.:      154
NPARAMETR:  9.0369E+00  2.4167E+01  2.1942E-01  1.4912E-01  7.5174E-02  4.8940E-02
PARAMETER:  6.9188E-01 -4.0391E-01  2.4953E+00  4.9961E-01 -4.2685E-02 -2.5729E-01
GRADIENT:  -3.5253E-02 -1.8932E-02  2.0402E-02  1.6906E-02 -7.7396E-04 -2.1362E-02


ITERATION NO.:   22    OBJECTIVE VALUE:  -472.352872720623        NO. OF FUNC. EVALS.:  20
CUMULATIVE NO. OF FUNC. EVALS.:      174
NPARAMETR:  9.0369E+00  2.4167E+01  2.1942E-01  1.4912E-01  7.5174E-02  4.8940E-02
PARAMETER:  6.9188E-01 -4.0391E-01  2.4953E+00  4.9961E-01 -4.2685E-02 -2.5729E-01
GRADIENT:  -8.6437E-02 -6.4884E-02 -2.2418E-02  1.3597E-02 -7.7396E-04 -2.1362E-02

#TERM:

MINIMIZATION SUCCESSFUL
NO. OF FUNCTION EVALUATIONS USED:      174
NO. OF SIG. DIGITS IN FINAL EST.:  3.2

ETABAR IS THE ARITHMETIC MEAN OF THE ETA-ESTIMATES,
AND THE P-VALUE IS GIVEN FOR THE NULL HYPOTHESIS THAT THE TRUE MEAN IS 0.

ETABAR:        -6.2619E-03 -2.3206E-03
SE:             3.9795E-02  3.1308E-02
N:                      40          40

P VAL.:         8.7496E-01  9.4091E-01

ETASHRINKSD(%)  8.1762E+00  1.0486E+01
ETASHRINKVR(%)  1.5684E+01  1.9873E+01
EBVSHRINKSD(%)  7.6362E+00  1.0163E+01
EBVSHRINKVR(%)  1.4689E+01  1.9293E+01
RELATIVEINF(%)  8.5311E+01  8.0707E+01
EPSSHRINKSD(%)  7.7353E+00
EPSSHRINKVR(%)  1.4872E+01

 
TOTAL DATA POINTS NORMALLY DISTRIBUTED (N):          440
N*LOG(2PI) CONSTANT TO OBJECTIVE FUNCTION:    808.66590922011198     
OBJECTIVE FUNCTION VALUE WITHOUT CONSTANT:   -472.35287272062254     
OBJECTIVE FUNCTION VALUE WITH CONSTANT:       336.31303649948944     
REPORTED OBJECTIVE FUNCTION DOES NOT CONTAIN CONSTANT
 
TOTAL EFFECTIVE ETAS (NIND*NETA):                            80
 
#TERE:
Elapsed estimation  time in seconds: <SEC>
Elapsed covariance  time in seconds: <SEC>
Elapsed postprocess time in seconds: <SEC>






















************************************************************************************************************************
********************                                                                                ********************
********************               FIRST ORDER CONDITIONAL ESTIMATION WITH INTERACTION              ********************
#OBJT:**************                       MINIMUM VALUE OF OBJECTIVE FUNCTION                      ********************
********************                                                                                ********************
************************************************************************************************************************






#OBJV:********************************************          -472.353       *********************************************


************************************************************************************************************************
********************                                                                                ********************
********************               FIRST ORDER CONDITIONAL ESTIMATION WITH INTERACTION              ********************
********************                             FINAL PARAMETER ESTIMATE                           ********************
********************                                                                                ********************
************************************************************************************************************************



THETA - VECTOR OF FIXED EFFECTS PARAMETERS   *********


        TH 1      TH 2      TH 3      TH 4     

        9.04E+00  2.42E+01  2.19E-01  1.49E-01



OMEGA - COV MATRIX FOR RANDOM EFFECTS - ETAS  ********


        ETA1      ETA2     

ETA1    7.52E-02

ETA2    0.00E+00  4.89E-02



SIGMA - COV MATRIX FOR RANDOM EFFECTS - EPSILONS  ****


        EPS1     

EPS1    1.00E+00





OMEGA - CORR MATRIX FOR RANDOM EFFECTS - ETAS  *******


        ETA1      ETA2     

ETA1    2.74E-01

ETA2    0.00E+00  2.21E-01



SIGMA - CORR MATRIX FOR RANDOM EFFECTS - EPSILONS  ***


        EPS1     

EPS1    1.00E+00



************************************************************************************************************************
********************                                                                                ********************
********************               FIRST ORDER CONDITIONAL ESTIMATION WITH INTERACTION              ********************
********************                            STANDARD ERROR OF ESTIMATE                          ********************
********************                                                                                ********************
************************************************************************************************************************



THETA - VECTOR OF FIXED EFFECTS PARAMETERS   *********


        TH 1      TH 2      TH 3      TH 4     

        4.32E-01  1.29E+00  1.48E-02  2.38E-02



OMEGA - COV MATRIX FOR RANDOM EFFECTS - ETAS  ********


        ETA1      ETA2     

ETA1    2.05E-02

ETA2   .........  1.46E-02



SIGMA - COV MATRIX FOR RANDOM EFFECTS - EPSILONS  ****


        EPS1     

EPS1   .........





OMEGA - CORR MATRIX FOR RANDOM EFFECTS - ETAS  *******


        ETA1      ETA2     

ETA1    3.74E-02

ETA2   .........  3.31E-02



SIGMA - CORR MATRIX FOR RANDOM EFFECTS - EPSILONS  ***


        EPS1     

EPS1   .........



************************************************************************************************************************
********************                                                                                ********************
********************               FIRST ORDER CONDITIONAL ESTIMATION WITH INTERACTION              ********************
********************                          COVARIANCE MATRIX OF ESTIMATE                         ********************
********************                                                                                ********************
************************************************************************************************************************


           TH 1      TH 2      TH 3      TH 4      OM11      OM12      OM22      SG11  

TH 1    1.87E-01

TH 2   -9.30E-02  1.66E+00

TH 3   -1.35E-03 -1.16E-02  2.19E-04

TH 4   -2.78E-03  2.18E-02 -2.06E-04  5.66E-04

OM11    1.87E-03 -1.07E-03 -4.07E-05  2.38E-05  4.20E-04

OM12   ......... ......... ......... ......... ......... .........

OM22   -1.94E-05 -7.21E-03  5.88E-05 -1.05E-04  9.47E-06 .........  2.14E-04

SG11   ......... ......... ......... ......... ......... ......... ......... .........



************************************************************************************************************************
********************                                                                                ********************
********************               FIRST ORDER CONDITIONAL ESTIMATION WITH INTERACTION              ********************
********************                          CORRELATION MATRIX OF ESTIMATE                        ********************
********************                                                                                ********************
************************************************************************************************************************


           TH 1      TH 2      TH 3      TH 4      OM11      OM12      OM22      SG11  

TH 1    4.32E-01

TH 2   -1.67E-01  1.29E+00

TH 3   -2.10E-01 -6.10E-01  1.48E-02

TH 4   -2.71E-01  7.12E-01 -5.84E-01  2.38E-02

OM11    2.11E-01 -4.04E-02 -1.34E-01  4.88E-02  2.05E-02

OM12   ......... ......... ......... ......... ......... .........

OM22   -3.06E-03 -3.82E-01  2.71E-01 -3.03E-01  3.15E-02 .........  1.46E-02

SG11   ......... ......... ......... ......... ......... ......... ......... .........



************************************************************************************************************************
********************                                                                                ********************
********************               FIRST ORDER CONDITIONAL ESTIMATION WITH INTERACTION              ********************
********************                      INVERSE COVARIANCE MATRIX OF ESTIMATE                     ********************
********************                                                                                ********************
************************************************************************************************************************


           TH 1      TH 2      TH 3      TH 4      OM11      OM12      OM22      SG11  

TH 1    7.90E+00

TH 2    4.69E-01  1.52E+00

TH 3    1.33E+02  4.54E+01  1.03E+04

TH 4    7.34E+01 -3.62E+01  2.65E+03  4.57E+03

OM11   -2.56E+01  7.75E+00  3.77E+02 -4.28E+02  2.58E+03

OM12   ......... ......... ......... ......... ......... .........

OM22    1.73E+01  2.05E+01 -1.05E+01  3.31E+02 -1.69E+02 .........  5.53E+03

SG11   ......... ......... ......... ......... ......... ......... ......... .........























************************************************************************************************************************
********************                                                                                ********************
********************               FIRST ORDER CONDITIONAL ESTIMATION WITH INTERACTION              ********************
********************                      EIGENVALUES OF COR MATRIX OF ESTIMATE                     ********************
********************                                                                                ********************
************************************************************************************************************************


            1         2         3         4         5         6

        2.54E-01  2.81E-01  7.47E-01  8.94E-01  1.33E+00  2.49E+00

Elapsed finaloutput time in seconds: <SEC>
#CPUT: Total CPU Time in Seconds, <SEC>
