Changing directory to ped102.R76
'pushdon' is not recognized as an internal or external command,
operable program or batch file.
Pathlist information for compiler and MPI systems are located in nmpathlist.txt

Starting NMTRAN
  
 WARNINGS AND ERRORS (IF ANY) FOR PROBLEM    1
             
 (WARNING  2) NM-TRAN INFERS THAT THE DATA ARE POPULATION.
Recompiling certain components.
starting wait
ending wait
Exiting lpreddo
Compiling FSUBS
Building NONMEM Executable
Starting nonmem execution ...
License Registered to: <LICENSEE>
Expiration Date: <DATE>
Current Date: <DATE>
Days until program expires : <N>


 First Order Conditional Estimation with Interaction
 MONITORING OF SEARCH:


0ITERATION NO.:    0    OBJECTIVE VALUE:   593.902296618768        NO. OF FUNC. EVALS.:   7
 CUMULATIVE NO. OF FUNC. EVALS.:        7
 NPARAMETR:  5.0000E+00  4.0000E+01  2.0000E-01  1.0000E-01  7.5000E-01  1.0000E-01  5.0000E-02
 PARAMETER:  1.0000E-01  1.0000E-01  1.0000E-01  1.0000E-01  1.0000E-01  1.0000E-01  1.0000E-01
 GRADIENT:   6.2722E+02 -2.9457E+01  5.6112E+01 -6.5393E+01 -1.8352E+03 -9.6508E+02 -5.0941E+00

0ITERATION NO.:    5    OBJECTIVE VALUE:   98.5203543516377        NO. OF FUNC. EVALS.:  46
 CUMULATIVE NO. OF FUNC. EVALS.:       53
 NPARAMETR:  6.6315E+00  4.1257E+01  1.5898E-01  1.0602E-01  1.1940E+00  1.7051E-01  4.9532E-02
 PARAMETER:  3.8240E-01  1.3095E-01 -1.2952E-01  1.5843E-01  5.6497E-01  3.6682E-01  9.5295E-02
 GRADIENT:  -1.4685E+02  8.3325E+01  4.2933E+01  2.4361E+01  8.2775E+01 -1.2890E+01  5.2834E+00

0ITERATION NO.:   10    OBJECTIVE VALUE:   78.2461627307822        NO. OF FUNC. EVALS.:  44
 CUMULATIVE NO. OF FUNC. EVALS.:       97
 NPARAMETR:  8.6902E+00  4.0352E+01  1.4213E-01  1.0414E-01  1.2976E+00  1.6552E-01  4.7573E-02
 PARAMETER:  6.5275E-01  1.0876E-01 -2.4154E-01  1.4061E-01  6.4821E-01  3.5196E-01  7.5121E-02
 GRADIENT:  -4.0062E+00 -5.0182E+00  2.5712E-01  1.2464E+00  1.7880E+01  9.7422E+00  3.4480E-01

0ITERATION NO.:   15    OBJECTIVE VALUE:   78.1130968724587        NO. OF FUNC. EVALS.:  57
 CUMULATIVE NO. OF FUNC. EVALS.:      154
 NPARAMETR:  8.6707E+00  4.0399E+01  1.4218E-01  1.0402E-01  1.2943E+00  1.5795E-01  4.7497E-02
 PARAMETER:  6.5051E-01  1.0993E-01 -2.4126E-01  1.3939E-01  6.4562E-01  3.2857E-01  7.4318E-02
 GRADIENT:  -1.3668E-01 -1.5750E-01 -5.0399E-03 -4.1256E-03 -7.0633E-01  1.6183E-03 -4.4306E-02

0ITERATION NO.:   17    OBJECTIVE VALUE:   78.1129365246501        NO. OF FUNC. EVALS.:  27
 CUMULATIVE NO. OF FUNC. EVALS.:      181
 NPARAMETR:  8.6773E+00  4.0401E+01  1.4218E-01  1.0402E-01  1.2947E+00  1.5796E-01  4.7509E-02
 PARAMETER:  6.5127E-01  1.0997E-01 -2.4125E-01  1.3939E-01  6.4594E-01  3.2858E-01  7.4449E-02
 GRADIENT:  -2.4046E-03  8.1664E-03  1.5455E-03 -6.2553E-04  7.5558E-03  1.9910E-03  1.7443E-03
 Elapsed estimation  time in seconds: <SEC>
 Elapsed covariance  time in seconds: <SEC>
 Elapsed postprocess time in seconds: <SEC>
 Elapsed finaloutput time in seconds: <SEC>
Done with nonmem execution
wall seconds: 15.0
