Changing directory to tg102b.R76
'pushdon' is not recognized as an internal or external command,
operable program or batch file.
Pathlist information for compiler and MPI systems are located in nmpathlist.txt

Starting NMTRAN
  
 WARNINGS AND ERRORS (IF ANY) FOR PROBLEM    1
             
 (WARNING  2) NM-TRAN INFERS THAT THE DATA ARE POPULATION.
  
Note: Analytical 2nd Derivatives are constructed in FSUBS but are never used.
      You may insert $ABBR DERIV2=NO after the first $PROB to save FSUBS construction and compilation time
  
Recompiling certain components.
starting wait
ending wait
Exiting lpreddo
Compiling FSUBS
Building NONMEM Executable
Starting nonmem execution ...
License Registered to: <LICENSEE>
Expiration Date: <DATE>
Current Date: <DATE>
Days until program expires : <N>


 First Order Conditional Estimation with Interaction
 MONITORING OF SEARCH:


0ITERATION NO.:    0    OBJECTIVE VALUE:   1824.05066751696        NO. OF FUNC. EVALS.:   6
 CUMULATIVE NO. OF FUNC. EVALS.:        6
 NPARAMETR:  1.0000E+00  1.0000E-01  1.0000E+01  2.0000E-01  5.0000E-02  4.0000E-02  5.0000E-02
 PARAMETER:  1.0000E-01  1.0000E-01  1.0000E-01  1.0000E-01  1.0000E-01  1.0000E-01  1.0000E-01
 GRADIENT:   3.1066E+02 -1.1948E+02 -5.0897E+01  2.5670E+01 -3.3871E+01 -1.0030E+02 -5.4807E+00

0ITERATION NO.:    5    OBJECTIVE VALUE:   1700.30795009127        NO. OF FUNC. EVALS.:  38
 CUMULATIVE NO. OF FUNC. EVALS.:       44
 NPARAMETR:  7.2022E-01  7.3618E-02  2.9719E+01  1.0771E-01  4.6897E-02  7.1700E-02  1.1458E-01
 PARAMETER: -2.2820E-01 -2.0628E-01  1.1892E+00 -5.1887E-01  6.7968E-02  1.8509E-01 -5.4422E-01
 GRADIENT:   3.4130E+02 -2.2947E+02 -1.9694E+01  1.0519E+01  2.2821E+00  2.9118E+01  3.0984E+00

0ITERATION NO.:   10    OBJECTIVE VALUE:   1687.83492975099        NO. OF FUNC. EVALS.:  38
 CUMULATIVE NO. OF FUNC. EVALS.:       82
 NPARAMETR:  7.4377E-01  8.0744E-02  3.7125E+01  9.3981E-02  2.6987E-02  3.7262E-02  5.3537E-02
 PARAMETER: -1.9602E-01 -1.1389E-01  1.4117E+00 -6.5522E-01 -2.0834E-01  1.2680E-01 -9.7703E-01
 GRADIENT:   3.0436E+01 -2.0660E+01  2.9650E+00  6.6359E+00 -1.5167E-02 -3.4783E+01  3.2115E+00

0ITERATION NO.:   15    OBJECTIVE VALUE:   1687.23256021828        NO. OF FUNC. EVALS.:  37
 CUMULATIVE NO. OF FUNC. EVALS.:      119
 NPARAMETR:  7.4491E-01  8.1106E-02  3.7535E+01  8.9635E-02  3.1931E-02  4.4545E-02  6.3724E-02
 PARAMETER: -1.9450E-01 -1.0941E-01  1.4227E+00 -7.0257E-01 -1.2422E-01  1.3935E-01 -1.1159E+00
 GRADIENT:   2.3218E-01 -1.1221E-01 -4.0939E-02 -8.7155E-02  4.3472E-01 -3.1222E+00 -4.0157E-02

0ITERATION NO.:   20    OBJECTIVE VALUE:   1687.22756409161        NO. OF FUNC. EVALS.:  60
 CUMULATIVE NO. OF FUNC. EVALS.:      179
 NPARAMETR:  7.4710E-01  8.1454E-02  3.7538E+01  8.9650E-02  3.1970E-02  4.4625E-02  6.3876E-02
 PARAMETER: -1.9156E-01 -1.0514E-01  1.4228E+00 -7.0241E-01 -1.2362E-01  1.3952E-01 -1.1150E+00
 GRADIENT:  -1.4797E-01  8.9850E-02 -2.4748E-02 -7.3662E-03 -7.1504E-02  3.2481E-01 -6.1688E-03

0ITERATION NO.:   22    OBJECTIVE VALUE:   1687.22755760649        NO. OF FUNC. EVALS.:  22
 CUMULATIVE NO. OF FUNC. EVALS.:      201
 NPARAMETR:  7.4712E-01  8.1456E-02  3.7544E+01  8.9645E-02  3.1991E-02  4.4654E-02  6.3916E-02
 PARAMETER: -1.9153E-01 -1.0510E-01  1.4229E+00 -7.0246E-01 -1.2329E-01  1.3956E-01 -1.1149E+00
 GRADIENT:  -1.9203E-02  1.7486E-02  5.1032E-03  4.0705E-03 -1.5480E-02  8.6043E-02 -2.1332E-03
 Elapsed estimation  time in seconds: <SEC>
 Elapsed covariance  time in seconds: <SEC>
 Elapsed postprocess time in seconds: <SEC>
 Elapsed finaloutput time in seconds: <SEC>
Done with nonmem execution
