Changing directory to 130addl.R76
'pushdon' is not recognized as an internal or external command,
operable program or batch file.
Pathlist information for compiler and MPI systems are located in nmpathlist.txt

Starting NMTRAN
  
 WARNINGS AND ERRORS (IF ANY) FOR PROBLEM    1
             
 (WARNING  2) NM-TRAN INFERS THAT THE DATA ARE POPULATION.
Recompiling certain components.
starting wait
ending wait
Exiting lpreddo
Compiling FSUBS
Building NONMEM Executable
Starting nonmem execution ...
License Registered to: <LICENSEE>
Expiration Date: <DATE>
Current Date: <DATE>
Days until program expires : <N>


 First Order Conditional Estimation with Interaction
 MONITORING OF SEARCH:


0ITERATION NO.:    0    OBJECTIVE VALUE:  -287.043203612673        NO. OF FUNC. EVALS.:   7
 CUMULATIVE NO. OF FUNC. EVALS.:        7
 NPARAMETR:  1.0000E+00  3.0000E+00  4.0000E+01  5.0000E-02  1.0000E-01  1.0000E-01  1.0000E-01  5.0000E-02
 PARAMETER:  1.0000E-01  1.0000E-01  1.0000E-01  1.0000E-01  1.0000E-01  1.0000E-01  1.0000E-01  1.0000E-01
 GRADIENT:   1.9099E+01 -1.4597E+02 -1.4265E+02 -1.3326E+01 -1.6816E+02 -9.7749E+00 -3.0812E+01 -2.9619E+01

0ITERATION NO.:    5    OBJECTIVE VALUE:  -333.313081813040        NO. OF FUNC. EVALS.:  43
 CUMULATIVE NO. OF FUNC. EVALS.:       50
 NPARAMETR:  1.1273E+00  4.3739E+00  5.2554E+01  4.8616E-02  1.2492E-01  1.1895E-01  1.0873E-01  9.6300E-02
 PARAMETER:  2.1984E-01  4.7704E-01  3.7296E-01  7.1927E-02  3.2247E-01  1.8677E-01  1.4184E-01  4.2772E-01
 GRADIENT:   3.5738E+00  6.0534E+01  1.4366E+01  2.8503E+00  1.2004E+01  1.8672E+00  9.2560E-01  5.4286E+00

0ITERATION NO.:   10    OBJECTIVE VALUE:  -338.537458560765        NO. OF FUNC. EVALS.:  41
 CUMULATIVE NO. OF FUNC. EVALS.:       91
 NPARAMETR:  1.0699E+00  3.8973E+00  4.9967E+01  2.8058E-02  1.2598E-01  1.0360E-01  9.5600E-02  7.7975E-02
 PARAMETER:  1.6761E-01  3.6168E-01  3.2248E-01 -4.7775E-01  3.3095E-01  1.1770E-01  7.7499E-02  3.2218E-01
 GRADIENT:  -1.7151E+00 -3.5218E-01  1.5919E+00  4.3072E-01  2.5473E+00 -3.1443E-01  1.3092E+00 -1.0195E-01

0ITERATION NO.:   15    OBJECTIVE VALUE:  -338.608792166167        NO. OF FUNC. EVALS.:  40
 CUMULATIVE NO. OF FUNC. EVALS.:      131
 NPARAMETR:  1.0749E+00  3.8999E+00  4.9855E+01  2.0052E-02  1.2636E-01  1.0733E-01  9.3387E-02  7.7713E-02
 PARAMETER:  1.7224E-01  3.6233E-01  3.2024E-01 -8.1368E-01  3.3396E-01  1.3536E-01  6.5792E-02  3.2050E-01
 GRADIENT:  -1.7597E-02  3.6640E-02  2.2008E-02 -1.5472E-03 -1.0002E-02 -1.2382E-03 -1.4209E-03 -1.2131E-03

0ITERATION NO.:   18    OBJECTIVE VALUE:  -338.608839466516        NO. OF FUNC. EVALS.:  48
 CUMULATIVE NO. OF FUNC. EVALS.:      179
 NPARAMETR:  1.0751E+00  3.9012E+00  4.9858E+01  2.0091E-02  1.2636E-01  1.0732E-01  9.3407E-02  7.7713E-02
 PARAMETER:  1.7243E-01  3.6266E-01  3.2030E-01 -8.1176E-01  3.3397E-01  1.3534E-01  6.5900E-02  3.2050E-01
 GRADIENT:   9.5716E-03 -2.7308E-02 -4.6391E-03 -2.0837E-04  3.0034E-03  1.9093E-04  9.6267E-03 -4.6773E-04
 Elapsed estimation  time in seconds: <SEC>
 Elapsed covariance  time in seconds: <SEC>
 Elapsed postprocess time in seconds: <SEC>
 Elapsed finaloutput time in seconds: <SEC>
Done with nonmem execution
wall seconds: 11.3
