Changing directory to cnt101.R76
'pushdon' is not recognized as an internal or external command,
operable program or batch file.
Pathlist information for compiler and MPI systems are located in nmpathlist.txt

Starting NMTRAN
  
 WARNINGS AND ERRORS (IF ANY) FOR PROBLEM    1
             
 (WARNING  2) NM-TRAN INFERS THAT THE DATA ARE POPULATION.
Recompiling certain components.
starting wait
ending wait
Exiting lpreddo
Compiling FSUBS
Building NONMEM Executable
Starting nonmem execution ...
License Registered to: <LICENSEE>
Expiration Date: <DATE>
Current Date: <DATE>
Days until program expires : <N>


 Laplacian Conditional Estimation
 MONITORING OF SEARCH:


0ITERATION NO.:    0    OBJECTIVE VALUE:   6212.02704964706        NO. OF FUNC. EVALS.:   7
 CUMULATIVE NO. OF FUNC. EVALS.:        7
 NPARAMETR:  5.0000E+00  5.0000E-01  3.0000E-01  2.0000E-01  5.0000E-01
 PARAMETER:  1.0000E-01  1.0000E-01  1.0000E-01  1.0000E-01  1.0000E-01
 GRADIENT:  -4.9737E+01  7.0665E+00 -3.0987E+00 -7.1849E+01 -5.6049E+01

0ITERATION NO.:    5    OBJECTIVE VALUE:   6197.81359786125        NO. OF FUNC. EVALS.:  42
 CUMULATIVE NO. OF FUNC. EVALS.:       49
 NPARAMETR:  5.5428E+00  5.2385E-01  2.2354E-01  2.7194E-01  5.3183E-01
 PARAMETER:  2.0307E-01  1.9548E-01 -1.9420E-01  4.0728E-01  1.3086E-01
 GRADIENT:  -1.2936E+01  4.1843E+00 -8.9889E-01  3.4186E+00 -2.2708E+01

0ITERATION NO.:   10    OBJECTIVE VALUE:   6196.63565725182        NO. OF FUNC. EVALS.:  41
 CUMULATIVE NO. OF FUNC. EVALS.:       90
 NPARAMETR:  5.6026E+00  4.2029E-01  8.0072E-02  2.6784E-01  5.7112E-01
 PARAMETER:  2.1379E-01 -2.2160E-01 -1.2209E+00  3.9206E-01  1.6650E-01
 GRADIENT:   8.1100E-01 -2.6385E-01  9.9251E-02 -1.8972E-02 -9.9779E-02

0ITERATION NO.:   15    OBJECTIVE VALUE:   6196.63301559297        NO. OF FUNC. EVALS.:  54
 CUMULATIVE NO. OF FUNC. EVALS.:      144
 NPARAMETR:  5.6048E+00  4.1771E-01  7.3374E-02  2.6784E-01  5.7146E-01
 PARAMETER:  2.1419E-01 -2.3218E-01 -1.3082E+00  3.9205E-01  1.6679E-01
 GRADIENT:  -2.1506E-03 -1.8627E-04  3.5657E-05 -2.9613E-04 -1.6804E-03

0ITERATION NO.:   16    OBJECTIVE VALUE:   6196.63301559297        NO. OF FUNC. EVALS.:  10
 CUMULATIVE NO. OF FUNC. EVALS.:      154
 NPARAMETR:  5.6048E+00  4.1771E-01  7.3374E-02  2.6784E-01  5.7146E-01
 PARAMETER:  2.1419E-01 -2.3218E-01 -1.3082E+00  3.9205E-01  1.6679E-01
 GRADIENT:  -2.1506E-03 -1.8627E-04  3.5657E-05 -2.9613E-04 -1.6804E-03
 Elapsed estimation  time in seconds: <SEC>
 Elapsed covariance  time in seconds: <SEC>
 Elapsed postprocess time in seconds: <SEC>
 Elapsed finaloutput time in seconds: <SEC>
Done with nonmem execution
wall seconds: 7.7
