<DATE>
<TIME>
$PROB COUNT, NEGATIVE BINOMIAL, EMAX DRUG EFFECT ON CAVG   P:cnt100  F:BASE
$INPUT ID TIME DV MDV DOSE CAVG
$DATA ../../data/cnt-sim.csv IGNORE=@
$PRED
  LAM0 = THETA(1) * EXP(ETA(1))
  EMAX = THETA(2)
  EC50 = THETA(3)
  OVDP = THETA(4)                         ; overdispersion: Var = LAM + OVDP*LAM**2
  LAM  = LAM0 * (1 - EMAX * CAVG / (EC50 + CAVG))
  IF (LAM.LT.1E-6) LAM = 1E-6
  R    = 1 / OVDP
  LP1  = GAMLN(DV + R) - GAMLN(DV + 1) - GAMLN(R)
  LP2  = R * LOG(R / (R + LAM)) + DV * LOG(LAM / (R + LAM))
  Y    = -2 * (LP1 + LP2)                 ; -2 log-likelihood, negative binomial

$THETA
  (0, 5)       ; LAM0
  (0, 0.5, 1)  ; EMAX
  (0, 0.3)     ; EC50 (mg/L)
  (0, 0.2)     ; OVDP

$OMEGA 0.5     ; LAM0

$EST MAX=9999 PRINT=5 METHOD=COND LAPLACE -2LL NSIG=3 SIGL=9 NOABORT
$COV UNCOND PRINT=E
$TAB ID TIME DV MDV DOSE CAVG LAM
     ONEHEADER NOPRINT FILE=sdtab
$TAB ID LAM0 ETA1
     ONEHEADER NOPRINT NOAPPEND FILE=patab
$TAB ID CAVG
     ONEHEADER NOPRINT NOAPPEND FILE=cotab
$TAB ID DOSE
     ONEHEADER NOPRINT NOAPPEND FILE=catab
  
NM-TRAN MESSAGES 
  
 WARNINGS AND ERRORS (IF ANY) FOR PROBLEM    1
             
 (WARNING  2) NM-TRAN INFERS THAT THE DATA ARE POPULATION.
  
License Registered to: <LICENSEE>
Expiration Date: <DATE>
Current Date: <DATE>
Days until program expires : <N>

NONLINEAR MIXED EFFECTS MODEL PROGRAM (NONMEM) VERSION 7.6.0 (nm760)
ORIGINALLY DEVELOPED BY STUART BEAL, LEWIS SHEINER, AND ALISON BOECKMANN
CURRENT DEVELOPERS ARE ROBERT BAUER, ICON DEVELOPMENT SOLUTIONS,
AND ALISON BOECKMANN. IMPLEMENTATION, EFFICIENCY, AND STANDARDIZATION
PERFORMED BY NOUS INFOSYSTEMS.

PROBLEM NO.:         1
COUNT, NEGATIVE BINOMIAL, EMAX DRUG EFFECT ON CAVG   P:cnt100  F:BASE

DATA CHECKOUT RUN:              NO
DATA SET LOCATED ON UNIT NO.:    2
THIS UNIT TO BE REWOUND:        NO
CREATE/ADD TO FDATA.csv:        YES
NO. OF DATA RECS IN DATA SET:     1200
NO. OF DATA ITEMS IN DATA SET:   6
ID DATA ITEM IS DATA ITEM NO.:   1
DEP VARIABLE IS DATA ITEM NO.:   3
MDV DATA ITEM IS DATA ITEM NO.:  4

LABELS FOR DATA ITEMS:
ID TIME DV MDV DOSE CAVG

(NONBLANK) LABELS FOR PRED-DEFINED ITEMS:
LAM0 LAM

FORMAT FOR DATA:
(6E7.0)

TOT. NO. OF OBS RECS:     1200
TOT. NO. OF INDIVIDUALS:      200

LENGTH OF THETA:   4

DEFAULT THETA BOUNDARY TEST OMITTED:    NO

OMEGA HAS SIMPLE DIAGONAL FORM WITH DIMENSION:   1

DEFAULT OMEGA BOUNDARY TEST OMITTED:    NO

INITIAL ESTIMATE OF THETA:
LOWER BOUND    INITIAL EST    UPPER BOUND
 0.0000E+00     0.5000E+01     0.1000E+07
 0.0000E+00     0.5000E+00     0.1000E+01
 0.0000E+00     0.3000E+00     0.1000E+07
 0.0000E+00     0.2000E+00     0.1000E+07

INITIAL ESTIMATE OF OMEGA:
0.5000E+00

COVARIANCE STEP OMITTED:        NO
EIGENVLS. PRINTED:             YES
SPECIAL COMPUTATION:            NO
COMPRESSED FORMAT:              NO
GRADIENT METHOD USED:     NOSLOW
SIGDIGITS ETAHAT (SIGLO):                  -1
SIGDIGITS GRADIENTS (SIGL):                -1
EXCLUDE COV FOR FOCE (NOFCOV):              NO
Cholesky Transposition of R Matrix (CHOLROFF):0
KNUTHSUMOFF:                                -1
RESUME COV ANALYSIS (RESUME):               NO
SIR SAMPLE SIZE (SIRSAMPLE):
NON-LINEARLY TRANSFORM THETAS DURING COV (THBND): 1
PRECONDTIONING CYCLES (PRECOND):        0
PRECONDTIONING TYPES (PRECONDS):        TOS
FORCED PRECONDTIONING CYCLES (PFCOND):0
PRECONDTIONING TYPE (PRETYPE):        0
FORCED POS. DEFINITE SETTING DURING PRECONDITIONING: (FPOSDEF):0
SIMPLE POS. DEFINITE SETTING: (POSDEF):-1

TABLES STEP OMITTED:    NO
NO. OF TABLES:           4
SEED NUMBER (SEED):    11456
NPDTYPE:    0
INTERPTYPE:    0
RANMETHOD:             3U
MC SAMPLES (ESAMPLE):    300
WRES SQUARE ROOT TYPE (WRESCHOL): EIGENVALUE

-- TABLE   1 --

RECORDS ONLY:    ALL

4 COLUMNS APPENDED:    YES
PRINTED:                NO
HEADERS:               ONE
FILE TO BE FORWARDED:   NO
FORMAT:                S1PE11.4
IDFORMAT:
LFORMAT:
RFORMAT:
FIXED_EFFECT_ETAS:

USER-CHOSEN ITEMS:
ID TIME DV MDV DOSE CAVG LAM

-- TABLE   2 --

RECORDS ONLY:    ALL

4 COLUMNS APPENDED:    NO
PRINTED:                NO
HEADERS:               ONE
FILE TO BE FORWARDED:   NO
FORMAT:                S1PE11.4
IDFORMAT:
LFORMAT:
RFORMAT:
FIXED_EFFECT_ETAS:

USER-CHOSEN ITEMS:
ID LAM0 ETA1

-- TABLE   3 --

RECORDS ONLY:    ALL

4 COLUMNS APPENDED:    NO
PRINTED:                NO
HEADERS:               ONE
FILE TO BE FORWARDED:   NO
FORMAT:                S1PE11.4
IDFORMAT:
LFORMAT:
RFORMAT:
FIXED_EFFECT_ETAS:

USER-CHOSEN ITEMS:
ID CAVG

-- TABLE   4 --

RECORDS ONLY:    ALL

4 COLUMNS APPENDED:    NO
PRINTED:                NO
HEADERS:               ONE
FILE TO BE FORWARDED:   NO
FORMAT:                S1PE11.4
IDFORMAT:
LFORMAT:
RFORMAT:
FIXED_EFFECT_ETAS:

USER-CHOSEN ITEMS:
ID DOSE




#TBLN:      1
#METH: Laplacian Conditional Estimation

ESTIMATION STEP OMITTED:                 NO
SHRINK INFO WITH EVALUATION (EVALSHRINK) NO
ANALYSIS TYPE:                           POPULATION
NUMBER OF SADDLE POINT RESET ITERATIONS:      0
GRADIENT METHOD USED:               NOSLOW
CONDITIONAL ESTIMATES USED:              YES
CENTERED ETA:                            NO
EPS-ETA INTERACTION:                     NO
LAPLACIAN OBJ. FUNC.:                    YES
NUMERICAL 2ND DERIVATIVES:               NO
PRED F SET TO -2 LOG LIKELIHOOD:         YES
NO. OF FUNCT. EVALS. ALLOWED:            9999
NO. OF SIG. FIGURES REQUIRED:            3
INTERMEDIATE PRINTOUT:                   YES
ESTIMATE OUTPUT TO MSF:                  NO
ABORT WITH PRED EXIT CODE 1:             NO
IND. OBJ. FUNC. VALUES SORTED:           NO
NUMERICAL DERIVATIVE
      FILE REQUEST (NUMDER):               NONE
MAP (ETAHAT) ESTIMATION METHOD (OPTMAP):   0
ETA HESSIAN EVALUATION METHOD (ETADER):    0
INITIAL ETA FOR MAP ESTIMATION (MCETA):    0
SIGDIGITS FOR MAP ESTIMATION (SIGLO):      9
GRADIENT SIGDIGITS OF
      FIXED EFFECTS PARAMETERS (SIGL):     9
NOPRIOR SETTING (NOPRIOR):                 0
NOCOV SETTING (NOCOV):                     OFF
DERCONT SETTING (DERCONT):                 OFF
FINAL ETA RE-EVALUATION (FNLETA):          1
EXCLUDE NON-INFLUENTIAL (NON-INFL.) ETAS
      IN SHRINKAGE (ETASTYPE):             NO
NON-INFL. ETA CORRECTION (NONINFETA):      0
RAW OUTPUT FILE (FILE): cnt101.ext
EXCLUDE TITLE (NOTITLE):                   NO
EXCLUDE COLUMN LABELS (NOLABEL):           NO
FORMAT FOR ADDITIONAL FILES (FORMAT):      S1PE12.5
PARAMETER ORDER FOR OUTPUTS (ORDER):       TSOL
KNUTHSUMOFF:                               0
INCLUDE LNTWOPI:                           NO
INCLUDE CONSTANT TERM TO PRIOR (PRIORC):   NO
INCLUDE CONSTANT TERM TO OMEGA (ETA) (OLNTWOPI):NO
ADDITIONAL CONVERGENCE TEST (CTYPE=4)?:    NO
EM OR BAYESIAN METHOD USED:                 NONE


THE FOLLOWING LABELS ARE EQUIVALENT
PRED=NPRED
RES=NRES
WRES=NWRES
IWRS=NIWRES
IPRD=NIPRED
IRS=NIRES

MONITORING OF SEARCH:



ITERATION NO.:    0    OBJECTIVE VALUE:   6212.02704964706        NO. OF FUNC. EVALS.:   7
CUMULATIVE NO. OF FUNC. EVALS.:        7
NPARAMETR:  5.0000E+00  5.0000E-01  3.0000E-01  2.0000E-01  5.0000E-01
PARAMETER:  1.0000E-01  1.0000E-01  1.0000E-01  1.0000E-01  1.0000E-01
GRADIENT:  -4.9737E+01  7.0665E+00 -3.0987E+00 -7.1849E+01 -5.6049E+01


ITERATION NO.:    5    OBJECTIVE VALUE:   6197.81359786125        NO. OF FUNC. EVALS.:  42
CUMULATIVE NO. OF FUNC. EVALS.:       49
NPARAMETR:  5.5428E+00  5.2385E-01  2.2354E-01  2.7194E-01  5.3183E-01
PARAMETER:  2.0307E-01  1.9548E-01 -1.9420E-01  4.0728E-01  1.3086E-01
GRADIENT:  -1.2936E+01  4.1843E+00 -8.9889E-01  3.4186E+00 -2.2708E+01


ITERATION NO.:   10    OBJECTIVE VALUE:   6196.63565725182        NO. OF FUNC. EVALS.:  41
CUMULATIVE NO. OF FUNC. EVALS.:       90
NPARAMETR:  5.6026E+00  4.2029E-01  8.0072E-02  2.6784E-01  5.7112E-01
PARAMETER:  2.1379E-01 -2.2160E-01 -1.2209E+00  3.9206E-01  1.6650E-01
GRADIENT:   8.1100E-01 -2.6385E-01  9.9251E-02 -1.8972E-02 -9.9779E-02


ITERATION NO.:   15    OBJECTIVE VALUE:   6196.63301559297        NO. OF FUNC. EVALS.:  54
CUMULATIVE NO. OF FUNC. EVALS.:      144
NPARAMETR:  5.6048E+00  4.1771E-01  7.3374E-02  2.6784E-01  5.7146E-01
PARAMETER:  2.1419E-01 -2.3218E-01 -1.3082E+00  3.9205E-01  1.6679E-01
GRADIENT:  -2.1506E-03 -1.8627E-04  3.5657E-05 -2.9613E-04 -1.6804E-03


ITERATION NO.:   16    OBJECTIVE VALUE:   6196.63301559297        NO. OF FUNC. EVALS.:  10
CUMULATIVE NO. OF FUNC. EVALS.:      154
NPARAMETR:  5.6048E+00  4.1771E-01  7.3374E-02  2.6784E-01  5.7146E-01
PARAMETER:  2.1419E-01 -2.3218E-01 -1.3082E+00  3.9205E-01  1.6679E-01
GRADIENT:  -2.1506E-03 -1.8627E-04  3.5657E-05 -2.9613E-04 -1.6804E-03

#TERM:

MINIMIZATION SUCCESSFUL
NO. OF FUNCTION EVALUATIONS USED:      154
NO. OF SIG. DIGITS IN FINAL EST.:  3.8

ETABAR IS THE ARITHMETIC MEAN OF THE ETA-ESTIMATES,
AND THE P-VALUE IS GIVEN FOR THE NULL HYPOTHESIS THAT THE TRUE MEAN IS 0.

ETABAR:         1.4334E-03
SE:             4.8794E-02
N:                     200

P VAL.:         9.7656E-01

ETASHRINKSD(%)  8.7162E+00
ETASHRINKVR(%)  1.6673E+01
EBVSHRINKSD(%)  7.4038E+00
EBVSHRINKVR(%)  1.4259E+01
RELATIVEINF(%)  8.5741E+01
EPSSHRINKSD(%)  1.0000E+02
EPSSHRINKVR(%)  1.0000E+02

 
TOTAL DATA POINTS NORMALLY DISTRIBUTED (N):            0
N*LOG(2PI) CONSTANT TO OBJECTIVE FUNCTION:    0.0000000000000000     
OBJECTIVE FUNCTION VALUE WITHOUT CONSTANT:    6196.6330155929691     
OBJECTIVE FUNCTION VALUE WITH CONSTANT:       6196.6330155929691     
REPORTED OBJECTIVE FUNCTION DOES NOT CONTAIN CONSTANT
 
TOTAL EFFECTIVE ETAS (NIND*NETA):                           200
 
#TERE:
Elapsed estimation  time in seconds: <SEC>
Elapsed covariance  time in seconds: <SEC>
Elapsed postprocess time in seconds: <SEC>






















************************************************************************************************************************
********************                                                                                ********************
********************                         LAPLACIAN CONDITIONAL ESTIMATION                       ********************
#OBJT:**************                       MINIMUM VALUE OF OBJECTIVE FUNCTION                      ********************
********************                                                                                ********************
************************************************************************************************************************






#OBJV:********************************************          6196.633       *********************************************


************************************************************************************************************************
********************                                                                                ********************
********************                         LAPLACIAN CONDITIONAL ESTIMATION                       ********************
********************                             FINAL PARAMETER ESTIMATE                           ********************
********************                                                                                ********************
************************************************************************************************************************



THETA - VECTOR OF FIXED EFFECTS PARAMETERS   *********


        TH 1      TH 2      TH 3      TH 4     

        5.60E+00  4.18E-01  7.34E-02  2.68E-01



OMEGA - COV MATRIX FOR RANDOM EFFECTS - ETAS  ********


        ETA1     

ETA1    5.71E-01





OMEGA - CORR MATRIX FOR RANDOM EFFECTS - ETAS  *******


        ETA1     

ETA1    7.56E-01



************************************************************************************************************************
********************                                                                                ********************
********************                         LAPLACIAN CONDITIONAL ESTIMATION                       ********************
********************                            STANDARD ERROR OF ESTIMATE                          ********************
********************                                                                                ********************
************************************************************************************************************************



THETA - VECTOR OF FIXED EFFECTS PARAMETERS   *********


        TH 1      TH 2      TH 3      TH 4     

        5.69E-01  1.13E-01  1.24E-01  2.32E-02



OMEGA - COV MATRIX FOR RANDOM EFFECTS - ETAS  ********


        ETA1     

ETA1    7.19E-02





OMEGA - CORR MATRIX FOR RANDOM EFFECTS - ETAS  *******


        ETA1     

ETA1    4.75E-02



************************************************************************************************************************
********************                                                                                ********************
********************                         LAPLACIAN CONDITIONAL ESTIMATION                       ********************
********************                          COVARIANCE MATRIX OF ESTIMATE                         ********************
********************                                                                                ********************
************************************************************************************************************************


           TH 1      TH 2      TH 3      TH 4      OM11  

TH 1    3.23E-01

TH 2    3.72E-02  1.27E-02

TH 3   -6.91E-03  8.71E-03  1.53E-02

TH 4   -1.60E-04 -2.97E-05 -6.81E-05  5.39E-04

OM11    7.08E-03  7.82E-04 -2.94E-05 -3.75E-04  5.16E-03



************************************************************************************************************************
********************                                                                                ********************
********************                         LAPLACIAN CONDITIONAL ESTIMATION                       ********************
********************                          CORRELATION MATRIX OF ESTIMATE                        ********************
********************                                                                                ********************
************************************************************************************************************************


           TH 1      TH 2      TH 3      TH 4      OM11  

TH 1    5.69E-01

TH 2    5.81E-01  1.13E-01

TH 3   -9.82E-02  6.25E-01  1.24E-01

TH 4   -1.22E-02 -1.14E-02 -2.37E-02  2.32E-02

OM11    1.73E-01  9.65E-02 -3.31E-03 -2.25E-01  7.19E-02



************************************************************************************************************************
********************                                                                                ********************
********************                         LAPLACIAN CONDITIONAL ESTIMATION                       ********************
********************                      INVERSE COVARIANCE MATRIX OF ESTIMATE                     ********************
********************                                                                                ********************
************************************************************************************************************************


           TH 1      TH 2      TH 3      TH 4      OM11  

TH 1    9.99E+00

TH 2   -5.25E+01  4.07E+02

TH 3    3.44E+01 -2.56E+02  2.27E+02

TH 4    5.87E-01 -2.03E+01  2.08E+01  1.96E+03

OM11   -5.52E+00  7.44E+00 -5.68E+00  1.45E+02  2.11E+02























************************************************************************************************************************
********************                                                                                ********************
********************                         LAPLACIAN CONDITIONAL ESTIMATION                       ********************
********************                      EIGENVALUES OF COR MATRIX OF ESTIMATE                     ********************
********************                                                                                ********************
************************************************************************************************************************


            1         2         3         4         5

        9.62E-02  7.39E-01  1.08E+00  1.25E+00  1.84E+00

Elapsed finaloutput time in seconds: <SEC>
#CPUT: Total CPU Time in Seconds, <SEC>
Stop Time: 
<DATE>
<TIME>
