Changing directory to 108wtbwt.R76
'pushdon' is not recognized as an internal or external command,
operable program or batch file.
Pathlist information for compiler and MPI systems are located in nmpathlist.txt

Starting NMTRAN
  
 WARNINGS AND ERRORS (IF ANY) FOR PROBLEM    1
             
 (WARNING  2) NM-TRAN INFERS THAT THE DATA ARE POPULATION.
Recompiling certain components.
starting wait
ending wait
Exiting lpreddo
Compiling FSUBS
Building NONMEM Executable
Starting nonmem execution ...
License Registered to: <LICENSEE>
Expiration Date: <DATE>
Current Date: <DATE>
Days until program expires : <N>


 First Order Conditional Estimation with Interaction
 MONITORING OF SEARCH:


0ITERATION NO.:    0    OBJECTIVE VALUE:   693.992137187716        NO. OF FUNC. EVALS.:   9
 CUMULATIVE NO. OF FUNC. EVALS.:        9
 NPARAMETR:  7.5000E-03  1.5000E+00  6.0000E-01  1.2000E-01  7.5000E-01  1.0000E+00  1.0000E-02  3.0000E-01  5.0000E-02  3.0000E-01

 PARAMETER:  1.0000E-01  1.0000E-01  1.0000E-01  1.0000E-01  1.0000E-01  1.0000E-01  1.0000E-01  1.0000E-01  1.0000E-01  1.0000E-01

 GRADIENT:   3.3935E+01 -1.3242E+01 -1.3421E-01  2.2674E+01 -4.0759E+01  1.4669E+01 -3.9017E+01  4.5715E+01  2.2240E+01  9.6415E+01


0ITERATION NO.:    5    OBJECTIVE VALUE:   597.806619032539        NO. OF FUNC. EVALS.:  50
 CUMULATIVE NO. OF FUNC. EVALS.:       59
 NPARAMETR:  7.8004E-03  1.4403E+00  6.1239E-01  1.0587E-01  9.0732E-01  7.8334E-01  6.2879E-02  7.6724E-02  3.2330E-02  3.2494E-02

 PARAMETER:  1.3927E-01  5.9391E-02  1.2043E-01 -2.5236E-02  1.6471E-01  1.0474E-02  1.2115E-01 -5.8179E-01  1.2786E-01 -1.2690E+00

 GRADIENT:   7.8434E+01 -1.1926E+02 -1.7842E+00 -4.6312E+00 -4.9645E+01 -1.1350E+02 -4.6440E+01  1.2104E+01  1.9494E+01  8.1367E+00


0ITERATION NO.:   10    OBJECTIVE VALUE:   584.176893205859        NO. OF FUNC. EVALS.:  51
 CUMULATIVE NO. OF FUNC. EVALS.:      110
 NPARAMETR:  7.1039E-03  1.4953E+00  1.3266E+00  1.0027E-01  1.6492E+00  9.0306E-01 -5.3541E-01  5.9169E-02  2.5949E-02  1.8609E-02

 PARAMETER:  4.5735E-02  9.6835E-02  8.9348E-01 -7.9604E-02  4.8302E-01  5.9767E-02 -1.1899E-01 -7.1169E-01  1.1686E-01 -1.7488E+00

 GRADIENT:  -3.4864E+01  2.7320E+01 -1.4370E+00  8.6724E+00  1.2347E+00 -3.3864E+01 -9.0839E-01  1.9912E+00 -2.8686E+01 -3.2250E+00


0ITERATION NO.:   15    OBJECTIVE VALUE:   581.706619234914        NO. OF FUNC. EVALS.:  55
 CUMULATIVE NO. OF FUNC. EVALS.:      165
 NPARAMETR:  7.2292E-03  1.4972E+00  1.8316E+00  8.2586E-02  6.8544E-01  9.2623E-01  4.5603E-01  4.7347E-02  2.5874E-02  2.3397E-02

 PARAMETER:  6.3225E-02  9.8102E-02  1.2160E+00 -2.7365E-01  7.3632E-02  6.9356E-02  2.7892E-01 -8.2314E-01  1.3026E-01 -1.6251E+00

 GRADIENT:  -2.8460E+00  3.6945E+00  1.4516E+00  3.3232E+00  1.5380E+00  8.6868E+00  1.4837E+00  7.1722E-01  9.5044E+00  1.6730E+00


0ITERATION NO.:   20    OBJECTIVE VALUE:   581.414888898857        NO. OF FUNC. EVALS.:  53
 CUMULATIVE NO. OF FUNC. EVALS.:      218
 NPARAMETR:  7.2274E-03  1.4950E+00  2.0398E+00  7.2724E-02  4.6336E-01  9.1570E-01  6.8035E-01  4.6662E-02  2.7589E-02  2.1835E-02

 PARAMETER:  6.2973E-02  9.6631E-02  1.3237E+00 -4.0083E-01 -1.6405E-02  6.4995E-02  3.6984E-01 -8.3043E-01  1.3991E-01 -1.8834E+00

 GRADIENT:   1.5684E-01  2.5261E+00 -9.8062E-01 -7.7282E-01  1.9953E+00  7.2667E-02  2.0062E+00  1.2578E-01  5.4644E+00  3.8805E-01


0ITERATION NO.:   25    OBJECTIVE VALUE:   581.372890994734        NO. OF FUNC. EVALS.:  50
 CUMULATIVE NO. OF FUNC. EVALS.:      268
 NPARAMETR:  7.2174E-03  1.4933E+00  2.1088E+00  7.1678E-02  3.7899E-01  9.1397E-01  7.5663E-01  4.6080E-02  2.8189E-02  2.0708E-02

 PARAMETER:  6.1597E-02  9.5529E-02  1.3570E+00 -4.1531E-01 -5.0392E-02  6.4280E-02  4.0100E-01 -8.3670E-01  1.4385E-01 -2.1167E+00

 GRADIENT:   1.2832E-02  1.5628E-01  5.1004E-02  3.8214E-02 -1.3585E-01 -6.8213E-02 -1.4756E-01  1.2806E-02  2.2922E-01  9.4319E-03


0ITERATION NO.:   30    OBJECTIVE VALUE:   581.372589609700        NO. OF FUNC. EVALS.:  68
 CUMULATIVE NO. OF FUNC. EVALS.:      336
 NPARAMETR:  7.2134E-03  1.4934E+00  2.1116E+00  7.1560E-02  3.4928E-01  9.1394E-01  7.8686E-01  4.6034E-02  2.8220E-02  2.0671E-02

 PARAMETER:  6.1038E-02  9.5565E-02  1.3583E+00 -4.1696E-01 -6.2339E-02  6.4267E-02  4.1338E-01 -8.3720E-01  1.4408E-01 -2.1300E+00

 GRADIENT:  -1.0664E-02 -8.1142E-03 -9.9722E-03 -9.1166E-03 -7.5504E-03 -3.4277E-02 -2.1296E-02 -3.6205E-04  6.5989E-03 -2.5497E-04


0ITERATION NO.:   33    OBJECTIVE VALUE:   581.372514414239        NO. OF FUNC. EVALS.:  62
 CUMULATIVE NO. OF FUNC. EVALS.:      398
 NPARAMETR:  7.2100E-03  1.4935E+00  2.1128E+00  7.1548E-02  3.2264E-01  9.1393E-01  8.1362E-01  4.6008E-02  2.8240E-02  2.0660E-02

 PARAMETER:  6.0565E-02  9.5648E-02  1.3588E+00 -4.1713E-01 -7.3044E-02  6.4260E-02  4.2437E-01 -8.3748E-01  1.4422E-01 -2.1369E+00

 GRADIENT:  -9.0415E-04 -4.6056E-03  6.2994E-04  8.9247E-04 -2.6139E-03  3.7909E-04 -2.7335E-03 -1.3723E-04 -9.2567E-03 -3.6675E-04

 Elapsed estimation  time in seconds: <SEC>
 Elapsed covariance  time in seconds: <SEC>
 Elapsed postprocess time in seconds: <SEC>
 Elapsed finaloutput time in seconds: <SEC>
Done with nonmem execution
wall seconds: 10.4
