License Registered to: <LICENSEE>
Expiration Date: <DATE>
Current Date: <DATE>
Days until program expires : <N>

NONLINEAR MIXED EFFECTS MODEL PROGRAM (NONMEM) VERSION 7.6.0 (nm760)
ORIGINALLY DEVELOPED BY STUART BEAL, LEWIS SHEINER, AND ALISON BOECKMANN
CURRENT DEVELOPERS ARE ROBERT BAUER, ICON DEVELOPMENT SOLUTIONS,
AND ALISON BOECKMANN. IMPLEMENTATION, EFFICIENCY, AND STANDARDIZATION
PERFORMED BY NOUS INFOSYSTEMS.

PROBLEM NO.:         1
PHENO 1COMP IV BOLUS, WT AND BWT TOGETHER (COLLINEAR)   P:108wt  F:CL~WT

DATA CHECKOUT RUN:              NO
DATA SET LOCATED ON UNIT NO.:    2
THIS UNIT TO BE REWOUND:        NO
CREATE/ADD TO FDATA.csv:        YES
NO. OF DATA RECS IN DATA SET:      803
NO. OF DATA ITEMS IN DATA SET:  13
ID DATA ITEM IS DATA ITEM NO.:   1
DEP VARIABLE IS DATA ITEM NO.:   6
MDV DATA ITEM IS DATA ITEM NO.:  7

INDICES PASSED TO SUBROUTINE PRED:
  8   2   3   4   0   0   5   0   0   0   0

LABELS FOR DATA ITEMS:
ID TIME AMT RATE CMT DV MDV EVID WT BWT SEX APGR CREA

(NONBLANK) LABELS FOR PRED-DEFINED ITEMS:
CL V IPRE IWRE

FORMAT FOR DATA:
(E3.0,E8.0,E5.0,2E2.0,E5.0,2E2.0,E4.0,E5.0,E2.0,E3.0,E6.0)

TOT. NO. OF OBS RECS:      155
TOT. NO. OF INDIVIDUALS:       59

LENGTH OF THETA:   7

DEFAULT THETA BOUNDARY TEST OMITTED:   YES

OMEGA HAS BLOCK FORM:
 1
 1  1

DEFAULT OMEGA BOUNDARY TEST OMITTED:   YES

SIGMA HAS SIMPLE DIAGONAL FORM WITH DIMENSION:   1

DEFAULT SIGMA BOUNDARY TEST OMITTED:   YES

INITIAL ESTIMATE OF THETA:
LOWER BOUND    INITIAL EST    UPPER BOUND
 0.0000E+00     0.7500E-02     0.1000E+07
 0.0000E+00     0.1500E+01     0.1000E+07
 0.0000E+00     0.6000E+00     0.1000E+07
 0.0000E+00     0.1200E+00     0.1000E+07
-0.5000E+01     0.7500E+00     0.5000E+01
-0.5000E+01     0.1000E+01     0.5000E+01
-0.5000E+01     0.1000E-01     0.5000E+01

INITIAL ESTIMATE OF OMEGA:
BLOCK SET NO.   BLOCK                                                                    FIXED
       1                                                                                   NO
                 0.3000E+00
                 0.5000E-01   0.3000E+00

INITIAL ESTIMATE OF SIGMA:
0.1000E+01

SIGMA CONSTRAINED TO BE THIS INITIAL ESTIMATE

COVARIANCE STEP OMITTED:        NO
R MATRIX PRINTED:              YES
S MATRIX PRINTED:              YES
EIGENVLS. PRINTED:             YES
SPECIAL COMPUTATION:            NO
COMPRESSED FORMAT:              NO
GRADIENT METHOD USED:     NOSLOW
SIGDIGITS ETAHAT (SIGLO):                  -1
SIGDIGITS GRADIENTS (SIGL):                -1
EXCLUDE COV FOR FOCE (NOFCOV):              NO
Cholesky Transposition of R Matrix (CHOLROFF):0
KNUTHSUMOFF:                                -1
RESUME COV ANALYSIS (RESUME):               NO
SIR SAMPLE SIZE (SIRSAMPLE):
NON-LINEARLY TRANSFORM THETAS DURING COV (THBND): 1
PRECONDTIONING CYCLES (PRECOND):        0
PRECONDTIONING TYPES (PRECONDS):        TOS
FORCED PRECONDTIONING CYCLES (PFCOND):0
PRECONDTIONING TYPE (PRETYPE):        0
FORCED POS. DEFINITE SETTING DURING PRECONDITIONING: (FPOSDEF):0
SIMPLE POS. DEFINITE SETTING: (POSDEF):-1

TABLES STEP OMITTED:    NO
NO. OF TABLES:           4
SEED NUMBER (SEED):    11456
NPDTYPE:    0
INTERPTYPE:    0
RANMETHOD:             3U
MC SAMPLES (ESAMPLE):    300
WRES SQUARE ROOT TYPE (WRESCHOL): EIGENVALUE

-- TABLE   1 --

RECORDS ONLY:    ALL

4 COLUMNS APPENDED:    YES
PRINTED:                NO
HEADER:                YES
FILE TO BE FORWARDED:   NO
FORMAT:                S1PE11.4
IDFORMAT:
LFORMAT:
RFORMAT:
FIXED_EFFECT_ETAS:

USER-CHOSEN ITEMS:
ID TIME AMT DV MDV EVID CMT IPRE IWRE CWRES

-- TABLE   2 --

RECORDS ONLY:    ALL

4 COLUMNS APPENDED:    NO
PRINTED:                NO
HEADER:                YES
FILE TO BE FORWARDED:   NO
FORMAT:                S1PE11.4
IDFORMAT:
LFORMAT:
RFORMAT:
FIXED_EFFECT_ETAS:

USER-CHOSEN ITEMS:
ID CL V ETA1 ETA2

-- TABLE   3 --

RECORDS ONLY:    ALL

4 COLUMNS APPENDED:    NO
PRINTED:                NO
HEADER:                YES
FILE TO BE FORWARDED:   NO
FORMAT:                S1PE11.4
IDFORMAT:
LFORMAT:
RFORMAT:
FIXED_EFFECT_ETAS:

USER-CHOSEN ITEMS:
ID WT BWT CREA APGR

-- TABLE   4 --

RECORDS ONLY:    ALL

4 COLUMNS APPENDED:    NO
PRINTED:                NO
HEADER:                YES
FILE TO BE FORWARDED:   NO
FORMAT:                S1PE11.4
IDFORMAT:
LFORMAT:
RFORMAT:
FIXED_EFFECT_ETAS:

USER-CHOSEN ITEMS:
ID SEX

DOUBLE PRECISION PREDPP VERSION 7.6.0 (nm760)

ONE COMPARTMENT MODEL (ADVAN1)

MAXIMUM NO. OF BASIC PK PARAMETERS:   2

BASIC PK PARAMETERS (AFTER TRANSLATION):
  ELIMINATION RATE (K) IS BASIC PK PARAMETER NO.:  1

TRANSLATOR WILL CONVERT PARAMETERS
CLEARANCE (CL) AND VOLUME (V) TO K (TRANS2)

COMPARTMENT ATTRIBUTES
COMPT. NO.   FUNCTION   INITIAL    ON/OFF      DOSE      DEFAULT    DEFAULT
                        STATUS     ALLOWED    ALLOWED    FOR DOSE   FOR OBS.
   1         CENTRAL      ON         NO         YES        YES        YES
   2         OUTPUT       OFF        YES        NO         NO         NO


ADDITIONAL PK PARAMETERS - ASSIGNMENT OF ROWS IN GG
COMPT. NO.                             INDICES
             SCALE      BIOAVAIL.   ZERO-ORDER  ZERO-ORDER  ABSORB
                        FRACTION    RATE        DURATION    LAG
   1            3           *           *           *           *
   2            *           -           -           -           -
            - PARAMETER IS NOT ALLOWED FOR THIS MODEL
            * PARAMETER IS NOT SUPPLIED BY PK SUBROUTINE;
              WILL DEFAULT TO ONE IF APPLICABLE

DATA ITEM INDICES USED BY PRED ARE:
  EVENT ID DATA ITEM IS DATA ITEM NO.:      8
  TIME DATA ITEM IS DATA ITEM NO.:          2
  DOSE AMOUNT DATA ITEM IS DATA ITEM NO.:   3
  DOSE RATE DATA ITEM IS DATA ITEM NO.:     4
  COMPT. NO. DATA ITEM IS DATA ITEM NO.:    5


PK SUBROUTINE CALLED WITH EVERY EVENT RECORD.
PK SUBROUTINE NOT CALLED AT NONEVENT (ADDITIONAL OR LAGGED) DOSE TIMES.

ERROR SUBROUTINE CALLED WITH EVERY EVENT RECORD.




#TBLN:      1
#METH: First Order Conditional Estimation with Interaction

ESTIMATION STEP OMITTED:                 NO
SHRINK INFO WITH EVALUATION (EVALSHRINK) NO
ANALYSIS TYPE:                           POPULATION
NUMBER OF SADDLE POINT RESET ITERATIONS:      0
GRADIENT METHOD USED:               NOSLOW
CONDITIONAL ESTIMATES USED:              YES
CENTERED ETA:                            NO
EPS-ETA INTERACTION:                     YES
LAPLACIAN OBJ. FUNC.:                    NO
NO. OF FUNCT. EVALS. ALLOWED:            9999
NO. OF SIG. FIGURES REQUIRED:            3
INTERMEDIATE PRINTOUT:                   YES
ESTIMATE OUTPUT TO MSF:                  NO
ABORT WITH PRED EXIT CODE 1:             NO
IND. OBJ. FUNC. VALUES SORTED:           NO
NUMERICAL DERIVATIVE
      FILE REQUEST (NUMDER):               NONE
MAP (ETAHAT) ESTIMATION METHOD (OPTMAP):   0
ETA HESSIAN EVALUATION METHOD (ETADER):    0
INITIAL ETA FOR MAP ESTIMATION (MCETA):    0
SIGDIGITS FOR MAP ESTIMATION (SIGLO):      9
GRADIENT SIGDIGITS OF
      FIXED EFFECTS PARAMETERS (SIGL):     9
NOPRIOR SETTING (NOPRIOR):                 0
NOCOV SETTING (NOCOV):                     OFF
DERCONT SETTING (DERCONT):                 OFF
FINAL ETA RE-EVALUATION (FNLETA):          1
EXCLUDE NON-INFLUENTIAL (NON-INFL.) ETAS
      IN SHRINKAGE (ETASTYPE):             NO
NON-INFL. ETA CORRECTION (NONINFETA):      0
RAW OUTPUT FILE (FILE): 108wtbwt.ext
EXCLUDE TITLE (NOTITLE):                   NO
EXCLUDE COLUMN LABELS (NOLABEL):           NO
FORMAT FOR ADDITIONAL FILES (FORMAT):      S1PE12.5
PARAMETER ORDER FOR OUTPUTS (ORDER):       TSOL
KNUTHSUMOFF:                               0
INCLUDE LNTWOPI:                           NO
INCLUDE CONSTANT TERM TO PRIOR (PRIORC):   NO
INCLUDE CONSTANT TERM TO OMEGA (ETA) (OLNTWOPI):NO
ADDITIONAL CONVERGENCE TEST (CTYPE=4)?:    NO
EM OR BAYESIAN METHOD USED:                 NONE


THE FOLLOWING LABELS ARE EQUIVALENT
PRED=PREDI
RES=RESI
WRES=WRESI
IWRS=IWRESI
IPRD=IPREDI
IRS=IRESI

MONITORING OF SEARCH:



ITERATION NO.:    0    OBJECTIVE VALUE:   693.992137187716        NO. OF FUNC. EVALS.:   9
CUMULATIVE NO. OF FUNC. EVALS.:        9
NPARAMETR:  7.5000E-03  1.5000E+00  6.0000E-01  1.2000E-01  7.5000E-01  1.0000E+00  1.0000E-02  3.0000E-01  5.0000E-02  3.0000E-01

PARAMETER:  1.0000E-01  1.0000E-01  1.0000E-01  1.0000E-01  1.0000E-01  1.0000E-01  1.0000E-01  1.0000E-01  1.0000E-01  1.0000E-01

GRADIENT:   3.3935E+01 -1.3242E+01 -1.3421E-01  2.2674E+01 -4.0759E+01  1.4669E+01 -3.9017E+01  4.5715E+01  2.2240E+01  9.6415E+01



ITERATION NO.:    5    OBJECTIVE VALUE:   597.806619032539        NO. OF FUNC. EVALS.:  50
CUMULATIVE NO. OF FUNC. EVALS.:       59
NPARAMETR:  7.8004E-03  1.4403E+00  6.1239E-01  1.0587E-01  9.0732E-01  7.8334E-01  6.2879E-02  7.6724E-02  3.2330E-02  3.2494E-02

PARAMETER:  1.3927E-01  5.9391E-02  1.2043E-01 -2.5236E-02  1.6471E-01  1.0474E-02  1.2115E-01 -5.8179E-01  1.2786E-01 -1.2690E+00

GRADIENT:   7.8434E+01 -1.1926E+02 -1.7842E+00 -4.6312E+00 -4.9645E+01 -1.1350E+02 -4.6440E+01  1.2104E+01  1.9494E+01  8.1367E+00



ITERATION NO.:   10    OBJECTIVE VALUE:   584.176893205859        NO. OF FUNC. EVALS.:  51
CUMULATIVE NO. OF FUNC. EVALS.:      110
NPARAMETR:  7.1039E-03  1.4953E+00  1.3266E+00  1.0027E-01  1.6492E+00  9.0306E-01 -5.3541E-01  5.9169E-02  2.5949E-02  1.8609E-02

PARAMETER:  4.5735E-02  9.6835E-02  8.9348E-01 -7.9604E-02  4.8302E-01  5.9767E-02 -1.1899E-01 -7.1169E-01  1.1686E-01 -1.7488E+00

GRADIENT:  -3.4864E+01  2.7320E+01 -1.4370E+00  8.6724E+00  1.2347E+00 -3.3864E+01 -9.0839E-01  1.9912E+00 -2.8686E+01 -3.2250E+00



ITERATION NO.:   15    OBJECTIVE VALUE:   581.706619234914        NO. OF FUNC. EVALS.:  55
CUMULATIVE NO. OF FUNC. EVALS.:      165
NPARAMETR:  7.2292E-03  1.4972E+00  1.8316E+00  8.2586E-02  6.8544E-01  9.2623E-01  4.5603E-01  4.7347E-02  2.5874E-02  2.3397E-02

PARAMETER:  6.3225E-02  9.8102E-02  1.2160E+00 -2.7365E-01  7.3632E-02  6.9356E-02  2.7892E-01 -8.2314E-01  1.3026E-01 -1.6251E+00

GRADIENT:  -2.8460E+00  3.6945E+00  1.4516E+00  3.3232E+00  1.5380E+00  8.6868E+00  1.4837E+00  7.1722E-01  9.5044E+00  1.6730E+00



ITERATION NO.:   20    OBJECTIVE VALUE:   581.414888898857        NO. OF FUNC. EVALS.:  53
CUMULATIVE NO. OF FUNC. EVALS.:      218
NPARAMETR:  7.2274E-03  1.4950E+00  2.0398E+00  7.2724E-02  4.6336E-01  9.1570E-01  6.8035E-01  4.6662E-02  2.7589E-02  2.1835E-02

PARAMETER:  6.2973E-02  9.6631E-02  1.3237E+00 -4.0083E-01 -1.6405E-02  6.4995E-02  3.6984E-01 -8.3043E-01  1.3991E-01 -1.8834E+00

GRADIENT:   1.5684E-01  2.5261E+00 -9.8062E-01 -7.7282E-01  1.9953E+00  7.2667E-02  2.0062E+00  1.2578E-01  5.4644E+00  3.8805E-01



ITERATION NO.:   25    OBJECTIVE VALUE:   581.372890994734        NO. OF FUNC. EVALS.:  50
CUMULATIVE NO. OF FUNC. EVALS.:      268
NPARAMETR:  7.2174E-03  1.4933E+00  2.1088E+00  7.1678E-02  3.7899E-01  9.1397E-01  7.5663E-01  4.6080E-02  2.8189E-02  2.0708E-02

PARAMETER:  6.1597E-02  9.5529E-02  1.3570E+00 -4.1531E-01 -5.0392E-02  6.4280E-02  4.0100E-01 -8.3670E-01  1.4385E-01 -2.1167E+00

GRADIENT:   1.2832E-02  1.5628E-01  5.1004E-02  3.8214E-02 -1.3585E-01 -6.8213E-02 -1.4756E-01  1.2806E-02  2.2922E-01  9.4319E-03



ITERATION NO.:   30    OBJECTIVE VALUE:   581.372589609700        NO. OF FUNC. EVALS.:  68
CUMULATIVE NO. OF FUNC. EVALS.:      336
NPARAMETR:  7.2134E-03  1.4934E+00  2.1116E+00  7.1560E-02  3.4928E-01  9.1394E-01  7.8686E-01  4.6034E-02  2.8220E-02  2.0671E-02

PARAMETER:  6.1038E-02  9.5565E-02  1.3583E+00 -4.1696E-01 -6.2339E-02  6.4267E-02  4.1338E-01 -8.3720E-01  1.4408E-01 -2.1300E+00

GRADIENT:  -1.0664E-02 -8.1142E-03 -9.9722E-03 -9.1166E-03 -7.5504E-03 -3.4277E-02 -2.1296E-02 -3.6205E-04  6.5989E-03 -2.5497E-04



ITERATION NO.:   33    OBJECTIVE VALUE:   581.372514414239        NO. OF FUNC. EVALS.:  62
CUMULATIVE NO. OF FUNC. EVALS.:      398
NPARAMETR:  7.2100E-03  1.4935E+00  2.1128E+00  7.1548E-02  3.2264E-01  9.1393E-01  8.1362E-01  4.6008E-02  2.8240E-02  2.0660E-02

PARAMETER:  6.0565E-02  9.5648E-02  1.3588E+00 -4.1713E-01 -7.3044E-02  6.4260E-02  4.2437E-01 -8.3748E-01  1.4422E-01 -2.1369E+00

GRADIENT:  -9.0415E-04 -4.6056E-03  6.2994E-04  8.9247E-04 -2.6139E-03  3.7909E-04 -2.7335E-03 -1.3723E-04 -9.2567E-03 -3.6675E-04


#TERM:

MINIMIZATION SUCCESSFUL
NO. OF FUNCTION EVALUATIONS USED:      398
NO. OF SIG. DIGITS IN FINAL EST.:  3.2

ETABAR IS THE ARITHMETIC MEAN OF THE ETA-ESTIMATES,
AND THE P-VALUE IS GIVEN FOR THE NULL HYPOTHESIS THAT THE TRUE MEAN IS 0.

ETABAR:        -2.2878E-03 -2.0351E-03
SE:             2.4160E-02  1.6610E-02
N:                      59          59

P VAL.:         9.2456E-01  9.0248E-01

ETASHRINKSD(%)  1.3475E+01  1.1225E+01
ETASHRINKVR(%)  2.5135E+01  2.1190E+01
EBVSHRINKSD(%)  1.3278E+01  1.1046E+01
EBVSHRINKVR(%)  2.4793E+01  2.0872E+01
RELATIVEINF(%)  7.1296E+00  1.2809E+01
EPSSHRINKSD(%)  1.7787E+01
EPSSHRINKVR(%)  3.2410E+01

 
TOTAL DATA POINTS NORMALLY DISTRIBUTED (N):          155
N*LOG(2PI) CONSTANT TO OBJECTIVE FUNCTION:    284.87094529344853     
OBJECTIVE FUNCTION VALUE WITHOUT CONSTANT:    581.37251441423928     
OBJECTIVE FUNCTION VALUE WITH CONSTANT:       866.24345970768786     
REPORTED OBJECTIVE FUNCTION DOES NOT CONTAIN CONSTANT
 
TOTAL EFFECTIVE ETAS (NIND*NETA):                           118
 
#TERE:
Elapsed estimation  time in seconds: <SEC>
Elapsed covariance  time in seconds: <SEC>
Elapsed postprocess time in seconds: <SEC>






















************************************************************************************************************************
********************                                                                                ********************
********************               FIRST ORDER CONDITIONAL ESTIMATION WITH INTERACTION              ********************
#OBJT:**************                       MINIMUM VALUE OF OBJECTIVE FUNCTION                      ********************
********************                                                                                ********************
************************************************************************************************************************






#OBJV:********************************************           581.373       *********************************************


************************************************************************************************************************
********************                                                                                ********************
********************               FIRST ORDER CONDITIONAL ESTIMATION WITH INTERACTION              ********************
********************                             FINAL PARAMETER ESTIMATE                           ********************
********************                                                                                ********************
************************************************************************************************************************



THETA - VECTOR OF FIXED EFFECTS PARAMETERS   *********


        TH 1      TH 2      TH 3      TH 4      TH 5      TH 6      TH 7     

        7.21E-03  1.49E+00  2.11E+00  7.15E-02  3.23E-01  9.14E-01  8.14E-01



OMEGA - COV MATRIX FOR RANDOM EFFECTS - ETAS  ********


        ETA1      ETA2     

ETA1    4.60E-02

ETA2    2.82E-02  2.07E-02



SIGMA - COV MATRIX FOR RANDOM EFFECTS - EPSILONS  ****


        EPS1     

EPS1    1.00E+00





OMEGA - CORR MATRIX FOR RANDOM EFFECTS - ETAS  *******


        ETA1      ETA2     

ETA1    2.14E-01

ETA2    9.16E-01  1.44E-01



SIGMA - CORR MATRIX FOR RANDOM EFFECTS - EPSILONS  ***


        EPS1     

EPS1    1.00E+00



************************************************************************************************************************
********************                                                                                ********************
********************               FIRST ORDER CONDITIONAL ESTIMATION WITH INTERACTION              ********************
********************                            STANDARD ERROR OF ESTIMATE                          ********************
********************                                                                                ********************
************************************************************************************************************************



THETA - VECTOR OF FIXED EFFECTS PARAMETERS   *********


        TH 1      TH 2      TH 3      TH 4      TH 5      TH 6      TH 7     

        5.80E-04  4.17E-02  8.25E-01  3.14E-02  2.86E+00  8.17E-02  2.92E+00



OMEGA - COV MATRIX FOR RANDOM EFFECTS - ETAS  ********


        ETA1      ETA2     

ETA1    2.14E-02

ETA2    1.12E-02  8.56E-03



SIGMA - COV MATRIX FOR RANDOM EFFECTS - EPSILONS  ****


        EPS1     

EPS1   .........





OMEGA - CORR MATRIX FOR RANDOM EFFECTS - ETAS  *******


        ETA1      ETA2     

ETA1    5.00E-02

ETA2    3.68E-01  2.98E-02



SIGMA - CORR MATRIX FOR RANDOM EFFECTS - EPSILONS  ***


        EPS1     

EPS1   .........



************************************************************************************************************************
********************                                                                                ********************
********************               FIRST ORDER CONDITIONAL ESTIMATION WITH INTERACTION              ********************
********************                          COVARIANCE MATRIX OF ESTIMATE                         ********************
********************                                                                                ********************
************************************************************************************************************************


           TH 1      TH 2      TH 3      TH 4      TH 5      TH 6      TH 7      OM11      OM12      OM22      SG11  

TH 1    3.37E-07

TH 2   -3.55E-06  1.74E-03

TH 3   -2.84E-04  6.00E-03  6.80E-01

TH 4    1.04E-05 -1.21E-04 -2.32E-02  9.86E-04

TH 5    1.40E-03 -5.07E-02 -1.59E+00  4.88E-02  8.17E+00

TH 6    2.60E-05  2.53E-04 -2.82E-02  7.91E-04  1.06E-01  6.67E-03

TH 7   -1.43E-03  5.38E-02  1.64E+00 -5.09E-02 -8.35E+00 -1.05E-01  8.54E+00

OM11    2.36E-06  3.46E-05  2.55E-03 -1.43E-04  1.35E-02  3.29E-04 -1.38E-02  4.60E-04

OM12   -2.16E-06  1.96E-04  5.59E-03 -2.14E-04 -1.47E-02 -7.08E-05  1.52E-02  1.49E-04  1.25E-04

OM22    2.13E-06  6.43E-05 -4.32E-03  1.56E-04  9.87E-03  1.87E-04 -9.83E-03 -3.55E-05 -2.41E-05  7.32E-05

SG11   ......... ......... ......... ......... ......... ......... ......... ......... ......... ......... .........



************************************************************************************************************************
********************                                                                                ********************
********************               FIRST ORDER CONDITIONAL ESTIMATION WITH INTERACTION              ********************
********************                          CORRELATION MATRIX OF ESTIMATE                        ********************
********************                                                                                ********************
************************************************************************************************************************


           TH 1      TH 2      TH 3      TH 4      TH 5      TH 6      TH 7      OM11      OM12      OM22      SG11  

TH 1    5.80E-04

TH 2   -1.47E-01  4.17E-02

TH 3   -5.93E-01  1.74E-01  8.25E-01

TH 4    5.70E-01 -9.25E-02 -8.94E-01  3.14E-02

TH 5    8.45E-01 -4.25E-01 -6.75E-01  5.44E-01  2.86E+00

TH 6    5.48E-01  7.43E-02 -4.18E-01  3.09E-01  4.54E-01  8.17E-02

TH 7   -8.46E-01  4.41E-01  6.79E-01 -5.55E-01 -9.99E-01 -4.39E-01  2.92E+00

OM11    1.89E-01  3.87E-02  1.44E-01 -2.12E-01  2.21E-01  1.88E-01 -2.20E-01  2.14E-02

OM12   -3.32E-01  4.19E-01  6.06E-01 -6.10E-01 -4.58E-01 -7.75E-02  4.63E-01  6.22E-01  1.12E-02

OM22    4.29E-01  1.80E-01 -6.12E-01  5.79E-01  4.04E-01  2.67E-01 -3.93E-01 -1.93E-01 -2.52E-01  8.56E-03

SG11   ......... ......... ......... ......... ......... ......... ......... ......... ......... ......... .........



************************************************************************************************************************
********************                                                                                ********************
********************               FIRST ORDER CONDITIONAL ESTIMATION WITH INTERACTION              ********************
********************                      INVERSE COVARIANCE MATRIX OF ESTIMATE                     ********************
********************                                                                                ********************
************************************************************************************************************************


           TH 1      TH 2      TH 3      TH 4      TH 5      TH 6      TH 7      OM11      OM12      OM22      SG11  

TH 1    1.96E+07

TH 2   -7.19E+04  1.57E+03

TH 3   -6.22E+03  1.25E+01  1.31E+01

TH 4   -1.18E+05 -5.90E+02  2.25E+02  8.37E+03

TH 5    1.26E+04 -2.00E+02 -2.45E+00  4.09E+02  1.33E+02

TH 6   -3.17E+04  6.66E+01  2.13E+01  4.47E+01 -8.94E+01  3.15E+02

TH 7    1.64E+04 -2.20E+02 -4.14E+00  3.67E+02  1.32E+02 -9.06E+01  1.33E+02

OM11    7.70E+04 -2.48E+02 -6.12E+00 -2.11E+03 -1.31E+02  6.33E+01 -5.79E+01  1.08E+04

OM12   -1.01E+05 -1.81E+03 -6.22E+01  8.22E+03  8.15E+02 -7.59E+02  6.75E+02 -2.08E+04  5.94E+04

OM22   -3.26E+04 -8.45E+02  1.61E+02 -4.82E+03 -9.22E+02  8.95E+02 -8.43E+02  1.02E+04 -2.44E+04  4.08E+04

SG11   ......... ......... ......... ......... ......... ......... ......... ......... ......... ......... .........























************************************************************************************************************************
********************                                                                                ********************
********************               FIRST ORDER CONDITIONAL ESTIMATION WITH INTERACTION              ********************
********************                      EIGENVALUES OF COR MATRIX OF ESTIMATE                     ********************
********************                                                                                ********************
************************************************************************************************************************


            1         2         3         4         5         6         7         8         9        10

        4.50E-04  4.92E-02  8.27E-02  1.70E-01  3.71E-01  4.43E-01  6.48E-01  1.45E+00  1.86E+00  4.93E+00



************************************************************************************************************************
********************                                                                                ********************
********************               FIRST ORDER CONDITIONAL ESTIMATION WITH INTERACTION              ********************
********************                                     R MATRIX                                   ********************
********************                                                                                ********************
************************************************************************************************************************


           TH 1      TH 2      TH 3      TH 4      TH 5      TH 6      TH 7      OM11      OM12      OM22      SG11  

TH 1    9.84E+06

TH 2   -1.80E+04  8.22E+02

TH 3    3.40E+02 -3.15E+00  1.53E+01

TH 4   -1.03E+04 -4.29E+01  2.73E+02  6.63E+03

TH 5   -3.53E+03  1.14E+00  8.15E-02  2.67E+01  6.72E+01

TH 6    2.35E+02 -8.02E+01  2.50E+00 -3.81E+01 -1.51E+01  2.81E+02

TH 7   -2.08E+03 -5.50E+00  1.19E-01  2.37E+01  6.64E+01 -1.42E+01  6.59E+01

OM11    2.89E+04 -1.80E+02  1.19E+02  1.19E+03 -5.40E+01  5.41E+01 -4.20E+01  4.78E+03

OM12   -6.55E+04  3.54E+02 -2.67E+02 -2.51E+03  7.42E+01 -6.65E+01  4.62E+01 -7.24E+03  2.30E+04

OM22    4.12E+04 -4.82E+02  2.68E+02  3.84E+03 -3.95E+01 -2.76E+01 -2.33E+01  3.30E+03 -6.38E+03  2.51E+04

SG11   ......... ......... ......... ......... ......... ......... ......... ......... ......... ......... .........



************************************************************************************************************************
********************                                                                                ********************
********************               FIRST ORDER CONDITIONAL ESTIMATION WITH INTERACTION              ********************
********************                                     S MATRIX                                   ********************
********************                                                                                ********************
************************************************************************************************************************


           TH 1      TH 2      TH 3      TH 4      TH 5      TH 6      TH 7      OM11      OM12      OM22      SG11  

TH 1    9.77E+06

TH 2   -1.75E+04  8.19E+02

TH 3    3.81E+03  6.43E+00  2.41E+01

TH 4    8.40E+04  1.65E+02  4.35E+02  9.43E+03

TH 5   -1.49E+04  1.23E+02 -1.71E+00 -1.43E+02  9.01E+01

TH 6    2.55E+04 -1.48E+02 -1.97E+01 -4.12E+02 -2.71E+01  4.42E+02

TH 7   -1.37E+04  1.18E+02 -1.02E+00 -1.30E+02  8.82E+01 -2.44E+01  8.65E+01

OM11    6.54E+04 -3.24E+02  2.11E+02  2.71E+03 -1.63E+02  1.43E+02 -1.53E+02  4.80E+03

OM12   -1.26E+05  1.53E+03 -4.33E+02 -7.43E+03  3.17E+02  1.66E+02  2.94E+02 -5.85E+03  1.91E+04

OM22    1.63E+05  5.75E+02  4.34E+02  9.99E+03  3.86E+01 -1.93E+02  5.31E+01  2.02E+03 -5.38E+03  2.91E+04

SG11   ......... ......... ......... ......... ......... ......... ......... ......... ......... ......... .........

Elapsed finaloutput time in seconds: <SEC>
#CPUT: Total CPU Time in Seconds, <SEC>
