Changing directory to wf202.R76
'pushdon' is not recognized as an internal or external command,
operable program or batch file.
Pathlist information for compiler and MPI systems are located in nmpathlist.txt

Starting NMTRAN
  
 WARNINGS AND ERRORS (IF ANY) FOR PROBLEM    1
             
 (WARNING  2) NM-TRAN INFERS THAT THE DATA ARE POPULATION.
Recompiling certain components.
starting wait
ending wait
Exiting lpreddo
Compiling FSUBS
Building NONMEM Executable
Starting nonmem execution ...
License Registered to: <LICENSEE>
Expiration Date: <DATE>
Current Date: <DATE>
Days until program expires : <N>


 First Order Conditional Estimation with Interaction
 MONITORING OF SEARCH:


0ITERATION NO.:    0    OBJECTIVE VALUE:   3409.80041275197        NO. OF FUNC. EVALS.:  10
 CUMULATIVE NO. OF FUNC. EVALS.:       10
 NPARAMETR:  1.0000E+00  1.0000E-01  1.0000E+01  1.0000E+02  5.0000E-02  1.0000E+00  1.0000E-01  5.0000E+00  2.0000E-01  1.0000E-01
             5.0000E-02  2.0000E-02  1.0000E-01  1.0000E-01
 PARAMETER:  1.0000E-01  1.0000E-01  1.0000E-01  1.0000E-01  1.0000E-01  1.0000E-01  1.0000E-01  1.0000E-01  1.0000E-01  1.0000E-01
             1.0000E-01  1.0000E-01  1.0000E-01  1.0000E-01
 GRADIENT:  -1.6556E+02 -3.4105E+02  3.6047E+02 -1.6391E+02  7.8097E+02 -3.7330E+02 -6.6700E+01 -1.4360E+03 -1.0447E+02 -1.1524E+02
            -5.3811E+01  3.4607E+01 -8.3407E+02 -1.5906E+02

0ITERATION NO.:    5    OBJECTIVE VALUE:   2366.75235777111        NO. OF FUNC. EVALS.:  56
 CUMULATIVE NO. OF FUNC. EVALS.:       66
 NPARAMETR:  1.4916E+00  1.4253E-01  8.1965E+00  1.0316E+02  1.8709E-02  1.5019E+00  1.0065E-01  8.3929E+00  2.9898E-01  7.4666E-02
             4.0750E-02  1.3561E-02  2.9451E-01  9.3741E-02
 PARAMETER:  4.9988E-01  4.5439E-01 -9.8883E-02  1.3109E-01 -8.8300E-01  5.0671E-01  1.0651E-01  6.1795E-01  3.0104E-01 -4.6074E-02
            -2.2811E-03 -9.4251E-02  6.4006E-01  6.7684E-02
 GRADIENT:  -1.2960E+01 -8.1039E+01  8.4879E+01 -1.0626E+01  5.5359E+01 -1.8856E+01 -8.7793E+00 -1.0833E+02 -9.9800E+00  1.0653E+01
             1.5188E+01  2.7075E+01  5.1763E-01  9.5363E+00

0ITERATION NO.:   10    OBJECTIVE VALUE:   2344.69961357796        NO. OF FUNC. EVALS.:  60
 CUMULATIVE NO. OF FUNC. EVALS.:      126
 NPARAMETR:  1.5239E+00  1.4735E-01  8.1399E+00  1.0276E+02  1.5743E-02  1.6512E+00  1.0059E-01  8.9210E+00  3.3530E-01  6.4098E-02
             2.8698E-02  7.1035E-03  1.6018E-01  6.1017E-02
 PARAMETER:  5.2124E-01  4.8767E-01 -1.0580E-01  1.2724E-01 -1.0557E+00  6.0150E-01  1.0585E-01  6.7897E-01  3.5835E-01 -1.2238E-01
            -1.7760E-01 -4.1757E-01  3.3556E-01 -1.4701E-01
 GRADIENT:  -7.5752E+00 -5.3663E+01  1.0280E+02 -1.8853E+01  1.0204E+01  3.5477E+01 -9.5243E+00 -5.7406E+01 -2.5953E+00  4.5057E+00
            -5.8275E+00  8.4161E+00 -6.5798E+00  8.3099E-01

0ITERATION NO.:   15    OBJECTIVE VALUE:   2338.17554718401        NO. OF FUNC. EVALS.:  56
 CUMULATIVE NO. OF FUNC. EVALS.:      182
 NPARAMETR:  1.5560E+00  1.5099E-01  7.8586E+00  1.0333E+02  1.5246E-02  1.5746E+00  1.0124E-01  9.2182E+00  3.0591E-01  5.8159E-02
             3.0483E-02  4.8335E-03  1.6348E-01  6.0498E-02
 PARAMETER:  5.4209E-01  5.1205E-01 -1.4098E-01  1.3276E-01 -1.0877E+00  5.5402E-01  1.1229E-01  7.1174E-01  3.1249E-01 -1.7100E-01
            -1.4742E-01 -6.1008E-01  3.4577E-01 -1.5128E-01
 GRADIENT:  -1.5577E+00 -2.5713E+01  1.0932E+01 -2.2311E+01  5.9785E+00  3.7687E+00 -2.2959E+00 -1.9789E+01 -8.2567E+00 -3.2106E-01
             2.1277E+00  1.5650E+00 -6.2577E+00  9.8643E-02

0ITERATION NO.:   20    OBJECTIVE VALUE:   2336.94853496525        NO. OF FUNC. EVALS.:  58
 CUMULATIVE NO. OF FUNC. EVALS.:      240
 NPARAMETR:  1.5725E+00  1.5402E-01  7.8248E+00  1.0372E+02  1.4807E-02  1.5450E+00  1.0141E-01  9.3637E+00  3.5052E-01  5.7963E-02
             2.9398E-02  4.0444E-03  1.9420E-01  6.3349E-02
 PARAMETER:  5.5264E-01  5.3192E-01 -1.4529E-01  1.3652E-01 -1.1169E+00  5.3505E-01  1.1399E-01  7.2741E-01  3.8054E-01 -1.7268E-01
            -1.6554E-01 -6.9920E-01  4.3187E-01 -1.2825E-01
 GRADIENT:   5.9988E-02  7.3498E-01 -5.6482E-01 -2.4611E+00  7.6501E-03 -3.5923E-01  2.7348E-02  5.0372E-01  2.3215E-01 -3.0054E-02
            -1.2295E-02 -1.0307E-01 -5.8228E-03 -8.0400E-02

0ITERATION NO.:   25    OBJECTIVE VALUE:   2336.94747634573        NO. OF FUNC. EVALS.: 103
 CUMULATIVE NO. OF FUNC. EVALS.:      343            RESET HESSIAN, TYPE II
 NPARAMETR:  1.5719E+00  1.5398E-01  7.8261E+00  1.0375E+02  1.4811E-02  1.5454E+00  1.0141E-01  9.3584E+00  3.4910E-01  5.7975E-02
             2.9406E-02  4.0726E-03  1.9420E-01  6.3482E-02
 PARAMETER:  5.5230E-01  5.3165E-01 -1.4512E-01  1.3681E-01 -1.1167E+00  5.3525E-01  1.1399E-01  7.2684E-01  3.7852E-01 -1.7258E-01
            -1.6542E-01 -6.9573E-01  4.3187E-01 -1.2721E-01
 GRADIENT:   1.3063E-02  3.6619E-01 -1.1386E-01  4.5154E-02  2.0690E-02  2.7064E-02  1.9784E-03  7.3384E-03 -8.7427E-03 -1.4842E-02
             5.4927E-04 -1.3212E-02 -3.0893E-03 -4.6682E-05

0ITERATION NO.:   27    OBJECTIVE VALUE:   2336.94747634573        NO. OF FUNC. EVALS.:  66
 CUMULATIVE NO. OF FUNC. EVALS.:      409
 NPARAMETR:  1.5719E+00  1.5398E-01  7.8261E+00  1.0375E+02  1.4811E-02  1.5454E+00  1.0141E-01  9.3584E+00  3.4910E-01  5.7975E-02
             2.9406E-02  4.0726E-03  1.9420E-01  6.3482E-02
 PARAMETER:  5.5230E-01  5.3165E-01 -1.4512E-01  1.3681E-01 -1.1167E+00  5.3525E-01  1.1399E-01  7.2684E-01  3.7852E-01 -1.7258E-01
            -1.6542E-01 -6.9573E-01  4.3187E-01 -1.2721E-01
 GRADIENT:   3.5617E-02 -3.8488E-01 -6.9772E-02 -1.5487E-01  1.3768E-02  3.5381E-03  1.5636E-01 -4.6902E-02  3.0202E-02  3.2770E-02
            -1.4579E-01 -9.3534E-03 -5.4179E-02 -7.7762E-02
 Elapsed estimation  time in seconds: <SEC>
 Elapsed covariance  time in seconds: <SEC>
 Elapsed postprocess time in seconds: <SEC>
 Elapsed finaloutput time in seconds: <SEC>
Done with nonmem execution
wall seconds: 178.8
