<DATE>
<TIME>
$PROB WARFARIN PK/PD SIMULTANEOUS, EFFECT COMPARTMENT + DIRECT EMAX (WRONG MECHANISM)   P:wf201  F:BASE
$INPUT ID TIME AMT CMT DV DVID MDV EVID
$DATA ../../data/warf-sim.csv IGNORE=@
$SUBR ADVAN13 TOL=9
$ABBR DERIV2=NO
$MODEL COMP=(DEPOT DEFDOSE) COMP=(CENT DEFOBS) COMP=(EFFECT)

$PK
  KA   = THETA(1) * EXP(ETA(1))
  CL   = THETA(2) * EXP(ETA(2))
  V    = THETA(3) * EXP(ETA(3))
  BASE = THETA(4) * EXP(ETA(4))
  KE0  = THETA(5) * EXP(ETA(5))
  C50  = THETA(6) * EXP(ETA(6))
  KE   = CL / V
  S2   = V

$DES
  DADT(1) = -KA * A(1)
  DADT(2) =  KA * A(1) - KE * A(2)
  DADT(3) = KE0 * (A(2) / V - A(3))         ; effect-site concentration

$ERROR
  CE   = A(3)
  IPRE = F
  IF (DVID.EQ.2) IPRE = BASE * (1 - CE / (C50 + CE))
  W    = 1
  IF (DVID.EQ.1) W = THETA(7) * IPRE
  IF (DVID.EQ.2) W = THETA(8)
  IF (W.LT.1E-6) W = 1E-6
  IRES = DV - IPRE
  IWRE = IRES / W
  Y    = IPRE + W * EPS(1)

$THETA
  (0, 1)       ; KA (1/h)
  (0, 0.1)     ; CL (L/h)
  (0, 10)      ; V  (L)
  (0, 100)     ; BASE (%)
  (0, 0.05)    ; KE0 (1/h)
  (0, 1)       ; C50 (mg/L)
  (0, 0.1)     ; concentration proportional error CV
  (0, 5)       ; PCA additive error SD (%)

$OMEGA
  0.2          ; KA
  0.1          ; CL
  0.05         ; V
  0.02         ; BASE
  0.1          ; KE0
  0.1          ; C50

$SIGMA 1 FIX

$EST MAX=9999 PRINT=5 METHOD=COND INTER NSIG=3 SIGL=9
     NOABORT NOTBT NOOBT NOSBT
$COV UNCOND PRINT=E
$TAB ID TIME AMT CMT DV DVID MDV EVID IPRE IWRE CWRES
     ONEHEADER NOPRINT FILE=sdtab
$TAB ID KA CL V BASE KE0 C50 ETA1 ETA2 ETA3 ETA4 ETA5 ETA6
     ONEHEADER NOPRINT NOAPPEND FILE=patab
$TAB ID AMT
     ONEHEADER NOPRINT NOAPPEND FILE=cotab
$TAB ID DVID
     ONEHEADER NOPRINT NOAPPEND FILE=catab
  
NM-TRAN MESSAGES 
  
 WARNINGS AND ERRORS (IF ANY) FOR PROBLEM    1
             
 (WARNING  2) NM-TRAN INFERS THAT THE DATA ARE POPULATION.
  
License Registered to: <LICENSEE>
Expiration Date: <DATE>
Current Date: <DATE>
Days until program expires : <N>
1NONLINEAR MIXED EFFECTS MODEL PROGRAM (NONMEM) VERSION 7.6.0 (nm760)
 ORIGINALLY DEVELOPED BY STUART BEAL, LEWIS SHEINER, AND ALISON BOECKMANN
 CURRENT DEVELOPERS ARE ROBERT BAUER, ICON DEVELOPMENT SOLUTIONS,
 AND ALISON BOECKMANN. IMPLEMENTATION, EFFICIENCY, AND STANDARDIZATION
 PERFORMED BY NOUS INFOSYSTEMS.

 PROBLEM NO.:         1
 WARFARIN PK/PD SIMULTANEOUS, EFFECT COMPARTMENT + DIRECT EMAX (WRONG MEC
0DATA CHECKOUT RUN:              NO
 DATA SET LOCATED ON UNIT NO.:    2
 THIS UNIT TO BE REWOUND:        NO
 CREATE/ADD TO FDATA.csv:        YES
 NO. OF DATA RECS IN DATA SET:      760
 NO. OF DATA ITEMS IN DATA SET:   8
 ID DATA ITEM IS DATA ITEM NO.:   1
 DEP VARIABLE IS DATA ITEM NO.:   5
 MDV DATA ITEM IS DATA ITEM NO.:  7
0INDICES PASSED TO SUBROUTINE PRED:
   8   2   3   0   0   0   4   0   0   0   0
0LABELS FOR DATA ITEMS:
 ID TIME AMT CMT DV DVID MDV EVID
0(NONBLANK) LABELS FOR PRED-DEFINED ITEMS:
 KA CL V BASE KE0 C50 IPRE IWRE
0FORMAT FOR DATA:
 (8E7.0)

 TOT. NO. OF OBS RECS:      720
 TOT. NO. OF INDIVIDUALS:       40
0LENGTH OF THETA:   8
0DEFAULT THETA BOUNDARY TEST OMITTED:   YES
0OMEGA HAS SIMPLE DIAGONAL FORM WITH DIMENSION:   6
0DEFAULT OMEGA BOUNDARY TEST OMITTED:   YES
0SIGMA HAS SIMPLE DIAGONAL FORM WITH DIMENSION:   1
0DEFAULT SIGMA BOUNDARY TEST OMITTED:   YES
0INITIAL ESTIMATE OF THETA:
 LOWER BOUND    INITIAL EST    UPPER BOUND
  0.0000E+00     0.1000E+01     0.1000E+07
  0.0000E+00     0.1000E+00     0.1000E+07
  0.0000E+00     0.1000E+02     0.1000E+07
  0.0000E+00     0.1000E+03     0.1000E+07
  0.0000E+00     0.5000E-01     0.1000E+07
  0.0000E+00     0.1000E+01     0.1000E+07
  0.0000E+00     0.1000E+00     0.1000E+07
  0.0000E+00     0.5000E+01     0.1000E+07
0INITIAL ESTIMATE OF OMEGA:
 0.2000E+00
 0.0000E+00   0.1000E+00
 0.0000E+00   0.0000E+00   0.5000E-01
 0.0000E+00   0.0000E+00   0.0000E+00   0.2000E-01
 0.0000E+00   0.0000E+00   0.0000E+00   0.0000E+00   0.1000E+00
 0.0000E+00   0.0000E+00   0.0000E+00   0.0000E+00   0.0000E+00   0.1000E+00
0INITIAL ESTIMATE OF SIGMA:
 0.1000E+01
0SIGMA CONSTRAINED TO BE THIS INITIAL ESTIMATE
0COVARIANCE STEP OMITTED:        NO
 EIGENVLS. PRINTED:             YES
 SPECIAL COMPUTATION:            NO
 COMPRESSED FORMAT:              NO
 GRADIENT METHOD USED:     NOSLOW
 SIGDIGITS ETAHAT (SIGLO):                  -1
 SIGDIGITS GRADIENTS (SIGL):                -1
 EXCLUDE COV FOR FOCE (NOFCOV):              NO
 Cholesky Transposition of R Matrix (CHOLROFF):0
 KNUTHSUMOFF:                                -1
 RESUME COV ANALYSIS (RESUME):               NO
 SIR SAMPLE SIZE (SIRSAMPLE):
 NON-LINEARLY TRANSFORM THETAS DURING COV (THBND): 1
 PRECONDTIONING CYCLES (PRECOND):        0
 PRECONDTIONING TYPES (PRECONDS):        TOS
 FORCED PRECONDTIONING CYCLES (PFCOND):0
 PRECONDTIONING TYPE (PRETYPE):        0
 FORCED POS. DEFINITE SETTING DURING PRECONDITIONING: (FPOSDEF):0
 SIMPLE POS. DEFINITE SETTING: (POSDEF):-1
0TABLES STEP OMITTED:    NO
 NO. OF TABLES:           4
 SEED NUMBER (SEED):    11456
 NPDTYPE:    0
 INTERPTYPE:    0
 RANMETHOD:             3U
 MC SAMPLES (ESAMPLE):    300
 WRES SQUARE ROOT TYPE (WRESCHOL): EIGENVALUE
0-- TABLE   1 --
0RECORDS ONLY:    ALL
04 COLUMNS APPENDED:    YES
 PRINTED:                NO
 HEADER:                YES
 FILE TO BE FORWARDED:   NO
 FORMAT:                S1PE11.4
 IDFORMAT:
 LFORMAT:
 RFORMAT:
 FIXED_EFFECT_ETAS:
0USER-CHOSEN ITEMS:
 ID TIME AMT CMT DV DVID MDV EVID IPRE IWRE CWRES
0-- TABLE   2 --
0RECORDS ONLY:    ALL
04 COLUMNS APPENDED:    NO
 PRINTED:                NO
 HEADER:                YES
 FILE TO BE FORWARDED:   NO
 FORMAT:                S1PE11.4
 IDFORMAT:
 LFORMAT:
 RFORMAT:
 FIXED_EFFECT_ETAS:
0USER-CHOSEN ITEMS:
 ID KA CL V BASE KE0 C50 ETA1 ETA2 ETA3 ETA4 ETA5 ETA6
0-- TABLE   3 --
0RECORDS ONLY:    ALL
04 COLUMNS APPENDED:    NO
 PRINTED:                NO
 HEADER:                YES
 FILE TO BE FORWARDED:   NO
 FORMAT:                S1PE11.4
 IDFORMAT:
 LFORMAT:
 RFORMAT:
 FIXED_EFFECT_ETAS:
0USER-CHOSEN ITEMS:
 ID AMT
0-- TABLE   4 --
0RECORDS ONLY:    ALL
04 COLUMNS APPENDED:    NO
 PRINTED:                NO
 HEADER:                YES
 FILE TO BE FORWARDED:   NO
 FORMAT:                S1PE11.4
 IDFORMAT:
 LFORMAT:
 RFORMAT:
 FIXED_EFFECT_ETAS:
0USER-CHOSEN ITEMS:
 ID DVID
1DOUBLE PRECISION PREDPP VERSION 7.6.0 (nm760)

 GENERAL NONLINEAR KINETICS MODEL WITH STIFF/NONSTIFF EQUATIONS (LSODA, ADVAN13)
0MODEL SUBROUTINE USER-SUPPLIED - ID NO. 9999
0MAXIMUM NO. OF BASIC PK PARAMETERS:   4
0COMPARTMENT ATTRIBUTES
 COMPT. NO.   FUNCTION   INITIAL    ON/OFF      DOSE      DEFAULT    DEFAULT
                         STATUS     ALLOWED    ALLOWED    FOR DOSE   FOR OBS.
    1         DEPOT        ON         YES        YES        YES        NO
    2         CENT         ON         YES        YES        NO         YES
    3         EFFECT       ON         YES        YES        NO         NO
    4         OUTPUT       OFF        YES        NO         NO         NO
 INITIAL (BASE) TOLERANCE SETTINGS:
 NRD (RELATIVE) VALUE(S) OF TOLERANCE:   9
 ANRD (ABSOLUTE) VALUE(S) OF TOLERANCE:  12
1
 ADDITIONAL PK PARAMETERS - ASSIGNMENT OF ROWS IN GG
 COMPT. NO.                             INDICES
              SCALE      BIOAVAIL.   ZERO-ORDER  ZERO-ORDER  ABSORB
                         FRACTION    RATE        DURATION    LAG
    1            *           *           *           *           *
    2            5           *           *           *           *
    3            *           *           *           *           *
    4            *           -           -           -           -
             - PARAMETER IS NOT ALLOWED FOR THIS MODEL
             * PARAMETER IS NOT SUPPLIED BY PK SUBROUTINE;
               WILL DEFAULT TO ONE IF APPLICABLE
0DATA ITEM INDICES USED BY PRED ARE:
   EVENT ID DATA ITEM IS DATA ITEM NO.:      8
   TIME DATA ITEM IS DATA ITEM NO.:          2
   DOSE AMOUNT DATA ITEM IS DATA ITEM NO.:   3
   COMPT. NO. DATA ITEM IS DATA ITEM NO.:    4

0PK SUBROUTINE CALLED WITH EVERY EVENT RECORD.
 PK SUBROUTINE NOT CALLED AT NONEVENT (ADDITIONAL OR LAGGED) DOSE TIMES.
0ERROR SUBROUTINE CALLED WITH EVERY EVENT RECORD.
0ERROR SUBROUTINE INDICATES THAT DERIVATIVES OF COMPARTMENT AMOUNTS ARE USED.
0DES SUBROUTINE USES COMPACT STORAGE MODE.
1


 #TBLN:      1
 #METH: First Order Conditional Estimation with Interaction

 ESTIMATION STEP OMITTED:                 NO
 SHRINK INFO WITH EVALUATION (EVALSHRINK) NO
 ANALYSIS TYPE:                           POPULATION
 NUMBER OF SADDLE POINT RESET ITERATIONS:      0
 GRADIENT METHOD USED:               NOSLOW
 CONDITIONAL ESTIMATES USED:              YES
 CENTERED ETA:                            NO
 EPS-ETA INTERACTION:                     YES
 LAPLACIAN OBJ. FUNC.:                    NO
 NO. OF FUNCT. EVALS. ALLOWED:            9999
 NO. OF SIG. FIGURES REQUIRED:            3
 INTERMEDIATE PRINTOUT:                   YES
 ESTIMATE OUTPUT TO MSF:                  NO
 ABORT WITH PRED EXIT CODE 1:             NO
 IND. OBJ. FUNC. VALUES SORTED:           NO
 NUMERICAL DERIVATIVE
       FILE REQUEST (NUMDER):               NONE
 MAP (ETAHAT) ESTIMATION METHOD (OPTMAP):   0
 ETA HESSIAN EVALUATION METHOD (ETADER):    0
 INITIAL ETA FOR MAP ESTIMATION (MCETA):    0
 SIGDIGITS FOR MAP ESTIMATION (SIGLO):      9
 GRADIENT SIGDIGITS OF
       FIXED EFFECTS PARAMETERS (SIGL):     9
 NOPRIOR SETTING (NOPRIOR):                 0
 NOCOV SETTING (NOCOV):                     OFF
 DERCONT SETTING (DERCONT):                 OFF
 FINAL ETA RE-EVALUATION (FNLETA):          1
 EXCLUDE NON-INFLUENTIAL (NON-INFL.) ETAS
       IN SHRINKAGE (ETASTYPE):             NO
 NON-INFL. ETA CORRECTION (NONINFETA):      0
 RAW OUTPUT FILE (FILE): wf202.ext
 EXCLUDE TITLE (NOTITLE):                   NO
 EXCLUDE COLUMN LABELS (NOLABEL):           NO
 FORMAT FOR ADDITIONAL FILES (FORMAT):      S1PE12.5
 PARAMETER ORDER FOR OUTPUTS (ORDER):       TSOL
 KNUTHSUMOFF:                               0
 INCLUDE LNTWOPI:                           NO
 INCLUDE CONSTANT TERM TO PRIOR (PRIORC):   NO
 INCLUDE CONSTANT TERM TO OMEGA (ETA) (OLNTWOPI):NO
 ADDITIONAL CONVERGENCE TEST (CTYPE=4)?:    NO
 EM OR BAYESIAN METHOD USED:                 NONE

 TOLERANCES FOR ESTIMATION/EVALUATION STEP:
 NRD (RELATIVE) VALUE(S) OF TOLERANCE:   9
 ANRD (ABSOLUTE) VALUE(S) OF TOLERANCE:  12
 TOLERANCES FOR COVARIANCE STEP:
 NRD (RELATIVE) VALUE(S) OF TOLERANCE:   9
 ANRD (ABSOLUTE) VALUE(S) OF TOLERANCE:  12
 TOLERANCES FOR TABLE/SCATTER STEP:
 NRD (RELATIVE) VALUE(S) OF TOLERANCE:   9
 ANRD (ABSOLUTE) VALUE(S) OF TOLERANCE:  12

 THE FOLLOWING LABELS ARE EQUIVALENT
 PRED=PREDI
 RES=RESI
 WRES=WRESI
 IWRS=IWRESI
 IPRD=IPREDI
 IRS=IRESI

 MONITORING OF SEARCH:


0ITERATION NO.:    0    OBJECTIVE VALUE:   3409.80041275197        NO. OF FUNC. EVALS.:  10
 CUMULATIVE NO. OF FUNC. EVALS.:       10
 NPARAMETR:  1.0000E+00  1.0000E-01  1.0000E+01  1.0000E+02  5.0000E-02  1.0000E+00  1.0000E-01  5.0000E+00  2.0000E-01  1.0000E-01
             5.0000E-02  2.0000E-02  1.0000E-01  1.0000E-01
 PARAMETER:  1.0000E-01  1.0000E-01  1.0000E-01  1.0000E-01  1.0000E-01  1.0000E-01  1.0000E-01  1.0000E-01  1.0000E-01  1.0000E-01
             1.0000E-01  1.0000E-01  1.0000E-01  1.0000E-01
 GRADIENT:  -1.6556E+02 -3.4105E+02  3.6047E+02 -1.6391E+02  7.8097E+02 -3.7330E+02 -6.6700E+01 -1.4360E+03 -1.0447E+02 -1.1524E+02
            -5.3811E+01  3.4607E+01 -8.3407E+02 -1.5906E+02

0ITERATION NO.:    5    OBJECTIVE VALUE:   2366.75235777111        NO. OF FUNC. EVALS.:  56
 CUMULATIVE NO. OF FUNC. EVALS.:       66
 NPARAMETR:  1.4916E+00  1.4253E-01  8.1965E+00  1.0316E+02  1.8709E-02  1.5019E+00  1.0065E-01  8.3929E+00  2.9898E-01  7.4666E-02
             4.0750E-02  1.3561E-02  2.9451E-01  9.3741E-02
 PARAMETER:  4.9988E-01  4.5439E-01 -9.8883E-02  1.3109E-01 -8.8300E-01  5.0671E-01  1.0651E-01  6.1795E-01  3.0104E-01 -4.6074E-02
            -2.2811E-03 -9.4251E-02  6.4006E-01  6.7684E-02
 GRADIENT:  -1.2960E+01 -8.1039E+01  8.4879E+01 -1.0626E+01  5.5359E+01 -1.8856E+01 -8.7793E+00 -1.0833E+02 -9.9800E+00  1.0653E+01
             1.5188E+01  2.7075E+01  5.1763E-01  9.5363E+00

0ITERATION NO.:   10    OBJECTIVE VALUE:   2344.69961357796        NO. OF FUNC. EVALS.:  60
 CUMULATIVE NO. OF FUNC. EVALS.:      126
 NPARAMETR:  1.5239E+00  1.4735E-01  8.1399E+00  1.0276E+02  1.5743E-02  1.6512E+00  1.0059E-01  8.9210E+00  3.3530E-01  6.4098E-02
             2.8698E-02  7.1035E-03  1.6018E-01  6.1017E-02
 PARAMETER:  5.2124E-01  4.8767E-01 -1.0580E-01  1.2724E-01 -1.0557E+00  6.0150E-01  1.0585E-01  6.7897E-01  3.5835E-01 -1.2238E-01
            -1.7760E-01 -4.1757E-01  3.3556E-01 -1.4701E-01
 GRADIENT:  -7.5752E+00 -5.3663E+01  1.0280E+02 -1.8853E+01  1.0204E+01  3.5477E+01 -9.5243E+00 -5.7406E+01 -2.5953E+00  4.5057E+00
            -5.8275E+00  8.4161E+00 -6.5798E+00  8.3099E-01

0ITERATION NO.:   15    OBJECTIVE VALUE:   2338.17554718401        NO. OF FUNC. EVALS.:  56
 CUMULATIVE NO. OF FUNC. EVALS.:      182
 NPARAMETR:  1.5560E+00  1.5099E-01  7.8586E+00  1.0333E+02  1.5246E-02  1.5746E+00  1.0124E-01  9.2182E+00  3.0591E-01  5.8159E-02
             3.0483E-02  4.8335E-03  1.6348E-01  6.0498E-02
 PARAMETER:  5.4209E-01  5.1205E-01 -1.4098E-01  1.3276E-01 -1.0877E+00  5.5402E-01  1.1229E-01  7.1174E-01  3.1249E-01 -1.7100E-01
            -1.4742E-01 -6.1008E-01  3.4577E-01 -1.5128E-01
 GRADIENT:  -1.5577E+00 -2.5713E+01  1.0932E+01 -2.2311E+01  5.9785E+00  3.7687E+00 -2.2959E+00 -1.9789E+01 -8.2567E+00 -3.2106E-01
             2.1277E+00  1.5650E+00 -6.2577E+00  9.8643E-02

0ITERATION NO.:   20    OBJECTIVE VALUE:   2336.94853496525        NO. OF FUNC. EVALS.:  58
 CUMULATIVE NO. OF FUNC. EVALS.:      240
 NPARAMETR:  1.5725E+00  1.5402E-01  7.8248E+00  1.0372E+02  1.4807E-02  1.5450E+00  1.0141E-01  9.3637E+00  3.5052E-01  5.7963E-02
             2.9398E-02  4.0444E-03  1.9420E-01  6.3349E-02
 PARAMETER:  5.5264E-01  5.3192E-01 -1.4529E-01  1.3652E-01 -1.1169E+00  5.3505E-01  1.1399E-01  7.2741E-01  3.8054E-01 -1.7268E-01
            -1.6554E-01 -6.9920E-01  4.3187E-01 -1.2825E-01
 GRADIENT:   5.9988E-02  7.3498E-01 -5.6482E-01 -2.4611E+00  7.6501E-03 -3.5923E-01  2.7348E-02  5.0372E-01  2.3215E-01 -3.0054E-02
            -1.2295E-02 -1.0307E-01 -5.8228E-03 -8.0400E-02

0ITERATION NO.:   25    OBJECTIVE VALUE:   2336.94747634573        NO. OF FUNC. EVALS.: 103
 CUMULATIVE NO. OF FUNC. EVALS.:      343            RESET HESSIAN, TYPE II
 NPARAMETR:  1.5719E+00  1.5398E-01  7.8261E+00  1.0375E+02  1.4811E-02  1.5454E+00  1.0141E-01  9.3584E+00  3.4910E-01  5.7975E-02
             2.9406E-02  4.0726E-03  1.9420E-01  6.3482E-02
 PARAMETER:  5.5230E-01  5.3165E-01 -1.4512E-01  1.3681E-01 -1.1167E+00  5.3525E-01  1.1399E-01  7.2684E-01  3.7852E-01 -1.7258E-01
            -1.6542E-01 -6.9573E-01  4.3187E-01 -1.2721E-01
 GRADIENT:   1.3063E-02  3.6619E-01 -1.1386E-01  4.5154E-02  2.0690E-02  2.7064E-02  1.9784E-03  7.3384E-03 -8.7427E-03 -1.4842E-02
             5.4927E-04 -1.3212E-02 -3.0893E-03 -4.6682E-05

0ITERATION NO.:   27    OBJECTIVE VALUE:   2336.94747634573        NO. OF FUNC. EVALS.:  66
 CUMULATIVE NO. OF FUNC. EVALS.:      409
 NPARAMETR:  1.5719E+00  1.5398E-01  7.8261E+00  1.0375E+02  1.4811E-02  1.5454E+00  1.0141E-01  9.3584E+00  3.4910E-01  5.7975E-02
             2.9406E-02  4.0726E-03  1.9420E-01  6.3482E-02
 PARAMETER:  5.5230E-01  5.3165E-01 -1.4512E-01  1.3681E-01 -1.1167E+00  5.3525E-01  1.1399E-01  7.2684E-01  3.7852E-01 -1.7258E-01
            -1.6542E-01 -6.9573E-01  4.3187E-01 -1.2721E-01
 GRADIENT:   3.5617E-02 -3.8488E-01 -6.9772E-02 -1.5487E-01  1.3768E-02  3.5381E-03  1.5636E-01 -4.6902E-02  3.0202E-02  3.2770E-02
            -1.4579E-01 -9.3534E-03 -5.4179E-02 -7.7762E-02

 #TERM:
0MINIMIZATION SUCCESSFUL
 HOWEVER, PROBLEMS OCCURRED WITH THE MINIMIZATION.
 REGARD THE RESULTS OF THE ESTIMATION STEP CAREFULLY, AND ACCEPT THEM ONLY
 AFTER CHECKING THAT THE COVARIANCE STEP PRODUCES REASONABLE OUTPUT.
 NO. OF FUNCTION EVALUATIONS USED:      409
 NO. OF SIG. DIGITS IN FINAL EST.:  3.1

 ETABAR IS THE ARITHMETIC MEAN OF THE ETA-ESTIMATES,
 AND THE P-VALUE IS GIVEN FOR THE NULL HYPOTHESIS THAT THE TRUE MEAN IS 0.

 ETABAR:        -1.9862E-02  2.3669E-04 -3.7893E-03  3.2331E-03  5.3572E-03  4.2170E-03
 SE:             8.6567E-02  3.7488E-02  2.5774E-02  6.2809E-03  5.6286E-02  2.9618E-02
 N:                      40          40          40          40          40          40

 P VAL.:         8.1852E-01  9.9496E-01  8.8311E-01  6.0673E-01  9.2417E-01  8.8678E-01

 ETASHRINKSD(%)  7.2757E+00  1.5313E+00  4.9157E+00  3.7547E+01  1.9211E+01  2.5636E+01
 ETASHRINKVR(%)  1.4022E+01  3.0391E+00  9.5897E+00  6.0996E+01  3.4731E+01  4.4700E+01
 EBVSHRINKSD(%)  5.1513E+00  1.1790E+00  4.7978E+00  3.8362E+01  1.9162E+01  2.5150E+01
 EBVSHRINKVR(%)  1.0037E+01  2.3440E+00  9.3654E+00  6.2008E+01  3.4653E+01  4.3975E+01
 RELATIVEINF(%)  8.9720E+01  9.7559E+01  9.0287E+01  3.4041E+01  5.8966E+01  4.5696E+01
 EPSSHRINKSD(%)  1.2664E+01
 EPSSHRINKVR(%)  2.3724E+01

  
 TOTAL DATA POINTS NORMALLY DISTRIBUTED (N):          720
 N*LOG(2PI) CONSTANT TO OBJECTIVE FUNCTION:    1323.2714878147287     
 OBJECTIVE FUNCTION VALUE WITHOUT CONSTANT:    2336.9474763457260     
 OBJECTIVE FUNCTION VALUE WITH CONSTANT:       3660.2189641604546     
 REPORTED OBJECTIVE FUNCTION DOES NOT CONTAIN CONSTANT
  
 TOTAL EFFECTIVE ETAS (NIND*NETA):                           240
  
 #TERE:
 Elapsed estimation  time in seconds: <SEC>
 Elapsed covariance  time in seconds: <SEC>
 Elapsed postprocess time in seconds: <SEC>
1
 
 
 
 
 
 
 
 
 
 
 
 
 
 
 
 
 
 
 
 
 ************************************************************************************************************************
 ********************                                                                                ********************
 ********************               FIRST ORDER CONDITIONAL ESTIMATION WITH INTERACTION              ********************
 #OBJT:**************                       MINIMUM VALUE OF OBJECTIVE FUNCTION                      ********************
 ********************                                                                                ********************
 ************************************************************************************************************************
 





 #OBJV:********************************************          2336.947       *********************************************
1
 ************************************************************************************************************************
 ********************                                                                                ********************
 ********************               FIRST ORDER CONDITIONAL ESTIMATION WITH INTERACTION              ********************
 ********************                             FINAL PARAMETER ESTIMATE                           ********************
 ********************                                                                                ********************
 ************************************************************************************************************************
 


 THETA - VECTOR OF FIXED EFFECTS PARAMETERS   *********


         TH 1      TH 2      TH 3      TH 4      TH 5      TH 6      TH 7      TH 8     
 
         1.57E+00  1.54E-01  7.83E+00  1.04E+02  1.48E-02  1.55E+00  1.01E-01  9.36E+00
 


 OMEGA - COV MATRIX FOR RANDOM EFFECTS - ETAS  ********


         ETA1      ETA2      ETA3      ETA4      ETA5      ETA6     
 
 ETA1
+        3.49E-01
 
 ETA2
+        0.00E+00  5.80E-02
 
 ETA3
+        0.00E+00  0.00E+00  2.94E-02
 
 ETA4
+        0.00E+00  0.00E+00  0.00E+00  4.07E-03
 
 ETA5
+        0.00E+00  0.00E+00  0.00E+00  0.00E+00  1.94E-01
 
 ETA6
+        0.00E+00  0.00E+00  0.00E+00  0.00E+00  0.00E+00  6.35E-02
 


 SIGMA - COV MATRIX FOR RANDOM EFFECTS - EPSILONS  ****


         EPS1     
 
 EPS1
+        1.00E+00
 
1


 OMEGA - CORR MATRIX FOR RANDOM EFFECTS - ETAS  *******


         ETA1      ETA2      ETA3      ETA4      ETA5      ETA6     
 
 ETA1
+        5.91E-01
 
 ETA2
+        0.00E+00  2.41E-01
 
 ETA3
+        0.00E+00  0.00E+00  1.71E-01
 
 ETA4
+        0.00E+00  0.00E+00  0.00E+00  6.38E-02
 
 ETA5
+        0.00E+00  0.00E+00  0.00E+00  0.00E+00  4.41E-01
 
 ETA6
+        0.00E+00  0.00E+00  0.00E+00  0.00E+00  0.00E+00  2.52E-01
 


 SIGMA - CORR MATRIX FOR RANDOM EFFECTS - EPSILONS  ***


         EPS1     
 
 EPS1
+        1.00E+00
 
1
 ************************************************************************************************************************
 ********************                                                                                ********************
 ********************               FIRST ORDER CONDITIONAL ESTIMATION WITH INTERACTION              ********************
 ********************                            STANDARD ERROR OF ESTIMATE                          ********************
 ********************                                                                                ********************
 ************************************************************************************************************************
 


 THETA - VECTOR OF FIXED EFFECTS PARAMETERS   *********


         TH 1      TH 2      TH 3      TH 4      TH 5      TH 6      TH 7      TH 8     
 
         1.53E-01  5.81E-03  1.96E-01  1.58E+00  1.44E-03  9.64E-02  5.01E-03  3.88E-01
 


 OMEGA - COV MATRIX FOR RANDOM EFFECTS - ETAS  ********


         ETA1      ETA2      ETA3      ETA4      ETA5      ETA6     
 
 ETA1
+        1.24E-01
 
 ETA2
+       .........  1.55E-02
 
 ETA3
+       ......... .........  6.36E-03
 
 ETA4
+       ......... ......... .........  2.28E-03
 
 ETA5
+       ......... ......... ......... .........  5.23E-02
 
 ETA6
+       ......... ......... ......... ......... .........  2.60E-02
 


 SIGMA - COV MATRIX FOR RANDOM EFFECTS - EPSILONS  ****


         EPS1     
 
 EPS1
+       .........
 
1


 OMEGA - CORR MATRIX FOR RANDOM EFFECTS - ETAS  *******


         ETA1      ETA2      ETA3      ETA4      ETA5      ETA6     
 
 ETA1
+        1.05E-01
 
 ETA2
+       .........  3.21E-02
 
 ETA3
+       ......... .........  1.85E-02
 
 ETA4
+       ......... ......... .........  1.79E-02
 
 ETA5
+       ......... ......... ......... .........  5.93E-02
 
 ETA6
+       ......... ......... ......... ......... .........  5.15E-02
 


 SIGMA - CORR MATRIX FOR RANDOM EFFECTS - EPSILONS  ***


         EPS1     
 
 EPS1
+       .........
 
1
 ************************************************************************************************************************
 ********************                                                                                ********************
 ********************               FIRST ORDER CONDITIONAL ESTIMATION WITH INTERACTION              ********************
 ********************                          COVARIANCE MATRIX OF ESTIMATE                         ********************
 ********************                                                                                ********************
 ************************************************************************************************************************
 

            TH 1      TH 2      TH 3      TH 4      TH 5      TH 6      TH 7      TH 8      OM11      OM12      OM13      OM14  
             OM15      OM16      OM22      OM23      OM24      OM25      OM26      OM33      OM34      OM35      OM36      OM44  
            OM45      OM46      OM55      OM56      OM66      SG11  
 
 TH 1
+        2.35E-02
 
 TH 2
+        7.56E-05  3.37E-05
 
 TH 3
+       -7.83E-04 -5.78E-05  3.86E-02
 
 TH 4
+       -6.57E-02  5.91E-04  6.12E-02  2.49E+00
 
 TH 5
+       -2.77E-05  4.76E-06 -3.04E-05 -3.92E-04  2.08E-06
 
 TH 6
+        1.19E-03  2.28E-04 -5.66E-03 -9.74E-03  8.75E-05  9.30E-03
 
 TH 7
+       -2.99E-04 -1.07E-06  1.42E-04  9.00E-04  5.54E-07 -1.22E-04  2.51E-05
 
 TH 8
+        1.27E-02  3.39E-04 -2.78E-02  2.13E-01 -8.46E-05  3.55E-03 -1.01E-04  1.51E-01
 
 OM11
+       -8.95E-04  2.32E-05 -4.17E-03 -2.86E-02 -1.46E-05 -1.36E-03  3.06E-05  9.58E-03  1.54E-02
 
 OM12
+       ......... ......... ......... ......... ......... ......... ......... ......... ......... .........
 
 OM13
+       ......... ......... ......... ......... ......... ......... ......... ......... ......... ......... .........
 
 OM14
+       ......... ......... ......... ......... ......... ......... ......... ......... ......... ......... ......... .........
 
 OM15
+       ......... ......... ......... ......... ......... ......... ......... ......... ......... ......... ......... .........
         .........
 
 OM16
+       ......... ......... ......... ......... ......... ......... ......... ......... ......... ......... ......... .........
         ......... .........
 
 OM22
+        1.32E-04  1.11E-05 -4.41E-04 -4.91E-03  3.97E-06  2.91E-05 -2.47E-06 -3.92E-05 -1.83E-04 ......... ......... .........
         ......... .........  2.39E-04
 
 OM23
+       ......... ......... ......... ......... ......... ......... ......... ......... ......... ......... ......... .........
         ......... ......... ......... .........
 
 OM24
+       ......... ......... ......... ......... ......... ......... ......... ......... ......... ......... ......... .........
         ......... ......... ......... ......... .........
 
 OM25
+       ......... ......... ......... ......... ......... ......... ......... ......... ......... ......... ......... .........
         ......... ......... ......... ......... ......... .........
 
 OM26
+       ......... ......... ......... ......... ......... ......... ......... ......... ......... ......... ......... .........
         ......... ......... ......... ......... ......... ......... .........
 
1

            TH 1      TH 2      TH 3      TH 4      TH 5      TH 6      TH 7      TH 8      OM11      OM12      OM13      OM14  
             OM15      OM16      OM22      OM23      OM24      OM25      OM26      OM33      OM34      OM35      OM36      OM44  
            OM45      OM46      OM55      OM56      OM66      SG11  
 
 OM33
+        4.56E-05 -8.83E-07  3.96E-04  7.57E-04 -6.79E-07 -4.47E-05  3.99E-06  1.52E-04 -4.43E-05 ......... ......... .........
         ......... ......... -1.68E-05 ......... ......... ......... .........  4.04E-05
 
 OM34
+       ......... ......... ......... ......... ......... ......... ......... ......... ......... ......... ......... .........
         ......... ......... ......... ......... ......... ......... ......... ......... .........
 
 OM35
+       ......... ......... ......... ......... ......... ......... ......... ......... ......... ......... ......... .........
         ......... ......... ......... ......... ......... ......... ......... ......... ......... .........
 
 OM36
+       ......... ......... ......... ......... ......... ......... ......... ......... ......... ......... ......... .........
         ......... ......... ......... ......... ......... ......... ......... ......... ......... ......... .........
 
 OM44
+        4.20E-06 -2.02E-06  3.28E-05  9.45E-04 -4.91E-07 -1.39E-05  2.08E-06 -4.75E-05 -9.95E-06 ......... ......... .........
         ......... ......... -1.69E-06 ......... ......... ......... ......... -2.45E-06 ......... ......... .........  5.20E-06
 
 OM45
+       ......... ......... ......... ......... ......... ......... ......... ......... ......... ......... ......... .........
         ......... ......... ......... ......... ......... ......... ......... ......... ......... ......... ......... .........
        .........
 
 OM46
+       ......... ......... ......... ......... ......... ......... ......... ......... ......... ......... ......... .........
         ......... ......... ......... ......... ......... ......... ......... ......... ......... ......... ......... .........
        ......... .........
 
 OM55
+        3.39E-04  8.14E-06 -1.04E-04 -1.15E-02 -1.84E-05 -1.84E-03 -2.01E-05 -4.23E-03 -6.77E-04 ......... ......... .........
         ......... .........  1.27E-04 ......... ......... ......... ......... -4.80E-05 ......... ......... .........  1.61E-05
        ......... .........  2.73E-03
 
 OM56
+       ......... ......... ......... ......... ......... ......... ......... ......... ......... ......... ......... .........
         ......... ......... ......... ......... ......... ......... ......... ......... ......... ......... ......... .........
        ......... ......... ......... .........
 
 OM66
+        4.15E-04 -7.44E-06  8.69E-04 -2.99E-03 -3.95E-06 -2.88E-04 -1.29E-05 -1.80E-03  8.22E-04 ......... ......... .........
         ......... ......... -2.16E-05 ......... ......... ......... ......... -1.90E-05 ......... ......... .........  1.50E-06
        ......... .........  1.55E-04 .........  6.74E-04
 
 SG11
+       ......... ......... ......... ......... ......... ......... ......... ......... ......... ......... ......... .........
         ......... ......... ......... ......... ......... ......... ......... ......... ......... ......... ......... .........
        ......... ......... ......... ......... ......... .........
 
1
 ************************************************************************************************************************
 ********************                                                                                ********************
 ********************               FIRST ORDER CONDITIONAL ESTIMATION WITH INTERACTION              ********************
 ********************                          CORRELATION MATRIX OF ESTIMATE                        ********************
 ********************                                                                                ********************
 ************************************************************************************************************************
 

            TH 1      TH 2      TH 3      TH 4      TH 5      TH 6      TH 7      TH 8      OM11      OM12      OM13      OM14  
             OM15      OM16      OM22      OM23      OM24      OM25      OM26      OM33      OM34      OM35      OM36      OM44  
            OM45      OM46      OM55      OM56      OM66      SG11  
 
 TH 1
+        1.53E-01
 
 TH 2
+        8.49E-02  5.81E-03
 
 TH 3
+       -2.60E-02 -5.07E-02  1.96E-01
 
 TH 4
+       -2.71E-01  6.44E-02  1.97E-01  1.58E+00
 
 TH 5
+       -1.25E-01  5.68E-01 -1.07E-01 -1.72E-01  1.44E-03
 
 TH 6
+        8.07E-02  4.06E-01 -2.99E-01 -6.40E-02  6.29E-01  9.64E-02
 
 TH 7
+       -3.89E-01 -3.69E-02  1.45E-01  1.14E-01  7.67E-02 -2.53E-01  5.01E-03
 
 TH 8
+        2.13E-01  1.51E-01 -3.65E-01  3.48E-01 -1.51E-01  9.49E-02 -5.19E-02  3.88E-01
 
 OM11
+       -4.70E-02  3.22E-02 -1.71E-01 -1.46E-01 -8.17E-02 -1.13E-01  4.92E-02  1.99E-01  1.24E-01
 
 OM12
+       ......... ......... ......... ......... ......... ......... ......... ......... ......... .........
 
 OM13
+       ......... ......... ......... ......... ......... ......... ......... ......... ......... ......... .........
 
 OM14
+       ......... ......... ......... ......... ......... ......... ......... ......... ......... ......... ......... .........
 
 OM15
+       ......... ......... ......... ......... ......... ......... ......... ......... ......... ......... ......... .........
         .........
 
 OM16
+       ......... ......... ......... ......... ......... ......... ......... ......... ......... ......... ......... .........
         ......... .........
 
 OM22
+        5.56E-02  1.24E-01 -1.45E-01 -2.01E-01  1.78E-01  1.95E-02 -3.19E-02 -6.53E-03 -9.53E-02 ......... ......... .........
         ......... .........  1.55E-02
 
 OM23
+       ......... ......... ......... ......... ......... ......... ......... ......... ......... ......... ......... .........
         ......... ......... ......... .........
 
 OM24
+       ......... ......... ......... ......... ......... ......... ......... ......... ......... ......... ......... .........
         ......... ......... ......... ......... .........
 
 OM25
+       ......... ......... ......... ......... ......... ......... ......... ......... ......... ......... ......... .........
         ......... ......... ......... ......... ......... .........
 
 OM26
+       ......... ......... ......... ......... ......... ......... ......... ......... ......... ......... ......... .........
         ......... ......... ......... ......... ......... ......... .........
 
1

            TH 1      TH 2      TH 3      TH 4      TH 5      TH 6      TH 7      TH 8      OM11      OM12      OM13      OM14  
             OM15      OM16      OM22      OM23      OM24      OM25      OM26      OM33      OM34      OM35      OM36      OM44  
            OM45      OM46      OM55      OM56      OM66      SG11  
 
 OM33
+        4.67E-02 -2.39E-02  3.17E-01  7.55E-02 -7.41E-02 -7.30E-02  1.25E-01  6.16E-02 -5.62E-02 ......... ......... .........
         ......... ......... -1.71E-01 ......... ......... ......... .........  6.36E-03
 
 OM34
+       ......... ......... ......... ......... ......... ......... ......... ......... ......... ......... ......... .........
         ......... ......... ......... ......... ......... ......... ......... ......... .........
 
 OM35
+       ......... ......... ......... ......... ......... ......... ......... ......... ......... ......... ......... .........
         ......... ......... ......... ......... ......... ......... ......... ......... ......... .........
 
 OM36
+       ......... ......... ......... ......... ......... ......... ......... ......... ......... ......... ......... .........
         ......... ......... ......... ......... ......... ......... ......... ......... ......... ......... .........
 
 OM44
+        1.20E-02 -1.53E-01  7.31E-02  2.62E-01 -1.49E-01 -6.33E-02  1.82E-01 -5.36E-02 -3.52E-02 ......... ......... .........
         ......... ......... -4.79E-02 ......... ......... ......... ......... -1.69E-01 ......... ......... .........  2.28E-03
 
 OM45
+       ......... ......... ......... ......... ......... ......... ......... ......... ......... ......... ......... .........
         ......... ......... ......... ......... ......... ......... ......... ......... ......... ......... ......... .........
        .........
 
 OM46
+       ......... ......... ......... ......... ......... ......... ......... ......... ......... ......... ......... .........
         ......... ......... ......... ......... ......... ......... ......... ......... ......... ......... ......... .........
        ......... .........
 
 OM55
+        4.23E-02  2.68E-02 -1.02E-02 -1.39E-01 -2.44E-01 -3.66E-01 -7.67E-02 -2.09E-01 -1.04E-01 ......... ......... .........
         ......... .........  1.57E-01 ......... ......... ......... ......... -1.44E-01 ......... ......... .........  1.35E-01
        ......... .........  5.23E-02
 
 OM56
+       ......... ......... ......... ......... ......... ......... ......... ......... ......... ......... ......... .........
         ......... ......... ......... ......... ......... ......... ......... ......... ......... ......... ......... .........
        ......... ......... ......... .........
 
 OM66
+        1.04E-01 -4.94E-02  1.70E-01 -7.30E-02 -1.05E-01 -1.15E-01 -9.92E-02 -1.78E-01  2.55E-01 ......... ......... .........
         ......... ......... -5.39E-02 ......... ......... ......... ......... -1.15E-01 ......... ......... .........  2.53E-02
        ......... .........  1.14E-01 .........  2.60E-02
 
 SG11
+       ......... ......... ......... ......... ......... ......... ......... ......... ......... ......... ......... .........
         ......... ......... ......... ......... ......... ......... ......... ......... ......... ......... ......... .........
        ......... ......... ......... ......... ......... .........
 
1
 ************************************************************************************************************************
 ********************                                                                                ********************
 ********************               FIRST ORDER CONDITIONAL ESTIMATION WITH INTERACTION              ********************
 ********************                      INVERSE COVARIANCE MATRIX OF ESTIMATE                     ********************
 ********************                                                                                ********************
 ************************************************************************************************************************
 

            TH 1      TH 2      TH 3      TH 4      TH 5      TH 6      TH 7      TH 8      OM11      OM12      OM13      OM14  
             OM15      OM16      OM22      OM23      OM24      OM25      OM26      OM33      OM34      OM35      OM36      OM44  
            OM45      OM46      OM55      OM56      OM66      SG11  
 
 TH 1
+        7.92E+01
 
 TH 2
+       -5.13E+02  6.34E+04
 
 TH 3
+       -1.17E+01 -2.63E+02  5.00E+01
 
 TH 4
+        4.63E+00 -6.54E+01 -2.06E+00  9.39E-01
 
 TH 5
+        1.90E+03 -1.60E+05 -6.45E+01  2.19E+02  1.50E+06
 
 TH 6
+        2.10E+00 -7.14E+02  3.55E+01  8.83E-01 -9.92E+03  2.95E+02
 
 TH 7
+        8.23E+02 -3.85E+03 -6.43E+01  3.56E+01 -7.03E+04  1.68E+03  6.34E+04
 
 TH 8
+       -1.46E+01 -1.52E+02  1.31E+01 -2.04E+00  1.04E+03 -3.39E+00 -1.40E+02  1.58E+01
 
 OM11
+        2.36E+01 -5.56E+02  7.66E+00  3.48E+00  8.81E+02  3.69E+01  1.34E+02 -1.10E+01  9.78E+01
 
 OM12
+       ......... ......... ......... ......... ......... ......... ......... ......... ......... .........
 
 OM13
+       ......... ......... ......... ......... ......... ......... ......... ......... ......... ......... .........
 
 OM14
+       ......... ......... ......... ......... ......... ......... ......... ......... ......... ......... ......... .........
 
 OM15
+       ......... ......... ......... ......... ......... ......... ......... ......... ......... ......... ......... .........
         .........
 
 OM16
+       ......... ......... ......... ......... ......... ......... ......... ......... ......... ......... ......... .........
         ......... .........
 
 OM22
+        9.81E+00 -5.59E+02  1.95E+01  1.11E+01 -1.49E+04  1.74E+02  7.08E+02 -3.48E+01  1.03E+02 ......... ......... .........
         ......... .........  4.96E+03
 
 OM23
+       ......... ......... ......... ......... ......... ......... ......... ......... ......... ......... ......... .........
         ......... ......... ......... .........
 
 OM24
+       ......... ......... ......... ......... ......... ......... ......... ......... ......... ......... ......... .........
         ......... ......... ......... ......... .........
 
 OM25
+       ......... ......... ......... ......... ......... ......... ......... ......... ......... ......... ......... .........
         ......... ......... ......... ......... ......... .........
 
 OM26
+       ......... ......... ......... ......... ......... ......... ......... ......... ......... ......... ......... .........
         ......... ......... ......... ......... ......... ......... .........
 
1

            TH 1      TH 2      TH 3      TH 4      TH 5      TH 6      TH 7      TH 8      OM11      OM12      OM13      OM14  
             OM15      OM16      OM22      OM23      OM24      OM25      OM26      OM33      OM34      OM35      OM36      OM44  
            OM45      OM46      OM55      OM56      OM66      SG11  
 
 OM33
+       -1.21E+02  1.41E+03 -4.17E+02  4.60E+00  1.32E+04 -2.13E+02 -6.83E+03 -7.81E+01  8.37E+00 ......... ......... .........
         ......... .........  1.53E+03 ......... ......... ......... .........  3.24E+04
 
 OM34
+       ......... ......... ......... ......... ......... ......... ......... ......... ......... ......... ......... .........
         ......... ......... ......... ......... ......... ......... ......... ......... .........
 
 OM35
+       ......... ......... ......... ......... ......... ......... ......... ......... ......... ......... ......... .........
         ......... ......... ......... ......... ......... ......... ......... ......... ......... .........
 
 OM36
+       ......... ......... ......... ......... ......... ......... ......... ......... ......... ......... ......... .........
         ......... ......... ......... ......... ......... ......... ......... ......... ......... ......... .........
 
 OM44
+       -1.37E+03  2.88E+04 -7.09E+01 -1.97E+02  3.16E+04 -1.96E+03 -4.32E+04  4.02E+02 -8.10E+02 ......... ......... .........
         ......... ......... -9.01E+02 ......... ......... ......... .........  2.02E+04 ......... ......... .........  2.76E+05
 
 OM45
+       ......... ......... ......... ......... ......... ......... ......... ......... ......... ......... ......... .........
         ......... ......... ......... ......... ......... ......... ......... ......... ......... ......... ......... .........
        .........
 
 OM46
+       ......... ......... ......... ......... ......... ......... ......... ......... ......... ......... ......... .........
         ......... ......... ......... ......... ......... ......... ......... ......... ......... ......... ......... .........
        ......... .........
 
 OM55
+        2.34E+01 -2.52E+03  3.58E+01  4.50E+00  6.54E+03  1.57E+02  1.08E+03  1.58E+01  6.12E+01 ......... ......... .........
         ......... ......... -1.58E+02 ......... ......... ......... .........  1.03E+02 ......... ......... ......... -3.07E+03
        ......... .........  6.23E+02
 
 OM56
+       ......... ......... ......... ......... ......... ......... ......... ......... ......... ......... ......... .........
         ......... ......... ......... ......... ......... ......... ......... ......... ......... ......... ......... .........
        ......... ......... ......... .........
 
 OM66
+       -6.43E+01  5.61E+02 -4.93E+01 -4.19E+00  1.31E+03 -3.71E+01  3.51E+02  3.10E+01 -1.49E+02 ......... ......... .........
         ......... .........  3.56E+01 ......... ......... ......... .........  1.18E+03 ......... ......... .........  1.60E+03
        ......... ......... -1.14E+02 .........  1.89E+03
 
 SG11
+       ......... ......... ......... ......... ......... ......... ......... ......... ......... ......... ......... .........
         ......... ......... ......... ......... ......... ......... ......... ......... ......... ......... ......... .........
        ......... ......... ......... ......... ......... .........
 
1
 
 
 
 
 
 
 
 
 
 
 
 
 
 
 
 
 
 
 
 
 ************************************************************************************************************************
 ********************                                                                                ********************
 ********************               FIRST ORDER CONDITIONAL ESTIMATION WITH INTERACTION              ********************
 ********************                      EIGENVALUES OF COR MATRIX OF ESTIMATE                     ********************
 ********************                                                                                ********************
 ************************************************************************************************************************
 

             1         2         3         4         5         6         7         8         9        10        11        12
             13        14
 
         1.74E-01  1.97E-01  2.25E-01  5.12E-01  5.29E-01  7.53E-01  8.40E-01  1.03E+00  1.17E+00  1.30E+00  1.40E+00  1.63E+00
          1.81E+00  2.43E+00
 
 Elapsed finaloutput time in seconds: <SEC>
 #CPUT: Total CPU Time in Seconds, <SEC>
Stop Time: 
<DATE>
<TIME>
