Changing directory to wf203.R76
'pushdon' is not recognized as an internal or external command,
operable program or batch file.
Pathlist information for compiler and MPI systems are located in nmpathlist.txt

Starting NMTRAN
  
 WARNINGS AND ERRORS (IF ANY) FOR PROBLEM    1
             
 (WARNING  2) NM-TRAN INFERS THAT THE DATA ARE POPULATION.
Recompiling certain components.
starting wait
ending wait
Exiting lpreddo
Compiling FSUBS
Building NONMEM Executable
Starting nonmem execution ...
License Registered to: <LICENSEE>
Expiration Date: <DATE>
Current Date: <DATE>
Days until program expires : <N>


 First Order Conditional Estimation with Interaction
 MONITORING OF SEARCH:


0ITERATION NO.:    0    OBJECTIVE VALUE:   3033.35994248353        NO. OF FUNC. EVALS.:  11
 CUMULATIVE NO. OF FUNC. EVALS.:       11
 NPARAMETR:  1.0000E+00  1.0000E-01  1.0000E+01  1.0000E+02  5.0000E-02  1.0000E+00  1.0000E-01  5.0000E+00  3.0000E+00  2.0000E-01
             1.0000E-01  5.0000E-02  2.0000E-02  1.0000E-01  1.0000E-01
 PARAMETER:  1.0000E-01  1.0000E-01  1.0000E-01  1.0000E-01  1.0000E-01  1.0000E-01  1.0000E-01  1.0000E-01  1.0000E-01  1.0000E-01
             1.0000E-01  1.0000E-01  1.0000E-01  1.0000E-01  1.0000E-01
 GRADIENT:  -1.5496E+02 -3.4081E+02  4.0101E+02 -3.4403E+01  5.6621E+02 -2.8322E+01 -3.5724E+01 -1.2764E+03 -3.5905E+02 -9.2747E+01
            -1.1301E+02 -7.3583E+01  2.8491E+01 -4.4421E+02 -9.0372E+01

0ITERATION NO.:    5    OBJECTIVE VALUE:   2298.25492203435        NO. OF FUNC. EVALS.:  62
 CUMULATIVE NO. OF FUNC. EVALS.:       73
 NPARAMETR:  1.8323E+00  1.6134E-01  8.0169E+00  1.0614E+02  1.3723E-02  1.3835E+00  1.0120E-01  7.1706E+00  3.8499E+00  3.8862E-01
             9.7409E-02  3.6670E-02  1.3160E-02  3.7283E-01  1.6594E-01
 PARAMETER:  7.0557E-01  5.7833E-01 -1.2104E-01  1.5956E-01 -1.1930E+00  4.2465E-01  1.1188E-01  4.6056E-01  3.4945E-01  4.3214E-01
             8.6872E-02 -5.5026E-02 -1.0929E-01  7.5798E-01  3.5323E-01
 GRADIENT:   2.8213E+01  3.6868E+01  5.1701E+01  1.9199E+02 -4.8030E+01 -4.9862E+01 -3.2731E+00 -1.3449E+02 -1.8498E+02  1.0707E+00
             3.0104E+01  1.1506E+01  1.1979E+01  3.3518E+01 -4.3521E+01

0ITERATION NO.:   10    OBJECTIVE VALUE:   2251.56465428822        NO. OF FUNC. EVALS.:  60
 CUMULATIVE NO. OF FUNC. EVALS.:      133
 NPARAMETR:  1.6906E+00  1.5541E-01  7.4755E+00  1.0337E+02  8.8658E-03  4.6715E+00  1.0238E-01  6.0610E+00  6.1371E+00  4.0927E-01
             9.9176E-02  2.3044E-02  3.5597E-03  4.5009E-01  3.3667E-01
 PARAMETER:  6.2510E-01  5.4087E-01 -1.9095E-01  1.3311E-01 -1.6298E+00  1.6415E+00  1.2352E-01  2.9244E-01  8.1574E-01  4.5802E-01
             9.5861E-02 -2.8730E-01 -7.6303E-01  8.5214E-01  7.0697E-01
 GRADIENT:   1.5288E+01  8.9242E+00 -1.2686E+02  8.5590E+01 -6.0635E+01  3.7503E+01  1.0823E+01 -1.9104E+02 -1.7432E+02  7.6178E+00
             3.2947E+01 -2.2204E+01 -2.6602E+01  2.9849E+01 -4.1140E-01

0ITERATION NO.:   15    OBJECTIVE VALUE:   2213.45124626539        NO. OF FUNC. EVALS.:  63
 CUMULATIVE NO. OF FUNC. EVALS.:      196
 NPARAMETR:  1.6289E+00  1.6495E-01  7.7948E+00  1.0455E+02  1.1933E-02  3.6897E+00  1.0088E-01  7.2009E+00  5.5999E+00  4.2704E-01
             7.1764E-02  3.3451E-02  5.9484E-03  2.6594E-01  3.4122E-01
 PARAMETER:  5.8791E-01  6.0050E-01 -1.4913E-01  1.4454E-01 -1.3327E+00  1.4056E+00  1.0873E-01  4.6476E-01  7.2414E-01  4.7928E-01
            -6.5893E-02 -1.0097E-01 -5.0631E-01  5.8904E-01  7.1367E-01
 GRADIENT:   5.7484E+00  7.5921E+01 -3.0729E+00  1.5623E+02 -3.1989E+01  1.9369E+01 -3.9265E+00  8.7223E+00 -1.2289E+02  1.1183E+01
             1.0566E+01  7.5689E+00 -4.3439E+00  3.0388E+01  5.7640E+00

0ITERATION NO.:   20    OBJECTIVE VALUE:   2187.01218492623        NO. OF FUNC. EVALS.:  66
 CUMULATIVE NO. OF FUNC. EVALS.:      262
 NPARAMETR:  1.5282E+00  1.5433E-01  7.8214E+00  1.0334E+02  1.0911E-02  5.9217E+00  1.0159E-01  6.8992E+00  7.5915E+00  3.3560E-01
             5.8793E-02  3.0140E-02  6.2561E-03  1.2814E-01  2.1420E-01
 PARAMETER:  5.2408E-01  5.3394E-01 -1.4572E-01  1.3282E-01 -1.4222E+00  1.8786E+00  1.1579E-01  4.2197E-01  1.0284E+00  3.5881E-01
            -1.6557E-01 -1.5309E-01 -4.8109E-01  2.2398E-01  4.8088E-01
 GRADIENT:  -4.7609E+00  3.1648E+00  9.1452E+00 -4.4762E-01 -1.7766E+01  7.4776E+00  1.4262E+00 -6.8913E+00 -3.4312E+01 -1.7222E+00
             1.9643E+00  7.8618E-01 -1.6722E+00 -1.3743E+00  8.1894E-01

0ITERATION NO.:   25    OBJECTIVE VALUE:   2185.60013300182        NO. OF FUNC. EVALS.:  60
 CUMULATIVE NO. OF FUNC. EVALS.:      322
 NPARAMETR:  1.5642E+00  1.5401E-01  7.7988E+00  1.0356E+02  1.0639E-02  7.0817E+00  1.0138E-01  6.9131E+00  8.6417E+00  3.4600E-01
             5.7365E-02  2.9748E-02  6.4292E-03  1.3182E-01  1.8784E-01
 PARAMETER:  5.4738E-01  5.3183E-01 -1.4862E-01  1.3502E-01 -1.4475E+00  2.0575E+00  1.1372E-01  4.2398E-01  1.1580E+00  3.7406E-01
            -1.7787E-01 -1.5963E-01 -4.6744E-01  2.3813E-01  4.1521E-01
 GRADIENT:   3.0911E-02  2.5415E-01  2.5614E-01  1.1399E-01 -6.2386E-02 -1.0953E-01 -1.0618E-01  1.6112E-01  1.9880E-01 -1.0089E-01
             1.0802E-02 -1.9898E-02  9.8057E-03 -4.9742E-03  1.5817E-03

0ITERATION NO.:   30    OBJECTIVE VALUE:   2185.59945846019        NO. OF FUNC. EVALS.: 119
 CUMULATIVE NO. OF FUNC. EVALS.:      441
 NPARAMETR:  1.5644E+00  1.5407E-01  7.7986E+00  1.0356E+02  1.0634E-02  7.1064E+00  1.0139E-01  6.9121E+00  8.6580E+00  3.4651E-01
             5.7357E-02  2.9754E-02  6.4273E-03  1.3185E-01  1.8750E-01
 PARAMETER:  5.4747E-01  5.3224E-01 -1.4863E-01  1.3501E-01 -1.4480E+00  2.0610E+00  1.1381E-01  4.2383E-01  1.1599E+00  3.7480E-01
            -1.7794E-01 -1.5952E-01 -4.6759E-01  2.3825E-01  4.1430E-01
 GRADIENT:   4.7288E-04 -1.6043E-01 -1.8925E-02 -7.3791E-03 -3.5486E-02 -2.5828E-02 -1.0629E-02  1.7390E-02 -2.7086E-02 -1.2102E-02
             3.6545E-04 -1.5733E-03  8.4881E-04  6.2240E-05  1.2352E-03
 Elapsed estimation  time in seconds: <SEC>
 Elapsed covariance  time in seconds: <SEC>
 Elapsed postprocess time in seconds: <SEC>
 Elapsed finaloutput time in seconds: <SEC>
Done with nonmem execution
wall seconds: 197.9
