<DATE>
<TIME>
$PROB WARFARIN PK/PD SIMULTANEOUS, TURNOVER (KOUT STIMULATION, TYPE IV)   P:wf201  F:BASE
$INPUT ID TIME AMT CMT DV DVID MDV EVID
$DATA ../../data/warf-sim.csv IGNORE=@
$SUBR ADVAN13 TOL=9
$ABBR DERIV2=NO
$MODEL COMP=(DEPOT DEFDOSE) COMP=(CENT DEFOBS) COMP=(PCA)

$PK
  KA   = THETA(1) * EXP(ETA(1))
  CL   = THETA(2) * EXP(ETA(2))
  V    = THETA(3) * EXP(ETA(3))
  BASE = THETA(4) * EXP(ETA(4))
  KOUT = THETA(5) * EXP(ETA(5))
  C50  = THETA(6) * EXP(ETA(6))
  SMAX = THETA(9)                          ; maximal stimulation of KOUT
  KIN  = BASE * KOUT
  KE   = CL / V
  S2   = V
  A_0(3) = BASE

$DES
  CP = A(2) / V
  DADT(1) = -KA * A(1)
  DADT(2) =  KA * A(1) - KE * A(2)
  DADT(3) = KIN - KOUT * (1 + SMAX * CP / (C50 + CP)) * A(3)

$ERROR
  IPRE = F
  W    = 1
  IF (DVID.EQ.1) W = THETA(7) * IPRE       ; concentration: proportional
  IF (DVID.EQ.2) W = THETA(8)              ; PCA: additive
  IF (W.LT.1E-6) W = 1E-6
  IRES = DV - IPRE
  IWRE = IRES / W
  Y    = IPRE + W * EPS(1)

$THETA
  (0, 1)       ; KA (1/h)
  (0, 0.1)     ; CL (L/h)
  (0, 10)      ; V  (L)
  (0, 100)     ; BASE (%)
  (0, 0.05)    ; KOUT (1/h)
  (0, 1)       ; C50 (mg/L)
  (0, 0.1)     ; concentration proportional error CV
  (0, 5)       ; PCA additive error SD (%)
  (0, 3)       ; SMAX

$OMEGA
  0.2          ; KA
  0.1          ; CL
  0.05         ; V
  0.02         ; BASE
  0.1          ; KOUT
  0.1          ; C50

$SIGMA 1 FIX

$EST MAX=9999 PRINT=5 METHOD=COND INTER NSIG=3 SIGL=9
     NOABORT NOTBT NOOBT NOSBT
$COV UNCOND PRINT=E
$TAB ID TIME AMT CMT DV DVID MDV EVID IPRE IWRE CWRES
     ONEHEADER NOPRINT FILE=sdtab
$TAB ID KA CL V BASE KOUT C50 ETA1 ETA2 ETA3 ETA4 ETA5 ETA6
     ONEHEADER NOPRINT NOAPPEND FILE=patab
$TAB ID AMT
     ONEHEADER NOPRINT NOAPPEND FILE=cotab
$TAB ID DVID
     ONEHEADER NOPRINT NOAPPEND FILE=catab
  
NM-TRAN MESSAGES 
  
 WARNINGS AND ERRORS (IF ANY) FOR PROBLEM    1
             
 (WARNING  2) NM-TRAN INFERS THAT THE DATA ARE POPULATION.
  
License Registered to: <LICENSEE>
Expiration Date: <DATE>
Current Date: <DATE>
Days until program expires : <N>

NONLINEAR MIXED EFFECTS MODEL PROGRAM (NONMEM) VERSION 7.6.0 (nm760)
ORIGINALLY DEVELOPED BY STUART BEAL, LEWIS SHEINER, AND ALISON BOECKMANN
CURRENT DEVELOPERS ARE ROBERT BAUER, ICON DEVELOPMENT SOLUTIONS,
AND ALISON BOECKMANN. IMPLEMENTATION, EFFICIENCY, AND STANDARDIZATION
PERFORMED BY NOUS INFOSYSTEMS.

PROBLEM NO.:         1
WARFARIN PK/PD SIMULTANEOUS, TURNOVER (KOUT STIMULATION, TYPE IV)   P:wf

DATA CHECKOUT RUN:              NO
DATA SET LOCATED ON UNIT NO.:    2
THIS UNIT TO BE REWOUND:        NO
CREATE/ADD TO FDATA.csv:        YES
NO. OF DATA RECS IN DATA SET:      760
NO. OF DATA ITEMS IN DATA SET:   8
ID DATA ITEM IS DATA ITEM NO.:   1
DEP VARIABLE IS DATA ITEM NO.:   5
MDV DATA ITEM IS DATA ITEM NO.:  7

INDICES PASSED TO SUBROUTINE PRED:
  8   2   3   0   0   0   4   0   0   0   0

LABELS FOR DATA ITEMS:
ID TIME AMT CMT DV DVID MDV EVID

(NONBLANK) LABELS FOR PRED-DEFINED ITEMS:
KA CL V BASE KOUT C50 IPRE IWRE

FORMAT FOR DATA:
(8E7.0)

TOT. NO. OF OBS RECS:      720
TOT. NO. OF INDIVIDUALS:       40

LENGTH OF THETA:   9

DEFAULT THETA BOUNDARY TEST OMITTED:   YES

OMEGA HAS SIMPLE DIAGONAL FORM WITH DIMENSION:   6

DEFAULT OMEGA BOUNDARY TEST OMITTED:   YES

SIGMA HAS SIMPLE DIAGONAL FORM WITH DIMENSION:   1

DEFAULT SIGMA BOUNDARY TEST OMITTED:   YES

INITIAL ESTIMATE OF THETA:
LOWER BOUND    INITIAL EST    UPPER BOUND
 0.0000E+00     0.1000E+01     0.1000E+07
 0.0000E+00     0.1000E+00     0.1000E+07
 0.0000E+00     0.1000E+02     0.1000E+07
 0.0000E+00     0.1000E+03     0.1000E+07
 0.0000E+00     0.5000E-01     0.1000E+07
 0.0000E+00     0.1000E+01     0.1000E+07
 0.0000E+00     0.1000E+00     0.1000E+07
 0.0000E+00     0.5000E+01     0.1000E+07
 0.0000E+00     0.3000E+01     0.1000E+07

INITIAL ESTIMATE OF OMEGA:
0.2000E+00
0.0000E+00   0.1000E+00
0.0000E+00   0.0000E+00   0.5000E-01
0.0000E+00   0.0000E+00   0.0000E+00   0.2000E-01
0.0000E+00   0.0000E+00   0.0000E+00   0.0000E+00   0.1000E+00
0.0000E+00   0.0000E+00   0.0000E+00   0.0000E+00   0.0000E+00   0.1000E+00

INITIAL ESTIMATE OF SIGMA:
0.1000E+01

SIGMA CONSTRAINED TO BE THIS INITIAL ESTIMATE

COVARIANCE STEP OMITTED:        NO
EIGENVLS. PRINTED:             YES
SPECIAL COMPUTATION:            NO
COMPRESSED FORMAT:              NO
GRADIENT METHOD USED:     NOSLOW
SIGDIGITS ETAHAT (SIGLO):                  -1
SIGDIGITS GRADIENTS (SIGL):                -1
EXCLUDE COV FOR FOCE (NOFCOV):              NO
Cholesky Transposition of R Matrix (CHOLROFF):0
KNUTHSUMOFF:                                -1
RESUME COV ANALYSIS (RESUME):               NO
SIR SAMPLE SIZE (SIRSAMPLE):
NON-LINEARLY TRANSFORM THETAS DURING COV (THBND): 1
PRECONDTIONING CYCLES (PRECOND):        0
PRECONDTIONING TYPES (PRECONDS):        TOS
FORCED PRECONDTIONING CYCLES (PFCOND):0
PRECONDTIONING TYPE (PRETYPE):        0
FORCED POS. DEFINITE SETTING DURING PRECONDITIONING: (FPOSDEF):0
SIMPLE POS. DEFINITE SETTING: (POSDEF):-1

TABLES STEP OMITTED:    NO
NO. OF TABLES:           4
SEED NUMBER (SEED):    11456
NPDTYPE:    0
INTERPTYPE:    0
RANMETHOD:             3U
MC SAMPLES (ESAMPLE):    300
WRES SQUARE ROOT TYPE (WRESCHOL): EIGENVALUE

-- TABLE   1 --

RECORDS ONLY:    ALL

4 COLUMNS APPENDED:    YES
PRINTED:                NO
HEADER:                YES
FILE TO BE FORWARDED:   NO
FORMAT:                S1PE11.4
IDFORMAT:
LFORMAT:
RFORMAT:
FIXED_EFFECT_ETAS:

USER-CHOSEN ITEMS:
ID TIME AMT CMT DV DVID MDV EVID IPRE IWRE CWRES

-- TABLE   2 --

RECORDS ONLY:    ALL

4 COLUMNS APPENDED:    NO
PRINTED:                NO
HEADER:                YES
FILE TO BE FORWARDED:   NO
FORMAT:                S1PE11.4
IDFORMAT:
LFORMAT:
RFORMAT:
FIXED_EFFECT_ETAS:

USER-CHOSEN ITEMS:
ID KA CL V BASE KOUT C50 ETA1 ETA2 ETA3 ETA4 ETA5 ETA6

-- TABLE   3 --

RECORDS ONLY:    ALL

4 COLUMNS APPENDED:    NO
PRINTED:                NO
HEADER:                YES
FILE TO BE FORWARDED:   NO
FORMAT:                S1PE11.4
IDFORMAT:
LFORMAT:
RFORMAT:
FIXED_EFFECT_ETAS:

USER-CHOSEN ITEMS:
ID AMT

-- TABLE   4 --

RECORDS ONLY:    ALL

4 COLUMNS APPENDED:    NO
PRINTED:                NO
HEADER:                YES
FILE TO BE FORWARDED:   NO
FORMAT:                S1PE11.4
IDFORMAT:
LFORMAT:
RFORMAT:
FIXED_EFFECT_ETAS:

USER-CHOSEN ITEMS:
ID DVID

DOUBLE PRECISION PREDPP VERSION 7.6.0 (nm760)

GENERAL NONLINEAR KINETICS MODEL WITH STIFF/NONSTIFF EQUATIONS (LSODA, ADVAN13)

MODEL SUBROUTINE USER-SUPPLIED - ID NO. 9999

MAXIMUM NO. OF BASIC PK PARAMETERS:   7

COMPARTMENT ATTRIBUTES
COMPT. NO.   FUNCTION   INITIAL    ON/OFF      DOSE      DEFAULT    DEFAULT
                        STATUS     ALLOWED    ALLOWED    FOR DOSE   FOR OBS.
   1         DEPOT        ON         YES        YES        YES        NO
   2         CENT         ON         YES        YES        NO         YES
   3         PCA          ON         YES        YES        NO         NO
   4         OUTPUT       OFF        YES        NO         NO         NO
INITIAL (BASE) TOLERANCE SETTINGS:
NRD (RELATIVE) VALUE(S) OF TOLERANCE:   9
ANRD (ABSOLUTE) VALUE(S) OF TOLERANCE:  12


ADDITIONAL PK PARAMETERS - ASSIGNMENT OF ROWS IN GG
COMPT. NO.                             INDICES
             SCALE      BIOAVAIL.   ZERO-ORDER  ZERO-ORDER  ABSORB
                        FRACTION    RATE        DURATION    LAG
   1            *           *           *           *           *
   2            8           *           *           *           *
   3            *           *           *           *           *
   4            *           -           -           -           -
            - PARAMETER IS NOT ALLOWED FOR THIS MODEL
            * PARAMETER IS NOT SUPPLIED BY PK SUBROUTINE;
              WILL DEFAULT TO ONE IF APPLICABLE

DATA ITEM INDICES USED BY PRED ARE:
  EVENT ID DATA ITEM IS DATA ITEM NO.:      8
  TIME DATA ITEM IS DATA ITEM NO.:          2
  DOSE AMOUNT DATA ITEM IS DATA ITEM NO.:   3
  COMPT. NO. DATA ITEM IS DATA ITEM NO.:    4


PK SUBROUTINE CALLED WITH EVERY EVENT RECORD.
PK SUBROUTINE NOT CALLED AT NONEVENT (ADDITIONAL OR LAGGED) DOSE TIMES.

PK SUBROUTINE INDICATES THAT COMPARTMENT AMOUNTS ARE INITIALIZED.

ERROR SUBROUTINE CALLED WITH EVERY EVENT RECORD.

DES SUBROUTINE USES COMPACT STORAGE MODE.




#TBLN:      1
#METH: First Order Conditional Estimation with Interaction

ESTIMATION STEP OMITTED:                 NO
SHRINK INFO WITH EVALUATION (EVALSHRINK) NO
ANALYSIS TYPE:                           POPULATION
NUMBER OF SADDLE POINT RESET ITERATIONS:      0
GRADIENT METHOD USED:               NOSLOW
CONDITIONAL ESTIMATES USED:              YES
CENTERED ETA:                            NO
EPS-ETA INTERACTION:                     YES
LAPLACIAN OBJ. FUNC.:                    NO
NO. OF FUNCT. EVALS. ALLOWED:            9999
NO. OF SIG. FIGURES REQUIRED:            3
INTERMEDIATE PRINTOUT:                   YES
ESTIMATE OUTPUT TO MSF:                  NO
ABORT WITH PRED EXIT CODE 1:             NO
IND. OBJ. FUNC. VALUES SORTED:           NO
NUMERICAL DERIVATIVE
      FILE REQUEST (NUMDER):               NONE
MAP (ETAHAT) ESTIMATION METHOD (OPTMAP):   0
ETA HESSIAN EVALUATION METHOD (ETADER):    0
INITIAL ETA FOR MAP ESTIMATION (MCETA):    0
SIGDIGITS FOR MAP ESTIMATION (SIGLO):      9
GRADIENT SIGDIGITS OF
      FIXED EFFECTS PARAMETERS (SIGL):     9
NOPRIOR SETTING (NOPRIOR):                 0
NOCOV SETTING (NOCOV):                     OFF
DERCONT SETTING (DERCONT):                 OFF
FINAL ETA RE-EVALUATION (FNLETA):          1
EXCLUDE NON-INFLUENTIAL (NON-INFL.) ETAS
      IN SHRINKAGE (ETASTYPE):             NO
NON-INFL. ETA CORRECTION (NONINFETA):      0
RAW OUTPUT FILE (FILE): wf203.ext
EXCLUDE TITLE (NOTITLE):                   NO
EXCLUDE COLUMN LABELS (NOLABEL):           NO
FORMAT FOR ADDITIONAL FILES (FORMAT):      S1PE12.5
PARAMETER ORDER FOR OUTPUTS (ORDER):       TSOL
KNUTHSUMOFF:                               0
INCLUDE LNTWOPI:                           NO
INCLUDE CONSTANT TERM TO PRIOR (PRIORC):   NO
INCLUDE CONSTANT TERM TO OMEGA (ETA) (OLNTWOPI):NO
ADDITIONAL CONVERGENCE TEST (CTYPE=4)?:    NO
EM OR BAYESIAN METHOD USED:                 NONE

TOLERANCES FOR ESTIMATION/EVALUATION STEP:
NRD (RELATIVE) VALUE(S) OF TOLERANCE:   9
ANRD (ABSOLUTE) VALUE(S) OF TOLERANCE:  12
TOLERANCES FOR COVARIANCE STEP:
NRD (RELATIVE) VALUE(S) OF TOLERANCE:   9
ANRD (ABSOLUTE) VALUE(S) OF TOLERANCE:  12
TOLERANCES FOR TABLE/SCATTER STEP:
NRD (RELATIVE) VALUE(S) OF TOLERANCE:   9
ANRD (ABSOLUTE) VALUE(S) OF TOLERANCE:  12

THE FOLLOWING LABELS ARE EQUIVALENT
PRED=PREDI
RES=RESI
WRES=WRESI
IWRS=IWRESI
IPRD=IPREDI
IRS=IRESI

MONITORING OF SEARCH:



ITERATION NO.:    0    OBJECTIVE VALUE:   3033.35994248353        NO. OF FUNC. EVALS.:  11
CUMULATIVE NO. OF FUNC. EVALS.:       11
NPARAMETR:  1.0000E+00  1.0000E-01  1.0000E+01  1.0000E+02  5.0000E-02  1.0000E+00  1.0000E-01  5.0000E+00  3.0000E+00  2.0000E-01
            1.0000E-01  5.0000E-02  2.0000E-02  1.0000E-01  1.0000E-01
PARAMETER:  1.0000E-01  1.0000E-01  1.0000E-01  1.0000E-01  1.0000E-01  1.0000E-01  1.0000E-01  1.0000E-01  1.0000E-01  1.0000E-01
            1.0000E-01  1.0000E-01  1.0000E-01  1.0000E-01  1.0000E-01
GRADIENT:  -1.5496E+02 -3.4081E+02  4.0101E+02 -3.4403E+01  5.6621E+02 -2.8322E+01 -3.5724E+01 -1.2764E+03 -3.5905E+02 -9.2747E+01
           -1.1301E+02 -7.3583E+01  2.8491E+01 -4.4421E+02 -9.0372E+01


ITERATION NO.:    5    OBJECTIVE VALUE:   2298.25492203435        NO. OF FUNC. EVALS.:  62
CUMULATIVE NO. OF FUNC. EVALS.:       73
NPARAMETR:  1.8323E+00  1.6134E-01  8.0169E+00  1.0614E+02  1.3723E-02  1.3835E+00  1.0120E-01  7.1706E+00  3.8499E+00  3.8862E-01
            9.7409E-02  3.6670E-02  1.3160E-02  3.7283E-01  1.6594E-01
PARAMETER:  7.0557E-01  5.7833E-01 -1.2104E-01  1.5956E-01 -1.1930E+00  4.2465E-01  1.1188E-01  4.6056E-01  3.4945E-01  4.3214E-01
            8.6872E-02 -5.5026E-02 -1.0929E-01  7.5798E-01  3.5323E-01
GRADIENT:   2.8213E+01  3.6868E+01  5.1701E+01  1.9199E+02 -4.8030E+01 -4.9862E+01 -3.2731E+00 -1.3449E+02 -1.8498E+02  1.0707E+00
            3.0104E+01  1.1506E+01  1.1979E+01  3.3518E+01 -4.3521E+01


ITERATION NO.:   10    OBJECTIVE VALUE:   2251.56465428822        NO. OF FUNC. EVALS.:  60
CUMULATIVE NO. OF FUNC. EVALS.:      133
NPARAMETR:  1.6906E+00  1.5541E-01  7.4755E+00  1.0337E+02  8.8658E-03  4.6715E+00  1.0238E-01  6.0610E+00  6.1371E+00  4.0927E-01
            9.9176E-02  2.3044E-02  3.5597E-03  4.5009E-01  3.3667E-01
PARAMETER:  6.2510E-01  5.4087E-01 -1.9095E-01  1.3311E-01 -1.6298E+00  1.6415E+00  1.2352E-01  2.9244E-01  8.1574E-01  4.5802E-01
            9.5861E-02 -2.8730E-01 -7.6303E-01  8.5214E-01  7.0697E-01
GRADIENT:   1.5288E+01  8.9242E+00 -1.2686E+02  8.5590E+01 -6.0635E+01  3.7503E+01  1.0823E+01 -1.9104E+02 -1.7432E+02  7.6178E+00
            3.2947E+01 -2.2204E+01 -2.6602E+01  2.9849E+01 -4.1140E-01


ITERATION NO.:   15    OBJECTIVE VALUE:   2213.45124626539        NO. OF FUNC. EVALS.:  63
CUMULATIVE NO. OF FUNC. EVALS.:      196
NPARAMETR:  1.6289E+00  1.6495E-01  7.7948E+00  1.0455E+02  1.1933E-02  3.6897E+00  1.0088E-01  7.2009E+00  5.5999E+00  4.2704E-01
            7.1764E-02  3.3451E-02  5.9484E-03  2.6594E-01  3.4122E-01
PARAMETER:  5.8791E-01  6.0050E-01 -1.4913E-01  1.4454E-01 -1.3327E+00  1.4056E+00  1.0873E-01  4.6476E-01  7.2414E-01  4.7928E-01
           -6.5893E-02 -1.0097E-01 -5.0631E-01  5.8904E-01  7.1367E-01
GRADIENT:   5.7484E+00  7.5921E+01 -3.0729E+00  1.5623E+02 -3.1989E+01  1.9369E+01 -3.9265E+00  8.7223E+00 -1.2289E+02  1.1183E+01
            1.0566E+01  7.5689E+00 -4.3439E+00  3.0388E+01  5.7640E+00


ITERATION NO.:   20    OBJECTIVE VALUE:   2187.01218492623        NO. OF FUNC. EVALS.:  66
CUMULATIVE NO. OF FUNC. EVALS.:      262
NPARAMETR:  1.5282E+00  1.5433E-01  7.8214E+00  1.0334E+02  1.0911E-02  5.9217E+00  1.0159E-01  6.8992E+00  7.5915E+00  3.3560E-01
            5.8793E-02  3.0140E-02  6.2561E-03  1.2814E-01  2.1420E-01
PARAMETER:  5.2408E-01  5.3394E-01 -1.4572E-01  1.3282E-01 -1.4222E+00  1.8786E+00  1.1579E-01  4.2197E-01  1.0284E+00  3.5881E-01
           -1.6557E-01 -1.5309E-01 -4.8109E-01  2.2398E-01  4.8088E-01
GRADIENT:  -4.7609E+00  3.1648E+00  9.1452E+00 -4.4762E-01 -1.7766E+01  7.4776E+00  1.4262E+00 -6.8913E+00 -3.4312E+01 -1.7222E+00
            1.9643E+00  7.8618E-01 -1.6722E+00 -1.3743E+00  8.1894E-01


ITERATION NO.:   25    OBJECTIVE VALUE:   2185.60013300182        NO. OF FUNC. EVALS.:  60
CUMULATIVE NO. OF FUNC. EVALS.:      322
NPARAMETR:  1.5642E+00  1.5401E-01  7.7988E+00  1.0356E+02  1.0639E-02  7.0817E+00  1.0138E-01  6.9131E+00  8.6417E+00  3.4600E-01
            5.7365E-02  2.9748E-02  6.4292E-03  1.3182E-01  1.8784E-01
PARAMETER:  5.4738E-01  5.3183E-01 -1.4862E-01  1.3502E-01 -1.4475E+00  2.0575E+00  1.1372E-01  4.2398E-01  1.1580E+00  3.7406E-01
           -1.7787E-01 -1.5963E-01 -4.6744E-01  2.3813E-01  4.1521E-01
GRADIENT:   3.0911E-02  2.5415E-01  2.5614E-01  1.1399E-01 -6.2386E-02 -1.0953E-01 -1.0618E-01  1.6112E-01  1.9880E-01 -1.0089E-01
            1.0802E-02 -1.9898E-02  9.8057E-03 -4.9742E-03  1.5817E-03


ITERATION NO.:   30    OBJECTIVE VALUE:   2185.59945846019        NO. OF FUNC. EVALS.: 119
CUMULATIVE NO. OF FUNC. EVALS.:      441
NPARAMETR:  1.5644E+00  1.5407E-01  7.7986E+00  1.0356E+02  1.0634E-02  7.1064E+00  1.0139E-01  6.9121E+00  8.6580E+00  3.4651E-01
            5.7357E-02  2.9754E-02  6.4273E-03  1.3185E-01  1.8750E-01
PARAMETER:  5.4747E-01  5.3224E-01 -1.4863E-01  1.3501E-01 -1.4480E+00  2.0610E+00  1.1381E-01  4.2383E-01  1.1599E+00  3.7480E-01
           -1.7794E-01 -1.5952E-01 -4.6759E-01  2.3825E-01  4.1430E-01
GRADIENT:   4.7288E-04 -1.6043E-01 -1.8925E-02 -7.3791E-03 -3.5486E-02 -2.5828E-02 -1.0629E-02  1.7390E-02 -2.7086E-02 -1.2102E-02
            3.6545E-04 -1.5733E-03  8.4881E-04  6.2240E-05  1.2352E-03

#TERM:

MINIMIZATION SUCCESSFUL
NO. OF FUNCTION EVALUATIONS USED:      441
NO. OF SIG. DIGITS IN FINAL EST.:  3.2

ETABAR IS THE ARITHMETIC MEAN OF THE ETA-ESTIMATES,
AND THE P-VALUE IS GIVEN FOR THE NULL HYPOTHESIS THAT THE TRUE MEAN IS 0.

ETABAR:        -1.9483E-02 -1.0407E-04 -3.7628E-03  3.1458E-03  9.2726E-04  7.5982E-03
SE:             8.6261E-02  3.7282E-02  2.5931E-02  1.0119E-02  5.0867E-02  5.7454E-02
N:                      40          40          40          40          40          40

P VAL.:         8.2131E-01  9.9777E-01  8.8463E-01  7.5588E-01  9.8546E-01  8.9479E-01

ETASHRINKSD(%)  7.2606E+00  1.5461E+00  4.8967E+00  2.0078E+01  1.1401E+01  1.6065E+01
ETASHRINKVR(%)  1.3994E+01  3.0682E+00  9.5536E+00  3.6125E+01  2.1503E+01  2.9549E+01
EBVSHRINKSD(%)  5.1533E+00  1.1942E+00  4.7627E+00  2.0456E+01  9.9915E+00  1.4716E+01
EBVSHRINKVR(%)  1.0041E+01  2.3742E+00  9.2986E+00  3.6728E+01  1.8985E+01  2.7266E+01
RELATIVEINF(%)  8.9728E+01  9.7538E+01  9.0401E+01  6.1045E+01  7.9838E+01  6.9331E+01
EPSSHRINKSD(%)  1.4380E+01
EPSSHRINKVR(%)  2.6692E+01

 
TOTAL DATA POINTS NORMALLY DISTRIBUTED (N):          720
N*LOG(2PI) CONSTANT TO OBJECTIVE FUNCTION:    1323.2714878147287     
OBJECTIVE FUNCTION VALUE WITHOUT CONSTANT:    2185.5994584601890     
OBJECTIVE FUNCTION VALUE WITH CONSTANT:       3508.8709462749175     
REPORTED OBJECTIVE FUNCTION DOES NOT CONTAIN CONSTANT
 
TOTAL EFFECTIVE ETAS (NIND*NETA):                           240
 
#TERE:
Elapsed estimation  time in seconds: <SEC>
Elapsed covariance  time in seconds: <SEC>
Elapsed postprocess time in seconds: <SEC>






















************************************************************************************************************************
********************                                                                                ********************
********************               FIRST ORDER CONDITIONAL ESTIMATION WITH INTERACTION              ********************
#OBJT:**************                       MINIMUM VALUE OF OBJECTIVE FUNCTION                      ********************
********************                                                                                ********************
************************************************************************************************************************






#OBJV:********************************************          2185.599       *********************************************


************************************************************************************************************************
********************                                                                                ********************
********************               FIRST ORDER CONDITIONAL ESTIMATION WITH INTERACTION              ********************
********************                             FINAL PARAMETER ESTIMATE                           ********************
********************                                                                                ********************
************************************************************************************************************************



THETA - VECTOR OF FIXED EFFECTS PARAMETERS   *********


        TH 1      TH 2      TH 3      TH 4      TH 5      TH 6      TH 7      TH 8      TH 9     

        1.56E+00  1.54E-01  7.80E+00  1.04E+02  1.06E-02  7.11E+00  1.01E-01  6.91E+00  8.66E+00



OMEGA - COV MATRIX FOR RANDOM EFFECTS - ETAS  ********


        ETA1      ETA2      ETA3      ETA4      ETA5      ETA6     

ETA1    3.47E-01

ETA2    0.00E+00  5.74E-02

ETA3    0.00E+00  0.00E+00  2.98E-02

ETA4    0.00E+00  0.00E+00  0.00E+00  6.43E-03

ETA5    0.00E+00  0.00E+00  0.00E+00  0.00E+00  1.32E-01

ETA6    0.00E+00  0.00E+00  0.00E+00  0.00E+00  0.00E+00  1.88E-01



SIGMA - COV MATRIX FOR RANDOM EFFECTS - EPSILONS  ****


        EPS1     

EPS1    1.00E+00





OMEGA - CORR MATRIX FOR RANDOM EFFECTS - ETAS  *******


        ETA1      ETA2      ETA3      ETA4      ETA5      ETA6     

ETA1    5.89E-01

ETA2    0.00E+00  2.39E-01

ETA3    0.00E+00  0.00E+00  1.72E-01

ETA4    0.00E+00  0.00E+00  0.00E+00  8.02E-02

ETA5    0.00E+00  0.00E+00  0.00E+00  0.00E+00  3.63E-01

ETA6    0.00E+00  0.00E+00  0.00E+00  0.00E+00  0.00E+00  4.33E-01



SIGMA - CORR MATRIX FOR RANDOM EFFECTS - EPSILONS  ***


        EPS1     

EPS1    1.00E+00



************************************************************************************************************************
********************                                                                                ********************
********************               FIRST ORDER CONDITIONAL ESTIMATION WITH INTERACTION              ********************
********************                            STANDARD ERROR OF ESTIMATE                          ********************
********************                                                                                ********************
************************************************************************************************************************



THETA - VECTOR OF FIXED EFFECTS PARAMETERS   *********


        TH 1      TH 2      TH 3      TH 4      TH 5      TH 6      TH 7      TH 8      TH 9     

        1.47E-01  5.81E-03  2.06E-01  1.54E+00  8.35E-04  1.05E+00  3.81E-03  3.30E-01  9.09E-01



OMEGA - COV MATRIX FOR RANDOM EFFECTS - ETAS  ********


        ETA1      ETA2      ETA3      ETA4      ETA5      ETA6     

ETA1    1.22E-01

ETA2   .........  1.54E-02

ETA3   ......... .........  6.47E-03

ETA4   ......... ......... .........  2.17E-03

ETA5   ......... ......... ......... .........  2.93E-02

ETA6   ......... ......... ......... ......... .........  6.50E-02



SIGMA - COV MATRIX FOR RANDOM EFFECTS - EPSILONS  ****


        EPS1     

EPS1   .........





OMEGA - CORR MATRIX FOR RANDOM EFFECTS - ETAS  *******


        ETA1      ETA2      ETA3      ETA4      ETA5      ETA6     

ETA1    1.04E-01

ETA2   .........  3.20E-02

ETA3   ......... .........  1.87E-02

ETA4   ......... ......... .........  1.35E-02

ETA5   ......... ......... ......... .........  4.04E-02

ETA6   ......... ......... ......... ......... .........  7.50E-02



SIGMA - CORR MATRIX FOR RANDOM EFFECTS - EPSILONS  ***


        EPS1     

EPS1   .........



************************************************************************************************************************
********************                                                                                ********************
********************               FIRST ORDER CONDITIONAL ESTIMATION WITH INTERACTION              ********************
********************                          COVARIANCE MATRIX OF ESTIMATE                         ********************
********************                                                                                ********************
************************************************************************************************************************


           TH 1      TH 2      TH 3      TH 4      TH 5      TH 6      TH 7      TH 8      TH 9      OM11      OM12      OM13  
            OM14      OM15      OM16      OM22      OM23      OM24      OM25      OM26      OM33      OM34      OM35      OM36  
           OM44      OM45      OM46      OM55      OM56      OM66      SG11  

TH 1    2.16E-02

TH 2    5.54E-05  3.37E-05

TH 3   -3.84E-05 -5.93E-05  4.25E-02

TH 4   -5.89E-02  1.43E-03  4.37E-02  2.37E+00

TH 5   -2.18E-06  3.52E-06 -6.56E-06  4.08E-05  6.97E-07

TH 6   -1.58E-02 -2.08E-03  1.33E-02 -4.55E-01 -1.84E-04  1.10E+00

TH 7    8.89E-05 -1.13E-06  1.79E-04 -7.82E-04  2.78E-07 -3.78E-04  1.45E-05

TH 8    1.30E-02  6.85E-04 -2.30E-02  1.35E-01  9.29E-05 -1.27E-01  1.77E-04  1.09E-01

TH 9   -1.41E-02 -2.71E-03  1.30E-02 -3.87E-01 -4.16E-04  8.14E-01 -1.76E-04 -1.32E-01  8.27E-01

OM11   -6.46E-04  1.91E-05 -4.07E-03 -2.57E-02 -1.28E-05 -3.72E-03  2.86E-05  9.35E-03  8.48E-03  1.49E-02

OM12   ......... ......... ......... ......... ......... ......... ......... ......... ......... ......... .........

OM13   ......... ......... ......... ......... ......... ......... ......... ......... ......... ......... ......... .........

OM14   ......... ......... ......... ......... ......... ......... ......... ......... ......... ......... ......... .........
        .........

OM15   ......... ......... ......... ......... ......... ......... ......... ......... ......... ......... ......... .........
        ......... .........

OM16   ......... ......... ......... ......... ......... ......... ......... ......... ......... ......... ......... .........
        ......... ......... .........

OM22    1.12E-04  1.14E-05 -4.20E-04 -4.24E-03  3.38E-06 -5.19E-03 -4.17E-07  5.79E-04 -3.67E-03 -1.87E-04 ......... .........
        ......... ......... .........  2.36E-04

OM23   ......... ......... ......... ......... ......... ......... ......... ......... ......... ......... ......... .........
        ......... ......... ......... ......... .........

OM24   ......... ......... ......... ......... ......... ......... ......... ......... ......... ......... ......... .........
        ......... ......... ......... ......... ......... .........

OM25   ......... ......... ......... ......... ......... ......... ......... ......... ......... ......... ......... .........
        ......... ......... ......... ......... ......... ......... .........




           TH 1      TH 2      TH 3      TH 4      TH 5      TH 6      TH 7      TH 8      TH 9      OM11      OM12      OM13  
            OM14      OM15      OM16      OM22      OM23      OM24      OM25      OM26      OM33      OM34      OM35      OM36  
           OM44      OM45      OM46      OM55      OM56      OM66      SG11  

OM26   ......... ......... ......... ......... ......... ......... ......... ......... ......... ......... ......... .........
        ......... ......... ......... ......... ......... ......... ......... .........

OM33    6.75E-05 -1.07E-06  4.58E-04  6.91E-04  4.45E-07 -1.70E-03  4.94E-06  2.24E-04 -1.40E-03 -4.44E-05 ......... .........
        ......... ......... ......... -1.69E-05 ......... ......... ......... .........  4.18E-05

OM34   ......... ......... ......... ......... ......... ......... ......... ......... ......... ......... ......... .........
        ......... ......... ......... ......... ......... ......... ......... ......... ......... .........

OM35   ......... ......... ......... ......... ......... ......... ......... ......... ......... ......... ......... .........
        ......... ......... ......... ......... ......... ......... ......... ......... ......... ......... .........

OM36   ......... ......... ......... ......... ......... ......... ......... ......... ......... ......... ......... .........
        ......... ......... ......... ......... ......... ......... ......... ......... ......... ......... ......... .........

OM44    5.13E-05 -2.68E-06  3.97E-05  6.11E-04 -3.39E-07 -3.03E-04  1.52E-06 -2.73E-05 -1.26E-04  7.61E-06 ......... .........
        ......... ......... ......... -1.45E-06 ......... ......... ......... ......... -1.79E-06 ......... ......... .........
        4.71E-06

OM45   ......... ......... ......... ......... ......... ......... ......... ......... ......... ......... ......... .........
        ......... ......... ......... ......... ......... ......... ......... ......... ......... ......... ......... .........
       ......... .........

OM46   ......... ......... ......... ......... ......... ......... ......... ......... ......... ......... ......... .........
        ......... ......... ......... ......... ......... ......... ......... ......... ......... ......... ......... .........
       ......... ......... .........

OM55   -4.28E-04  1.46E-05 -1.93E-04 -3.10E-03 -1.55E-06  9.82E-04 -2.11E-05 -2.77E-03  2.01E-03 -7.30E-04 ......... .........
        ......... ......... .........  5.44E-05 ......... ......... ......... ......... -3.68E-05 ......... ......... .........
        7.19E-06 ......... .........  8.60E-04

OM56   ......... ......... ......... ......... ......... ......... ......... ......... ......... ......... ......... .........
        ......... ......... ......... ......... ......... ......... ......... ......... ......... ......... ......... .........
       ......... ......... ......... ......... .........

OM66   -1.60E-04 -1.09E-05  1.68E-03 -4.65E-03  9.98E-07 -1.23E-02 -1.68E-05 -4.46E-03 -5.75E-03  1.97E-03 ......... .........
        ......... ......... .........  1.77E-05 ......... ......... ......... ......... -6.23E-05 ......... ......... .........
        2.27E-05 ......... .........  2.41E-04 .........  4.22E-03

SG11   ......... ......... ......... ......... ......... ......... ......... ......... ......... ......... ......... .........
        ......... ......... ......... ......... ......... ......... ......... ......... ......... ......... ......... .........
       ......... ......... ......... ......... ......... ......... .........



************************************************************************************************************************
********************                                                                                ********************
********************               FIRST ORDER CONDITIONAL ESTIMATION WITH INTERACTION              ********************
********************                          CORRELATION MATRIX OF ESTIMATE                        ********************
********************                                                                                ********************
************************************************************************************************************************


           TH 1      TH 2      TH 3      TH 4      TH 5      TH 6      TH 7      TH 8      TH 9      OM11      OM12      OM13  
            OM14      OM15      OM16      OM22      OM23      OM24      OM25      OM26      OM33      OM34      OM35      OM36  
           OM44      OM45      OM46      OM55      OM56      OM66      SG11  

TH 1    1.47E-01

TH 2    6.50E-02  5.81E-03

TH 3   -1.27E-03 -4.95E-02  2.06E-01

TH 4   -2.60E-01  1.59E-01  1.37E-01  1.54E+00

TH 5   -1.78E-02  7.26E-01 -3.81E-02  3.18E-02  8.35E-04

TH 6   -1.02E-01 -3.41E-01  6.14E-02 -2.81E-01 -2.10E-01  1.05E+00

TH 7    1.59E-01 -5.10E-02  2.28E-01 -1.33E-01  8.74E-02 -9.45E-02  3.81E-03

TH 8    2.68E-01  3.58E-01 -3.38E-01  2.66E-01  3.37E-01 -3.68E-01  1.41E-01  3.30E-01

TH 9   -1.06E-01 -5.12E-01  6.96E-02 -2.76E-01 -5.48E-01  8.53E-01 -5.08E-02 -4.38E-01  9.09E-01

OM11   -3.60E-02  2.68E-02 -1.61E-01 -1.36E-01 -1.25E-01 -2.90E-02  6.15E-02  2.32E-01  7.63E-02  1.22E-01

OM12   ......... ......... ......... ......... ......... ......... ......... ......... ......... ......... .........

OM13   ......... ......... ......... ......... ......... ......... ......... ......... ......... ......... ......... .........

OM14   ......... ......... ......... ......... ......... ......... ......... ......... ......... ......... ......... .........
        .........

OM15   ......... ......... ......... ......... ......... ......... ......... ......... ......... ......... ......... .........
        ......... .........

OM16   ......... ......... ......... ......... ......... ......... ......... ......... ......... ......... ......... .........
        ......... ......... .........

OM22    4.97E-02  1.28E-01 -1.33E-01 -1.79E-01  2.64E-01 -3.22E-01 -7.14E-03  1.14E-01 -2.63E-01 -9.95E-02 ......... .........
        ......... ......... .........  1.54E-02

OM23   ......... ......... ......... ......... ......... ......... ......... ......... ......... ......... ......... .........
        ......... ......... ......... ......... .........

OM24   ......... ......... ......... ......... ......... ......... ......... ......... ......... ......... ......... .........
        ......... ......... ......... ......... ......... .........

OM25   ......... ......... ......... ......... ......... ......... ......... ......... ......... ......... ......... .........
        ......... ......... ......... ......... ......... ......... .........




           TH 1      TH 2      TH 3      TH 4      TH 5      TH 6      TH 7      TH 8      TH 9      OM11      OM12      OM13  
            OM14      OM15      OM16      OM22      OM23      OM24      OM25      OM26      OM33      OM34      OM35      OM36  
           OM44      OM45      OM46      OM55      OM56      OM66      SG11  

OM26   ......... ......... ......... ......... ......... ......... ......... ......... ......... ......... ......... .........
        ......... ......... ......... ......... ......... ......... ......... .........

OM33    7.10E-02 -2.84E-02  3.44E-01  6.93E-02  8.24E-02 -2.50E-01  2.01E-01  1.05E-01 -2.38E-01 -5.62E-02 ......... .........
        ......... ......... ......... -1.70E-01 ......... ......... ......... .........  6.47E-03

OM34   ......... ......... ......... ......... ......... ......... ......... ......... ......... ......... ......... .........
        ......... ......... ......... ......... ......... ......... ......... ......... ......... .........

OM35   ......... ......... ......... ......... ......... ......... ......... ......... ......... ......... ......... .........
        ......... ......... ......... ......... ......... ......... ......... ......... ......... ......... .........

OM36   ......... ......... ......... ......... ......... ......... ......... ......... ......... ......... ......... .........
        ......... ......... ......... ......... ......... ......... ......... ......... ......... ......... ......... .........

OM44    1.61E-01 -2.13E-01  8.88E-02  1.83E-01 -1.87E-01 -1.33E-01  1.84E-01 -3.82E-02 -6.40E-02  2.87E-02 ......... .........
        ......... ......... ......... -4.34E-02 ......... ......... ......... ......... -1.28E-01 ......... ......... .........
        2.17E-03

OM45   ......... ......... ......... ......... ......... ......... ......... ......... ......... ......... ......... .........
        ......... ......... ......... ......... ......... ......... ......... ......... ......... ......... ......... .........
       ......... .........

OM46   ......... ......... ......... ......... ......... ......... ......... ......... ......... ......... ......... .........
        ......... ......... ......... ......... ......... ......... ......... ......... ......... ......... ......... .........
       ......... ......... .........

OM55   -9.93E-02  8.55E-02 -3.20E-02 -6.86E-02 -6.32E-02  3.19E-02 -1.89E-01 -2.86E-01  7.53E-02 -2.04E-01 ......... .........
        ......... ......... .........  1.21E-01 ......... ......... ......... ......... -1.94E-01 ......... ......... .........
        1.13E-01 ......... .........  2.93E-02

OM56   ......... ......... ......... ......... ......... ......... ......... ......... ......... ......... ......... .........
        ......... ......... ......... ......... ......... ......... ......... ......... ......... ......... ......... .........
       ......... ......... ......... ......... .........

OM66   -1.68E-02 -2.89E-02  1.26E-01 -4.65E-02  1.84E-02 -1.81E-01 -6.81E-02 -2.08E-01 -9.73E-02  2.48E-01 ......... .........
        ......... ......... .........  1.78E-02 ......... ......... ......... ......... -1.48E-01 ......... ......... .........
        1.61E-01 ......... .........  1.27E-01 .........  6.50E-02

SG11   ......... ......... ......... ......... ......... ......... ......... ......... ......... ......... ......... .........
        ......... ......... ......... ......... ......... ......... ......... ......... ......... ......... ......... .........
       ......... ......... ......... ......... ......... ......... .........



************************************************************************************************************************
********************                                                                                ********************
********************               FIRST ORDER CONDITIONAL ESTIMATION WITH INTERACTION              ********************
********************                      INVERSE COVARIANCE MATRIX OF ESTIMATE                     ********************
********************                                                                                ********************
************************************************************************************************************************


           TH 1      TH 2      TH 3      TH 4      TH 5      TH 6      TH 7      TH 8      TH 9      OM11      OM12      OM13  
            OM14      OM15      OM16      OM22      OM23      OM24      OM25      OM26      OM33      OM34      OM35      OM36  
           OM44      OM45      OM46      OM55      OM56      OM66      SG11  

TH 1    8.21E+01

TH 2   -1.04E+03  1.29E+05

TH 3   -7.25E+00 -5.54E+02  4.44E+01

TH 4    4.56E+00 -5.55E+01 -2.14E+00  9.46E-01

TH 5    9.98E+03 -8.51E+05  2.98E+03  4.75E+02  9.90E+06

TH 6   -4.24E+00  5.12E+02 -4.21E+00  2.77E-01 -6.91E+03  9.32E+00

TH 7   -1.18E+01  2.53E+04 -7.31E+02  8.53E+01 -2.95E+05  3.07E+02  1.04E+05

TH 8   -2.13E+01  1.04E+02  1.35E+01 -2.45E+00 -3.12E+03  7.44E-01 -3.11E+02  2.57E+01

TH 9    4.44E+00 -3.53E+02  1.99E+00  9.03E-03  7.37E+03 -9.32E+00 -3.06E+02  5.42E-01  1.22E+01

OM11    3.70E+01 -1.39E+03  4.82E+00  3.90E+00  1.11E+04 -2.16E+00 -1.22E+02 -2.35E+01 -1.04E+00  1.22E+02

OM12   ......... ......... ......... ......... ......... ......... ......... ......... ......... ......... .........

OM13   ......... ......... ......... ......... ......... ......... ......... ......... ......... ......... ......... .........

OM14   ......... ......... ......... ......... ......... ......... ......... ......... ......... ......... ......... .........
        .........

OM15   ......... ......... ......... ......... ......... ......... ......... ......... ......... ......... ......... .........
        ......... .........

OM16   ......... ......... ......... ......... ......... ......... ......... ......... ......... ......... ......... .........
        ......... ......... .........

OM22   -4.35E+01  1.26E+04 -1.17E+02  2.14E+01 -1.36E+05  1.50E+02  5.96E+03 -3.47E+01 -1.12E+02  9.23E+00 ......... .........
        ......... ......... .........  8.18E+03

OM23   ......... ......... ......... ......... ......... ......... ......... ......... ......... ......... ......... .........
        ......... ......... ......... ......... .........

OM24   ......... ......... ......... ......... ......... ......... ......... ......... ......... ......... ......... .........
        ......... ......... ......... ......... ......... .........

OM25   ......... ......... ......... ......... ......... ......... ......... ......... ......... ......... ......... .........
        ......... ......... ......... ......... ......... ......... .........




           TH 1      TH 2      TH 3      TH 4      TH 5      TH 6      TH 7      TH 8      TH 9      OM11      OM12      OM13  
            OM14      OM15      OM16      OM22      OM23      OM24      OM25      OM26      OM33      OM34      OM35      OM36  
           OM44      OM45      OM46      OM55      OM56      OM66      SG11  

OM26   ......... ......... ......... ......... ......... ......... ......... ......... ......... ......... ......... .........
        ......... ......... ......... ......... ......... ......... ......... .........

OM33   -2.16E+02  3.24E+04 -6.46E+02  1.76E+01 -2.32E+05  2.53E+02  5.37E+03 -5.35E+01 -1.16E+02 -2.60E+02 ......... .........
        ......... ......... .........  8.29E+03 ......... ......... ......... .........  4.66E+04

OM34   ......... ......... ......... ......... ......... ......... ......... ......... ......... ......... ......... .........
        ......... ......... ......... ......... ......... ......... ......... ......... ......... .........

OM35   ......... ......... ......... ......... ......... ......... ......... ......... ......... ......... ......... .........
        ......... ......... ......... ......... ......... ......... ......... ......... ......... ......... .........

OM36   ......... ......... ......... ......... ......... ......... ......... ......... ......... ......... ......... .........
        ......... ......... ......... ......... ......... ......... ......... ......... ......... ......... ......... .........

OM44   -1.64E+03  6.40E+04 -2.06E+02 -1.73E+02 -1.97E+05  1.36E+02 -3.89E+04  4.28E+02  8.57E+01 -1.23E+03 ......... .........
        ......... ......... .........  4.87E+03 ......... ......... ......... .........  3.25E+04 ......... ......... .........
        3.25E+05

OM45   ......... ......... ......... ......... ......... ......... ......... ......... ......... ......... ......... .........
        ......... ......... ......... ......... ......... ......... ......... ......... ......... ......... ......... .........
       ......... .........

OM46   ......... ......... ......... ......... ......... ......... ......... ......... ......... ......... ......... .........
        ......... ......... ......... ......... ......... ......... ......... ......... ......... ......... ......... .........
       ......... ......... .........

OM55    6.60E+01 -5.31E+03  3.39E+01  5.19E+00  3.06E+04 -1.08E+01  7.79E+02  1.77E+01  3.26E+00  1.33E+02 ......... .........
        ......... ......... ......... -6.41E+02 ......... ......... ......... ......... -6.84E+02 ......... ......... .........
       -5.67E+03 ......... .........  1.67E+03

OM56   ......... ......... ......... ......... ......... ......... ......... ......... ......... ......... ......... .........
        ......... ......... ......... ......... ......... ......... ......... ......... ......... ......... ......... .........
       ......... ......... ......... ......... .........

OM66   -3.81E+01  2.91E+03 -3.28E+01 -6.26E-01 -2.82E+04  2.53E+01  1.36E+03  2.79E+01 -1.59E+01 -9.73E+01 ......... .........
        ......... ......... .........  5.01E+02 ......... ......... ......... .........  1.59E+03 ......... ......... .........
        4.60E+02 ......... ......... -1.66E+02 .........  4.23E+02

SG11   ......... ......... ......... ......... ......... ......... ......... ......... ......... ......... ......... .........
        ......... ......... ......... ......... ......... ......... ......... ......... ......... ......... ......... .........
       ......... ......... ......... ......... ......... ......... .........























************************************************************************************************************************
********************                                                                                ********************
********************               FIRST ORDER CONDITIONAL ESTIMATION WITH INTERACTION              ********************
********************                      EIGENVALUES OF COR MATRIX OF ESTIMATE                     ********************
********************                                                                                ********************
************************************************************************************************************************


            1         2         3         4         5         6         7         8         9        10        11        12
            13        14        15

        3.84E-02  1.35E-01  1.97E-01  4.03E-01  4.61E-01  5.55E-01  7.10E-01  8.64E-01  9.56E-01  1.19E+00  1.38E+00  1.53E+00
         1.60E+00  1.79E+00  3.19E+00

Elapsed finaloutput time in seconds: <SEC>
#CPUT: Total CPU Time in Seconds, <SEC>
Stop Time: 
<DATE>
<TIME>
