<DATE>
<TIME>
$PROB PHENO 1COMP IV BOLUS   P:100base  F:BASE
$INPUT ID DAT2=DROP TIME AMT RATE CMT DV MDV EVID
       WT BWT SEX APGR CREA TAFD=DROP
$DATA ../../data/pheno-nm.csv IGNORE=@
$SUBR ADVAN1 TRANS2
$ABBR DERIV2=NO

$PK
  TVCL = THETA(1)
  TVV  = THETA(2)
  CL   = TVCL * EXP(ETA(1))
  V    = TVV  * EXP(ETA(2))
  S1   = V

; Same residual distribution as 100base, stored in SIGMA instead of THETA.
; 100base : Y = F + sqrt(a^2 + b^2 F^2) * EPS(1)   a,b in THETA
; here    : Y = F + EPS(1) + F * EPS(2)            a^2,b^2 in SIGMA
$ERROR
  IPRE = F
  Y    = IPRE + EPS(1) + IPRE * EPS(2)

$THETA
  (0, 0.0075)  ; CL (L/h)
  (0, 1.5)     ; V  (L)

$OMEGA BLOCK(2)
  0.3
  0.05  0.3

$SIGMA
  0.36         ; additive variance   (SD 0.6)
  0.0144       ; proportional variance (CV 0.12)

$EST MAX=9999 PRINT=5 METHOD=COND INTER NSIG=3 SIGL=9
     NOABORT NOTBT NOOBT NOSBT
$COV UNCOND PRINT=ERS
  
NM-TRAN MESSAGES 
  
 WARNINGS AND ERRORS (IF ANY) FOR PROBLEM    1
             
 (WARNING  2) NM-TRAN INFERS THAT THE DATA ARE POPULATION.
  
License Registered to: <LICENSEE>
Expiration Date: <DATE>
Current Date: <DATE>
Days until program expires : <N>
1NONLINEAR MIXED EFFECTS MODEL PROGRAM (NONMEM) VERSION 7.6.0 (nm760)
 ORIGINALLY DEVELOPED BY STUART BEAL, LEWIS SHEINER, AND ALISON BOECKMANN
 CURRENT DEVELOPERS ARE ROBERT BAUER, ICON DEVELOPMENT SOLUTIONS,
 AND ALISON BOECKMANN. IMPLEMENTATION, EFFICIENCY, AND STANDARDIZATION
 PERFORMED BY NOUS INFOSYSTEMS.

 PROBLEM NO.:         1
 PHENO 1COMP IV BOLUS   P:100base  F:BASE
0DATA CHECKOUT RUN:              NO
 DATA SET LOCATED ON UNIT NO.:    2
 THIS UNIT TO BE REWOUND:        NO
 CREATE/ADD TO FDATA.csv:        YES
 NO. OF DATA RECS IN DATA SET:      803
 NO. OF DATA ITEMS IN DATA SET:  13
 ID DATA ITEM IS DATA ITEM NO.:   1
 DEP VARIABLE IS DATA ITEM NO.:   6
 MDV DATA ITEM IS DATA ITEM NO.:  7
0INDICES PASSED TO SUBROUTINE PRED:
   8   2   3   4   0   0   5   0   0   0   0
0LABELS FOR DATA ITEMS:
 ID TIME AMT RATE CMT DV MDV EVID WT BWT SEX APGR CREA
0FORMAT FOR DATA:
 (E3.0,E8.0,E5.0,2E2.0,E5.0,2E2.0,E4.0,E5.0,E2.0,E3.0,E6.0)

 TOT. NO. OF OBS RECS:      155
 TOT. NO. OF INDIVIDUALS:       59
0LENGTH OF THETA:   2
0DEFAULT THETA BOUNDARY TEST OMITTED:   YES
0OMEGA HAS BLOCK FORM:
  1
  1  1
0DEFAULT OMEGA BOUNDARY TEST OMITTED:   YES
0SIGMA HAS SIMPLE DIAGONAL FORM WITH DIMENSION:   2
0DEFAULT SIGMA BOUNDARY TEST OMITTED:   YES
0INITIAL ESTIMATE OF THETA:
 LOWER BOUND    INITIAL EST    UPPER BOUND
  0.0000E+00     0.7500E-02     0.1000E+07
  0.0000E+00     0.1500E+01     0.1000E+07
0INITIAL ESTIMATE OF OMEGA:
 BLOCK SET NO.   BLOCK                                                                    FIXED
        1                                                                                   NO
                  0.3000E+00
                  0.5000E-01   0.3000E+00
0INITIAL ESTIMATE OF SIGMA:
 0.3600E+00
 0.0000E+00   0.1440E-01
0COVARIANCE STEP OMITTED:        NO
 R MATRIX PRINTED:              YES
 S MATRIX PRINTED:              YES
 EIGENVLS. PRINTED:             YES
 SPECIAL COMPUTATION:            NO
 COMPRESSED FORMAT:              NO
 GRADIENT METHOD USED:     NOSLOW
 SIGDIGITS ETAHAT (SIGLO):                  -1
 SIGDIGITS GRADIENTS (SIGL):                -1
 EXCLUDE COV FOR FOCE (NOFCOV):              NO
 Cholesky Transposition of R Matrix (CHOLROFF):0
 KNUTHSUMOFF:                                -1
 RESUME COV ANALYSIS (RESUME):               NO
 SIR SAMPLE SIZE (SIRSAMPLE):
 NON-LINEARLY TRANSFORM THETAS DURING COV (THBND): 1
 PRECONDTIONING CYCLES (PRECOND):        0
 PRECONDTIONING TYPES (PRECONDS):        TOS
 FORCED PRECONDTIONING CYCLES (PFCOND):0
 PRECONDTIONING TYPE (PRETYPE):        0
 FORCED POS. DEFINITE SETTING DURING PRECONDITIONING: (FPOSDEF):0
 SIMPLE POS. DEFINITE SETTING: (POSDEF):-1
1DOUBLE PRECISION PREDPP VERSION 7.6.0 (nm760)

 ONE COMPARTMENT MODEL (ADVAN1)
0MAXIMUM NO. OF BASIC PK PARAMETERS:   2
0BASIC PK PARAMETERS (AFTER TRANSLATION):
   ELIMINATION RATE (K) IS BASIC PK PARAMETER NO.:  1

 TRANSLATOR WILL CONVERT PARAMETERS
 CLEARANCE (CL) AND VOLUME (V) TO K (TRANS2)
0COMPARTMENT ATTRIBUTES
 COMPT. NO.   FUNCTION   INITIAL    ON/OFF      DOSE      DEFAULT    DEFAULT
                         STATUS     ALLOWED    ALLOWED    FOR DOSE   FOR OBS.
    1         CENTRAL      ON         NO         YES        YES        YES
    2         OUTPUT       OFF        YES        NO         NO         NO
1
 ADDITIONAL PK PARAMETERS - ASSIGNMENT OF ROWS IN GG
 COMPT. NO.                             INDICES
              SCALE      BIOAVAIL.   ZERO-ORDER  ZERO-ORDER  ABSORB
                         FRACTION    RATE        DURATION    LAG
    1            3           *           *           *           *
    2            *           -           -           -           -
             - PARAMETER IS NOT ALLOWED FOR THIS MODEL
             * PARAMETER IS NOT SUPPLIED BY PK SUBROUTINE;
               WILL DEFAULT TO ONE IF APPLICABLE
0DATA ITEM INDICES USED BY PRED ARE:
   EVENT ID DATA ITEM IS DATA ITEM NO.:      8
   TIME DATA ITEM IS DATA ITEM NO.:          2
   DOSE AMOUNT DATA ITEM IS DATA ITEM NO.:   3
   DOSE RATE DATA ITEM IS DATA ITEM NO.:     4
   COMPT. NO. DATA ITEM IS DATA ITEM NO.:    5

0PK SUBROUTINE CALLED WITH EVERY EVENT RECORD.
 PK SUBROUTINE NOT CALLED AT NONEVENT (ADDITIONAL OR LAGGED) DOSE TIMES.
0ERROR SUBROUTINE CALLED WITH EVERY EVENT RECORD.
1


 #TBLN:      1
 #METH: First Order Conditional Estimation with Interaction

 ESTIMATION STEP OMITTED:                 NO
 SHRINK INFO WITH EVALUATION (EVALSHRINK) NO
 ANALYSIS TYPE:                           POPULATION
 NUMBER OF SADDLE POINT RESET ITERATIONS:      0
 GRADIENT METHOD USED:               NOSLOW
 CONDITIONAL ESTIMATES USED:              YES
 CENTERED ETA:                            NO
 EPS-ETA INTERACTION:                     YES
 LAPLACIAN OBJ. FUNC.:                    NO
 NO. OF FUNCT. EVALS. ALLOWED:            9999
 NO. OF SIG. FIGURES REQUIRED:            3
 INTERMEDIATE PRINTOUT:                   YES
 ESTIMATE OUTPUT TO MSF:                  NO
 ABORT WITH PRED EXIT CODE 1:             NO
 IND. OBJ. FUNC. VALUES SORTED:           NO
 NUMERICAL DERIVATIVE
       FILE REQUEST (NUMDER):               NONE
 MAP (ETAHAT) ESTIMATION METHOD (OPTMAP):   0
 ETA HESSIAN EVALUATION METHOD (ETADER):    0
 INITIAL ETA FOR MAP ESTIMATION (MCETA):    0
 SIGDIGITS FOR MAP ESTIMATION (SIGLO):      9
 GRADIENT SIGDIGITS OF
       FIXED EFFECTS PARAMETERS (SIGL):     9
 NOPRIOR SETTING (NOPRIOR):                 0
 NOCOV SETTING (NOCOV):                     OFF
 DERCONT SETTING (DERCONT):                 OFF
 FINAL ETA RE-EVALUATION (FNLETA):          1
 EXCLUDE NON-INFLUENTIAL (NON-INFL.) ETAS
       IN SHRINKAGE (ETASTYPE):             NO
 NON-INFL. ETA CORRECTION (NONINFETA):      0
 RAW OUTPUT FILE (FILE): 102sig.ext
 EXCLUDE TITLE (NOTITLE):                   NO
 EXCLUDE COLUMN LABELS (NOLABEL):           NO
 FORMAT FOR ADDITIONAL FILES (FORMAT):      S1PE12.5
 PARAMETER ORDER FOR OUTPUTS (ORDER):       TSOL
 KNUTHSUMOFF:                               0
 INCLUDE LNTWOPI:                           NO
 INCLUDE CONSTANT TERM TO PRIOR (PRIORC):   NO
 INCLUDE CONSTANT TERM TO OMEGA (ETA) (OLNTWOPI):NO
 ADDITIONAL CONVERGENCE TEST (CTYPE=4)?:    NO
 EM OR BAYESIAN METHOD USED:                 NONE


 THE FOLLOWING LABELS ARE EQUIVALENT
 PRED=PREDI
 RES=RESI
 WRES=WRESI
 IWRS=IWRESI
 IPRD=IPREDI
 IRS=IRESI

 MONITORING OF SEARCH:


0ITERATION NO.:    0    OBJECTIVE VALUE:   739.902661902962        NO. OF FUNC. EVALS.:   6
 CUMULATIVE NO. OF FUNC. EVALS.:        6
 NPARAMETR:  7.5000E-03  1.5000E+00  3.0000E-01  5.0000E-02  3.0000E-01  3.6000E-01  1.4400E-02
 PARAMETER:  1.0000E-01  1.0000E-01  1.0000E-01  1.0000E-01  1.0000E-01  1.0000E-01  1.0000E-01
 GRADIENT:   5.0330E+01  1.1119E+01  1.4762E+01 -4.5186E+01  5.0764E+01 -6.4075E-01  1.3445E+01

0ITERATION NO.:    5    OBJECTIVE VALUE:   690.442448401679        NO. OF FUNC. EVALS.:  39
 CUMULATIVE NO. OF FUNC. EVALS.:       45
 NPARAMETR:  6.3538E-03  1.3597E+00  2.4392E-01  1.8314E-01  1.6373E-01  3.8892E-01  1.1443E-02
 PARAMETER: -6.5852E-02  1.7726E-03 -3.4622E-03  4.0621E-01 -1.1044E+00  1.3864E-01 -1.4917E-02
 GRADIENT:  -1.4679E+01 -1.0822E+01 -2.5419E+00 -3.5991E+00  5.2512E+00 -1.1668E+00  2.3959E+00

0ITERATION NO.:   10    OBJECTIVE VALUE:   687.286995029053        NO. OF FUNC. EVALS.:  40
 CUMULATIVE NO. OF FUNC. EVALS.:       85
 NPARAMETR:  6.7263E-03  1.4087E+00  2.5699E-01  1.9511E-01  1.6525E-01  1.9262E+00  9.1492E-03
 PARAMETER: -8.8746E-03  3.7206E-02  2.2636E-02  4.2161E-01 -1.3175E+00  9.3860E-01 -1.2678E-01
 GRADIENT:  -4.3155E+00  4.4306E+00 -5.1016E-01  4.6575E+00  2.2495E+00 -8.9021E-01  6.3893E+00

0ITERATION NO.:   15    OBJECTIVE VALUE:   685.572554578953        NO. OF FUNC. EVALS.:  35
 CUMULATIVE NO. OF FUNC. EVALS.:      120
 NPARAMETR:  6.7668E-03  1.4057E+00  2.5500E-01  1.9687E-01  1.5735E-01  4.6455E+00  4.7934E-03
 PARAMETER: -2.8808E-03  3.5099E-02  1.8736E-02  4.2707E-01 -1.8987E+00  1.3788E+00 -4.5000E-01
 GRADIENT:  -1.2431E+00  8.6083E-01 -5.0994E-01  2.5610E+00  1.2216E-01 -2.6055E-01  6.6716E-01

0ITERATION NO.:   20    OBJECTIVE VALUE:   685.531102733387        NO. OF FUNC. EVALS.:  36
 CUMULATIVE NO. OF FUNC. EVALS.:      156
 NPARAMETR:  6.7804E-03  1.4066E+00  2.5418E-01  1.9629E-01  1.5552E-01  5.1087E+00  4.1057E-03
 PARAMETER: -8.7069E-04  3.5708E-02  1.7137E-02  4.2649E-01 -2.0514E+00  1.4263E+00 -5.2743E-01
 GRADIENT:   2.1992E-01 -2.8270E-01 -1.5087E-02  1.7676E-01  8.1338E-02 -8.8994E-02 -2.1472E-01

0ITERATION NO.:   25    OBJECTIVE VALUE:   685.525192692300        NO. OF FUNC. EVALS.:  39
 CUMULATIVE NO. OF FUNC. EVALS.:      195
 NPARAMETR:  6.7826E-03  1.4066E+00  2.5379E-01  1.9654E-01  1.5504E-01  5.1814E+00  4.1011E-03
 PARAMETER: -5.4242E-04  3.5684E-02  1.6361E-02  4.2737E-01 -2.2165E+00  1.4334E+00 -5.2799E-01
 GRADIENT:  -1.1947E-02 -2.5797E-02 -2.4945E-03  8.5792E-03  2.5614E-04  1.2479E-03  5.3785E-03

0ITERATION NO.:   26    OBJECTIVE VALUE:   685.525192692300        NO. OF FUNC. EVALS.:   8
 CUMULATIVE NO. OF FUNC. EVALS.:      203
 NPARAMETR:  6.7826E-03  1.4066E+00  2.5379E-01  1.9654E-01  1.5504E-01  5.1814E+00  4.1011E-03
 PARAMETER: -5.4242E-04  3.5684E-02  1.6361E-02  4.2737E-01 -2.2165E+00  1.4334E+00 -5.2799E-01
 GRADIENT:  -1.1947E-02 -2.5797E-02 -2.4945E-03  8.5792E-03  2.5614E-04  1.2479E-03  5.3785E-03

 #TERM:
0MINIMIZATION SUCCESSFUL
 NO. OF FUNCTION EVALUATIONS USED:      203
 NO. OF SIG. DIGITS IN FINAL EST.:  3.1

 ETABAR IS THE ARITHMETIC MEAN OF THE ETA-ESTIMATES,
 AND THE P-VALUE IS GIVEN FOR THE NULL HYPOTHESIS THAT THE TRUE MEAN IS 0.

 ETABAR:        -4.5723E-03 -3.8415E-03
 SE:             6.4054E-02  5.0241E-02
 N:                      59          59

 P VAL.:         9.4309E-01  9.3905E-01

 ETASHRINKSD(%)  2.3308E+00  1.9872E+00
 ETASHRINKVR(%)  4.6073E+00  3.9350E+00
 EBVSHRINKSD(%)  2.2392E+00  1.8971E+00
 EBVSHRINKVR(%)  4.4284E+00  3.7582E+00
 RELATIVEINF(%)  4.5378E+00  9.8166E+00
 EPSSHRINKSD(%)  2.1216E+01  2.1216E+01
 EPSSHRINKVR(%)  3.7931E+01  3.7931E+01

  
 TOTAL DATA POINTS NORMALLY DISTRIBUTED (N):          155
 N*LOG(2PI) CONSTANT TO OBJECTIVE FUNCTION:    284.87094529344853     
 OBJECTIVE FUNCTION VALUE WITHOUT CONSTANT:    685.52519269229958     
 OBJECTIVE FUNCTION VALUE WITH CONSTANT:       970.39613798574806     
 REPORTED OBJECTIVE FUNCTION DOES NOT CONTAIN CONSTANT
  
 TOTAL EFFECTIVE ETAS (NIND*NETA):                           118
  
 #TERE:
 Elapsed estimation  time in seconds: <SEC>
 Elapsed covariance  time in seconds: <SEC>
 Elapsed postprocess time in seconds: <SEC>
1
 
 
 
 
 
 
 
 
 
 
 
 
 
 
 
 
 
 
 
 
 ************************************************************************************************************************
 ********************                                                                                ********************
 ********************               FIRST ORDER CONDITIONAL ESTIMATION WITH INTERACTION              ********************
 #OBJT:**************                       MINIMUM VALUE OF OBJECTIVE FUNCTION                      ********************
 ********************                                                                                ********************
 ************************************************************************************************************************
 





 #OBJV:********************************************           685.525       *********************************************
1
 ************************************************************************************************************************
 ********************                                                                                ********************
 ********************               FIRST ORDER CONDITIONAL ESTIMATION WITH INTERACTION              ********************
 ********************                             FINAL PARAMETER ESTIMATE                           ********************
 ********************                                                                                ********************
 ************************************************************************************************************************
 


 THETA - VECTOR OF FIXED EFFECTS PARAMETERS   *********


         TH 1      TH 2     
 
         6.78E-03  1.41E+00
 


 OMEGA - COV MATRIX FOR RANDOM EFFECTS - ETAS  ********


         ETA1      ETA2     
 
 ETA1
+        2.54E-01
 
 ETA2
+        1.97E-01  1.55E-01
 


 SIGMA - COV MATRIX FOR RANDOM EFFECTS - EPSILONS  ****


         EPS1      EPS2     
 
 EPS1
+        5.18E+00
 
 EPS2
+        0.00E+00  4.10E-03
 
1


 OMEGA - CORR MATRIX FOR RANDOM EFFECTS - ETAS  *******


         ETA1      ETA2     
 
 ETA1
+        5.04E-01
 
 ETA2
+        9.91E-01  3.94E-01
 


 SIGMA - CORR MATRIX FOR RANDOM EFFECTS - EPSILONS  ***


         EPS1      EPS2     
 
 EPS1
+        2.28E+00
 
 EPS2
+        0.00E+00  6.40E-02
 
1
 ************************************************************************************************************************
 ********************                                                                                ********************
 ********************               FIRST ORDER CONDITIONAL ESTIMATION WITH INTERACTION              ********************
 ********************                            STANDARD ERROR OF ESTIMATE                          ********************
 ********************                                                                                ********************
 ************************************************************************************************************************
 


 THETA - VECTOR OF FIXED EFFECTS PARAMETERS   *********


         TH 1      TH 2     
 
         5.16E-04  7.47E-02
 


 OMEGA - COV MATRIX FOR RANDOM EFFECTS - ETAS  ********


         ETA1      ETA2     
 
 ETA1
+        7.61E-02
 
 ETA2
+        5.06E-02  3.98E-02
 


 SIGMA - COV MATRIX FOR RANDOM EFFECTS - EPSILONS  ****


         EPS1      EPS2     
 
 EPS1
+        3.36E+00
 
 EPS2
+       .........  4.00E-03
 
1


 OMEGA - CORR MATRIX FOR RANDOM EFFECTS - ETAS  *******


         ETA1      ETA2     
 
 ETA1
+        7.55E-02
 
 ETA2
+        4.95E-02  5.05E-02
 


 SIGMA - CORR MATRIX FOR RANDOM EFFECTS - EPSILONS  ***


         EPS1      EPS2     
 
 EPS1
+        7.39E-01
 
 EPS2
+       .........  3.13E-02
 
1
 ************************************************************************************************************************
 ********************                                                                                ********************
 ********************               FIRST ORDER CONDITIONAL ESTIMATION WITH INTERACTION              ********************
 ********************                          COVARIANCE MATRIX OF ESTIMATE                         ********************
 ********************                                                                                ********************
 ************************************************************************************************************************
 

            TH 1      TH 2      OM11      OM12      OM22      SG11      SG12      SG22  
 
 TH 1
+        2.67E-07
 
 TH 2
+        2.94E-05  5.58E-03
 
 OM11
+        5.95E-06  2.82E-03  5.79E-03
 
 OM12
+        9.33E-06  2.24E-03  3.62E-03  2.56E-03
 
 OM22
+        1.18E-05  1.61E-03  1.93E-03  1.66E-03  1.58E-03
 
 SG11
+       -3.28E-04 -1.14E-02  4.53E-02  1.92E-02 -3.61E-02  1.13E+01
 
 SG12
+       ......... ......... ......... ......... ......... ......... .........
 
 SG22
+        2.75E-07 -1.86E-05 -6.61E-05 -2.85E-05  3.61E-05 -1.18E-02 .........  1.60E-05
 
1
 ************************************************************************************************************************
 ********************                                                                                ********************
 ********************               FIRST ORDER CONDITIONAL ESTIMATION WITH INTERACTION              ********************
 ********************                          CORRELATION MATRIX OF ESTIMATE                        ********************
 ********************                                                                                ********************
 ************************************************************************************************************************
 

            TH 1      TH 2      OM11      OM12      OM22      SG11      SG12      SG22  
 
 TH 1
+        5.16E-04
 
 TH 2
+        7.61E-01  7.47E-02
 
 OM11
+        1.51E-01  4.97E-01  7.61E-02
 
 OM12
+        3.57E-01  5.93E-01  9.42E-01  5.06E-02
 
 OM22
+        5.73E-01  5.41E-01  6.38E-01  8.26E-01  3.98E-02
 
 SG11
+       -1.89E-01 -4.52E-02  1.77E-01  1.13E-01 -2.70E-01  3.36E+00
 
 SG12
+       ......... ......... ......... ......... ......... ......... .........
 
 SG22
+        1.33E-01 -6.21E-02 -2.17E-01 -1.41E-01  2.27E-01 -8.76E-01 .........  4.00E-03
 
1
 ************************************************************************************************************************
 ********************                                                                                ********************
 ********************               FIRST ORDER CONDITIONAL ESTIMATION WITH INTERACTION              ********************
 ********************                      INVERSE COVARIANCE MATRIX OF ESTIMATE                     ********************
 ********************                                                                                ********************
 ************************************************************************************************************************
 

            TH 1      TH 2      OM11      OM12      OM22      SG11      SG12      SG22  
 
 TH 1
+        1.90E+07
 
 TH 2
+       -1.04E+05  9.04E+02
 
 OM11
+        3.80E+04  2.27E+02  5.28E+03
 
 OM12
+        1.02E+05 -1.77E+03 -1.16E+04  2.94E+04
 
 OM22
+       -2.01E+05  1.55E+03  5.62E+03 -1.71E+04  1.26E+04
 
 SG11
+       -6.98E+02  8.34E+00  2.33E+01 -6.87E+01  4.65E+01  5.78E-01
 
 SG12
+       ......... ......... ......... ......... ......... ......... .........
 
 SG22
+       -1.70E+05  3.28E+03  5.26E+03 -1.14E+04  3.93E+03  3.16E+02 .........  2.94E+05
 
1
 
 
 
 
 
 
 
 
 
 
 
 
 
 
 
 
 
 
 
 
 ************************************************************************************************************************
 ********************                                                                                ********************
 ********************               FIRST ORDER CONDITIONAL ESTIMATION WITH INTERACTION              ********************
 ********************                      EIGENVALUES OF COR MATRIX OF ESTIMATE                     ********************
 ********************                                                                                ********************
 ************************************************************************************************************************
 

             1         2         3         4         5         6         7
 
         8.31E-03  7.29E-02  1.22E-01  3.12E-01  1.01E+00  2.09E+00  3.39E+00
 
1
 ************************************************************************************************************************
 ********************                                                                                ********************
 ********************               FIRST ORDER CONDITIONAL ESTIMATION WITH INTERACTION              ********************
 ********************                                     R MATRIX                                   ********************
 ********************                                                                                ********************
 ************************************************************************************************************************
 

            TH 1      TH 2      OM11      OM12      OM22      SG11      SG12      SG22  
 
 TH 1
+        9.37E+06
 
 TH 2
+       -4.84E+04  4.27E+02
 
 OM11
+        3.06E+04 -1.83E+02  3.32E+03
 
 OM12
+       -6.56E+04  3.94E+02 -7.52E+03  1.90E+04
 
 OM22
+        3.50E+04 -2.15E+02  4.25E+03 -1.17E+04  8.60E+03
 
 SG11
+        9.94E+01 -8.10E-01  2.93E+01 -7.34E+01  4.75E+01  7.92E-01
 
 SG12
+       ......... ......... ......... ......... ......... ......... .........
 
 SG22
+       -5.60E+04  1.79E+02  9.27E+03 -2.34E+04  1.52E+04  4.33E+02 .........  3.44E+05
 
1
 ************************************************************************************************************************
 ********************                                                                                ********************
 ********************               FIRST ORDER CONDITIONAL ESTIMATION WITH INTERACTION              ********************
 ********************                                     S MATRIX                                   ********************
 ********************                                                                                ********************
 ************************************************************************************************************************
 

            TH 1      TH 2      OM11      OM12      OM22      SG11      SG12      SG22  
 
 TH 1
+        9.30E+06
 
 TH 2
+       -4.80E+04  4.25E+02
 
 OM11
+        4.04E+04 -4.61E+02  3.21E+03
 
 OM12
+       -1.81E+05  1.73E+03 -7.55E+03  2.02E+04
 
 OM22
+        1.73E+05 -1.18E+03  4.53E+03 -1.29E+04  9.84E+03
 
 SG11
+        5.06E+02 -7.37E+00  5.03E+01 -1.21E+02  7.39E+01  1.32E+00
 
 SG12
+       ......... ......... ......... ......... ......... ......... .........
 
 SG22
+        2.61E+05 -3.98E+03  2.03E+04 -5.44E+04  3.59E+04  6.85E+02 .........  4.71E+05
 
 Elapsed finaloutput time in seconds: <SEC>
 #CPUT: Total CPU Time in Seconds, <SEC>
Stop Time: 
<DATE>
<TIME>
