Changing directory to 102sig.R76
'pushdon' is not recognized as an internal or external command,
operable program or batch file.
Pathlist information for compiler and MPI systems are located in nmpathlist.txt

Starting NMTRAN
  
 WARNINGS AND ERRORS (IF ANY) FOR PROBLEM    1
             
 (WARNING  2) NM-TRAN INFERS THAT THE DATA ARE POPULATION.
Recompiling certain components.
starting wait
ending wait
Exiting lpreddo
Compiling FSUBS
Building NONMEM Executable
Starting nonmem execution ...
License Registered to: <LICENSEE>
Expiration Date: <DATE>
Current Date: <DATE>
Days until program expires : <N>


 First Order Conditional Estimation with Interaction
 MONITORING OF SEARCH:


0ITERATION NO.:    0    OBJECTIVE VALUE:   739.902661902962        NO. OF FUNC. EVALS.:   6
 CUMULATIVE NO. OF FUNC. EVALS.:        6
 NPARAMETR:  7.5000E-03  1.5000E+00  3.0000E-01  5.0000E-02  3.0000E-01  3.6000E-01  1.4400E-02
 PARAMETER:  1.0000E-01  1.0000E-01  1.0000E-01  1.0000E-01  1.0000E-01  1.0000E-01  1.0000E-01
 GRADIENT:   5.0330E+01  1.1119E+01  1.4762E+01 -4.5186E+01  5.0764E+01 -6.4075E-01  1.3445E+01

0ITERATION NO.:    5    OBJECTIVE VALUE:   690.442448401679        NO. OF FUNC. EVALS.:  39
 CUMULATIVE NO. OF FUNC. EVALS.:       45
 NPARAMETR:  6.3538E-03  1.3597E+00  2.4392E-01  1.8314E-01  1.6373E-01  3.8892E-01  1.1443E-02
 PARAMETER: -6.5852E-02  1.7726E-03 -3.4622E-03  4.0621E-01 -1.1044E+00  1.3864E-01 -1.4917E-02
 GRADIENT:  -1.4679E+01 -1.0822E+01 -2.5419E+00 -3.5991E+00  5.2512E+00 -1.1668E+00  2.3959E+00

0ITERATION NO.:   10    OBJECTIVE VALUE:   687.286995029053        NO. OF FUNC. EVALS.:  40
 CUMULATIVE NO. OF FUNC. EVALS.:       85
 NPARAMETR:  6.7263E-03  1.4087E+00  2.5699E-01  1.9511E-01  1.6525E-01  1.9262E+00  9.1492E-03
 PARAMETER: -8.8746E-03  3.7206E-02  2.2636E-02  4.2161E-01 -1.3175E+00  9.3860E-01 -1.2678E-01
 GRADIENT:  -4.3155E+00  4.4306E+00 -5.1016E-01  4.6575E+00  2.2495E+00 -8.9021E-01  6.3893E+00

0ITERATION NO.:   15    OBJECTIVE VALUE:   685.572554578953        NO. OF FUNC. EVALS.:  35
 CUMULATIVE NO. OF FUNC. EVALS.:      120
 NPARAMETR:  6.7668E-03  1.4057E+00  2.5500E-01  1.9687E-01  1.5735E-01  4.6455E+00  4.7934E-03
 PARAMETER: -2.8808E-03  3.5099E-02  1.8736E-02  4.2707E-01 -1.8987E+00  1.3788E+00 -4.5000E-01
 GRADIENT:  -1.2431E+00  8.6083E-01 -5.0994E-01  2.5610E+00  1.2216E-01 -2.6055E-01  6.6716E-01

0ITERATION NO.:   20    OBJECTIVE VALUE:   685.531102733387        NO. OF FUNC. EVALS.:  36
 CUMULATIVE NO. OF FUNC. EVALS.:      156
 NPARAMETR:  6.7804E-03  1.4066E+00  2.5418E-01  1.9629E-01  1.5552E-01  5.1087E+00  4.1057E-03
 PARAMETER: -8.7069E-04  3.5708E-02  1.7137E-02  4.2649E-01 -2.0514E+00  1.4263E+00 -5.2743E-01
 GRADIENT:   2.1992E-01 -2.8270E-01 -1.5087E-02  1.7676E-01  8.1338E-02 -8.8994E-02 -2.1472E-01

0ITERATION NO.:   25    OBJECTIVE VALUE:   685.525192692300        NO. OF FUNC. EVALS.:  39
 CUMULATIVE NO. OF FUNC. EVALS.:      195
 NPARAMETR:  6.7826E-03  1.4066E+00  2.5379E-01  1.9654E-01  1.5504E-01  5.1814E+00  4.1011E-03
 PARAMETER: -5.4242E-04  3.5684E-02  1.6361E-02  4.2737E-01 -2.2165E+00  1.4334E+00 -5.2799E-01
 GRADIENT:  -1.1947E-02 -2.5797E-02 -2.4945E-03  8.5792E-03  2.5614E-04  1.2479E-03  5.3785E-03

0ITERATION NO.:   26    OBJECTIVE VALUE:   685.525192692300        NO. OF FUNC. EVALS.:   8
 CUMULATIVE NO. OF FUNC. EVALS.:      203
 NPARAMETR:  6.7826E-03  1.4066E+00  2.5379E-01  1.9654E-01  1.5504E-01  5.1814E+00  4.1011E-03
 PARAMETER: -5.4242E-04  3.5684E-02  1.6361E-02  4.2737E-01 -2.2165E+00  1.4334E+00 -5.2799E-01
 GRADIENT:  -1.1947E-02 -2.5797E-02 -2.4945E-03  8.5792E-03  2.5614E-04  1.2479E-03  5.3785E-03
 Elapsed estimation  time in seconds: <SEC>
 Elapsed covariance  time in seconds: <SEC>
 Elapsed postprocess time in seconds: <SEC>
 Elapsed finaloutput time in seconds: <SEC>
Done with nonmem execution
