<DATE>
<TIME>
$PROB THEO 1COMP ORAL AS ODE, DUMP THE SENSITIVITIES NONMEM INTEGRATES   P:110ka  F:BASE
$INPUT ID TIME AMT RATE=DROP DV MDV EVID WT
$DATA ../../data/theo-nm.csv IGNORE=@
$SUBR ADVAN13 TOL=9
$ABBR COMRES=6 DERIV2=NO
$MODEL COMP=(DEPOT DEFDOSE) COMP=(CENT DEFOBS)

$PK
  KA = THETA(1) * EXP(ETA(1))
  CL = THETA(2) * EXP(ETA(2))
  V  = THETA(3) * EXP(ETA(3))
  KE = CL / V
  S2 = V

$DES
  DADT(1) = -KA * A(1)
  DADT(2) =  KA * A(1) - KE * A(2)

$ERROR
  ; verbatim lines are copied to Fortran as they are: no ; comments on them
"FIRST
" USE PROCM_REAL, ONLY: DAETA
  IPRE = F
  W    = SQRT(THETA(4)**2 + THETA(5)**2 * IPRE**2)
  IF (W.LT.1E-6) W = 1E-6
  IRES = DV - IPRE
  IWRE = IRES / W
  Y    = IPRE + W * EPS(1)
  ; DAETA(i,j) = dA(i)/dETA(j): the sensitivities PREDPP integrated alongside A.
  ; G(j,1) = dY/dETA(j) at EPS=0, i.e. the G matrix of chapter 8. Both are
  ; Fortran-level quantities, so they are copied out with verbatim code.
"LAST
" COM(1) = DAETA(2,1)
" COM(2) = DAETA(2,2)
" COM(3) = DAETA(2,3)
" COM(4) = G(1,1)
" COM(5) = G(2,1)
" COM(6) = G(3,1)

$THETA
  (0, 1.5)     ; KA (1/h)
  (0, 3)       ; CL (L/h)
  (0, 30)      ; V  (L)
  (0, 0.5)     ; additive error SD (mg/L)
  (0, 0.1)     ; proportional error CV

$OMEGA
  0.4          ; KA
  0.1          ; CL
  0.05         ; V

$SIGMA 1 FIX

$EST MAX=9999 PRINT=5 METHOD=COND INTER NSIG=3 SIGL=9
     NOABORT NOTBT NOOBT NOSBT
$COV UNCOND PRINT=E
$TAB ID TIME AMT DV MDV EVID IPRE COM(1)=DA21 COM(2)=DA22 COM(3)=DA23
     COM(4)=G1 COM(5)=G2 COM(6)=G3
     ONEHEADER NOPRINT FILE=sdtab
$TAB ID KA CL V ETA1 ETA2 ETA3
     ONEHEADER NOPRINT NOAPPEND FILE=patab
$TAB ID WT
     ONEHEADER NOPRINT NOAPPEND FILE=cotab
$TAB ID EVID
     ONEHEADER NOPRINT NOAPPEND FILE=catab
  
NM-TRAN MESSAGES 
  
 WARNINGS AND ERRORS (IF ANY) FOR PROBLEM    1
             
 (WARNING  2) NM-TRAN INFERS THAT THE DATA ARE POPULATION.

 (DATA WARNING   5) RECORD         2, DATA ITEM   4, CONTENTS: 0.74
 THE DV DATA ITEM IS POSITIVE, BUT THE MDV DATA ITEM IS 1

 (DATA WARNING   5) RECORD        74, DATA ITEM   4, CONTENTS: 0.15
 THE DV DATA ITEM IS POSITIVE, BUT THE MDV DATA ITEM IS 1

 (DATA WARNING   5) RECORD       110, DATA ITEM   4, CONTENTS: 0.24
 THE DV DATA ITEM IS POSITIVE, BUT THE MDV DATA ITEM IS 1
  
License Registered to: <LICENSEE>
Expiration Date: <DATE>
Current Date: <DATE>
Days until program expires : <N>
1NONLINEAR MIXED EFFECTS MODEL PROGRAM (NONMEM) VERSION 7.6.0 (nm760)
 ORIGINALLY DEVELOPED BY STUART BEAL, LEWIS SHEINER, AND ALISON BOECKMANN
 CURRENT DEVELOPERS ARE ROBERT BAUER, ICON DEVELOPMENT SOLUTIONS,
 AND ALISON BOECKMANN. IMPLEMENTATION, EFFICIENCY, AND STANDARDIZATION
 PERFORMED BY NOUS INFOSYSTEMS.

 PROBLEM NO.:         1
 THEO 1COMP ORAL AS ODE, DUMP THE SENSITIVITIES NONMEM INTEGRATES   P:110
0DATA CHECKOUT RUN:              NO
 DATA SET LOCATED ON UNIT NO.:    2
 THIS UNIT TO BE REWOUND:        NO
 CREATE/ADD TO FDATA.csv:        YES
 NO. OF DATA RECS IN DATA SET:      144
 NO. OF DATA ITEMS IN DATA SET:   7
 ID DATA ITEM IS DATA ITEM NO.:   1
 DEP VARIABLE IS DATA ITEM NO.:   4
 MDV DATA ITEM IS DATA ITEM NO.:  5
0INDICES PASSED TO SUBROUTINE PRED:
   6   2   3   0   0   0   0   0   0   0   0
0LABELS FOR DATA ITEMS:
 ID TIME AMT DV MDV EVID WT
0(NONBLANK) LABELS FOR PRED-DEFINED ITEMS:
 DA21 DA22 DA23 G1 G2 G3 KA CL V IPRE
0FORMAT FOR DATA:
 (7E7.0)

 TOT. NO. OF OBS RECS:      120
 TOT. NO. OF INDIVIDUALS:       12
0LENGTH OF THETA:   5
0DEFAULT THETA BOUNDARY TEST OMITTED:   YES
0OMEGA HAS SIMPLE DIAGONAL FORM WITH DIMENSION:   3
0DEFAULT OMEGA BOUNDARY TEST OMITTED:   YES
0SIGMA HAS SIMPLE DIAGONAL FORM WITH DIMENSION:   1
0DEFAULT SIGMA BOUNDARY TEST OMITTED:   YES
0INITIAL ESTIMATE OF THETA:
 LOWER BOUND    INITIAL EST    UPPER BOUND
  0.0000E+00     0.1500E+01     0.1000E+07
  0.0000E+00     0.3000E+01     0.1000E+07
  0.0000E+00     0.3000E+02     0.1000E+07
  0.0000E+00     0.5000E+00     0.1000E+07
  0.0000E+00     0.1000E+00     0.1000E+07
0INITIAL ESTIMATE OF OMEGA:
 0.4000E+00
 0.0000E+00   0.1000E+00
 0.0000E+00   0.0000E+00   0.5000E-01
0INITIAL ESTIMATE OF SIGMA:
 0.1000E+01
0SIGMA CONSTRAINED TO BE THIS INITIAL ESTIMATE
0COVARIANCE STEP OMITTED:        NO
 EIGENVLS. PRINTED:             YES
 SPECIAL COMPUTATION:            NO
 COMPRESSED FORMAT:              NO
 GRADIENT METHOD USED:     NOSLOW
 SIGDIGITS ETAHAT (SIGLO):                  -1
 SIGDIGITS GRADIENTS (SIGL):                -1
 EXCLUDE COV FOR FOCE (NOFCOV):              NO
 Cholesky Transposition of R Matrix (CHOLROFF):0
 KNUTHSUMOFF:                                -1
 RESUME COV ANALYSIS (RESUME):               NO
 SIR SAMPLE SIZE (SIRSAMPLE):
 NON-LINEARLY TRANSFORM THETAS DURING COV (THBND): 1
 PRECONDTIONING CYCLES (PRECOND):        0
 PRECONDTIONING TYPES (PRECONDS):        TOS
 FORCED PRECONDTIONING CYCLES (PFCOND):0
 PRECONDTIONING TYPE (PRETYPE):        0
 FORCED POS. DEFINITE SETTING DURING PRECONDITIONING: (FPOSDEF):0
 SIMPLE POS. DEFINITE SETTING: (POSDEF):-1
0TABLES STEP OMITTED:    NO
 NO. OF TABLES:           4
 SEED NUMBER (SEED):    11456
 NPDTYPE:    0
 INTERPTYPE:    0
 RANMETHOD:             3U
 MC SAMPLES (ESAMPLE):    300
 WRES SQUARE ROOT TYPE (WRESCHOL): EIGENVALUE
0-- TABLE   1 --
0RECORDS ONLY:    ALL
04 COLUMNS APPENDED:    YES
 PRINTED:                NO
 HEADER:                YES
 FILE TO BE FORWARDED:   NO
 FORMAT:                S1PE11.4
 IDFORMAT:
 LFORMAT:
 RFORMAT:
 FIXED_EFFECT_ETAS:
0USER-CHOSEN ITEMS:
 ID TIME AMT DV MDV EVID IPRE DA21 DA22 DA23 G1 G2 G3
0-- TABLE   2 --
0RECORDS ONLY:    ALL
04 COLUMNS APPENDED:    NO
 PRINTED:                NO
 HEADER:                YES
 FILE TO BE FORWARDED:   NO
 FORMAT:                S1PE11.4
 IDFORMAT:
 LFORMAT:
 RFORMAT:
 FIXED_EFFECT_ETAS:
0USER-CHOSEN ITEMS:
 ID KA CL V ETA1 ETA2 ETA3
0-- TABLE   3 --
0RECORDS ONLY:    ALL
04 COLUMNS APPENDED:    NO
 PRINTED:                NO
 HEADER:                YES
 FILE TO BE FORWARDED:   NO
 FORMAT:                S1PE11.4
 IDFORMAT:
 LFORMAT:
 RFORMAT:
 FIXED_EFFECT_ETAS:
0USER-CHOSEN ITEMS:
 ID WT
0-- TABLE   4 --
0RECORDS ONLY:    ALL
04 COLUMNS APPENDED:    NO
 PRINTED:                NO
 HEADER:                YES
 FILE TO BE FORWARDED:   NO
 FORMAT:                S1PE11.4
 IDFORMAT:
 LFORMAT:
 RFORMAT:
 FIXED_EFFECT_ETAS:
0USER-CHOSEN ITEMS:
 ID EVID
1DOUBLE PRECISION PREDPP VERSION 7.6.0 (nm760)

 GENERAL NONLINEAR KINETICS MODEL WITH STIFF/NONSTIFF EQUATIONS (LSODA, ADVAN13)
0MODEL SUBROUTINE USER-SUPPLIED - ID NO. 9999
0MAXIMUM NO. OF BASIC PK PARAMETERS:   2
0COMPARTMENT ATTRIBUTES
 COMPT. NO.   FUNCTION   INITIAL    ON/OFF      DOSE      DEFAULT    DEFAULT
                         STATUS     ALLOWED    ALLOWED    FOR DOSE   FOR OBS.
    1         DEPOT        ON         YES        YES        YES        NO
    2         CENT         ON         YES        YES        NO         YES
    3         OUTPUT       OFF        YES        NO         NO         NO
 INITIAL (BASE) TOLERANCE SETTINGS:
 NRD (RELATIVE) VALUE(S) OF TOLERANCE:   9
 ANRD (ABSOLUTE) VALUE(S) OF TOLERANCE:  12
1
 ADDITIONAL PK PARAMETERS - ASSIGNMENT OF ROWS IN GG
 COMPT. NO.                             INDICES
              SCALE      BIOAVAIL.   ZERO-ORDER  ZERO-ORDER  ABSORB
                         FRACTION    RATE        DURATION    LAG
    1            *           *           *           *           *
    2            3           *           *           *           *
    3            *           -           -           -           -
             - PARAMETER IS NOT ALLOWED FOR THIS MODEL
             * PARAMETER IS NOT SUPPLIED BY PK SUBROUTINE;
               WILL DEFAULT TO ONE IF APPLICABLE
0DATA ITEM INDICES USED BY PRED ARE:
   EVENT ID DATA ITEM IS DATA ITEM NO.:      6
   TIME DATA ITEM IS DATA ITEM NO.:          2
   DOSE AMOUNT DATA ITEM IS DATA ITEM NO.:   3

0PK SUBROUTINE CALLED WITH EVERY EVENT RECORD.
 PK SUBROUTINE NOT CALLED AT NONEVENT (ADDITIONAL OR LAGGED) DOSE TIMES.
0ERROR SUBROUTINE CALLED WITH EVERY EVENT RECORD.
0ERROR SUBROUTINE INDICATES THAT DERIVATIVES OF COMPARTMENT AMOUNTS ARE USED.
0DES SUBROUTINE USES COMPACT STORAGE MODE.
1


 #TBLN:      1
 #METH: First Order Conditional Estimation with Interaction

 ESTIMATION STEP OMITTED:                 NO
 SHRINK INFO WITH EVALUATION (EVALSHRINK) NO
 ANALYSIS TYPE:                           POPULATION
 NUMBER OF SADDLE POINT RESET ITERATIONS:      0
 GRADIENT METHOD USED:               NOSLOW
 CONDITIONAL ESTIMATES USED:              YES
 CENTERED ETA:                            NO
 EPS-ETA INTERACTION:                     YES
 LAPLACIAN OBJ. FUNC.:                    NO
 NO. OF FUNCT. EVALS. ALLOWED:            9999
 NO. OF SIG. FIGURES REQUIRED:            3
 INTERMEDIATE PRINTOUT:                   YES
 ESTIMATE OUTPUT TO MSF:                  NO
 ABORT WITH PRED EXIT CODE 1:             NO
 IND. OBJ. FUNC. VALUES SORTED:           NO
 NUMERICAL DERIVATIVE
       FILE REQUEST (NUMDER):               NONE
 MAP (ETAHAT) ESTIMATION METHOD (OPTMAP):   0
 ETA HESSIAN EVALUATION METHOD (ETADER):    0
 INITIAL ETA FOR MAP ESTIMATION (MCETA):    0
 SIGDIGITS FOR MAP ESTIMATION (SIGLO):      9
 GRADIENT SIGDIGITS OF
       FIXED EFFECTS PARAMETERS (SIGL):     9
 NOPRIOR SETTING (NOPRIOR):                 0
 NOCOV SETTING (NOCOV):                     OFF
 DERCONT SETTING (DERCONT):                 OFF
 FINAL ETA RE-EVALUATION (FNLETA):          1
 EXCLUDE NON-INFLUENTIAL (NON-INFL.) ETAS
       IN SHRINKAGE (ETASTYPE):             NO
 NON-INFL. ETA CORRECTION (NONINFETA):      0
 RAW OUTPUT FILE (FILE): 110des.ext
 EXCLUDE TITLE (NOTITLE):                   NO
 EXCLUDE COLUMN LABELS (NOLABEL):           NO
 FORMAT FOR ADDITIONAL FILES (FORMAT):      S1PE12.5
 PARAMETER ORDER FOR OUTPUTS (ORDER):       TSOL
 KNUTHSUMOFF:                               0
 INCLUDE LNTWOPI:                           NO
 INCLUDE CONSTANT TERM TO PRIOR (PRIORC):   NO
 INCLUDE CONSTANT TERM TO OMEGA (ETA) (OLNTWOPI):NO
 ADDITIONAL CONVERGENCE TEST (CTYPE=4)?:    NO
 EM OR BAYESIAN METHOD USED:                 NONE

 TOLERANCES FOR ESTIMATION/EVALUATION STEP:
 NRD (RELATIVE) VALUE(S) OF TOLERANCE:   9
 ANRD (ABSOLUTE) VALUE(S) OF TOLERANCE:  12
 TOLERANCES FOR COVARIANCE STEP:
 NRD (RELATIVE) VALUE(S) OF TOLERANCE:   9
 ANRD (ABSOLUTE) VALUE(S) OF TOLERANCE:  12
 TOLERANCES FOR TABLE/SCATTER STEP:
 NRD (RELATIVE) VALUE(S) OF TOLERANCE:   9
 ANRD (ABSOLUTE) VALUE(S) OF TOLERANCE:  12

 THE FOLLOWING LABELS ARE EQUIVALENT
 PRED=PREDI
 RES=RESI
 WRES=WRESI
 IWRS=IWRESI
 IPRD=IPREDI
 IRS=IRESI

 MONITORING OF SEARCH:


0ITERATION NO.:    0    OBJECTIVE VALUE:   127.729574651595        NO. OF FUNC. EVALS.:   7
 CUMULATIVE NO. OF FUNC. EVALS.:        7
 NPARAMETR:  1.5000E+00  3.0000E+00  3.0000E+01  5.0000E-01  1.0000E-01  4.0000E-01  1.0000E-01  5.0000E-02
 PARAMETER:  1.0000E-01  1.0000E-01  1.0000E-01  1.0000E-01  1.0000E-01  1.0000E-01  1.0000E-01  1.0000E-01
 GRADIENT:   5.3415E-03  1.6295E+01 -2.5440E+01 -1.2737E+00  6.1140E+00 -1.6803E-01  6.3125E+00  1.0438E+01

0ITERATION NO.:    5    OBJECTIVE VALUE:   122.508261613334        NO. OF FUNC. EVALS.:  41
 CUMULATIVE NO. OF FUNC. EVALS.:       48
 NPARAMETR:  1.5244E+00  2.6848E+00  3.0611E+01  6.0575E-01  7.0261E-02  3.7614E-01  7.8672E-02  1.6709E-02
 PARAMETER:  1.1613E-01 -1.1010E-02  1.2016E-01  2.9186E-01 -2.5296E-01  6.9252E-02 -1.9941E-02 -4.4805E-01
 GRADIENT:   8.7225E-02 -9.8632E+00 -4.0266E+01 -1.0573E+00 -1.0563E+00 -6.4519E-01  1.6114E+00 -1.0414E+00

0ITERATION NO.:   10    OBJECTIVE VALUE:   121.540637182861        NO. OF FUNC. EVALS.:  42
 CUMULATIVE NO. OF FUNC. EVALS.:       90
 NPARAMETR:  1.5318E+00  2.7328E+00  3.1791E+01  6.0210E-01  7.2723E-02  3.8704E-01  7.4425E-02  1.6024E-02
 PARAMETER:  1.2097E-01  6.6998E-03  1.5799E-01  2.8582E-01 -2.1851E-01  8.3530E-02 -4.7688E-02 -4.6897E-01
 GRADIENT:  -6.0824E-01 -3.2358E+00 -1.7395E+00 -8.1215E-02 -5.2687E-01  6.9765E-02  9.4087E-01 -9.3170E-01

0ITERATION NO.:   15    OBJECTIVE VALUE:   121.466065961310        NO. OF FUNC. EVALS.:  49
 CUMULATIVE NO. OF FUNC. EVALS.:      139
 NPARAMETR:  1.5475E+00  2.7627E+00  3.1865E+01  5.9283E-01  7.5474E-02  3.8753E-01  6.9101E-02  1.7762E-02
 PARAMETER:  1.3121E-01  1.7591E-02  1.6031E-01  2.7030E-01 -1.8138E-01  8.4169E-02 -8.4801E-02 -4.1748E-01
 GRADIENT:  -3.0813E-03  4.6685E-04 -1.5725E-02 -4.0935E-03 -1.0724E-03 -5.6536E-04  1.6220E-03 -1.2099E-04

0ITERATION NO.:   16    OBJECTIVE VALUE:   121.466065961310        NO. OF FUNC. EVALS.:  10
 CUMULATIVE NO. OF FUNC. EVALS.:      149
 NPARAMETR:  1.5475E+00  2.7627E+00  3.1865E+01  5.9283E-01  7.5474E-02  3.8753E-01  6.9101E-02  1.7762E-02
 PARAMETER:  1.3121E-01  1.7591E-02  1.6031E-01  2.7030E-01 -1.8138E-01  8.4169E-02 -8.4801E-02 -4.1748E-01
 GRADIENT:  -3.0813E-03  4.6685E-04 -1.5725E-02 -4.0935E-03 -1.0724E-03 -5.6536E-04  1.6220E-03 -1.2099E-04

 #TERM:
0MINIMIZATION SUCCESSFUL
 NO. OF FUNCTION EVALUATIONS USED:      149
 NO. OF SIG. DIGITS IN FINAL EST.:  3.2

 ETABAR IS THE ARITHMETIC MEAN OF THE ETA-ESTIMATES,
 AND THE P-VALUE IS GIVEN FOR THE NULL HYPOTHESIS THAT THE TRUE MEAN IS 0.

 ETABAR:        -1.1699E-02  2.7478E-03 -6.7952E-03
 SE:             1.6804E-01  7.0229E-02  3.1849E-02
 N:                      12          12          12

 P VAL.:         9.4450E-01  9.6879E-01  8.3105E-01

 ETASHRINKSD(%)  6.4704E+00  7.4466E+00  1.7059E+01
 ETASHRINKVR(%)  1.2522E+01  1.4339E+01  3.1208E+01
 EBVSHRINKSD(%)  4.8225E+00  7.4109E+00  1.6413E+01
 EBVSHRINKVR(%)  9.4124E+00  1.4273E+01  3.0132E+01
 RELATIVEINF(%)  8.8761E+01  8.4429E+01  6.7712E+01
 EPSSHRINKSD(%)  1.2969E+01
 EPSSHRINKVR(%)  2.4256E+01

  
 TOTAL DATA POINTS NORMALLY DISTRIBUTED (N):          120
 N*LOG(2PI) CONSTANT TO OBJECTIVE FUNCTION:    220.54524796912145     
 OBJECTIVE FUNCTION VALUE WITHOUT CONSTANT:    121.46606596131011     
 OBJECTIVE FUNCTION VALUE WITH CONSTANT:       342.01131393043158     
 REPORTED OBJECTIVE FUNCTION DOES NOT CONTAIN CONSTANT
  
 TOTAL EFFECTIVE ETAS (NIND*NETA):                            36
  
 #TERE:
 Elapsed estimation  time in seconds: <SEC>
 Elapsed covariance  time in seconds: <SEC>
 Elapsed postprocess time in seconds: <SEC>
1
 
 
 
 
 
 
 
 
 
 
 
 
 
 
 
 
 
 
 
 
 ************************************************************************************************************************
 ********************                                                                                ********************
 ********************               FIRST ORDER CONDITIONAL ESTIMATION WITH INTERACTION              ********************
 #OBJT:**************                       MINIMUM VALUE OF OBJECTIVE FUNCTION                      ********************
 ********************                                                                                ********************
 ************************************************************************************************************************
 





 #OBJV:********************************************           121.466       *********************************************
1
 ************************************************************************************************************************
 ********************                                                                                ********************
 ********************               FIRST ORDER CONDITIONAL ESTIMATION WITH INTERACTION              ********************
 ********************                             FINAL PARAMETER ESTIMATE                           ********************
 ********************                                                                                ********************
 ************************************************************************************************************************
 


 THETA - VECTOR OF FIXED EFFECTS PARAMETERS   *********


         TH 1      TH 2      TH 3      TH 4      TH 5     
 
         1.55E+00  2.76E+00  3.19E+01  5.93E-01  7.55E-02
 


 OMEGA - COV MATRIX FOR RANDOM EFFECTS - ETAS  ********


         ETA1      ETA2      ETA3     
 
 ETA1
+        3.88E-01
 
 ETA2
+        0.00E+00  6.91E-02
 
 ETA3
+        0.00E+00  0.00E+00  1.78E-02
 


 SIGMA - COV MATRIX FOR RANDOM EFFECTS - EPSILONS  ****


         EPS1     
 
 EPS1
+        1.00E+00
 
1


 OMEGA - CORR MATRIX FOR RANDOM EFFECTS - ETAS  *******


         ETA1      ETA2      ETA3     
 
 ETA1
+        6.23E-01
 
 ETA2
+        0.00E+00  2.63E-01
 
 ETA3
+        0.00E+00  0.00E+00  1.33E-01
 


 SIGMA - CORR MATRIX FOR RANDOM EFFECTS - EPSILONS  ***


         EPS1     
 
 EPS1
+        1.00E+00
 
1
 ************************************************************************************************************************
 ********************                                                                                ********************
 ********************               FIRST ORDER CONDITIONAL ESTIMATION WITH INTERACTION              ********************
 ********************                            STANDARD ERROR OF ESTIMATE                          ********************
 ********************                                                                                ********************
 ************************************************************************************************************************
 


 THETA - VECTOR OF FIXED EFFECTS PARAMETERS   *********


         TH 1      TH 2      TH 3      TH 4      TH 5     
 
         3.09E-01  2.10E-01  1.41E+00  1.29E-01  3.24E-02
 


 OMEGA - COV MATRIX FOR RANDOM EFFECTS - ETAS  ********


         ETA1      ETA2      ETA3     
 
 ETA1
+        2.15E-01
 
 ETA2
+       .........  2.94E-02
 
 ETA3
+       ......... .........  7.99E-03
 


 SIGMA - COV MATRIX FOR RANDOM EFFECTS - EPSILONS  ****


         EPS1     
 
 EPS1
+       .........
 
1


 OMEGA - CORR MATRIX FOR RANDOM EFFECTS - ETAS  *******


         ETA1      ETA2      ETA3     
 
 ETA1
+        1.73E-01
 
 ETA2
+       .........  5.60E-02
 
 ETA3
+       ......... .........  3.00E-02
 


 SIGMA - CORR MATRIX FOR RANDOM EFFECTS - EPSILONS  ***


         EPS1     
 
 EPS1
+       .........
 
1
 ************************************************************************************************************************
 ********************                                                                                ********************
 ********************               FIRST ORDER CONDITIONAL ESTIMATION WITH INTERACTION              ********************
 ********************                          COVARIANCE MATRIX OF ESTIMATE                         ********************
 ********************                                                                                ********************
 ************************************************************************************************************************
 

            TH 1      TH 2      TH 3      TH 4      TH 5      OM11      OM12      OM13      OM22      OM23      OM33      SG11  

 
 TH 1
+        9.55E-02
 
 TH 2
+        1.36E-03  4.40E-02
 
 TH 3
+        1.59E-01  2.28E-01  1.98E+00
 
 TH 4
+       -2.52E-03 -5.63E-03 -5.43E-02  1.67E-02
 
 TH 5
+       -1.43E-03  1.11E-03 -2.91E-04 -2.40E-03  1.05E-03
 
 OM11
+        4.00E-02  3.67E-03  4.85E-02 -1.38E-02  3.24E-04  4.64E-02
 
 OM12
+       ......... ......... ......... ......... ......... ......... .........
 
 OM13
+       ......... ......... ......... ......... ......... ......... ......... .........
 
 OM22
+       -7.28E-04 -3.10E-03 -2.34E-03 -5.23E-05 -1.52E-04 -1.29E-03 ......... .........  8.65E-04
 
 OM23
+       ......... ......... ......... ......... ......... ......... ......... ......... ......... .........
 
 OM33
+       -6.86E-04  6.47E-04  1.48E-03 -3.19E-04 -1.33E-06  1.17E-04 ......... ......... -1.23E-05 .........  6.38E-05
 
 SG11
+       ......... ......... ......... ......... ......... ......... ......... ......... ......... ......... ......... .........
 
1
 ************************************************************************************************************************
 ********************                                                                                ********************
 ********************               FIRST ORDER CONDITIONAL ESTIMATION WITH INTERACTION              ********************
 ********************                          CORRELATION MATRIX OF ESTIMATE                        ********************
 ********************                                                                                ********************
 ************************************************************************************************************************
 

            TH 1      TH 2      TH 3      TH 4      TH 5      OM11      OM12      OM13      OM22      OM23      OM33      SG11  

 
 TH 1
+        3.09E-01
 
 TH 2
+        2.09E-02  2.10E-01
 
 TH 3
+        3.66E-01  7.72E-01  1.41E+00
 
 TH 4
+       -6.31E-02 -2.08E-01 -2.98E-01  1.29E-01
 
 TH 5
+       -1.43E-01  1.63E-01 -6.38E-03 -5.74E-01  3.24E-02
 
 OM11
+        6.01E-01  8.12E-02  1.60E-01 -4.95E-01  4.64E-02  2.15E-01
 
 OM12
+       ......... ......... ......... ......... ......... ......... .........
 
 OM13
+       ......... ......... ......... ......... ......... ......... ......... .........
 
 OM22
+       -8.01E-02 -5.02E-01 -5.65E-02 -1.37E-02 -1.60E-01 -2.04E-01 ......... .........  2.94E-02
 
 OM23
+       ......... ......... ......... ......... ......... ......... ......... ......... ......... .........
 
 OM33
+       -2.78E-01  3.86E-01  1.32E-01 -3.09E-01 -5.12E-03  6.77E-02 ......... ......... -5.22E-02 .........  7.99E-03
 
 SG11
+       ......... ......... ......... ......... ......... ......... ......... ......... ......... ......... ......... .........
 
1
 ************************************************************************************************************************
 ********************                                                                                ********************
 ********************               FIRST ORDER CONDITIONAL ESTIMATION WITH INTERACTION              ********************
 ********************                      INVERSE COVARIANCE MATRIX OF ESTIMATE                     ********************
 ********************                                                                                ********************
 ************************************************************************************************************************
 

            TH 1      TH 2      TH 3      TH 4      TH 5      OM11      OM12      OM13      OM22      OM23      OM33      SG11  

 
 TH 1
+        8.19E+01
 
 TH 2
+        2.18E+02  8.94E+02
 
 TH 3
+       -3.28E+01 -1.24E+02  1.81E+01
 
 TH 4
+       -1.69E+02 -5.82E+02  8.72E+01  6.15E+02
 
 TH 5
+       -4.12E+02 -1.61E+03  2.36E+02  1.56E+03  5.07E+03
 
 OM11
+       -8.31E+01 -2.10E+02  3.26E+01  2.26E+02  5.36E+02  1.24E+02
 
 OM12
+       ......... ......... ......... ......... ......... ......... .........
 
 OM13
+       ......... ......... ......... ......... ......... ......... ......... .........
 
 OM22
+        5.36E+02  2.33E+03 -3.16E+02 -1.27E+03 -3.51E+03 -4.22E+02 ......... .........  7.54E+03
 
 OM23
+       ......... ......... ......... ......... ......... ......... ......... ......... ......... .........
 
 OM33
+       -1.17E+03 -5.95E+03  8.07E+02  4.50E+03  1.27E+04  1.31E+03 ......... ......... -1.47E+04 .........  6.22E+04
 
 SG11
+       ......... ......... ......... ......... ......... ......... ......... ......... ......... ......... ......... .........
 
1
 
 
 
 
 
 
 
 
 
 
 
 
 
 
 
 
 
 
 
 
 ************************************************************************************************************************
 ********************                                                                                ********************
 ********************               FIRST ORDER CONDITIONAL ESTIMATION WITH INTERACTION              ********************
 ********************                      EIGENVALUES OF COR MATRIX OF ESTIMATE                     ********************
 ********************                                                                                ********************
 ************************************************************************************************************************
 

             1         2         3         4         5         6         7         8
 
         9.93E-03  1.48E-01  2.77E-01  9.03E-01  1.07E+00  1.44E+00  1.65E+00  2.50E+00
 
 Elapsed finaloutput time in seconds: <SEC>
 #CPUT: Total CPU Time in Seconds, <SEC>
Stop Time: 
<DATE>
<TIME>
