Changing directory to 110des.R76
'pushdon' is not recognized as an internal or external command,
operable program or batch file.
Pathlist information for compiler and MPI systems are located in nmpathlist.txt

Starting NMTRAN
  
 WARNINGS AND ERRORS (IF ANY) FOR PROBLEM    1
             
 (WARNING  2) NM-TRAN INFERS THAT THE DATA ARE POPULATION.

 (DATA WARNING   5) RECORD         2, DATA ITEM   4, CONTENTS: 0.74
 THE DV DATA ITEM IS POSITIVE, BUT THE MDV DATA ITEM IS 1

 (DATA WARNING   5) RECORD        74, DATA ITEM   4, CONTENTS: 0.15
 THE DV DATA ITEM IS POSITIVE, BUT THE MDV DATA ITEM IS 1

 (DATA WARNING   5) RECORD       110, DATA ITEM   4, CONTENTS: 0.24
 THE DV DATA ITEM IS POSITIVE, BUT THE MDV DATA ITEM IS 1
Recompiling certain components.
starting wait
ending wait
Exiting lpreddo
Compiling FSUBS
Building NONMEM Executable
Starting nonmem execution ...
License Registered to: <LICENSEE>
Expiration Date: <DATE>
Current Date: <DATE>
Days until program expires : <N>


 First Order Conditional Estimation with Interaction
 MONITORING OF SEARCH:


0ITERATION NO.:    0    OBJECTIVE VALUE:   127.729574651595        NO. OF FUNC. EVALS.:   7
 CUMULATIVE NO. OF FUNC. EVALS.:        7
 NPARAMETR:  1.5000E+00  3.0000E+00  3.0000E+01  5.0000E-01  1.0000E-01  4.0000E-01  1.0000E-01  5.0000E-02
 PARAMETER:  1.0000E-01  1.0000E-01  1.0000E-01  1.0000E-01  1.0000E-01  1.0000E-01  1.0000E-01  1.0000E-01
 GRADIENT:   5.3415E-03  1.6295E+01 -2.5440E+01 -1.2737E+00  6.1140E+00 -1.6803E-01  6.3125E+00  1.0438E+01

0ITERATION NO.:    5    OBJECTIVE VALUE:   122.508261613334        NO. OF FUNC. EVALS.:  41
 CUMULATIVE NO. OF FUNC. EVALS.:       48
 NPARAMETR:  1.5244E+00  2.6848E+00  3.0611E+01  6.0575E-01  7.0261E-02  3.7614E-01  7.8672E-02  1.6709E-02
 PARAMETER:  1.1613E-01 -1.1010E-02  1.2016E-01  2.9186E-01 -2.5296E-01  6.9252E-02 -1.9941E-02 -4.4805E-01
 GRADIENT:   8.7225E-02 -9.8632E+00 -4.0266E+01 -1.0573E+00 -1.0563E+00 -6.4519E-01  1.6114E+00 -1.0414E+00

0ITERATION NO.:   10    OBJECTIVE VALUE:   121.540637182861        NO. OF FUNC. EVALS.:  42
 CUMULATIVE NO. OF FUNC. EVALS.:       90
 NPARAMETR:  1.5318E+00  2.7328E+00  3.1791E+01  6.0210E-01  7.2723E-02  3.8704E-01  7.4425E-02  1.6024E-02
 PARAMETER:  1.2097E-01  6.6998E-03  1.5799E-01  2.8582E-01 -2.1851E-01  8.3530E-02 -4.7688E-02 -4.6897E-01
 GRADIENT:  -6.0824E-01 -3.2358E+00 -1.7395E+00 -8.1215E-02 -5.2687E-01  6.9765E-02  9.4087E-01 -9.3170E-01

0ITERATION NO.:   15    OBJECTIVE VALUE:   121.466065961310        NO. OF FUNC. EVALS.:  49
 CUMULATIVE NO. OF FUNC. EVALS.:      139
 NPARAMETR:  1.5475E+00  2.7627E+00  3.1865E+01  5.9283E-01  7.5474E-02  3.8753E-01  6.9101E-02  1.7762E-02
 PARAMETER:  1.3121E-01  1.7591E-02  1.6031E-01  2.7030E-01 -1.8138E-01  8.4169E-02 -8.4801E-02 -4.1748E-01
 GRADIENT:  -3.0813E-03  4.6685E-04 -1.5725E-02 -4.0935E-03 -1.0724E-03 -5.6536E-04  1.6220E-03 -1.2099E-04

0ITERATION NO.:   16    OBJECTIVE VALUE:   121.466065961310        NO. OF FUNC. EVALS.:  10
 CUMULATIVE NO. OF FUNC. EVALS.:      149
 NPARAMETR:  1.5475E+00  2.7627E+00  3.1865E+01  5.9283E-01  7.5474E-02  3.8753E-01  6.9101E-02  1.7762E-02
 PARAMETER:  1.3121E-01  1.7591E-02  1.6031E-01  2.7030E-01 -1.8138E-01  8.4169E-02 -8.4801E-02 -4.1748E-01
 GRADIENT:  -3.0813E-03  4.6685E-04 -1.5725E-02 -4.0935E-03 -1.0724E-03 -5.6536E-04  1.6220E-03 -1.2099E-04
 Elapsed estimation  time in seconds: <SEC>
 Elapsed covariance  time in seconds: <SEC>
 Elapsed postprocess time in seconds: <SEC>
 Elapsed finaloutput time in seconds: <SEC>
Done with nonmem execution
wall seconds: 14.3
