Changing directory to 130ss.R76
'pushdon' is not recognized as an internal or external command,
operable program or batch file.
Pathlist information for compiler and MPI systems are located in nmpathlist.txt

Starting NMTRAN
  
 WARNINGS AND ERRORS (IF ANY) FOR PROBLEM    1
             
 (WARNING  2) NM-TRAN INFERS THAT THE DATA ARE POPULATION.
Recompiling certain components.
starting wait
ending wait
Exiting lpreddo
Compiling FSUBS
Building NONMEM Executable
Starting nonmem execution ...
License Registered to: <LICENSEE>
Expiration Date: <DATE>
Current Date: <DATE>
Days until program expires : <N>


 First Order Conditional Estimation with Interaction
 MONITORING OF SEARCH:


0ITERATION NO.:    0    OBJECTIVE VALUE:  -108.577235508794        NO. OF FUNC. EVALS.:   7
 CUMULATIVE NO. OF FUNC. EVALS.:        7
 NPARAMETR:  1.0000E+00  3.0000E+00  4.0000E+01  5.0000E-02  1.0000E-01  1.0000E-01  1.0000E-01  5.0000E-02
 PARAMETER:  1.0000E-01  1.0000E-01  1.0000E-01  1.0000E-01  1.0000E-01  1.0000E-01  1.0000E-01  1.0000E-01
 GRADIENT:   9.6326E+00 -1.5063E+02 -1.1346E+02 -3.5481E+00 -8.7619E+01 -2.7143E+00 -3.3244E+01 -7.6843E+00

0ITERATION NO.:    5    OBJECTIVE VALUE:  -146.032422692905        NO. OF FUNC. EVALS.:  44
 CUMULATIVE NO. OF FUNC. EVALS.:       51
 NPARAMETR:  1.2070E+00  3.8675E+00  4.8168E+01  4.9708E-02  1.2062E-01  9.4523E-02  8.9271E-02  5.1349E-02
 PARAMETER:  2.8810E-01  3.5401E-01  2.8582E-01  9.4148E-02  2.8751E-01  7.1837E-02  4.3253E-02  1.1331E-01
 GRADIENT:   1.8391E+01 -1.1624E+01 -2.7838E+01  6.8187E-01  5.1083E+00  3.3472E+00 -2.4860E+00  8.0697E-01

0ITERATION NO.:   10    OBJECTIVE VALUE:  -147.640794877725        NO. OF FUNC. EVALS.:  42
 CUMULATIVE NO. OF FUNC. EVALS.:       93
 NPARAMETR:  1.1662E+00  3.9385E+00  5.0238E+01  4.4646E-02  1.2057E-01  4.3418E-02  9.2985E-02  5.7979E-02
 PARAMETER:  2.5374E-01  3.7218E-01  3.2790E-01 -1.3250E-02  2.8705E-01 -3.1715E-01  6.3633E-02  1.7403E-01
 GRADIENT:  -8.8957E-01  3.9438E-01  6.7732E-01  1.2530E-01 -9.2620E-01 -8.1669E-02  2.5637E-02 -2.8007E-01

0ITERATION NO.:   15    OBJECTIVE VALUE:  -147.649419570392        NO. OF FUNC. EVALS.:  40
 CUMULATIVE NO. OF FUNC. EVALS.:      133
 NPARAMETR:  1.1694E+00  3.9369E+00  5.0231E+01  4.1308E-02  1.2105E-01  4.3262E-02  9.2994E-02  5.8661E-02
 PARAMETER:  2.5650E-01  3.7178E-01  3.2775E-01 -9.0959E-02  2.9107E-01 -3.1895E-01  6.3684E-02  1.7987E-01
 GRADIENT:  -6.9775E-04 -4.5330E-04  9.4137E-05  5.2021E-05  3.4943E-04  5.4575E-04 -3.6156E-05  8.9107E-04

0ITERATION NO.:   20    OBJECTIVE VALUE:  -147.649438408492        NO. OF FUNC. EVALS.:  84
 CUMULATIVE NO. OF FUNC. EVALS.:      217
 NPARAMETR:  1.1695E+00  3.9378E+00  5.0233E+01  4.1308E-02  1.2106E-01  4.3233E-02  9.2994E-02  5.8667E-02
 PARAMETER:  2.5658E-01  3.7202E-01  3.2780E-01 -9.0960E-02  2.9110E-01 -3.1928E-01  6.3685E-02  1.7993E-01
 GRADIENT:  -1.2178E-03  1.9304E-03 -6.5668E-04  6.4861E-05 -1.2446E-04  1.2139E-04 -1.7447E-04  1.3608E-04

0ITERATION NO.:   23    OBJECTIVE VALUE:  -147.649438432739        NO. OF FUNC. EVALS.:  55
 CUMULATIVE NO. OF FUNC. EVALS.:      272
 NPARAMETR:  1.1695E+00  3.9378E+00  5.0233E+01  4.1300E-02  1.2106E-01  4.3231E-02  9.2995E-02  5.8667E-02
 PARAMETER:  2.5658E-01  3.7202E-01  3.2780E-01 -9.1162E-02  2.9110E-01 -3.1931E-01  6.3687E-02  1.7993E-01
 GRADIENT:  -4.6014E-04 -1.3283E-04 -3.6908E-04 -3.2919E-04 -2.8229E-03 -7.7652E-05  3.6040E-05  3.4887E-05
 Elapsed estimation  time in seconds: <SEC>
 Elapsed covariance  time in seconds: <SEC>
 Elapsed postprocess time in seconds: <SEC>
 Elapsed finaloutput time in seconds: <SEC>
Done with nonmem execution
wall seconds: 11.0
