Changing directory to pd102.R76
'pushdon' is not recognized as an internal or external command,
operable program or batch file.
Pathlist information for compiler and MPI systems are located in nmpathlist.txt

Starting NMTRAN
  
 WARNINGS AND ERRORS (IF ANY) FOR PROBLEM    1
             
 (WARNING  2) NM-TRAN INFERS THAT THE DATA ARE POPULATION.
  
Note: Analytical 2nd Derivatives are constructed in FSUBS but are never used.
      You may insert $ABBR DERIV2=NO after the first $PROB to save FSUBS construction and compilation time
  
Recompiling certain components.
starting wait
ending wait
Exiting lpreddo
Compiling FSUBS
Building NONMEM Executable
Starting nonmem execution ...
License Registered to: <LICENSEE>
Expiration Date: <DATE>
Current Date: <DATE>
Days until program expires : <N>


 First Order Conditional Estimation with Interaction
 MONITORING OF SEARCH:


0ITERATION NO.:    0    OBJECTIVE VALUE:   555.428150624611        NO. OF FUNC. EVALS.:  11
 CUMULATIVE NO. OF FUNC. EVALS.:       11
 NPARAMETR:  5.0000E+00  4.0000E+01  8.0000E-01  2.0000E-01  1.5000E+00  2.0000E+00  2.0000E-01  4.0000E-01  1.5000E-01  1.0000E-01
             5.0000E-02  2.0000E-01  3.0000E-01
 PARAMETER:  1.0000E-01  1.0000E-01  1.0000E-01  1.0000E-01  1.0000E-01  1.0000E-01  1.0000E-01  1.0000E-01  1.0000E-01  1.0000E-01
             1.0000E-01  1.0000E-01  1.0000E-01
 GRADIENT:  -5.8298E+01  7.1271E+01 -7.8335E+01 -1.3393E+02 -6.8799E+02  2.1699E+02  2.5792E+02 -2.2619E+01 -6.9827E+01  1.3989E+01
             5.1043E+01 -1.1180E+02 -1.9908E+02

0ITERATION NO.:    5    OBJECTIVE VALUE:   395.498970702254        NO. OF FUNC. EVALS.:  60
 CUMULATIVE NO. OF FUNC. EVALS.:       71
 NPARAMETR:  4.9943E+00  3.7603E+01  7.8127E-01  1.5587E-01  2.1282E+00  1.9424E+00  1.3394E-01  3.9845E-01  1.4624E-01  1.0015E-01
             3.3537E-02  3.9533E-01  1.2444E+00
 PARAMETER:  9.8862E-02  3.8193E-02  7.6309E-02 -1.4926E-01  4.4983E-01  7.0775E-02 -3.0089E-01  9.6127E-02  7.4587E-02  1.0077E-01
            -9.9682E-02  4.4070E-01  8.1132E-01
 GRADIENT:  -1.2318E+01 -2.4077E+02 -2.4293E+01  4.9443E+00  1.8909E+02 -1.8980E+01 -1.0836E+02  1.6054E+01  5.8796E+01  2.2171E+00
            -2.4782E+01  6.0649E+01  6.1883E+01

0ITERATION NO.:   10    OBJECTIVE VALUE:   382.962575964199        NO. OF FUNC. EVALS.:  63
 CUMULATIVE NO. OF FUNC. EVALS.:      134
 NPARAMETR:  5.0351E+00  3.7743E+01  8.0987E-01  1.2132E-01  1.6871E+00  9.9219E-01  1.3350E-01  4.1225E-01  1.4368E-01  9.8317E-02
             3.1397E-02  2.6756E-01  2.3942E+00
 PARAMETER:  1.0700E-01  4.1932E-02  1.1227E-01 -3.9992E-01  2.1754E-01 -6.0099E-01 -3.0425E-01  1.3015E-01  5.6985E-02  9.1515E-02
            -1.3266E-01  2.4551E-01  1.1385E+00
 GRADIENT:   3.5376E+00 -2.1967E+02 -9.8300E+00 -3.2971E+01  6.3870E+01 -5.0009E+00 -1.1711E+02 -1.8823E+00  1.0877E+01  4.3279E-01
            -3.5129E+01  1.5056E+01  5.8603E+01

0ITERATION NO.:   15    OBJECTIVE VALUE:   360.407294548382        NO. OF FUNC. EVALS.:  62
 CUMULATIVE NO. OF FUNC. EVALS.:      196
 NPARAMETR:  5.0526E+00  3.9065E+01  8.0065E-01  1.5210E-01  1.7220E+00  1.2056E+00  1.4484E-01  4.6574E-01  1.3838E-01  8.7609E-02
             3.8497E-02  2.7129E-01  1.4305E+00
 PARAMETER:  1.1046E-01  7.6338E-02  1.0081E-01 -1.7378E-01  2.3801E-01 -4.0618E-01 -2.2268E-01  2.5217E-01  1.9387E-02  3.3855E-02
            -3.0723E-02  2.5244E-01  8.8099E-01
 GRADIENT:   1.6359E+00 -3.1108E+01  1.2091E+01  1.3428E+01  4.4746E+01 -7.8599E+00 -2.0491E+01  1.8485E+01  4.3819E+01 -2.5546E+01
             6.9521E+00  1.3326E+01  1.9454E+01

0ITERATION NO.:   20    OBJECTIVE VALUE:   356.908332800918        NO. OF FUNC. EVALS.:  60
 CUMULATIVE NO. OF FUNC. EVALS.:      256
 NPARAMETR:  5.0525E+00  3.9309E+01  8.0593E-01  1.4735E-01  1.7483E+00  1.3427E+00  1.4758E-01  5.3127E-01  1.2482E-01  9.8989E-02
             3.6136E-02  2.6087E-01  1.1948E+00
 PARAMETER:  1.1045E-01  8.2566E-02  1.0738E-01 -2.0549E-01  2.5316E-01 -2.9843E-01 -2.0395E-01  3.8381E-01 -8.3735E-02  9.4920E-02
            -6.2371E-02  2.3285E-01  7.9098E-01
 GRADIENT:   8.3945E-01 -6.7043E+00 -2.5133E+00  7.6574E-01  1.5076E+00  1.7324E+00 -1.9708E+00  3.1289E+00  7.5106E+00  4.5448E-01
            -2.2055E-01  1.2369E+00  3.3030E+00

0ITERATION NO.:   25    OBJECTIVE VALUE:   356.566629685876        NO. OF FUNC. EVALS.:  60
 CUMULATIVE NO. OF FUNC. EVALS.:      316
 NPARAMETR:  5.0512E+00  3.9371E+01  8.1196E-01  1.4409E-01  1.7474E+00  1.3169E+00  1.4810E-01  6.0285E-01  1.0920E-01  9.9735E-02
             3.6080E-02  2.5837E-01  1.1780E+00
 PARAMETER:  1.1020E-01  8.4141E-02  1.1484E-01 -2.2787E-01  2.5267E-01 -3.1787E-01 -2.0045E-01  5.1020E-01 -2.1749E-01  9.8675E-02
            -6.3137E-02  2.2803E-01  7.8391E-01
 GRADIENT:  -2.3033E-01  1.3585E-01 -4.7761E-01 -4.6390E-01  9.3365E-02 -9.1905E-02  1.3005E+00 -5.5074E-01  6.3330E-01  1.9853E+00
            -2.2954E-01 -1.3853E-01  1.5364E-01

0ITERATION NO.:   30    OBJECTIVE VALUE:   356.512140152463        NO. OF FUNC. EVALS.:  60
 CUMULATIVE NO. OF FUNC. EVALS.:      376
 NPARAMETR:  5.0517E+00  3.9367E+01  8.1373E-01  1.4347E-01  1.7499E+00  1.3216E+00  1.4794E-01  6.4101E-01  9.9320E-02  9.8790E-02
             3.6154E-02  2.5822E-01  1.1731E+00
 PARAMETER:  1.1029E-01  8.4042E-02  1.1702E-01 -2.3221E-01  2.5410E-01 -3.1427E-01 -2.0154E-01  5.7158E-01 -3.1229E-01  9.3912E-02
            -6.2115E-02  2.2775E-01  7.8180E-01
 GRADIENT:  -7.5583E-02  2.7696E-01  5.1709E-02 -1.8121E-02  2.7156E-01 -4.8010E-02  1.0369E-01  1.5393E-01  1.5435E-01  6.8147E-02
            -6.0804E-04  7.3805E-03 -7.4901E-02

0ITERATION NO.:   35    OBJECTIVE VALUE:   356.511674385985        NO. OF FUNC. EVALS.:  98
 CUMULATIVE NO. OF FUNC. EVALS.:      474
 NPARAMETR:  5.0521E+00  3.9365E+01  8.1368E-01  1.4343E-01  1.7494E+00  1.3210E+00  1.4792E-01  6.4461E-01  9.8290E-02  9.8756E-02
             3.6156E-02  2.5813E-01  1.1749E+00
 PARAMETER:  1.1036E-01  8.3986E-02  1.1696E-01 -2.3249E-01  2.5383E-01 -3.1479E-01 -2.0163E-01  5.7718E-01 -3.2272E-01  9.3740E-02
            -6.2090E-02  2.2758E-01  7.8259E-01
 GRADIENT:   4.0561E-03 -6.0105E-03  8.9289E-04  9.3525E-04 -1.9123E-02  1.4014E-03 -1.5000E-03  2.6282E-02  1.4691E-02  5.2577E-03
             2.7736E-04 -5.2495E-03  2.9873E-03
 Elapsed estimation  time in seconds: <SEC>
 Elapsed covariance  time in seconds: <SEC>
 Elapsed postprocess time in seconds: <SEC>
 Elapsed finaloutput time in seconds: <SEC>
Done with nonmem execution
