<DATE>
<TIME>
$PROB NRS PD, OBS-BASELINE (TIME 0 NRS AS COVARIATE)   P:pd100  F:LB=logit(BSL)
$INPUT ID ARM DOSE TIME DV DVID MDV BSL BFLG
$DATA ../../data/pd-sim.csv IGNORE=@ IGNORE=(BFLG.EQ.1)
$PRED
  CL   = THETA(1) * EXP(ETA(1))
  V    = THETA(2) * EXP(ETA(2))
  BS   = BSL
  IF (BS.GT.9.9) BS = 9.9                   ; logit needs BSL < 10
  IF (BS.LT.0.1) BS = 0.1
  LB   = LOG(BS / (10 - BS))                ; baseline logit from the observed value
  PLMX = THETA(3) * EXP(ETA(3))
  KPL  = THETA(4)
  EMAX = THETA(5)
  EC50 = THETA(6) * EXP(ETA(4))

  CONC = DOSE / V * EXP(-CL / V * TIME)
  IF (TIME.LE.0) CONC = 0                   ; the baseline score is taken before the dose
  PL   = PLMX * (1 - EXP(-KPL * TIME))
  DR   = EMAX * CONC / (EC50 + CONC)
  L    = LB - PL - DR
  NRS  = 10 * EXP(L) / (1 + EXP(L))

  F    = CONC
  IF (DVID.EQ.2) F = NRS
  IPRE = F
  W    = 1
  IF (DVID.EQ.1) W = THETA(7) * IPRE
  IF (DVID.EQ.2) W = SQRT(THETA(8)**2 + THETA(9)**2 * IPRE * (10 - IPRE))
  IF (W.LT.1E-6) W = 1E-6
  IRES = DV - IPRE
  IWRE = IRES / W
  Y    = IPRE + W * EPS(1)

$THETA
  (0, 5)       ; CL (L/h)
  (0, 40)      ; V (L)
  (0, 0.8)     ; PLMAX (logit)
  (0, 0.2)     ; KPL (1/h)
  (0, 1.5)     ; EMAX (logit)
  (0, 2)       ; EC50 (mg/L)
  (0, 0.2)     ; PK proportional error CV
  (0, 0.4)     ; NRS error, floor SD
  (0, 0.15)    ; NRS error, bounded-scale coefficient

$OMEGA
  0.1          ; CL
  0.05         ; V
  0.2          ; PLMAX
  0.3          ; EC50

$SIGMA 1 FIX

$EST MAX=9999 PRINT=5 METHOD=COND INTER NSIG=3 SIGL=9
     NOABORT NOTBT NOOBT NOSBT
$COV UNCOND PRINT=ERS
$TAB ID TIME DVID ARM DOSE DV MDV IPRE IWRE CWRES
     ONEHEADER NOPRINT FILE=sdtab
$TAB ID CL V PLMX EC50 ETA1 ETA2 ETA3 ETA4
     ONEHEADER NOPRINT NOAPPEND FILE=patab
$TAB ID DOSE BSL
     ONEHEADER NOPRINT NOAPPEND FILE=cotab
$TAB ID ARM
     ONEHEADER NOPRINT NOAPPEND FILE=catab
  
NM-TRAN MESSAGES 
  
 WARNINGS AND ERRORS (IF ANY) FOR PROBLEM    1
             
 (WARNING  2) NM-TRAN INFERS THAT THE DATA ARE POPULATION.
  
Note: Analytical 2nd Derivatives are constructed in FSUBS but are never used.
      You may insert $ABBR DERIV2=NO after the first $PROB to save FSUBS construction and compilation time
  
  
License Registered to: <LICENSEE>
Expiration Date: <DATE>
Current Date: <DATE>
Days until program expires : <N>

NONLINEAR MIXED EFFECTS MODEL PROGRAM (NONMEM) VERSION 7.6.0 (nm760)
ORIGINALLY DEVELOPED BY STUART BEAL, LEWIS SHEINER, AND ALISON BOECKMANN
CURRENT DEVELOPERS ARE ROBERT BAUER, ICON DEVELOPMENT SOLUTIONS,
AND ALISON BOECKMANN. IMPLEMENTATION, EFFICIENCY, AND STANDARDIZATION
PERFORMED BY NOUS INFOSYSTEMS.

PROBLEM NO.:         1
NRS PD, OBS-BASELINE (TIME 0 NRS AS COVARIATE)   P:pd100  F:LB=logit(BSL

DATA CHECKOUT RUN:              NO
DATA SET LOCATED ON UNIT NO.:    2
THIS UNIT TO BE REWOUND:        NO
CREATE/ADD TO FDATA.csv:        YES
NO. OF DATA RECS IN DATA SET:     1760
NO. OF DATA ITEMS IN DATA SET:   9
ID DATA ITEM IS DATA ITEM NO.:   1
DEP VARIABLE IS DATA ITEM NO.:   5
MDV DATA ITEM IS DATA ITEM NO.:  7

LABELS FOR DATA ITEMS:
ID ARM DOSE TIME DV DVID MDV BSL BFLG

(NONBLANK) LABELS FOR PRED-DEFINED ITEMS:
CL V PLMX EC50 IPRE IWRE

FORMAT FOR DATA:
(9E6.0)

TOT. NO. OF OBS RECS:     1760
TOT. NO. OF INDIVIDUALS:      160

LENGTH OF THETA:   9

DEFAULT THETA BOUNDARY TEST OMITTED:   YES

OMEGA HAS SIMPLE DIAGONAL FORM WITH DIMENSION:   4

DEFAULT OMEGA BOUNDARY TEST OMITTED:   YES

SIGMA HAS SIMPLE DIAGONAL FORM WITH DIMENSION:   1

DEFAULT SIGMA BOUNDARY TEST OMITTED:   YES

INITIAL ESTIMATE OF THETA:
LOWER BOUND    INITIAL EST    UPPER BOUND
 0.0000E+00     0.5000E+01     0.1000E+07
 0.0000E+00     0.4000E+02     0.1000E+07
 0.0000E+00     0.8000E+00     0.1000E+07
 0.0000E+00     0.2000E+00     0.1000E+07
 0.0000E+00     0.1500E+01     0.1000E+07
 0.0000E+00     0.2000E+01     0.1000E+07
 0.0000E+00     0.2000E+00     0.1000E+07
 0.0000E+00     0.4000E+00     0.1000E+07
 0.0000E+00     0.1500E+00     0.1000E+07

INITIAL ESTIMATE OF OMEGA:
0.1000E+00
0.0000E+00   0.5000E-01
0.0000E+00   0.0000E+00   0.2000E+00
0.0000E+00   0.0000E+00   0.0000E+00   0.3000E+00

INITIAL ESTIMATE OF SIGMA:
0.1000E+01

SIGMA CONSTRAINED TO BE THIS INITIAL ESTIMATE

COVARIANCE STEP OMITTED:        NO
R MATRIX PRINTED:              YES
S MATRIX PRINTED:              YES
EIGENVLS. PRINTED:             YES
SPECIAL COMPUTATION:            NO
COMPRESSED FORMAT:              NO
GRADIENT METHOD USED:     NOSLOW
SIGDIGITS ETAHAT (SIGLO):                  -1
SIGDIGITS GRADIENTS (SIGL):                -1
EXCLUDE COV FOR FOCE (NOFCOV):              NO
Cholesky Transposition of R Matrix (CHOLROFF):0
KNUTHSUMOFF:                                -1
RESUME COV ANALYSIS (RESUME):               NO
SIR SAMPLE SIZE (SIRSAMPLE):
NON-LINEARLY TRANSFORM THETAS DURING COV (THBND): 1
PRECONDTIONING CYCLES (PRECOND):        0
PRECONDTIONING TYPES (PRECONDS):        TOS
FORCED PRECONDTIONING CYCLES (PFCOND):0
PRECONDTIONING TYPE (PRETYPE):        0
FORCED POS. DEFINITE SETTING DURING PRECONDITIONING: (FPOSDEF):0
SIMPLE POS. DEFINITE SETTING: (POSDEF):-1

TABLES STEP OMITTED:    NO
NO. OF TABLES:           4
SEED NUMBER (SEED):    11456
NPDTYPE:    0
INTERPTYPE:    0
RANMETHOD:             3U
MC SAMPLES (ESAMPLE):    300
WRES SQUARE ROOT TYPE (WRESCHOL): EIGENVALUE

-- TABLE   1 --

RECORDS ONLY:    ALL

4 COLUMNS APPENDED:    YES
PRINTED:                NO
HEADERS:               ONE
FILE TO BE FORWARDED:   NO
FORMAT:                S1PE11.4
IDFORMAT:
LFORMAT:
RFORMAT:
FIXED_EFFECT_ETAS:

USER-CHOSEN ITEMS:
ID TIME DVID ARM DOSE DV MDV IPRE IWRE CWRES

-- TABLE   2 --

RECORDS ONLY:    ALL

4 COLUMNS APPENDED:    NO
PRINTED:                NO
HEADERS:               ONE
FILE TO BE FORWARDED:   NO
FORMAT:                S1PE11.4
IDFORMAT:
LFORMAT:
RFORMAT:
FIXED_EFFECT_ETAS:

USER-CHOSEN ITEMS:
ID CL V PLMX EC50 ETA1 ETA2 ETA3 ETA4

-- TABLE   3 --

RECORDS ONLY:    ALL

4 COLUMNS APPENDED:    NO
PRINTED:                NO
HEADERS:               ONE
FILE TO BE FORWARDED:   NO
FORMAT:                S1PE11.4
IDFORMAT:
LFORMAT:
RFORMAT:
FIXED_EFFECT_ETAS:

USER-CHOSEN ITEMS:
ID DOSE BSL

-- TABLE   4 --

RECORDS ONLY:    ALL

4 COLUMNS APPENDED:    NO
PRINTED:                NO
HEADERS:               ONE
FILE TO BE FORWARDED:   NO
FORMAT:                S1PE11.4
IDFORMAT:
LFORMAT:
RFORMAT:
FIXED_EFFECT_ETAS:

USER-CHOSEN ITEMS:
ID ARM




#TBLN:      1
#METH: First Order Conditional Estimation with Interaction

ESTIMATION STEP OMITTED:                 NO
SHRINK INFO WITH EVALUATION (EVALSHRINK) NO
ANALYSIS TYPE:                           POPULATION
NUMBER OF SADDLE POINT RESET ITERATIONS:      0
GRADIENT METHOD USED:               NOSLOW
CONDITIONAL ESTIMATES USED:              YES
CENTERED ETA:                            NO
EPS-ETA INTERACTION:                     YES
LAPLACIAN OBJ. FUNC.:                    NO
NO. OF FUNCT. EVALS. ALLOWED:            9999
NO. OF SIG. FIGURES REQUIRED:            3
INTERMEDIATE PRINTOUT:                   YES
ESTIMATE OUTPUT TO MSF:                  NO
ABORT WITH PRED EXIT CODE 1:             NO
IND. OBJ. FUNC. VALUES SORTED:           NO
NUMERICAL DERIVATIVE
      FILE REQUEST (NUMDER):               NONE
MAP (ETAHAT) ESTIMATION METHOD (OPTMAP):   0
ETA HESSIAN EVALUATION METHOD (ETADER):    0
INITIAL ETA FOR MAP ESTIMATION (MCETA):    0
SIGDIGITS FOR MAP ESTIMATION (SIGLO):      9
GRADIENT SIGDIGITS OF
      FIXED EFFECTS PARAMETERS (SIGL):     9
NOPRIOR SETTING (NOPRIOR):                 0
NOCOV SETTING (NOCOV):                     OFF
DERCONT SETTING (DERCONT):                 OFF
FINAL ETA RE-EVALUATION (FNLETA):          1
EXCLUDE NON-INFLUENTIAL (NON-INFL.) ETAS
      IN SHRINKAGE (ETASTYPE):             NO
NON-INFL. ETA CORRECTION (NONINFETA):      0
RAW OUTPUT FILE (FILE): pd102.ext
EXCLUDE TITLE (NOTITLE):                   NO
EXCLUDE COLUMN LABELS (NOLABEL):           NO
FORMAT FOR ADDITIONAL FILES (FORMAT):      S1PE12.5
PARAMETER ORDER FOR OUTPUTS (ORDER):       TSOL
KNUTHSUMOFF:                               0
INCLUDE LNTWOPI:                           NO
INCLUDE CONSTANT TERM TO PRIOR (PRIORC):   NO
INCLUDE CONSTANT TERM TO OMEGA (ETA) (OLNTWOPI):NO
ADDITIONAL CONVERGENCE TEST (CTYPE=4)?:    NO
EM OR BAYESIAN METHOD USED:                 NONE


THE FOLLOWING LABELS ARE EQUIVALENT
PRED=PREDI
RES=RESI
WRES=WRESI
IWRS=IWRESI
IPRD=IPREDI
IRS=IRESI

MONITORING OF SEARCH:



ITERATION NO.:    0    OBJECTIVE VALUE:   555.428150624611        NO. OF FUNC. EVALS.:  11
CUMULATIVE NO. OF FUNC. EVALS.:       11
NPARAMETR:  5.0000E+00  4.0000E+01  8.0000E-01  2.0000E-01  1.5000E+00  2.0000E+00  2.0000E-01  4.0000E-01  1.5000E-01  1.0000E-01
            5.0000E-02  2.0000E-01  3.0000E-01
PARAMETER:  1.0000E-01  1.0000E-01  1.0000E-01  1.0000E-01  1.0000E-01  1.0000E-01  1.0000E-01  1.0000E-01  1.0000E-01  1.0000E-01
            1.0000E-01  1.0000E-01  1.0000E-01
GRADIENT:  -5.8298E+01  7.1271E+01 -7.8335E+01 -1.3393E+02 -6.8799E+02  2.1699E+02  2.5792E+02 -2.2619E+01 -6.9827E+01  1.3989E+01
            5.1043E+01 -1.1180E+02 -1.9908E+02


ITERATION NO.:    5    OBJECTIVE VALUE:   395.498970702254        NO. OF FUNC. EVALS.:  60
CUMULATIVE NO. OF FUNC. EVALS.:       71
NPARAMETR:  4.9943E+00  3.7603E+01  7.8127E-01  1.5587E-01  2.1282E+00  1.9424E+00  1.3394E-01  3.9845E-01  1.4624E-01  1.0015E-01
            3.3537E-02  3.9533E-01  1.2444E+00
PARAMETER:  9.8862E-02  3.8193E-02  7.6309E-02 -1.4926E-01  4.4983E-01  7.0775E-02 -3.0089E-01  9.6127E-02  7.4587E-02  1.0077E-01
           -9.9682E-02  4.4070E-01  8.1132E-01
GRADIENT:  -1.2318E+01 -2.4077E+02 -2.4293E+01  4.9443E+00  1.8909E+02 -1.8980E+01 -1.0836E+02  1.6054E+01  5.8796E+01  2.2171E+00
           -2.4782E+01  6.0649E+01  6.1883E+01


ITERATION NO.:   10    OBJECTIVE VALUE:   382.962575964199        NO. OF FUNC. EVALS.:  63
CUMULATIVE NO. OF FUNC. EVALS.:      134
NPARAMETR:  5.0351E+00  3.7743E+01  8.0987E-01  1.2132E-01  1.6871E+00  9.9219E-01  1.3350E-01  4.1225E-01  1.4368E-01  9.8317E-02
            3.1397E-02  2.6756E-01  2.3942E+00
PARAMETER:  1.0700E-01  4.1932E-02  1.1227E-01 -3.9992E-01  2.1754E-01 -6.0099E-01 -3.0425E-01  1.3015E-01  5.6985E-02  9.1515E-02
           -1.3266E-01  2.4551E-01  1.1385E+00
GRADIENT:   3.5376E+00 -2.1967E+02 -9.8300E+00 -3.2971E+01  6.3870E+01 -5.0009E+00 -1.1711E+02 -1.8823E+00  1.0877E+01  4.3279E-01
           -3.5129E+01  1.5056E+01  5.8603E+01


ITERATION NO.:   15    OBJECTIVE VALUE:   360.407294548382        NO. OF FUNC. EVALS.:  62
CUMULATIVE NO. OF FUNC. EVALS.:      196
NPARAMETR:  5.0526E+00  3.9065E+01  8.0065E-01  1.5210E-01  1.7220E+00  1.2056E+00  1.4484E-01  4.6574E-01  1.3838E-01  8.7609E-02
            3.8497E-02  2.7129E-01  1.4305E+00
PARAMETER:  1.1046E-01  7.6338E-02  1.0081E-01 -1.7378E-01  2.3801E-01 -4.0618E-01 -2.2268E-01  2.5217E-01  1.9387E-02  3.3855E-02
           -3.0723E-02  2.5244E-01  8.8099E-01
GRADIENT:   1.6359E+00 -3.1108E+01  1.2091E+01  1.3428E+01  4.4746E+01 -7.8599E+00 -2.0491E+01  1.8485E+01  4.3819E+01 -2.5546E+01
            6.9521E+00  1.3326E+01  1.9454E+01


ITERATION NO.:   20    OBJECTIVE VALUE:   356.908332800918        NO. OF FUNC. EVALS.:  60
CUMULATIVE NO. OF FUNC. EVALS.:      256
NPARAMETR:  5.0525E+00  3.9309E+01  8.0593E-01  1.4735E-01  1.7483E+00  1.3427E+00  1.4758E-01  5.3127E-01  1.2482E-01  9.8989E-02
            3.6136E-02  2.6087E-01  1.1948E+00
PARAMETER:  1.1045E-01  8.2566E-02  1.0738E-01 -2.0549E-01  2.5316E-01 -2.9843E-01 -2.0395E-01  3.8381E-01 -8.3735E-02  9.4920E-02
           -6.2371E-02  2.3285E-01  7.9098E-01
GRADIENT:   8.3945E-01 -6.7043E+00 -2.5133E+00  7.6574E-01  1.5076E+00  1.7324E+00 -1.9708E+00  3.1289E+00  7.5106E+00  4.5448E-01
           -2.2055E-01  1.2369E+00  3.3030E+00


ITERATION NO.:   25    OBJECTIVE VALUE:   356.566629685876        NO. OF FUNC. EVALS.:  60
CUMULATIVE NO. OF FUNC. EVALS.:      316
NPARAMETR:  5.0512E+00  3.9371E+01  8.1196E-01  1.4409E-01  1.7474E+00  1.3169E+00  1.4810E-01  6.0285E-01  1.0920E-01  9.9735E-02
            3.6080E-02  2.5837E-01  1.1780E+00
PARAMETER:  1.1020E-01  8.4141E-02  1.1484E-01 -2.2787E-01  2.5267E-01 -3.1787E-01 -2.0045E-01  5.1020E-01 -2.1749E-01  9.8675E-02
           -6.3137E-02  2.2803E-01  7.8391E-01
GRADIENT:  -2.3033E-01  1.3585E-01 -4.7761E-01 -4.6390E-01  9.3365E-02 -9.1905E-02  1.3005E+00 -5.5074E-01  6.3330E-01  1.9853E+00
           -2.2954E-01 -1.3853E-01  1.5364E-01


ITERATION NO.:   30    OBJECTIVE VALUE:   356.512140152463        NO. OF FUNC. EVALS.:  60
CUMULATIVE NO. OF FUNC. EVALS.:      376
NPARAMETR:  5.0517E+00  3.9367E+01  8.1373E-01  1.4347E-01  1.7499E+00  1.3216E+00  1.4794E-01  6.4101E-01  9.9320E-02  9.8790E-02
            3.6154E-02  2.5822E-01  1.1731E+00
PARAMETER:  1.1029E-01  8.4042E-02  1.1702E-01 -2.3221E-01  2.5410E-01 -3.1427E-01 -2.0154E-01  5.7158E-01 -3.1229E-01  9.3912E-02
           -6.2115E-02  2.2775E-01  7.8180E-01
GRADIENT:  -7.5583E-02  2.7696E-01  5.1709E-02 -1.8121E-02  2.7156E-01 -4.8010E-02  1.0369E-01  1.5393E-01  1.5435E-01  6.8147E-02
           -6.0804E-04  7.3805E-03 -7.4901E-02


ITERATION NO.:   35    OBJECTIVE VALUE:   356.511674385985        NO. OF FUNC. EVALS.:  98
CUMULATIVE NO. OF FUNC. EVALS.:      474
NPARAMETR:  5.0521E+00  3.9365E+01  8.1368E-01  1.4343E-01  1.7494E+00  1.3210E+00  1.4792E-01  6.4461E-01  9.8290E-02  9.8756E-02
            3.6156E-02  2.5813E-01  1.1749E+00
PARAMETER:  1.1036E-01  8.3986E-02  1.1696E-01 -2.3249E-01  2.5383E-01 -3.1479E-01 -2.0163E-01  5.7718E-01 -3.2272E-01  9.3740E-02
           -6.2090E-02  2.2758E-01  7.8259E-01
GRADIENT:   4.0561E-03 -6.0105E-03  8.9289E-04  9.3525E-04 -1.9123E-02  1.4014E-03 -1.5000E-03  2.6282E-02  1.4691E-02  5.2577E-03
            2.7736E-04 -5.2495E-03  2.9873E-03

#TERM:

MINIMIZATION SUCCESSFUL
NO. OF FUNCTION EVALUATIONS USED:      474
NO. OF SIG. DIGITS IN FINAL EST.:  3.6

ETABAR IS THE ARITHMETIC MEAN OF THE ETA-ESTIMATES,
AND THE P-VALUE IS GIVEN FOR THE NULL HYPOTHESIS THAT THE TRUE MEAN IS 0.

ETABAR:         5.8632E-03 -7.1002E-03  5.4367E-02  5.1697E-02
SE:             2.0331E-02  1.1200E-02  3.4020E-02  6.1388E-02
N:                     160         160         160         160

P VAL.:         7.7305E-01  5.2612E-01  1.1002E-01  3.9971E-01

ETASHRINKSD(%)  1.8144E+01  2.5400E+01  1.4629E+01  2.8204E+01
ETASHRINKVR(%)  3.2996E+01  4.4349E+01  2.7118E+01  4.8453E+01
EBVSHRINKSD(%)  1.6998E+01  2.4854E+01  1.6544E+01  2.2623E+01
EBVSHRINKVR(%)  3.1107E+01  4.3531E+01  3.0351E+01  4.0129E+01
RELATIVEINF(%)  6.8849E+01  5.6323E+01  6.7667E+01  5.8138E+01
EPSSHRINKSD(%)  1.1665E+01
EPSSHRINKVR(%)  2.1969E+01

 
TOTAL DATA POINTS NORMALLY DISTRIBUTED (N):         1760
N*LOG(2PI) CONSTANT TO OBJECTIVE FUNCTION:    3234.6636368804479     
OBJECTIVE FUNCTION VALUE WITHOUT CONSTANT:    356.51167438598520     
OBJECTIVE FUNCTION VALUE WITH CONSTANT:       3591.1753112664333     
REPORTED OBJECTIVE FUNCTION DOES NOT CONTAIN CONSTANT
 
TOTAL EFFECTIVE ETAS (NIND*NETA):                           520
 
#TERE:
Elapsed estimation  time in seconds: <SEC>
Elapsed covariance  time in seconds: <SEC>
Elapsed postprocess time in seconds: <SEC>






















************************************************************************************************************************
********************                                                                                ********************
********************               FIRST ORDER CONDITIONAL ESTIMATION WITH INTERACTION              ********************
#OBJT:**************                       MINIMUM VALUE OF OBJECTIVE FUNCTION                      ********************
********************                                                                                ********************
************************************************************************************************************************






#OBJV:********************************************           356.512       *********************************************


************************************************************************************************************************
********************                                                                                ********************
********************               FIRST ORDER CONDITIONAL ESTIMATION WITH INTERACTION              ********************
********************                             FINAL PARAMETER ESTIMATE                           ********************
********************                                                                                ********************
************************************************************************************************************************



THETA - VECTOR OF FIXED EFFECTS PARAMETERS   *********


        TH 1      TH 2      TH 3      TH 4      TH 5      TH 6      TH 7      TH 8      TH 9     

        5.05E+00  3.94E+01  8.14E-01  1.43E-01  1.75E+00  1.32E+00  1.48E-01  6.45E-01  9.83E-02



OMEGA - COV MATRIX FOR RANDOM EFFECTS - ETAS  ********


        ETA1      ETA2      ETA3      ETA4     

ETA1    9.88E-02

ETA2    0.00E+00  3.62E-02

ETA3    0.00E+00  0.00E+00  2.58E-01

ETA4    0.00E+00  0.00E+00  0.00E+00  1.17E+00



SIGMA - COV MATRIX FOR RANDOM EFFECTS - EPSILONS  ****


        EPS1     

EPS1    1.00E+00





OMEGA - CORR MATRIX FOR RANDOM EFFECTS - ETAS  *******


        ETA1      ETA2      ETA3      ETA4     

ETA1    3.14E-01

ETA2    0.00E+00  1.90E-01

ETA3    0.00E+00  0.00E+00  5.08E-01

ETA4    0.00E+00  0.00E+00  0.00E+00  1.08E+00



SIGMA - CORR MATRIX FOR RANDOM EFFECTS - EPSILONS  ***


        EPS1     

EPS1    1.00E+00



************************************************************************************************************************
********************                                                                                ********************
********************               FIRST ORDER CONDITIONAL ESTIMATION WITH INTERACTION              ********************
********************                            STANDARD ERROR OF ESTIMATE                          ********************
********************                                                                                ********************
************************************************************************************************************************



THETA - VECTOR OF FIXED EFFECTS PARAMETERS   *********


        TH 1      TH 2      TH 3      TH 4      TH 5      TH 6      TH 7      TH 8      TH 9     

        1.53E-01  7.93E-01  6.32E-02  2.18E-02  1.53E-01  3.50E-01  6.96E-03  2.55E-01  7.26E-02



OMEGA - COV MATRIX FOR RANDOM EFFECTS - ETAS  ********


        ETA1      ETA2      ETA3      ETA4     

ETA1    1.28E-02

ETA2   .........  6.94E-03

ETA3   ......... .........  5.02E-02

ETA4   ......... ......... .........  3.42E-01



SIGMA - COV MATRIX FOR RANDOM EFFECTS - EPSILONS  ****


        EPS1     

EPS1   .........





OMEGA - CORR MATRIX FOR RANDOM EFFECTS - ETAS  *******


        ETA1      ETA2      ETA3      ETA4     

ETA1    2.03E-02

ETA2   .........  1.83E-02

ETA3   ......... .........  4.95E-02

ETA4   ......... ......... .........  1.58E-01



SIGMA - CORR MATRIX FOR RANDOM EFFECTS - EPSILONS  ***


        EPS1     

EPS1   .........



************************************************************************************************************************
********************                                                                                ********************
********************               FIRST ORDER CONDITIONAL ESTIMATION WITH INTERACTION              ********************
********************                          COVARIANCE MATRIX OF ESTIMATE                         ********************
********************                                                                                ********************
************************************************************************************************************************


           TH 1      TH 2      TH 3      TH 4      TH 5      TH 6      TH 7      TH 8      TH 9      OM11      OM12      OM13  
            OM14      OM22      OM23      OM24      OM33      OM34      OM44      SG11  

TH 1    2.34E-02

TH 2    5.00E-03  6.28E-01

TH 3    5.11E-04  3.53E-03  3.99E-03

TH 4   -1.07E-04 -2.77E-03 -7.64E-04  4.75E-04

TH 5   -1.03E-04 -1.83E-03  5.94E-03 -6.22E-04  2.35E-02

TH 6   -1.71E-03 -1.89E-02  8.22E-03  8.88E-04  4.66E-02  1.23E-01

TH 7    2.57E-04  1.01E-04  3.75E-05 -1.91E-06  4.90E-06 -2.05E-05  4.85E-05

TH 8    3.48E-04  1.30E-02  2.76E-03  4.33E-04  2.80E-03  1.20E-02 -7.86E-05  6.51E-02

TH 9   -7.31E-05 -3.82E-03 -9.82E-04 -7.64E-05 -1.04E-03 -3.81E-03  2.50E-05 -1.84E-02  5.27E-03

OM11    3.14E-04  1.02E-03 -9.98E-05 -2.24E-06 -1.54E-04 -3.40E-04 -5.33E-06 -5.08E-05  6.02E-06  1.64E-04

OM12   ......... ......... ......... ......... ......... ......... ......... ......... ......... ......... .........

OM13   ......... ......... ......... ......... ......... ......... ......... ......... ......... ......... ......... .........

OM14   ......... ......... ......... ......... ......... ......... ......... ......... ......... ......... ......... .........
        .........

OM22   -7.19E-05 -1.26E-04  3.67E-05 -1.96E-05  2.62E-05  8.21E-05 -1.13E-05  9.20E-06 -2.67E-06 -2.04E-06 ......... .........
        .........  4.82E-05

OM23   ......... ......... ......... ......... ......... ......... ......... ......... ......... ......... ......... .........
        ......... ......... .........

OM24   ......... ......... ......... ......... ......... ......... ......... ......... ......... ......... ......... .........
        ......... ......... ......... .........

OM33    4.09E-05 -9.85E-04 -1.22E-03  2.30E-04 -8.79E-05  1.14E-03 -7.44E-06 -2.24E-03  8.14E-04  1.19E-05 ......... .........
        .........  5.75E-05 ......... .........  2.52E-03

OM34   ......... ......... ......... ......... ......... ......... ......... ......... ......... ......... ......... .........
        ......... ......... ......... ......... ......... .........

OM44    1.72E-03 -5.21E-03 -8.73E-03 -5.46E-04 -3.82E-02 -8.94E-02 -1.72E-04 -4.14E-03  1.30E-03  5.04E-04 ......... .........
        ......... -1.08E-05 ......... ......... -1.85E-03 .........  1.17E-01




           TH 1      TH 2      TH 3      TH 4      TH 5      TH 6      TH 7      TH 8      TH 9      OM11      OM12      OM13  
            OM14      OM22      OM23      OM24      OM33      OM34      OM44      SG11  

SG11   ......... ......... ......... ......... ......... ......... ......... ......... ......... ......... ......... .........
        ......... ......... ......... ......... ......... ......... ......... .........



************************************************************************************************************************
********************                                                                                ********************
********************               FIRST ORDER CONDITIONAL ESTIMATION WITH INTERACTION              ********************
********************                          CORRELATION MATRIX OF ESTIMATE                        ********************
********************                                                                                ********************
************************************************************************************************************************


           TH 1      TH 2      TH 3      TH 4      TH 5      TH 6      TH 7      TH 8      TH 9      OM11      OM12      OM13  
            OM14      OM22      OM23      OM24      OM33      OM34      OM44      SG11  

TH 1    1.53E-01

TH 2    4.13E-02  7.93E-01

TH 3    5.29E-02  7.05E-02  6.32E-02

TH 4   -3.21E-02 -1.60E-01 -5.55E-01  2.18E-02

TH 5   -4.41E-03 -1.51E-02  6.14E-01 -1.86E-01  1.53E-01

TH 6   -3.18E-02 -6.81E-02  3.71E-01  1.16E-01  8.67E-01  3.50E-01

TH 7    2.42E-01  1.83E-02  8.53E-02 -1.26E-02  4.59E-03 -8.39E-03  6.96E-03

TH 8    8.92E-03  6.44E-02  1.71E-01  7.79E-02  7.15E-02  1.35E-01 -4.43E-02  2.55E-01

TH 9   -6.58E-03 -6.63E-02 -2.14E-01 -4.83E-02 -9.32E-02 -1.50E-01  4.94E-02 -9.94E-01  7.26E-02

OM11    1.60E-01  1.00E-01 -1.24E-01 -8.02E-03 -7.87E-02 -7.58E-02 -5.99E-02 -1.56E-02  6.49E-03  1.28E-02

OM12   ......... ......... ......... ......... ......... ......... ......... ......... ......... ......... .........

OM13   ......... ......... ......... ......... ......... ......... ......... ......... ......... ......... ......... .........

OM14   ......... ......... ......... ......... ......... ......... ......... ......... ......... ......... ......... .........
        .........

OM22   -6.76E-02 -2.29E-02  8.36E-02 -1.29E-01  2.46E-02  3.38E-02 -2.33E-01  5.19E-03 -5.30E-03 -2.30E-02 ......... .........
        .........  6.94E-03

OM23   ......... ......... ......... ......... ......... ......... ......... ......... ......... ......... ......... .........
        ......... ......... .........

OM24   ......... ......... ......... ......... ......... ......... ......... ......... ......... ......... ......... .........
        ......... ......... ......... .........

OM33    5.32E-03 -2.47E-02 -3.85E-01  2.10E-01 -1.14E-02  6.49E-02 -2.13E-02 -1.75E-01  2.23E-01  1.85E-02 ......... .........
        .........  1.65E-01 ......... .........  5.02E-02

OM34   ......... ......... ......... ......... ......... ......... ......... ......... ......... ......... ......... .........
        ......... ......... ......... ......... ......... .........

OM44    3.29E-02 -1.92E-02 -4.05E-01 -7.33E-02 -7.29E-01 -7.47E-01 -7.22E-02 -4.75E-02  5.26E-02  1.15E-01 ......... .........
        ......... -4.54E-03 ......... ......... -1.08E-01 .........  3.42E-01




           TH 1      TH 2      TH 3      TH 4      TH 5      TH 6      TH 7      TH 8      TH 9      OM11      OM12      OM13  
            OM14      OM22      OM23      OM24      OM33      OM34      OM44      SG11  

SG11   ......... ......... ......... ......... ......... ......... ......... ......... ......... ......... ......... .........
        ......... ......... ......... ......... ......... ......... ......... .........



************************************************************************************************************************
********************                                                                                ********************
********************               FIRST ORDER CONDITIONAL ESTIMATION WITH INTERACTION              ********************
********************                      INVERSE COVARIANCE MATRIX OF ESTIMATE                     ********************
********************                                                                                ********************
************************************************************************************************************************


           TH 1      TH 2      TH 3      TH 4      TH 5      TH 6      TH 7      TH 8      TH 9      OM11      OM12      OM13  
            OM14      OM22      OM23      OM24      OM33      OM34      OM44      SG11  

TH 1    4.75E+01

TH 2   -1.63E-01  1.70E+00

TH 3   -1.76E+01  7.28E-01  9.31E+02

TH 4   -1.62E+01  1.25E+01  8.77E+02  4.54E+03

TH 5   -1.33E+00  4.93E-01 -2.48E+02  3.58E+02  3.55E+02

TH 6    4.40E-01  5.13E-01  5.67E+01 -1.71E+02 -1.13E+02  5.68E+01

TH 7   -2.52E+02 -1.47E-01 -6.25E+02 -2.88E-02  3.05E+02 -4.06E+01  2.42E+04

TH 8   -1.23E+01 -5.17E-01  2.35E+02 -2.44E+02 -6.81E+01  5.20E+01 -4.17E+02  1.84E+03

TH 9   -4.28E+01  9.40E-02  9.49E+02 -7.10E+02 -2.86E+02  2.06E+02 -1.65E+03  6.54E+03  2.35E+04

OM11   -1.04E+02 -1.05E+01  3.70E+02  2.58E+02 -7.92E+01  1.55E+01  9.27E+02  4.99E+02  1.80E+03  6.74E+03

OM12   ......... ......... ......... ......... ......... ......... ......... ......... ......... ......... .........

OM13   ......... ......... ......... ......... ......... ......... ......... ......... ......... ......... ......... .........

OM14   ......... ......... ......... ......... ......... ......... ......... ......... ......... ......... ......... .........
        .........

OM22    2.26E+01  7.85E+00 -7.87E+02  1.14E+03  4.69E+02 -1.56E+02  5.85E+03  1.71E+01  5.31E+01  2.05E+02 ......... .........
        .........  2.44E+04

OM23   ......... ......... ......... ......... ......... ......... ......... ......... ......... ......... ......... .........
        ......... ......... .........

OM24   ......... ......... ......... ......... ......... ......... ......... ......... ......... ......... ......... .........
        ......... ......... ......... .........

OM33   -7.60E+00 -3.94E-01  2.80E+02  1.45E+02 -5.67E+01  3.61E+00 -1.29E+02 -3.58E+02 -1.31E+03 -3.85E+01 ......... .........
        ......... -9.54E+02 ......... .........  6.54E+02

OM34   ......... ......... ......... ......... ......... ......... ......... ......... ......... ......... ......... .........
        ......... ......... ......... ......... ......... .........

OM44   -2.19E+00  7.66E-01  3.59E+01  7.43E+01  1.35E+01  9.53E+00  5.94E+01  1.78E+01  7.12E+01 -1.48E+01 ......... .........
        ......... -2.46E+01 ......... .........  1.82E+01 .........  2.37E+01




           TH 1      TH 2      TH 3      TH 4      TH 5      TH 6      TH 7      TH 8      TH 9      OM11      OM12      OM13  
            OM14      OM22      OM23      OM24      OM33      OM34      OM44      SG11  

SG11   ......... ......... ......... ......... ......... ......... ......... ......... ......... ......... ......... .........
        ......... ......... ......... ......... ......... ......... ......... .........























************************************************************************************************************************
********************                                                                                ********************
********************               FIRST ORDER CONDITIONAL ESTIMATION WITH INTERACTION              ********************
********************                      EIGENVALUES OF COR MATRIX OF ESTIMATE                     ********************
********************                                                                                ********************
************************************************************************************************************************


            1         2         3         4         5         6         7         8         9        10        11        12
            13

        4.10E-03  6.97E-02  2.03E-01  2.84E-01  5.82E-01  6.55E-01  9.29E-01  9.62E-01  1.16E+00  1.39E+00  1.66E+00  2.03E+00
         3.06E+00



************************************************************************************************************************
********************                                                                                ********************
********************               FIRST ORDER CONDITIONAL ESTIMATION WITH INTERACTION              ********************
********************                                     R MATRIX                                   ********************
********************                                                                                ********************
************************************************************************************************************************


           TH 1      TH 2      TH 3      TH 4      TH 5      TH 6      TH 7      TH 8      TH 9      OM11      OM12      OM13  
            OM14      OM22      OM23      OM24      OM33      OM34      OM44      SG11  

TH 1    4.37E+01

TH 2   -1.28E-01  1.60E+00

TH 3   -2.90E+00  9.24E-01  6.43E+02

TH 4   -1.88E+00 -6.61E-01  1.03E+03  6.73E+03

TH 5    6.14E-01 -1.11E+00 -1.90E+01  4.62E+02  3.69E+02

TH 6    1.58E-01  3.40E-01 -3.19E+01 -2.10E+02 -9.01E+01  4.62E+01

TH 7   -7.38E+01 -1.64E+01 -2.34E+01 -2.56E+01 -3.23E+01  1.09E+01  2.36E+04

TH 8   -3.26E-01  1.11E-01 -1.89E+01  5.52E+00  5.37E+01  5.78E+00  7.46E+00  2.14E+03

TH 9   -1.38E+00  4.27E-01 -7.78E+01 -3.58E+02  1.87E+02  2.35E+01  3.04E+01  7.49E+03  2.66E+04

OM11    1.97E+01 -5.85E+00  2.53E+01 -2.91E+01 -1.72E+01  3.27E+00  5.37E+02  2.18E+00  8.83E+00  5.14E+03

OM12   ......... ......... ......... ......... ......... ......... ......... ......... ......... ......... .........

OM13   ......... ......... ......... ......... ......... ......... ......... ......... ......... ......... ......... .........

OM14   ......... ......... ......... ......... ......... ......... ......... ......... ......... ......... ......... .........
        .........

OM22    2.88E+01 -8.89E+00  2.83E+01 -2.75E+01  2.32E+01  9.34E+00  3.92E+03 -9.16E-01 -3.68E+00 -1.15E+02 ......... .........
        .........  2.56E+04

OM23   ......... ......... ......... ......... ......... ......... ......... ......... ......... ......... ......... .........
        ......... ......... .........

OM24   ......... ......... ......... ......... ......... ......... ......... ......... ......... ......... ......... .........
        ......... ......... ......... .........

OM33   -3.34E-01  8.84E-02  1.35E+02  1.67E+02  2.03E+01 -4.27E+00  1.82E+01  9.02E+01  3.01E+02 -5.47E+00 ......... .........
        .........  2.18E+01 ......... .........  5.81E+02

OM34   ......... ......... ......... ......... ......... ......... ......... ......... ......... ......... ......... .........
        ......... ......... ......... ......... ......... .........

OM44    1.64E-01 -5.18E-02  1.14E+01  5.49E+01  3.20E+01  2.80E+00 -1.57E-01  6.77E+00  2.55E+01 -8.52E-01 ......... .........
        .........  8.01E-01 ......... .........  2.45E+01 .........  2.15E+01




           TH 1      TH 2      TH 3      TH 4      TH 5      TH 6      TH 7      TH 8      TH 9      OM11      OM12      OM13  
            OM14      OM22      OM23      OM24      OM33      OM34      OM44      SG11  

SG11   ......... ......... ......... ......... ......... ......... ......... ......... ......... ......... ......... .........
        ......... ......... ......... ......... ......... ......... ......... .........



************************************************************************************************************************
********************                                                                                ********************
********************               FIRST ORDER CONDITIONAL ESTIMATION WITH INTERACTION              ********************
********************                                     S MATRIX                                   ********************
********************                                                                                ********************
************************************************************************************************************************


           TH 1      TH 2      TH 3      TH 4      TH 5      TH 6      TH 7      TH 8      TH 9      OM11      OM12      OM13  
            OM14      OM22      OM23      OM24      OM33      OM34      OM44      SG11  

TH 1    4.38E+01

TH 2   -1.21E-01  1.62E+00

TH 3    5.72E+00  1.04E+00  6.67E+02

TH 4    2.86E+00 -1.75E+01  1.51E+03  1.30E+04

TH 5    4.98E+00 -2.92E+00  1.69E+02  6.15E+02  5.97E+02

TH 6   -1.40E+00  1.62E-01 -9.01E+01 -2.28E+02 -1.04E+02  4.76E+01

TH 7    9.58E+01 -2.95E+01  3.38E+02  5.85E+00 -1.95E+02 -7.65E+00  2.49E+04

TH 8    7.26E+00 -2.06E+00 -3.09E+02  9.94E+02  7.30E+01  1.49E+01  4.64E+02  3.74E+03

TH 9    2.48E+01 -8.57E+00 -1.29E+03  1.58E+03  2.83E+02  4.13E+01  1.90E+03  1.30E+04  4.59E+04

OM11    1.13E+02 -2.33E+00 -1.80E+02 -4.72E+02 -8.19E+01  1.82E+01  3.16E+02 -3.65E+02 -1.25E+03  4.34E+03

OM12   ......... ......... ......... ......... ......... ......... ......... ......... ......... ......... .........

OM13   ......... ......... ......... ......... ......... ......... ......... ......... ......... ......... ......... .........

OM14   ......... ......... ......... ......... ......... ......... ......... ......... ......... ......... ......... .........
        .........

OM22    2.78E+01 -2.07E+01  3.75E+02 -2.12E+03 -1.40E+01  1.02E+02  2.66E+03  2.01E+02  8.66E+02 -6.31E+02 ......... .........
        .........  3.05E+04

OM23   ......... ......... ......... ......... ......... ......... ......... ......... ......... ......... ......... .........
        ......... ......... .........

OM24   ......... ......... ......... ......... ......... ......... ......... ......... ......... ......... ......... .........
        ......... ......... ......... .........

OM33    7.35E+00 -1.43E+00 -3.50E+01  2.32E+02  7.14E+01  3.32E+00  1.20E+02  8.92E+02  3.18E+03 -1.98E+01 ......... .........
        .........  9.30E+02 ......... .........  7.55E+02

OM34   ......... ......... ......... ......... ......... ......... ......... ......... ......... ......... ......... .........
        ......... ......... ......... ......... ......... .........

OM44    2.11E+00 -7.48E-01 -4.34E-01  3.62E+01  5.18E+01 -1.08E+00 -6.75E+01  1.41E+01  5.24E+01  1.78E+01 ......... .........
        .........  3.62E+01 ......... .........  3.64E+01 .........  2.19E+01




           TH 1      TH 2      TH 3      TH 4      TH 5      TH 6      TH 7      TH 8      TH 9      OM11      OM12      OM13  
            OM14      OM22      OM23      OM24      OM33      OM34      OM44      SG11  

SG11   ......... ......... ......... ......... ......... ......... ......... ......... ......... ......... ......... .........
        ......... ......... ......... ......... ......... ......... ......... .........

Elapsed finaloutput time in seconds: <SEC>
#CPUT: Total CPU Time in Seconds, <SEC>
Stop Time: 
<DATE>
<TIME>
