Changing directory to pd100.R76
'pushdon' is not recognized as an internal or external command,
operable program or batch file.
Pathlist information for compiler and MPI systems are located in nmpathlist.txt

Starting NMTRAN
  
 WARNINGS AND ERRORS (IF ANY) FOR PROBLEM    1
             
 (WARNING  2) NM-TRAN INFERS THAT THE DATA ARE POPULATION.
  
Note: Analytical 2nd Derivatives are constructed in FSUBS but are never used.
      You may insert $ABBR DERIV2=NO after the first $PROB to save FSUBS construction and compilation time
  
Recompiling certain components.
starting wait
ending wait
Exiting lpreddo
Compiling FSUBS
Building NONMEM Executable
Starting nonmem execution ...
License Registered to: <LICENSEE>
Expiration Date: <DATE>
Current Date: <DATE>
Days until program expires : <N>


 First Order Conditional Estimation with Interaction
 MONITORING OF SEARCH:


0ITERATION NO.:    0    OBJECTIVE VALUE:   412.883704118693        NO. OF FUNC. EVALS.:  12
 CUMULATIVE NO. OF FUNC. EVALS.:       12
 NPARAMETR:  5.0000E+00  4.0000E+01  8.5000E-01  8.0000E-01  2.0000E-01  1.5000E+00  2.0000E+00  2.0000E-01  4.0000E-01  1.5000E-01
             1.0000E-01  5.0000E-02  1.0000E-01  2.0000E-01  3.0000E-01
 PARAMETER:  1.0000E-01  1.0000E-01  1.0000E-01  1.0000E-01  1.0000E-01  1.0000E-01  1.0000E-01  1.0000E-01  1.0000E-01  1.0000E-01
             1.0000E-01  1.0000E-01  1.0000E-01  1.0000E-01  1.0000E-01
 GRADIENT:  -6.0693E+01  3.9017E+01  9.7469E+02  2.2967E+01  1.8905E+00 -2.2227E+02  1.1360E+02  2.5793E+02  9.3389E+01  2.9961E+02
             1.2682E+01  5.0960E+01 -7.8215E+00  5.1061E+01 -1.0931E+01

0ITERATION NO.:    5    OBJECTIVE VALUE:   353.430656052043        NO. OF FUNC. EVALS.:  70
 CUMULATIVE NO. OF FUNC. EVALS.:       82
 NPARAMETR:  5.1549E+00  3.8979E+01  8.8011E-01  7.9898E-01  1.7325E-01  1.7803E+00  1.6942E+00  1.3060E-01  3.8862E-01  1.1204E-01
             9.6959E-02  3.8209E-02  1.0399E-01  1.5385E-01  3.0578E-01
 PARAMETER:  1.3052E-01  7.4140E-02  1.0354E-01  9.8724E-02 -4.3573E-02  2.7132E-01 -6.5938E-02 -3.2620E-01  7.1131E-02 -1.9181E-01
             8.4561E-02 -3.4475E-02  1.1954E-01 -3.1176E-02  1.0954E-01
 GRADIENT:   5.9492E+01 -2.4590E+01  1.2264E+02 -4.4154E+01  5.6935E+01  8.2054E+01 -3.4407E+00 -1.4266E+02 -1.9297E+02 -3.7911E+02
            -6.9198E+00 -2.1167E+00 -6.7092E+00  3.7485E+00  8.2244E-01

0ITERATION NO.:   10    OBJECTIVE VALUE:   316.245107866641        NO. OF FUNC. EVALS.:  68
 CUMULATIVE NO. OF FUNC. EVALS.:      150
 NPARAMETR:  5.0079E+00  3.8862E+01  9.2923E-01  1.0041E+00  8.7974E-02  1.4890E+00  7.3831E-01  1.4298E-01  6.4653E-01  8.7049E-02
             9.6149E-02  3.0972E-02  1.1598E-01  7.5219E-02  3.3972E-01
 PARAMETER:  1.0158E-01  7.1128E-02  1.0932E-01  3.2727E-01 -7.2128E-01  9.2637E-02 -8.9654E-01 -2.3563E-01  5.8016E-01 -4.4417E-01
             8.0367E-02 -1.3947E-01  1.7413E-01 -3.8895E-01  1.6217E-01
 GRADIENT:  -2.4324E+01 -3.9837E+01  5.8995E+02  1.8054E+01 -2.3623E+01  7.9030E+00 -1.3059E+01 -4.2783E+01  8.0156E+01  2.9215E+01
            -1.6004E+00 -2.7374E+01  2.3342E+00 -3.1011E+01 -7.6682E+00

0ITERATION NO.:   15    OBJECTIVE VALUE:   305.801405706820        NO. OF FUNC. EVALS.:  67
 CUMULATIVE NO. OF FUNC. EVALS.:      217
 NPARAMETR:  5.0993E+00  3.9162E+01  8.9750E-01  9.2035E-01  1.0019E-01  1.4525E+00  8.0361E-01  1.4452E-01  5.8679E-01  9.4312E-02
             1.0940E-01  3.0460E-02  8.8530E-02  1.0207E-01  5.9733E-01
 PARAMETER:  1.1966E-01  7.8830E-02  1.0559E-01  2.4014E-01 -5.9127E-01  6.7819E-02 -8.1179E-01 -2.2489E-01  4.8321E-01 -3.6402E-01
             1.4491E-01 -1.4780E-01  3.9083E-02 -2.3632E-01  4.4434E-01
 GRADIENT:   1.6482E+01 -2.2201E+00  6.0524E+02  3.5972E+00 -2.1497E+01 -3.1606E+01  4.5955E+00 -3.2395E+01 -1.0967E+01 -1.1372E+01
             2.3376E+01 -2.7567E+01 -3.3799E+01 -2.2119E+01  8.1867E+00

0ITERATION NO.:   20    OBJECTIVE VALUE:   296.094374663760        NO. OF FUNC. EVALS.:  65
 CUMULATIVE NO. OF FUNC. EVALS.:      282
 NPARAMETR:  5.0601E+00  3.9229E+01  8.7005E-01  8.5962E-01  1.1988E-01  1.4808E+00  9.2540E-01  1.4750E-01  5.4871E-01  1.0403E-01
             9.7820E-02  3.7020E-02  1.0507E-01  1.3786E-01  3.9956E-01
 PARAMETER:  1.1194E-01  8.0545E-02  1.0236E-01  1.7188E-01 -4.1182E-01  8.7090E-02 -6.7067E-01 -2.0447E-01  4.1610E-01 -2.6599E-01
             8.8978E-02 -5.0289E-02  1.2474E-01 -8.6028E-02  2.4329E-01
 GRADIENT:  -2.4212E-01 -1.8921E+00  2.1585E+01 -1.7453E+00  1.7063E+00  4.2776E+00 -1.6736E+00 -1.4303E+00  4.9171E+00 -1.9976E+00
             8.0820E-01  5.2158E-01 -1.4028E+00  2.0958E+00  5.2553E-02

0ITERATION NO.:   25    OBJECTIVE VALUE:   295.079898392640        NO. OF FUNC. EVALS.:  67
 CUMULATIVE NO. OF FUNC. EVALS.:      349
 NPARAMETR:  5.0595E+00  3.9231E+01  8.6950E-01  8.7226E-01  1.1832E-01  1.4883E+00  9.3985E-01  1.4766E-01  4.4190E-01  1.2535E-01
             9.7631E-02  3.6751E-02  1.0673E-01  1.3774E-01  3.8330E-01
 PARAMETER:  1.1183E-01  8.0587E-02  1.0229E-01  1.8648E-01 -4.2493E-01  9.2203E-02 -6.5518E-01 -2.0344E-01  1.9961E-01 -7.9512E-02
             8.8010E-02 -5.3927E-02  1.3257E-01 -8.6468E-02  2.2252E-01
 GRADIENT:  -9.0491E-01 -6.9242E-01 -2.3962E+01  7.0334E+00  6.4754E-01 -8.9120E-01  3.8649E-01 -7.3702E-01  1.3838E+01  1.9302E+01
             5.8943E-01 -2.5271E-01  1.0689E-01  3.3271E+00 -3.4479E-02

0ITERATION NO.:   30    OBJECTIVE VALUE:   294.350311462942        NO. OF FUNC. EVALS.:  67
 CUMULATIVE NO. OF FUNC. EVALS.:      416
 NPARAMETR:  5.0664E+00  3.9244E+01  8.7005E-01  8.6625E-01  1.1874E-01  1.4909E+00  9.4060E-01  1.4795E-01  3.2276E-01  1.4001E-01
             9.7190E-02  3.6709E-02  1.0803E-01  1.3507E-01  3.8452E-01
 PARAMETER:  1.1320E-01  8.0924E-02  1.0236E-01  1.7956E-01 -4.2136E-01  9.3887E-02 -6.5439E-01 -2.0147E-01 -1.1455E-01  3.1084E-02
             8.5751E-02 -5.4507E-02  1.3862E-01 -9.6263E-02  2.2411E-01
 GRADIENT:   2.0739E+00  1.3692E-01 -1.7258E+01 -2.8205E+00 -1.7120E+00  1.4965E+00  5.8145E-01  9.7084E-01  6.1537E+00  2.1519E+01
            -3.0540E-01 -2.3052E-01  1.3160E+00 -4.4633E-02  2.1902E-01

0ITERATION NO.:   35    OBJECTIVE VALUE:   294.017230445067        NO. OF FUNC. EVALS.:  65
 CUMULATIVE NO. OF FUNC. EVALS.:      481
 NPARAMETR:  5.0607E+00  3.9241E+01  8.7331E-01  8.6731E-01  1.1975E-01  1.4872E+00  9.3327E-01  1.4776E-01  2.2719E-01  1.4721E-01
             9.7198E-02  3.6836E-02  1.0772E-01  1.3469E-01  3.9106E-01
 PARAMETER:  1.1207E-01  8.0852E-02  1.0274E-01  1.8078E-01 -4.1290E-01  9.1434E-02 -6.6221E-01 -2.0273E-01 -4.6567E-01  8.1193E-02
             8.5792E-02 -5.2780E-02  1.3718E-01 -9.7654E-02  2.3253E-01
 GRADIENT:  -4.8231E-01  5.3444E-01  1.5936E+01  9.1295E-01  7.0709E-01 -2.3922E+00  2.9319E-01 -8.2174E-02  9.9999E-01  5.9078E+00
            -3.2278E-01  1.1969E-01  1.4796E-02 -5.0624E-01  5.8350E-01

0ITERATION NO.:   40    OBJECTIVE VALUE:   293.913014718394        NO. OF FUNC. EVALS.:  65
 CUMULATIVE NO. OF FUNC. EVALS.:      546
 NPARAMETR:  5.0602E+00  3.9242E+01  8.7355E-01  8.6755E-01  1.1971E-01  1.4911E+00  9.3827E-01  1.4774E-01  1.5088E-01  1.5121E-01
             9.7285E-02  3.6836E-02  1.0792E-01  1.3520E-01  3.8336E-01
 PARAMETER:  1.1197E-01  8.0867E-02  1.0277E-01  1.8106E-01 -4.1321E-01  9.4068E-02 -6.5687E-01 -2.0284E-01 -8.7497E-01  1.0802E-01
             8.6235E-02 -5.2772E-02  1.3812E-01 -9.5781E-02  2.2260E-01
 GRADIENT:  -6.2727E-01  3.9685E-01  1.0815E+01 -7.1610E-02  2.5092E-01 -9.9276E-01  2.0837E-01 -1.5886E-01  1.5968E-01  9.6544E-01
            -1.6821E-01  1.0993E-01 -1.8045E-01 -4.8705E-01  1.1748E-01

0ITERATION NO.:   45    OBJECTIVE VALUE:   293.875683730311        NO. OF FUNC. EVALS.:  65
 CUMULATIVE NO. OF FUNC. EVALS.:      611
 NPARAMETR:  5.0610E+00  3.9241E+01  8.7346E-01  8.6784E-01  1.1957E-01  1.4922E+00  9.3879E-01  1.4776E-01  8.3875E-02  1.5345E-01
             9.7330E-02  3.6813E-02  1.0812E-01  1.3574E-01  3.8120E-01
 PARAMETER:  1.1213E-01  8.0839E-02  1.0276E-01  1.8140E-01 -4.1442E-01  9.4820E-02 -6.5631E-01 -2.0272E-01 -1.4621E+00  1.2276E-01
             8.6466E-02 -5.3082E-02  1.3904E-01 -9.3790E-02  2.1977E-01
 GRADIENT:  -2.4406E-01  1.4910E-01  4.7468E+00 -1.9900E-01  4.5854E-02 -2.9230E-01  9.7502E-02 -6.7766E-02  4.2262E-02  1.1922E+00
            -6.6806E-02  4.2535E-02 -5.5348E-02 -2.0577E-01  3.6708E-02

0ITERATION NO.:   50    OBJECTIVE VALUE:   293.865291197478        NO. OF FUNC. EVALS.:  65
 CUMULATIVE NO. OF FUNC. EVALS.:      676
 NPARAMETR:  5.0614E+00  3.9241E+01  8.7337E-01  8.6807E-01  1.1952E-01  1.4925E+00  9.3864E-01  1.4777E-01  3.6335E-02  1.5427E-01
             9.7342E-02  3.6802E-02  1.0820E-01  1.3591E-01  3.8066E-01
 PARAMETER:  1.1221E-01  8.0830E-02  1.0275E-01  1.8166E-01 -4.1482E-01  9.4978E-02 -6.5647E-01 -2.0268E-01 -2.2987E+00  1.2804E-01
             8.6530E-02 -5.3229E-02  1.3940E-01 -9.3151E-02  2.1906E-01
 GRADIENT:  -8.3396E-02  8.1445E-02  6.5853E-01  9.1341E-03  7.5478E-02 -3.5970E-02  6.2199E-03 -4.5472E-02  7.6488E-03  1.3687E+00
            -3.5466E-02  8.9446E-03  2.9474E-03 -9.2242E-02  2.6417E-02

0ITERATION NO.:   55    OBJECTIVE VALUE:   293.863003059848        NO. OF FUNC. EVALS.:  65
 CUMULATIVE NO. OF FUNC. EVALS.:      741
 NPARAMETR:  5.0616E+00  3.9240E+01  8.7333E-01  8.6814E-01  1.1944E-01  1.4925E+00  9.3833E-01  1.4777E-01  8.1809E-03  1.5439E-01
             9.7360E-02  3.6798E-02  1.0822E-01  1.3612E-01  3.8058E-01
 PARAMETER:  1.1224E-01  8.0815E-02  1.0274E-01  1.8174E-01 -4.1549E-01  9.4993E-02 -6.5680E-01 -2.0263E-01 -3.7897E+00  1.2882E-01
             8.6622E-02 -5.3289E-02  1.3950E-01 -9.2390E-02  2.1896E-01
 GRADIENT:  -1.0620E-02 -1.5854E-02 -2.4797E-02  6.1431E-03 -3.1212E-03  1.3475E-02 -1.0685E-02  8.4802E-03  1.8392E-04 -2.3553E-01
             6.2506E-03 -2.7984E-03  5.8708E-03 -1.9847E-03 -2.1747E-03

0ITERATION NO.:   60    OBJECTIVE VALUE:   293.862889858544        NO. OF FUNC. EVALS.:  66
 CUMULATIVE NO. OF FUNC. EVALS.:      807
 NPARAMETR:  5.0616E+00  3.9240E+01  8.7334E-01  8.6813E-01  1.1945E-01  1.4925E+00  9.3843E-01  1.4777E-01  2.1212E-03  1.5440E-01
             9.7358E-02  3.6798E-02  1.0822E-01  1.3610E-01  3.8054E-01
 PARAMETER:  1.1224E-01  8.0816E-02  1.0275E-01  1.8173E-01 -4.1540E-01  9.5009E-02 -6.5669E-01 -2.0264E-01 -5.1395E+00  1.2893E-01
             8.6611E-02 -5.3284E-02  1.3949E-01 -9.2447E-02  2.1890E-01
 GRADIENT:  -1.2048E-02 -4.1751E-03  1.1669E-01  3.4923E-03  2.0103E-03  4.0675E-04 -1.8742E-03 -3.7706E-04  1.4251E-05 -2.9540E-03
             1.2308E-03 -1.6584E-03  5.7629E-03 -6.2577E-03  1.8915E-04

0ITERATION NO.:   65    OBJECTIVE VALUE:   293.862887131642        NO. OF FUNC. EVALS.:  69
 CUMULATIVE NO. OF FUNC. EVALS.:      876
 NPARAMETR:  5.0616E+00  3.9240E+01  8.7333E-01  8.6812E-01  1.1945E-01  1.4925E+00  9.3844E-01  1.4777E-01  7.1400E-04  1.5440E-01
             9.7357E-02  3.6799E-02  1.0821E-01  1.3612E-01  3.8054E-01
 PARAMETER:  1.1225E-01  8.0818E-02  1.0274E-01  1.8172E-01 -4.1540E-01  9.5007E-02 -6.5668E-01 -2.0264E-01 -6.2283E+00  1.2893E-01
             8.6608E-02 -5.3278E-02  1.3947E-01 -9.2404E-02  2.1891E-01
 GRADIENT:   7.3979E-04  1.0124E-04 -5.7391E-03 -2.9507E-04 -2.1311E-04  2.0161E-04  7.3213E-05  9.1493E-05  1.6197E-06  3.0255E-03
            -3.0833E-05  7.5445E-05 -1.6709E-04  5.3197E-04  3.8285E-05

0ITERATION NO.:   70    OBJECTIVE VALUE:   293.862885905254        NO. OF FUNC. EVALS.:  72
 CUMULATIVE NO. OF FUNC. EVALS.:      948
 NPARAMETR:  5.0616E+00  3.9240E+01  8.7333E-01  8.6812E-01  1.1945E-01  1.4925E+00  9.3844E-01  1.4777E-01  1.2359E-04  1.5440E-01
             9.7357E-02  3.6799E-02  1.0821E-01  1.3612E-01  3.8054E-01
 PARAMETER:  1.1225E-01  8.0818E-02  1.0274E-01  1.8172E-01 -4.1540E-01  9.5008E-02 -6.5668E-01 -2.0264E-01 -7.9823E+00  1.2893E-01
             8.6608E-02 -5.3278E-02  1.3947E-01 -9.2408E-02  2.1891E-01
 GRADIENT:  -2.4450E-04 -3.2212E-05  2.3202E-03  1.1360E-04  8.5516E-05 -6.6473E-05 -1.9271E-05 -4.7103E-05  4.8642E-08 -2.7424E-04
             6.5414E-06 -3.4554E-05  9.1468E-05 -1.7100E-04 -3.0097E-06

0ITERATION NO.:   75    OBJECTIVE VALUE:   293.862830961013        NO. OF FUNC. EVALS.: 176
 CUMULATIVE NO. OF FUNC. EVALS.:     1124
 NPARAMETR:  5.0618E+00  3.9240E+01  8.7357E-01  8.6824E-01  1.1947E-01  1.4928E+00  9.3885E-01  1.4777E-01  6.0174E-05  1.5440E-01
             9.7357E-02  3.6798E-02  1.0822E-01  1.3608E-01  3.8032E-01
 PARAMETER:  1.1228E-01  8.0827E-02  1.0277E-01  1.8186E-01 -4.1524E-01  9.5220E-02 -6.5624E-01 -2.0263E-01 -8.7020E+00  1.2893E-01
             8.6605E-02 -5.3286E-02  1.3950E-01 -9.2547E-02  2.1861E-01
 GRADIENT:  -6.9923E-03  6.4992E-04  3.0841E-02 -5.7025E-04 -4.7314E-04 -2.7499E-03  1.0663E-03 -5.5319E-04  6.4258E-06 -7.1693E-04
             3.5772E-04  6.8881E-04  7.0853E-04 -6.0981E-04 -1.7293E-05
 Elapsed estimation  time in seconds: <SEC>
 Elapsed covariance  time in seconds: <SEC>
 Elapsed postprocess time in seconds: <SEC>
 Elapsed finaloutput time in seconds: <SEC>
Done with nonmem execution
