Changing directory to 108wt.R76
'pushdon' is not recognized as an internal or external command,
operable program or batch file.
Pathlist information for compiler and MPI systems are located in nmpathlist.txt

Starting NMTRAN
  
 WARNINGS AND ERRORS (IF ANY) FOR PROBLEM    1
             
 (WARNING  2) NM-TRAN INFERS THAT THE DATA ARE POPULATION.
Recompiling certain components.
starting wait
ending wait
Exiting lpreddo
Compiling FSUBS
Building NONMEM Executable
Starting nonmem execution ...
License Registered to: <LICENSEE>
Expiration Date: <DATE>
Current Date: <DATE>
Days until program expires : <N>


 First Order Conditional Estimation with Interaction
 MONITORING OF SEARCH:


0ITERATION NO.:    0    OBJECTIVE VALUE:   694.149723228561        NO. OF FUNC. EVALS.:   8
 CUMULATIVE NO. OF FUNC. EVALS.:        8
 NPARAMETR:  7.5000E-03  1.5000E+00  6.0000E-01  1.2000E-01  7.5000E-01  1.0000E+00  3.0000E-01  5.0000E-02  3.0000E-01
 PARAMETER:  1.0000E-01  1.0000E-01  1.0000E-01  1.0000E-01  1.0000E-01  1.0000E-01  1.0000E-01  1.0000E-01  1.0000E-01
 GRADIENT:   3.4089E+01 -1.3244E+01 -1.4155E-01  2.2570E+01 -4.1497E+01  1.4667E+01  4.5502E+01  2.2323E+01  9.6412E+01

0ITERATION NO.:    5    OBJECTIVE VALUE:   589.094898152625        NO. OF FUNC. EVALS.:  47
 CUMULATIVE NO. OF FUNC. EVALS.:       55
 NPARAMETR:  6.8804E-03  1.4780E+00  6.1125E-01  1.0502E-01  1.2193E+00  9.4281E-01  7.7203E-02  1.8486E-02  2.8047E-02
 PARAMETER:  1.3775E-02  8.5258E-02  1.1857E-01 -3.3379E-02  2.9548E-01  7.6225E-02 -5.7867E-01  7.2883E-02 -1.1568E+00
 GRADIENT:  -2.7538E+01 -5.9649E+01 -1.0960E+00  1.6714E+00  1.4248E+01  3.3387E+01  1.2485E+01 -2.5680E+01  7.1870E+00

0ITERATION NO.:   10    OBJECTIVE VALUE:   584.466260718798        NO. OF FUNC. EVALS.:  49
 CUMULATIVE NO. OF FUNC. EVALS.:      104
 NPARAMETR:  7.2804E-03  1.5024E+00  1.5547E+00  1.0012E-01  1.1397E+00  9.0156E-01  4.4691E-02  2.0087E-02  2.8227E-02
 PARAMETER:  7.0289E-02  1.0159E-01  1.0521E+00 -8.1164E-02  2.6177E-01  5.9144E-02 -8.5201E-01  1.0409E-01 -1.2604E+00
 GRADIENT:   9.7688E-01  1.0164E+01  6.8534E+00  2.0482E+01  1.0611E+00 -2.5124E+01  2.3630E+00  1.2397E+01  8.3399E+00

0ITERATION NO.:   15    OBJECTIVE VALUE:   581.703503313353        NO. OF FUNC. EVALS.:  45
 CUMULATIVE NO. OF FUNC. EVALS.:      149
 NPARAMETR:  7.3219E-03  1.4948E+00  1.7699E+00  8.4090E-02  1.1346E+00  9.1581E-01  4.7896E-02  2.5032E-02  2.2137E-02
 PARAMETER:  7.5966E-02  9.6529E-02  1.1817E+00 -2.5560E-01  2.5958E-01  6.5039E-02 -8.1738E-01  1.2530E-01 -1.6362E+00
 GRADIENT:   1.5669E+00  5.1649E+00  1.5870E-01  2.5254E+00 -3.1332E-01 -5.1901E+00  3.4152E-01 -4.3720E+00  6.1547E-01

0ITERATION NO.:   20    OBJECTIVE VALUE:   581.441393587041        NO. OF FUNC. EVALS.:  45
 CUMULATIVE NO. OF FUNC. EVALS.:      194
 NPARAMETR:  7.3130E-03  1.4902E+00  2.0699E+00  7.2278E-02  1.1339E+00  9.1532E-01  4.6829E-02  2.7342E-02  2.1161E-02
 PARAMETER:  7.4755E-02  9.3418E-02  1.3383E+00 -4.0697E-01  2.5929E-01  6.4836E-02 -8.2864E-01  1.3841E-01 -1.9137E+00
 GRADIENT:   9.6653E-02 -1.6819E-01  5.1863E-02 -9.4268E-02  3.3476E-02  3.7573E-02 -7.2189E-03  2.5378E-01  9.5320E-02

0ITERATION NO.:   25    OBJECTIVE VALUE:   581.439354128651        NO. OF FUNC. EVALS.:  55
 CUMULATIVE NO. OF FUNC. EVALS.:      249
 NPARAMETR:  7.3151E-03  1.4900E+00  2.0729E+00  7.2440E-02  1.1333E+00  9.1528E-01  4.6882E-02  2.7584E-02  2.0961E-02
 PARAMETER:  7.5032E-02  9.3336E-02  1.3398E+00 -4.0473E-01  2.5906E-01  6.4819E-02 -8.2807E-01  1.3956E-01 -1.9608E+00
 GRADIENT:   1.0347E-02 -4.2867E-02 -9.8057E-03 -4.5647E-03 -2.1842E-02 -1.8312E-02 -4.1478E-04  3.1756E-03 -1.0627E-03

0ITERATION NO.:   26    OBJECTIVE VALUE:   581.439354128651        NO. OF FUNC. EVALS.:  12
 CUMULATIVE NO. OF FUNC. EVALS.:      261
 NPARAMETR:  7.3151E-03  1.4900E+00  2.0729E+00  7.2440E-02  1.1333E+00  9.1528E-01  4.6882E-02  2.7584E-02  2.0961E-02
 PARAMETER:  7.5032E-02  9.3336E-02  1.3398E+00 -4.0473E-01  2.5906E-01  6.4819E-02 -8.2807E-01  1.3956E-01 -1.9608E+00
 GRADIENT:   1.0347E-02 -4.2867E-02 -9.8057E-03 -4.5647E-03 -2.1842E-02 -1.8312E-02 -4.1478E-04  3.1756E-03 -1.0627E-03
 Elapsed estimation  time in seconds: <SEC>
 Elapsed covariance  time in seconds: <SEC>
 Elapsed postprocess time in seconds: <SEC>
 Elapsed finaloutput time in seconds: <SEC>
Done with nonmem execution
