Changing directory to ped103x.R76
'pushdon' is not recognized as an internal or external command,
operable program or batch file.
Pathlist information for compiler and MPI systems are located in nmpathlist.txt

Starting NMTRAN
  
 WARNINGS AND ERRORS (IF ANY) FOR PROBLEM    1
             
 (WARNING  2) NM-TRAN INFERS THAT THE DATA ARE POPULATION.
Recompiling certain components.
starting wait
ending wait
Exiting lpreddo
Compiling FSUBS
Building NONMEM Executable
Starting nonmem execution ...
License Registered to: <LICENSEE>
Expiration Date: <DATE>
Current Date: <DATE>
Days until program expires : <N>


 First Order Conditional Estimation with Interaction
 MONITORING OF SEARCH:


0ITERATION NO.:    0    OBJECTIVE VALUE:   22.4007339253718        NO. OF FUNC. EVALS.:   7
 CUMULATIVE NO. OF FUNC. EVALS.:        7
 NPARAMETR:  5.0000E+00  4.0000E+01  2.0000E-01  1.0000E-01  5.0000E+01  1.0000E-01  5.0000E-02
 PARAMETER:  1.0000E-01  1.0000E-01  1.0000E-01  1.0000E-01  1.0000E-01  1.0000E-01  1.0000E-01
 GRADIENT:   2.8065E+01  5.1415E+01  9.7377E+00 -4.4577E-01 -7.0085E+01  7.9774E+00 -1.7443E+00

0ITERATION NO.:    5    OBJECTIVE VALUE:   18.7499630364605        NO. OF FUNC. EVALS.:  44
 CUMULATIVE NO. OF FUNC. EVALS.:       51
 NPARAMETR:  4.7697E+00  3.7521E+01  1.4455E-01  1.0178E-01  5.0360E+01  6.6000E-02  4.5063E-02
 PARAMETER:  5.2856E-02  3.6016E-02 -2.2467E-01  1.1766E-01  1.0717E-01 -1.0776E-01  4.8016E-02
 GRADIENT:   1.3035E+00  2.4669E+00 -6.3229E+00 -3.7083E+00 -1.1764E+00 -8.3858E+00 -1.8489E+00

0ITERATION NO.:   10    OBJECTIVE VALUE:   17.9619262853986        NO. OF FUNC. EVALS.:  42
 CUMULATIVE NO. OF FUNC. EVALS.:       93
 NPARAMETR:  4.1552E+00  3.7393E+01  1.6043E-01  1.0549E-01  4.7651E+01  7.7814E-02  4.6352E-02
 PARAMETER: -8.5077E-02  3.2600E-02 -1.2048E-01  1.5342E-01  5.1888E-02 -2.5425E-02  6.2120E-02
 GRADIENT:  -3.8964E-01  1.3930E-02  1.1899E-02  2.9881E-03  7.4412E-01 -5.1271E-02 -4.1138E-02

0ITERATION NO.:   15    OBJECTIVE VALUE:   17.9607229530904        NO. OF FUNC. EVALS.:  65
 CUMULATIVE NO. OF FUNC. EVALS.:      158
 NPARAMETR:  4.2312E+00  3.7397E+01  1.6037E-01  1.0553E-01  4.7994E+01  7.7903E-02  4.6393E-02
 PARAMETER: -6.6954E-02  3.2723E-02 -1.2082E-01  1.5383E-01  5.9055E-02 -2.4855E-02  6.2560E-02
 GRADIENT:  -6.4171E-05  7.2156E-05  4.4848E-05  1.0872E-04  2.2075E-05  6.3720E-04  4.3879E-04

0ITERATION NO.:   16    OBJECTIVE VALUE:   17.9607229530904        NO. OF FUNC. EVALS.:  10
 CUMULATIVE NO. OF FUNC. EVALS.:      168
 NPARAMETR:  4.2312E+00  3.7397E+01  1.6037E-01  1.0553E-01  4.7994E+01  7.7903E-02  4.6393E-02
 PARAMETER: -6.6954E-02  3.2723E-02 -1.2082E-01  1.5383E-01  5.9055E-02 -2.4855E-02  6.2560E-02
 GRADIENT:  -6.4171E-05  7.2156E-05  4.4848E-05  1.0872E-04  2.2075E-05  6.3720E-04  4.3879E-04
 Elapsed estimation  time in seconds: <SEC>
 Elapsed covariance  time in seconds: <SEC>
 Elapsed postprocess time in seconds: <SEC>
 Elapsed finaloutput time in seconds: <SEC>
Done with nonmem execution
wall seconds: 13.7
