Changing directory to 107wtv.R76
'pushdon' is not recognized as an internal or external command,
operable program or batch file.
Pathlist information for compiler and MPI systems are located in nmpathlist.txt

Starting NMTRAN
  
 WARNINGS AND ERRORS (IF ANY) FOR PROBLEM    1
             
 (WARNING  2) NM-TRAN INFERS THAT THE DATA ARE POPULATION.
Recompiling certain components.
starting wait
ending wait
Exiting lpreddo
Compiling FSUBS
Building NONMEM Executable
Starting nonmem execution ...
License Registered to: <LICENSEE>
Expiration Date: <DATE>
Current Date: <DATE>
Days until program expires : <N>


 First Order Conditional Estimation with Interaction
 MONITORING OF SEARCH:


0ITERATION NO.:    0    OBJECTIVE VALUE:   715.562836728035        NO. OF FUNC. EVALS.:   7
 CUMULATIVE NO. OF FUNC. EVALS.:        7
 NPARAMETR:  7.5000E-03  1.5000E+00  6.0000E-01  1.2000E-01  7.5000E-01  3.0000E-01  5.0000E-02  3.0000E-01
 PARAMETER:  1.0000E-01  1.0000E-01  1.0000E-01  1.0000E-01  1.0000E-01  1.0000E-01  1.0000E-01  1.0000E-01
 GRADIENT:   5.2548E+01 -8.1675E+00 -8.5446E-01  1.0749E+01 -2.3380E+01  1.6972E+01  1.5592E+01  9.4785E+01

0ITERATION NO.:    5    OBJECTIVE VALUE:   637.686813653001        NO. OF FUNC. EVALS.:  43
 CUMULATIVE NO. OF FUNC. EVALS.:       50
 NPARAMETR:  7.3269E-03  1.5675E+00  6.2100E-01  1.2918E-01  1.0306E+00  1.5318E-01  3.5258E-02  2.4210E-02
 PARAMETER:  7.6647E-02  1.4402E-01  1.3441E-01  1.7371E-01  2.1593E-01 -2.3610E-01  9.8685E-02 -1.3486E+00
 GRADIENT:   7.1322E+01  3.6517E+01 -2.5202E-01  6.9201E+00  9.4861E+01 -7.1559E-01  6.2104E+01  3.3736E+00

0ITERATION NO.:   10    OBJECTIVE VALUE:   627.326393602326        NO. OF FUNC. EVALS.:  42
 CUMULATIVE NO. OF FUNC. EVALS.:       92
 NPARAMETR:  5.9562E-03  1.5384E+00  1.2598E+00  1.2134E-01  1.0429E+00  1.0470E-01  1.0352E-02  2.2313E-02
 PARAMETER: -1.3047E-01  1.2525E-01  8.4180E-01  1.1113E-01  2.2111E-01 -4.2636E-01  3.5047E-02 -1.2087E+00
 GRADIENT:   6.4329E-01 -2.5391E+00  7.3051E-01  5.3202E+00  1.6289E+01  1.9058E+00  2.0545E+00  4.8488E-01

0ITERATION NO.:   15    OBJECTIVE VALUE:   627.138605979296        NO. OF FUNC. EVALS.:  43
 CUMULATIVE NO. OF FUNC. EVALS.:      135
 NPARAMETR:  5.9950E-03  1.5360E+00  1.4891E+00  1.1212E-01  1.0199E+00  1.2547E-01  1.4241E-02  2.3106E-02
 PARAMETER: -1.2398E-01  1.2372E-01  1.0090E+00  3.2058E-02  2.1150E-01 -3.3586E-01  4.4040E-02 -1.2040E+00
 GRADIENT:  -2.2338E-01  4.3562E-01  6.9261E-01  4.6995E+00  9.0778E+00  1.6129E+00  6.5278E+00  2.3037E+00

0ITERATION NO.:   20    OBJECTIVE VALUE:   626.624095384136        NO. OF FUNC. EVALS.:  42
 CUMULATIVE NO. OF FUNC. EVALS.:      177
 NPARAMETR:  6.1711E-03  1.5211E+00  1.9801E+00  8.6003E-02  9.6511E-01  1.7308E-01  2.4173E-02  2.0343E-02
 PARAMETER: -9.5019E-02  1.1394E-01  1.2940E+00 -2.3312E-01  1.8867E-01 -1.7500E-01  6.3648E-02 -1.3222E+00
 GRADIENT:   1.2149E+00 -4.4644E-01 -1.8857E+00 -1.1778E+00  1.5248E-01 -5.8683E-01 -1.2681E+00 -3.7616E-01

0ITERATION NO.:   25    OBJECTIVE VALUE:   626.581433284152        NO. OF FUNC. EVALS.:  41
 CUMULATIVE NO. OF FUNC. EVALS.:      218
 NPARAMETR:  6.1533E-03  1.5212E+00  2.1162E+00  8.1848E-02  9.6541E-01  1.7621E-01  2.4411E-02  2.0322E-02
 PARAMETER: -9.7913E-02  1.1402E-01  1.3605E+00 -2.8263E-01  1.8879E-01 -1.6606E-01  6.3703E-02 -1.3230E+00
 GRADIENT:   1.8379E-01  1.4512E-01  2.8411E-02  1.0307E-02 -1.0739E-01 -5.7387E-02  4.5150E-01  1.0947E-02

0ITERATION NO.:   30    OBJECTIVE VALUE:   626.581152314549        NO. OF FUNC. EVALS.:  56
 CUMULATIVE NO. OF FUNC. EVALS.:      274
 NPARAMETR:  6.1476E-03  1.5214E+00  2.1154E+00  8.1881E-02  9.6682E-01  1.7596E-01  2.4050E-02  2.0359E-02
 PARAMETER: -9.8836E-02  1.1414E-01  1.3601E+00 -2.8223E-01  1.8938E-01 -1.6676E-01  6.2806E-02 -1.3191E+00
 GRADIENT:  -1.6461E-03 -5.0365E-04 -8.6431E-04 -9.3439E-04 -2.2349E-03 -6.0788E-04  5.8340E-04  6.2131E-04

0ITERATION NO.:   31    OBJECTIVE VALUE:   626.581152314549        NO. OF FUNC. EVALS.:  10
 CUMULATIVE NO. OF FUNC. EVALS.:      284
 NPARAMETR:  6.1476E-03  1.5214E+00  2.1154E+00  8.1881E-02  9.6682E-01  1.7596E-01  2.4050E-02  2.0359E-02
 PARAMETER: -9.8836E-02  1.1414E-01  1.3601E+00 -2.8223E-01  1.8938E-01 -1.6676E-01  6.2806E-02 -1.3191E+00
 GRADIENT:  -1.6461E-03 -5.0365E-04 -8.6431E-04 -9.3439E-04 -2.2349E-03 -6.0788E-04  5.8340E-04  6.2131E-04
 Elapsed estimation  time in seconds: <SEC>
 Elapsed covariance  time in seconds: <SEC>
 Elapsed postprocess time in seconds: <SEC>
 Elapsed finaloutput time in seconds: <SEC>
Done with nonmem execution
