<DATE>
<TIME>
$PROB THEO 1COMP, ZERO-ORDER ABSORPTION (RATE=-2)   P:110ka  F:BASE
$INPUT ID TIME AMT RATE DV MDV EVID WT
$DATA ../../data/theo-nm.csv IGNORE=@
$SUBR ADVAN1 TRANS2
$ABBR DERIV2=NO

$PK
  TVD1 = THETA(1)
  TVCL = THETA(2)
  TVV  = THETA(3)
  D1   = TVD1 * EXP(ETA(1))                 ; duration of zero-order input (h)
  CL   = TVCL * EXP(ETA(2))
  V    = TVV  * EXP(ETA(3))
  S1   = V

$ERROR
  IPRE = F
  W    = 1
  W    = SQRT(THETA(4)**2 + THETA(5)**2 * IPRE**2)
  IF (W.LT.1E-6) W = 1E-6
  IRES = DV - IPRE
  IWRE = IRES / W
  Y    = IPRE + W * EPS(1)

$THETA
  (0, 1)       ; D1, input duration (h)
  (0, 3)       ; CL (L/h)
  (0, 30)      ; V  (L)
  (0, 0.5)     ; additive error SD (mg/L)
  (0, 0.1)     ; proportional error CV

$OMEGA
  0.4          ; D1
  0.1          ; CL
  0.05         ; V

$SIGMA 1 FIX

$EST MAX=9999 PRINT=5 METHOD=COND INTER NSIG=3 SIGL=9
     NOABORT NOTBT NOOBT NOSBT
$COV UNCOND PRINT=E
$TAB ID TIME AMT DV MDV EVID IPRE IWRE CWRES
     ONEHEADER NOPRINT FILE=sdtab
$TAB ID D1 CL V ETA1 ETA2 ETA3
     ONEHEADER NOPRINT NOAPPEND FILE=patab
$TAB ID WT
     ONEHEADER NOPRINT NOAPPEND FILE=cotab
$TAB ID EVID
     ONEHEADER NOPRINT NOAPPEND FILE=catab
  
NM-TRAN MESSAGES 
  
 WARNINGS AND ERRORS (IF ANY) FOR PROBLEM    1
             
 (WARNING  2) NM-TRAN INFERS THAT THE DATA ARE POPULATION.

 (DATA WARNING   5) RECORD         2, DATA ITEM   5, CONTENTS: 0.74
 THE DV DATA ITEM IS POSITIVE, BUT THE MDV DATA ITEM IS 1

 (DATA WARNING   5) RECORD        74, DATA ITEM   5, CONTENTS: 0.15
 THE DV DATA ITEM IS POSITIVE, BUT THE MDV DATA ITEM IS 1

 (DATA WARNING   5) RECORD       110, DATA ITEM   5, CONTENTS: 0.24
 THE DV DATA ITEM IS POSITIVE, BUT THE MDV DATA ITEM IS 1
  
License Registered to: <LICENSEE>
Expiration Date: <DATE>
Current Date: <DATE>
Days until program expires : <N>
1NONLINEAR MIXED EFFECTS MODEL PROGRAM (NONMEM) VERSION 7.6.0 (nm760)
 ORIGINALLY DEVELOPED BY STUART BEAL, LEWIS SHEINER, AND ALISON BOECKMANN
 CURRENT DEVELOPERS ARE ROBERT BAUER, ICON DEVELOPMENT SOLUTIONS,
 AND ALISON BOECKMANN. IMPLEMENTATION, EFFICIENCY, AND STANDARDIZATION
 PERFORMED BY NOUS INFOSYSTEMS.

 PROBLEM NO.:         1
 THEO 1COMP, ZERO-ORDER ABSORPTION (RATE=-2)   P:110ka  F:BASE
0DATA CHECKOUT RUN:              NO
 DATA SET LOCATED ON UNIT NO.:    2
 THIS UNIT TO BE REWOUND:        NO
 CREATE/ADD TO FDATA.csv:        YES
 NO. OF DATA RECS IN DATA SET:      144
 NO. OF DATA ITEMS IN DATA SET:   8
 ID DATA ITEM IS DATA ITEM NO.:   1
 DEP VARIABLE IS DATA ITEM NO.:   5
 MDV DATA ITEM IS DATA ITEM NO.:  6
0INDICES PASSED TO SUBROUTINE PRED:
   7   2   3   4   0   0   0   0   0   0   0
0LABELS FOR DATA ITEMS:
 ID TIME AMT RATE DV MDV EVID WT
0(NONBLANK) LABELS FOR PRED-DEFINED ITEMS:
 D1 CL V IPRE IWRE
0FORMAT FOR DATA:
 (8E7.0)

 TOT. NO. OF OBS RECS:      120
 TOT. NO. OF INDIVIDUALS:       12
0LENGTH OF THETA:   5
0DEFAULT THETA BOUNDARY TEST OMITTED:   YES
0OMEGA HAS SIMPLE DIAGONAL FORM WITH DIMENSION:   3
0DEFAULT OMEGA BOUNDARY TEST OMITTED:   YES
0SIGMA HAS SIMPLE DIAGONAL FORM WITH DIMENSION:   1
0DEFAULT SIGMA BOUNDARY TEST OMITTED:   YES
0INITIAL ESTIMATE OF THETA:
 LOWER BOUND    INITIAL EST    UPPER BOUND
  0.0000E+00     0.1000E+01     0.1000E+07
  0.0000E+00     0.3000E+01     0.1000E+07
  0.0000E+00     0.3000E+02     0.1000E+07
  0.0000E+00     0.5000E+00     0.1000E+07
  0.0000E+00     0.1000E+00     0.1000E+07
0INITIAL ESTIMATE OF OMEGA:
 0.4000E+00
 0.0000E+00   0.1000E+00
 0.0000E+00   0.0000E+00   0.5000E-01
0INITIAL ESTIMATE OF SIGMA:
 0.1000E+01
0SIGMA CONSTRAINED TO BE THIS INITIAL ESTIMATE
0COVARIANCE STEP OMITTED:        NO
 EIGENVLS. PRINTED:             YES
 SPECIAL COMPUTATION:            NO
 COMPRESSED FORMAT:              NO
 GRADIENT METHOD USED:     NOSLOW
 SIGDIGITS ETAHAT (SIGLO):                  -1
 SIGDIGITS GRADIENTS (SIGL):                -1
 EXCLUDE COV FOR FOCE (NOFCOV):              NO
 Cholesky Transposition of R Matrix (CHOLROFF):0
 KNUTHSUMOFF:                                -1
 RESUME COV ANALYSIS (RESUME):               NO
 SIR SAMPLE SIZE (SIRSAMPLE):
 NON-LINEARLY TRANSFORM THETAS DURING COV (THBND): 1
 PRECONDTIONING CYCLES (PRECOND):        0
 PRECONDTIONING TYPES (PRECONDS):        TOS
 FORCED PRECONDTIONING CYCLES (PFCOND):0
 PRECONDTIONING TYPE (PRETYPE):        0
 FORCED POS. DEFINITE SETTING DURING PRECONDITIONING: (FPOSDEF):0
 SIMPLE POS. DEFINITE SETTING: (POSDEF):-1
0TABLES STEP OMITTED:    NO
 NO. OF TABLES:           4
 SEED NUMBER (SEED):    11456
 NPDTYPE:    0
 INTERPTYPE:    0
 RANMETHOD:             3U
 MC SAMPLES (ESAMPLE):    300
 WRES SQUARE ROOT TYPE (WRESCHOL): EIGENVALUE
0-- TABLE   1 --
0RECORDS ONLY:    ALL
04 COLUMNS APPENDED:    YES
 PRINTED:                NO
 HEADER:                YES
 FILE TO BE FORWARDED:   NO
 FORMAT:                S1PE11.4
 IDFORMAT:
 LFORMAT:
 RFORMAT:
 FIXED_EFFECT_ETAS:
0USER-CHOSEN ITEMS:
 ID TIME AMT DV MDV EVID IPRE IWRE CWRES
0-- TABLE   2 --
0RECORDS ONLY:    ALL
04 COLUMNS APPENDED:    NO
 PRINTED:                NO
 HEADER:                YES
 FILE TO BE FORWARDED:   NO
 FORMAT:                S1PE11.4
 IDFORMAT:
 LFORMAT:
 RFORMAT:
 FIXED_EFFECT_ETAS:
0USER-CHOSEN ITEMS:
 ID D1 CL V ETA1 ETA2 ETA3
0-- TABLE   3 --
0RECORDS ONLY:    ALL
04 COLUMNS APPENDED:    NO
 PRINTED:                NO
 HEADER:                YES
 FILE TO BE FORWARDED:   NO
 FORMAT:                S1PE11.4
 IDFORMAT:
 LFORMAT:
 RFORMAT:
 FIXED_EFFECT_ETAS:
0USER-CHOSEN ITEMS:
 ID WT
0-- TABLE   4 --
0RECORDS ONLY:    ALL
04 COLUMNS APPENDED:    NO
 PRINTED:                NO
 HEADER:                YES
 FILE TO BE FORWARDED:   NO
 FORMAT:                S1PE11.4
 IDFORMAT:
 LFORMAT:
 RFORMAT:
 FIXED_EFFECT_ETAS:
0USER-CHOSEN ITEMS:
 ID EVID
1DOUBLE PRECISION PREDPP VERSION 7.6.0 (nm760)

 ONE COMPARTMENT MODEL (ADVAN1)
0MAXIMUM NO. OF BASIC PK PARAMETERS:   2
0BASIC PK PARAMETERS (AFTER TRANSLATION):
   ELIMINATION RATE (K) IS BASIC PK PARAMETER NO.:  1

 TRANSLATOR WILL CONVERT PARAMETERS
 CLEARANCE (CL) AND VOLUME (V) TO K (TRANS2)
0COMPARTMENT ATTRIBUTES
 COMPT. NO.   FUNCTION   INITIAL    ON/OFF      DOSE      DEFAULT    DEFAULT
                         STATUS     ALLOWED    ALLOWED    FOR DOSE   FOR OBS.
    1         CENTRAL      ON         NO         YES        YES        YES
    2         OUTPUT       OFF        YES        NO         NO         NO
1
 ADDITIONAL PK PARAMETERS - ASSIGNMENT OF ROWS IN GG
 COMPT. NO.                             INDICES
              SCALE      BIOAVAIL.   ZERO-ORDER  ZERO-ORDER  ABSORB
                         FRACTION    RATE        DURATION    LAG
    1            4           *           *           3           *
    2            *           -           -           -           -
             - PARAMETER IS NOT ALLOWED FOR THIS MODEL
             * PARAMETER IS NOT SUPPLIED BY PK SUBROUTINE;
               WILL DEFAULT TO ONE IF APPLICABLE
0DATA ITEM INDICES USED BY PRED ARE:
   EVENT ID DATA ITEM IS DATA ITEM NO.:      7
   TIME DATA ITEM IS DATA ITEM NO.:          2
   DOSE AMOUNT DATA ITEM IS DATA ITEM NO.:   3
   DOSE RATE DATA ITEM IS DATA ITEM NO.:     4

0PK SUBROUTINE CALLED WITH EVERY EVENT RECORD.
 PK SUBROUTINE NOT CALLED AT NONEVENT (ADDITIONAL OR LAGGED) DOSE TIMES.
0ERROR SUBROUTINE CALLED WITH EVERY EVENT RECORD.
1


 #TBLN:      1
 #METH: First Order Conditional Estimation with Interaction

 ESTIMATION STEP OMITTED:                 NO
 SHRINK INFO WITH EVALUATION (EVALSHRINK) NO
 ANALYSIS TYPE:                           POPULATION
 NUMBER OF SADDLE POINT RESET ITERATIONS:      0
 GRADIENT METHOD USED:               NOSLOW
 CONDITIONAL ESTIMATES USED:              YES
 CENTERED ETA:                            NO
 EPS-ETA INTERACTION:                     YES
 LAPLACIAN OBJ. FUNC.:                    NO
 NO. OF FUNCT. EVALS. ALLOWED:            9999
 NO. OF SIG. FIGURES REQUIRED:            3
 INTERMEDIATE PRINTOUT:                   YES
 ESTIMATE OUTPUT TO MSF:                  NO
 ABORT WITH PRED EXIT CODE 1:             NO
 IND. OBJ. FUNC. VALUES SORTED:           NO
 NUMERICAL DERIVATIVE
       FILE REQUEST (NUMDER):               NONE
 MAP (ETAHAT) ESTIMATION METHOD (OPTMAP):   0
 ETA HESSIAN EVALUATION METHOD (ETADER):    0
 INITIAL ETA FOR MAP ESTIMATION (MCETA):    0
 SIGDIGITS FOR MAP ESTIMATION (SIGLO):      9
 GRADIENT SIGDIGITS OF
       FIXED EFFECTS PARAMETERS (SIGL):     9
 NOPRIOR SETTING (NOPRIOR):                 0
 NOCOV SETTING (NOCOV):                     OFF
 DERCONT SETTING (DERCONT):                 OFF
 FINAL ETA RE-EVALUATION (FNLETA):          1
 EXCLUDE NON-INFLUENTIAL (NON-INFL.) ETAS
       IN SHRINKAGE (ETASTYPE):             NO
 NON-INFL. ETA CORRECTION (NONINFETA):      0
 RAW OUTPUT FILE (FILE): 112zo.ext
 EXCLUDE TITLE (NOTITLE):                   NO
 EXCLUDE COLUMN LABELS (NOLABEL):           NO
 FORMAT FOR ADDITIONAL FILES (FORMAT):      S1PE12.5
 PARAMETER ORDER FOR OUTPUTS (ORDER):       TSOL
 KNUTHSUMOFF:                               0
 INCLUDE LNTWOPI:                           NO
 INCLUDE CONSTANT TERM TO PRIOR (PRIORC):   NO
 INCLUDE CONSTANT TERM TO OMEGA (ETA) (OLNTWOPI):NO
 ADDITIONAL CONVERGENCE TEST (CTYPE=4)?:    NO
 EM OR BAYESIAN METHOD USED:                 NONE


 THE FOLLOWING LABELS ARE EQUIVALENT
 PRED=PREDI
 RES=RESI
 WRES=WRESI
 IWRS=IWRESI
 IPRD=IPREDI
 IRS=IRESI

 MONITORING OF SEARCH:


0ITERATION NO.:    0    OBJECTIVE VALUE:   104.955677690664        NO. OF FUNC. EVALS.:   7
 CUMULATIVE NO. OF FUNC. EVALS.:        7
 NPARAMETR:  1.0000E+00  3.0000E+00  3.0000E+01  5.0000E-01  1.0000E-01  4.0000E-01  1.0000E-01  5.0000E-02
 PARAMETER:  1.0000E-01  1.0000E-01  1.0000E-01  1.0000E-01  1.0000E-01  1.0000E-01  1.0000E-01  1.0000E-01
 GRADIENT:   2.3445E+00  2.5464E+01 -5.5835E+01  3.0447E+01  3.8035E+01  1.0166E+01  4.1628E+00  7.0159E+00

0ITERATION NO.:    5    OBJECTIVE VALUE:   84.3191957872012        NO. OF FUNC. EVALS.:  57
 CUMULATIVE NO. OF FUNC. EVALS.:       64
 NPARAMETR:  8.0720E-01  2.6146E+00  3.5581E+01  4.3275E-01  4.3406E-02  1.9541E-01  7.1009E-02  2.5091E-02
 PARAMETER: -1.1418E-01 -3.7511E-02  2.7062E-01 -4.4444E-02 -7.3458E-01 -2.5818E-01 -7.1185E-02 -2.4476E-01
 GRADIENT:  -2.0031E+01  3.0302E+00  3.6122E+01 -2.9547E+01 -1.2071E+01 -7.0478E+00  3.7898E-02  3.5790E+00

0ITERATION NO.:   10    OBJECTIVE VALUE:   81.3781446997304        NO. OF FUNC. EVALS.:  85
 CUMULATIVE NO. OF FUNC. EVALS.:      149
 NPARAMETR:  9.1499E-01  2.6264E+00  3.4206E+01  4.9252E-01  3.6409E-02  2.5215E-01  6.3652E-02  2.1160E-02
 PARAMETER:  1.1162E-02 -3.3010E-02  2.3121E-01  8.4935E-02 -9.1035E-01 -1.3072E-01 -1.2587E-01 -3.2996E-01
 GRADIENT:  -4.4598E-01  5.4316E+00  6.5537E+00 -8.3021E+00 -6.2222E+00  1.4393E+00 -2.6719E+00  2.1752E+00

0ITERATION NO.:   15    OBJECTIVE VALUE:   79.7952083880607        NO. OF FUNC. EVALS.:  88
 CUMULATIVE NO. OF FUNC. EVALS.:      237
 NPARAMETR:  9.7316E-01  2.5977E+00  3.4118E+01  4.5700E-01  5.6289E-02  2.4138E-01  7.5190E-02  1.7494E-02
 PARAMETER:  7.2792E-02 -4.4001E-02  2.2864E-01  1.0080E-02 -4.7467E-01 -1.5255E-01 -4.2577E-02 -4.2508E-01
 GRADIENT:  -1.4888E+00 -1.3297E+00  7.6197E-01  2.2372E-01  9.9566E-02  9.7568E-02  9.0535E-01 -7.7447E-01

0ITERATION NO.:   20    OBJECTIVE VALUE:   79.6726060086449        NO. OF FUNC. EVALS.: 119
 CUMULATIVE NO. OF FUNC. EVALS.:      356             RESET HESSIAN, TYPE I
 NPARAMETR:  9.3222E-01  2.6028E+00  3.4274E+01  4.5732E-01  5.6157E-02  2.3696E-01  7.3963E-02  1.7722E-02
 PARAMETER:  2.9811E-02 -4.2029E-02  2.3318E-01  1.0765E-02 -4.7702E-01 -1.6179E-01 -5.0800E-02 -4.1860E-01
 GRADIENT:   1.5622E+01 -5.7112E-01  4.9936E+00  1.8910E-01  1.1487E-01 -1.2625E-01  6.2315E-01 -6.6345E-01

0ITERATION NO.:   25    OBJECTIVE VALUE:   79.6699865492960        NO. OF FUNC. EVALS.:  88
 CUMULATIVE NO. OF FUNC. EVALS.:      444
 NPARAMETR:  9.3404E-01  2.6092E+00  3.4153E+01  4.5673E-01  5.6063E-02  2.3850E-01  7.3467E-02  1.7818E-02
 PARAMETER:  3.1759E-02 -3.9550E-02  2.2965E-01  9.4793E-03 -4.7869E-01 -1.5855E-01 -5.4169E-02 -4.1590E-01
 GRADIENT:  -5.6291E+00 -8.1482E-03  2.2147E-01 -7.1550E-02 -3.6769E-02  9.9569E-03  4.9836E-01 -5.6485E-01

0ITERATION NO.:   30    OBJECTIVE VALUE:   79.6694907835745        NO. OF FUNC. EVALS.:  86
 CUMULATIVE NO. OF FUNC. EVALS.:      530
 NPARAMETR:  9.3552E-01  2.6123E+00  3.4110E+01  4.5653E-01  5.6040E-02  2.3918E-01  7.2516E-02  1.8035E-02
 PARAMETER:  3.3346E-02 -3.8387E-02  2.2838E-01  9.0378E-03 -4.7911E-01 -1.5713E-01 -6.0682E-02 -4.0987E-01
 GRADIENT:  -5.8863E+00  2.5196E-01 -1.9429E+00 -1.3430E-01 -7.0432E-02  6.8555E-02  2.6641E-01 -3.8672E-01

0ITERATION NO.:   35    OBJECTIVE VALUE:   79.6694019327454        NO. OF FUNC. EVALS.:  88
 CUMULATIVE NO. OF FUNC. EVALS.:      618
 NPARAMETR:  9.3635E-01  2.6134E+00  3.4102E+01  4.5649E-01  5.6022E-02  2.3940E-01  7.2029E-02  1.8165E-02
 PARAMETER:  3.4229E-02 -3.7944E-02  2.2815E-01  8.9558E-03 -4.7942E-01 -1.5666E-01 -6.4047E-02 -4.0628E-01
 GRADIENT:  -6.0368E+00  3.4424E-01 -2.7018E+00 -1.5064E-01 -7.7456E-02  8.7523E-02  1.4802E-01 -2.8365E-01

0ITERATION NO.:   40    OBJECTIVE VALUE:   79.6693788782896        NO. OF FUNC. EVALS.:  94
 CUMULATIVE NO. OF FUNC. EVALS.:      712
 NPARAMETR:  9.3670E-01  2.6139E+00  3.4102E+01  4.5649E-01  5.6011E-02  2.3946E-01  7.1862E-02  1.8215E-02
 PARAMETER:  3.4608E-02 -3.7783E-02  2.2816E-01  8.9611E-03 -4.7963E-01 -1.5654E-01 -6.5213E-02 -4.0489E-01
 GRADIENT:  -6.1062E+00  3.7443E-01 -2.9451E+00 -1.5630E-01 -7.9616E-02  9.2545E-02  1.0747E-01 -2.4518E-01

0ITERATION NO.:   45    OBJECTIVE VALUE:   79.6643960628501        NO. OF FUNC. EVALS.:  80
 CUMULATIVE NO. OF FUNC. EVALS.:      792
 NPARAMETR:  9.3846E-01  2.6116E+00  3.4139E+01  4.5708E-01  5.5959E-02  2.3821E-01  7.1163E-02  1.8457E-02
 PARAMETER:  3.6483E-02 -3.8649E-02  2.2926E-01  1.0257E-02 -4.8055E-01 -1.5916E-01 -7.0098E-02 -3.9828E-01
 GRADIENT:   1.5272E+01  2.8375E-01 -3.5061E-01  2.1323E-02 -8.0290E-02 -2.3186E-02 -6.2988E-02 -6.3822E-03

0ITERATION NO.:   50    OBJECTIVE VALUE:   79.6616499908439        NO. OF FUNC. EVALS.:  55
 CUMULATIVE NO. OF FUNC. EVALS.:      847
 NPARAMETR:  9.3522E-01  2.6205E+00  3.4258E+01  4.5693E-01  5.5934E-02  2.3882E-01  7.1780E-02  1.8433E-02
 PARAMETER:  3.3024E-02 -3.5249E-02  2.3273E-01  9.9136E-03 -4.8101E-01 -1.5788E-01 -6.5781E-02 -3.9894E-01
 GRADIENT:  -5.7178E+00  1.3811E+00  3.2075E+00 -8.6241E-02 -1.0982E-01  4.0108E-02  9.6807E-02 -4.9243E-02

0ITERATION NO.:   55    OBJECTIVE VALUE:   79.6598105338917        NO. OF FUNC. EVALS.:  93
 CUMULATIVE NO. OF FUNC. EVALS.:      940
 NPARAMETR:  9.3018E-01  2.5994E+00  3.4176E+01  4.5698E-01  5.6113E-02  2.3839E-01  7.1629E-02  1.8462E-02
 PARAMETER:  2.7627E-02 -4.3345E-02  2.3033E-01  1.0031E-02 -4.7780E-01 -1.5878E-01 -6.6836E-02 -3.9816E-01
 GRADIENT:  -5.4480E+00 -9.1679E-01  2.5840E+00  9.2051E-02  1.0703E-02  1.8848E-03  6.9426E-02  3.4356E-02

0ITERATION NO.:   60    OBJECTIVE VALUE:   79.6582609931620        NO. OF FUNC. EVALS.: 120
 CUMULATIVE NO. OF FUNC. EVALS.:     1060             RESET HESSIAN, TYPE I
 NPARAMETR:  9.3175E-01  2.6122E+00  3.4291E+01  4.5661E-01  5.5934E-02  2.3842E-01  7.1549E-02  1.8481E-02
 PARAMETER:  2.9313E-02 -3.8438E-02  2.3368E-01  9.2229E-03 -4.8100E-01 -1.5871E-01 -6.7390E-02 -3.9764E-01
 GRADIENT:   1.5642E+01  6.2750E-01  5.9817E+00 -2.4414E-01 -1.8067E-01  5.4979E-03  4.6341E-02  1.0077E-02

0ITERATION NO.:   65    OBJECTIVE VALUE:   79.6577227762658        NO. OF FUNC. EVALS.: 101
 CUMULATIVE NO. OF FUNC. EVALS.:     1161
 NPARAMETR:  9.3276E-01  2.6068E+00  3.4292E+01  4.5645E-01  5.5928E-02  2.3843E-01  7.1496E-02  1.8495E-02
 PARAMETER:  3.0397E-02 -4.0508E-02  2.3371E-01  8.8643E-03 -4.8110E-01 -1.5869E-01 -6.7766E-02 -3.9727E-01
 GRADIENT:  -5.4318E+00 -4.7191E-02  5.4805E+00 -3.2477E-01 -1.8116E-01  5.5970E-03  3.7858E-02  8.4151E-03

0ITERATION NO.:   70    OBJECTIVE VALUE:   79.6558994679398        NO. OF FUNC. EVALS.: 120
 CUMULATIVE NO. OF FUNC. EVALS.:     1281             RESET HESSIAN, TYPE I
 NPARAMETR:  9.3243E-01  2.6073E+00  3.4234E+01  4.5687E-01  5.5960E-02  2.3841E-01  7.1437E-02  1.8516E-02
 PARAMETER:  3.0039E-02 -4.0307E-02  2.3202E-01  9.7854E-03 -4.8053E-01 -1.5874E-01 -6.8179E-02 -3.9669E-01
 GRADIENT:   1.5481E+01 -4.4957E-03  3.8358E+00 -1.0235E-01 -1.1453E-01  3.7910E-03  2.1452E-02  5.2978E-02

0ITERATION NO.:   75    OBJECTIVE VALUE:   79.6558654339560        NO. OF FUNC. EVALS.: 106
 CUMULATIVE NO. OF FUNC. EVALS.:     1387             RESET HESSIAN, TYPE I
 NPARAMETR:  9.3242E-01  2.6072E+00  3.4235E+01  4.5708E-01  5.6003E-02  2.3841E-01  7.1421E-02  1.8523E-02
 PARAMETER:  3.0031E-02 -4.0326E-02  2.3205E-01  1.0246E-02 -4.7977E-01 -1.5874E-01 -6.8288E-02 -3.9651E-01
 GRADIENT:   1.5463E+01 -1.1099E-02  3.8532E+00  2.5496E-02 -5.4263E-02  4.9765E-03  1.8630E-02  6.0293E-02

0ITERATION NO.:   80    OBJECTIVE VALUE:   79.6558297730778        NO. OF FUNC. EVALS.: 115
 CUMULATIVE NO. OF FUNC. EVALS.:     1502
 NPARAMETR:  9.3243E-01  2.6071E+00  3.4237E+01  4.5696E-01  5.5970E-02  2.3840E-01  7.1365E-02  1.8546E-02
 PARAMETER:  3.0041E-02 -4.0364E-02  2.3211E-01  9.9776E-03 -4.8036E-01 -1.5875E-01 -6.8684E-02 -3.9587E-01
 GRADIENT:  -5.4546E+00 -2.3420E-02  3.8697E+00 -5.6957E-02 -9.5762E-02  3.8167E-03  4.8293E-03  7.9099E-02

0ITERATION NO.:   85    OBJECTIVE VALUE:   79.6558188591391        NO. OF FUNC. EVALS.: 109
 CUMULATIVE NO. OF FUNC. EVALS.:     1611
 NPARAMETR:  9.3241E-01  2.6071E+00  3.4236E+01  4.5706E-01  5.5988E-02  2.3841E-01  7.1354E-02  1.8551E-02
 PARAMETER:  3.0022E-02 -4.0362E-02  2.3209E-01  1.0198E-02 -4.8003E-01 -1.5875E-01 -6.8757E-02 -3.9574E-01
 GRADIENT:  -5.4523E+00 -2.2900E-02  3.8565E+00  2.3908E-03 -6.8989E-02  4.4865E-03  2.7519E-03  8.4569E-02

0ITERATION NO.:   90    OBJECTIVE VALUE:   79.6558107100078        NO. OF FUNC. EVALS.: 116
 CUMULATIVE NO. OF FUNC. EVALS.:     1727
 NPARAMETR:  9.3241E-01  2.6072E+00  3.4236E+01  4.5697E-01  5.5970E-02  2.3840E-01  7.1316E-02  1.8570E-02
 PARAMETER:  3.0021E-02 -4.0352E-02  2.3208E-01  1.0008E-02 -4.8035E-01 -1.5875E-01 -6.9027E-02 -3.9524E-01
 GRADIENT:  -5.4568E+00 -1.7585E-02  3.8492E+00 -4.9196E-02 -9.4168E-02  3.9935E-03 -6.4637E-03  1.0045E-01

0ITERATION NO.:   95    OBJECTIVE VALUE:   79.6558053866693        NO. OF FUNC. EVALS.: 117
 CUMULATIVE NO. OF FUNC. EVALS.:     1844
 NPARAMETR:  9.3240E-01  2.6071E+00  3.4236E+01  4.5705E-01  5.5986E-02  2.3841E-01  7.1309E-02  1.8574E-02
 PARAMETER:  3.0009E-02 -4.0357E-02  2.3208E-01  1.0191E-02 -4.8008E-01 -1.5874E-01 -6.9075E-02 -3.9514E-01
 GRADIENT:  -8.7252E-04  1.0573E-03 -9.9178E-03  6.8569E-03  5.0630E-03  2.2811E-04  2.0372E-02 -3.3602E-03

 #TERM:
0MINIMIZATION SUCCESSFUL
 HOWEVER, PROBLEMS OCCURRED WITH THE MINIMIZATION.
 REGARD THE RESULTS OF THE ESTIMATION STEP CAREFULLY, AND ACCEPT THEM ONLY
 AFTER CHECKING THAT THE COVARIANCE STEP PRODUCES REASONABLE OUTPUT.
 NO. OF FUNCTION EVALUATIONS USED:     1844
 NO. OF SIG. DIGITS IN FINAL EST.:  3.0

 ETABAR IS THE ARITHMETIC MEAN OF THE ETA-ESTIMATES,
 AND THE P-VALUE IS GIVEN FOR THE NULL HYPOTHESIS THAT THE TRUE MEAN IS 0.

 ETABAR:        -4.4382E-03  1.6337E-03 -2.9971E-03
 SE:             1.3896E-01  7.3203E-02  3.6270E-02
 N:                      12          12          12

 P VAL.:         9.7452E-01  9.8220E-01  9.3414E-01

 ETASHRINKSD(%)  1.4054E+00  5.0359E+00  7.7824E+00
 ETASHRINKVR(%)  2.7910E+00  9.8183E+00  1.4959E+01
 EBVSHRINKSD(%)  1.6119E+00  4.9392E+00  7.1882E+00
 EBVSHRINKVR(%)  3.1979E+00  9.6344E+00  1.3860E+01
 RELATIVEINF(%)  9.6649E+01  9.0095E+01  8.5782E+01
 EPSSHRINKSD(%)  1.4732E+01
 EPSSHRINKVR(%)  2.7293E+01

  
 TOTAL DATA POINTS NORMALLY DISTRIBUTED (N):          120
 N*LOG(2PI) CONSTANT TO OBJECTIVE FUNCTION:    220.54524796912145     
 OBJECTIVE FUNCTION VALUE WITHOUT CONSTANT:    79.655805386669272     
 OBJECTIVE FUNCTION VALUE WITH CONSTANT:       300.20105335579069     
 REPORTED OBJECTIVE FUNCTION DOES NOT CONTAIN CONSTANT
  
 TOTAL EFFECTIVE ETAS (NIND*NETA):                            36
  
 #TERE:
 Elapsed estimation  time in seconds: <SEC>
 Elapsed covariance  time in seconds: <SEC>
 Elapsed postprocess time in seconds: <SEC>
1
 
 
 
 
 
 
 
 
 
 
 
 
 
 
 
 
 
 
 
 
 ************************************************************************************************************************
 ********************                                                                                ********************
 ********************               FIRST ORDER CONDITIONAL ESTIMATION WITH INTERACTION              ********************
 #OBJT:**************                       MINIMUM VALUE OF OBJECTIVE FUNCTION                      ********************
 ********************                                                                                ********************
 ************************************************************************************************************************
 





 #OBJV:********************************************            79.656       *********************************************
1
 ************************************************************************************************************************
 ********************                                                                                ********************
 ********************               FIRST ORDER CONDITIONAL ESTIMATION WITH INTERACTION              ********************
 ********************                             FINAL PARAMETER ESTIMATE                           ********************
 ********************                                                                                ********************
 ************************************************************************************************************************
 


 THETA - VECTOR OF FIXED EFFECTS PARAMETERS   *********


         TH 1      TH 2      TH 3      TH 4      TH 5     
 
         9.32E-01  2.61E+00  3.42E+01  4.57E-01  5.60E-02
 


 OMEGA - COV MATRIX FOR RANDOM EFFECTS - ETAS  ********


         ETA1      ETA2      ETA3     
 
 ETA1
+        2.38E-01
 
 ETA2
+        0.00E+00  7.13E-02
 
 ETA3
+        0.00E+00  0.00E+00  1.86E-02
 


 SIGMA - COV MATRIX FOR RANDOM EFFECTS - EPSILONS  ****


         EPS1     
 
 EPS1
+        1.00E+00
 
1


 OMEGA - CORR MATRIX FOR RANDOM EFFECTS - ETAS  *******


         ETA1      ETA2      ETA3     
 
 ETA1
+        4.88E-01
 
 ETA2
+        0.00E+00  2.67E-01
 
 ETA3
+        0.00E+00  0.00E+00  1.36E-01
 


 SIGMA - CORR MATRIX FOR RANDOM EFFECTS - EPSILONS  ***


         EPS1     
 
 EPS1
+        1.00E+00
 
1
 ************************************************************************************************************************
 ********************                                                                                ********************
 ********************               FIRST ORDER CONDITIONAL ESTIMATION WITH INTERACTION              ********************
 ********************                            STANDARD ERROR OF ESTIMATE                          ********************
 ********************                                                                                ********************
 ************************************************************************************************************************
 


 THETA - VECTOR OF FIXED EFFECTS PARAMETERS   *********


         TH 1      TH 2      TH 3      TH 4      TH 5     
 
         8.79E-02  1.98E-01  1.40E+00  8.89E-02  2.31E-02
 


 OMEGA - COV MATRIX FOR RANDOM EFFECTS - ETAS  ********


         ETA1      ETA2      ETA3     
 
 ETA1
+        9.23E-02
 
 ETA2
+       .........  2.76E-02
 
 ETA3
+       ......... .........  7.13E-03
 


 SIGMA - COV MATRIX FOR RANDOM EFFECTS - EPSILONS  ****


         EPS1     
 
 EPS1
+       .........
 
1


 OMEGA - CORR MATRIX FOR RANDOM EFFECTS - ETAS  *******


         ETA1      ETA2      ETA3     
 
 ETA1
+        9.45E-02
 
 ETA2
+       .........  5.16E-02
 
 ETA3
+       ......... .........  2.62E-02
 


 SIGMA - CORR MATRIX FOR RANDOM EFFECTS - EPSILONS  ***


         EPS1     
 
 EPS1
+       .........
 
1
 ************************************************************************************************************************
 ********************                                                                                ********************
 ********************               FIRST ORDER CONDITIONAL ESTIMATION WITH INTERACTION              ********************
 ********************                          COVARIANCE MATRIX OF ESTIMATE                         ********************
 ********************                                                                                ********************
 ************************************************************************************************************************
 

            TH 1      TH 2      TH 3      TH 4      TH 5      OM11      OM12      OM13      OM22      OM23      OM33      SG11  

 
 TH 1
+        7.73E-03
 
 TH 2
+       -4.70E-03  3.92E-02
 
 TH 3
+       -1.33E-02  2.28E-01  1.96E+00
 
 TH 4
+       -4.78E-04 -1.49E-03 -1.87E-02  7.91E-03
 
 TH 5
+        2.21E-04 -1.96E-04 -4.54E-03 -1.32E-03  5.34E-04
 
 OM11
+       -4.84E-03  5.75E-03  5.89E-03 -4.52E-03  1.07E-03  8.52E-03
 
 OM12
+       ......... ......... ......... ......... ......... ......... .........
 
 OM13
+       ......... ......... ......... ......... ......... ......... ......... .........
 
 OM22
+        2.35E-04 -2.75E-03 -3.21E-03 -7.15E-04  9.99E-05 -4.25E-04 ......... .........  7.61E-04
 
 OM23
+       ......... ......... ......... ......... ......... ......... ......... ......... ......... .........
 
 OM33
+        3.51E-04  3.79E-04  2.73E-03 -2.60E-04  1.62E-05 -1.06E-04 ......... .........  2.75E-05 .........  5.08E-05
 
 SG11
+       ......... ......... ......... ......... ......... ......... ......... ......... ......... ......... ......... .........
 
1
 ************************************************************************************************************************
 ********************                                                                                ********************
 ********************               FIRST ORDER CONDITIONAL ESTIMATION WITH INTERACTION              ********************
 ********************                          CORRELATION MATRIX OF ESTIMATE                        ********************
 ********************                                                                                ********************
 ************************************************************************************************************************
 

            TH 1      TH 2      TH 3      TH 4      TH 5      OM11      OM12      OM13      OM22      OM23      OM33      SG11  

 
 TH 1
+        8.79E-02
 
 TH 2
+       -2.70E-01  1.98E-01
 
 TH 3
+       -1.08E-01  8.20E-01  1.40E+00
 
 TH 4
+       -6.12E-02 -8.47E-02 -1.50E-01  8.89E-02
 
 TH 5
+        1.09E-01 -4.29E-02 -1.40E-01 -6.43E-01  2.31E-02
 
 OM11
+       -5.97E-01  3.15E-01  4.55E-02 -5.51E-01  5.00E-01  9.23E-02
 
 OM12
+       ......... ......... ......... ......... ......... ......... .........
 
 OM13
+       ......... ......... ......... ......... ......... ......... ......... .........
 
 OM22
+        9.71E-02 -5.03E-01 -8.29E-02 -2.91E-01  1.57E-01 -1.67E-01 ......... .........  2.76E-02
 
 OM23
+       ......... ......... ......... ......... ......... ......... ......... ......... ......... .........
 
 OM33
+        5.60E-01  2.68E-01  2.73E-01 -4.10E-01  9.81E-02 -1.61E-01 ......... .........  1.40E-01 .........  7.13E-03
 
 SG11
+       ......... ......... ......... ......... ......... ......... ......... ......... ......... ......... ......... .........
 
1
 ************************************************************************************************************************
 ********************                                                                                ********************
 ********************               FIRST ORDER CONDITIONAL ESTIMATION WITH INTERACTION              ********************
 ********************                      INVERSE COVARIANCE MATRIX OF ESTIMATE                     ********************
 ********************                                                                                ********************
 ************************************************************************************************************************
 

            TH 1      TH 2      TH 3      TH 4      TH 5      OM11      OM12      OM13      OM22      OM23      OM33      SG11  

 
 TH 1
+        1.81E+03
 
 TH 2
+        1.61E+03  2.19E+03
 
 TH 3
+       -1.53E+02 -2.16E+02  2.21E+01
 
 TH 4
+       -7.61E+02 -1.29E+03  1.32E+02  1.30E+03
 
 TH 5
+       -3.93E+03 -4.17E+03  4.17E+02  2.81E+03  1.29E+04
 
 OM11
+        1.29E+02 -5.70E+02  6.16E+01  7.32E+02  1.93E+02  9.30E+02
 
 OM12
+       ......... ......... ......... ......... ......... ......... .........
 
 OM13
+       ......... ......... ......... ......... ......... ......... ......... .........
 
 OM22
+        5.27E+03  6.43E+03 -6.27E+02 -3.21E+03 -1.30E+04 -8.81E+02 ......... .........  2.12E+04
 
 OM23
+       ......... ......... ......... ......... ......... ......... ......... ......... ......... .........
 
 OM33
+       -2.16E+04 -2.58E+04  2.49E+03  1.68E+04  5.35E+04  6.15E+03 ......... ......... -7.64E+04 .........  3.50E+05
 
 SG11
+       ......... ......... ......... ......... ......... ......... ......... ......... ......... ......... ......... .........
 
1
 
 
 
 
 
 
 
 
 
 
 
 
 
 
 
 
 
 
 
 
 ************************************************************************************************************************
 ********************                                                                                ********************
 ********************               FIRST ORDER CONDITIONAL ESTIMATION WITH INTERACTION              ********************
 ********************                      EIGENVALUES OF COR MATRIX OF ESTIMATE                     ********************
 ********************                                                                                ********************
 ************************************************************************************************************************
 

             1         2         3         4         5         6         7         8
 
         5.57E-03  7.61E-02  2.18E-01  4.27E-01  9.16E-01  1.87E+00  2.11E+00  2.38E+00
 
 Elapsed finaloutput time in seconds: <SEC>
 #CPUT: Total CPU Time in Seconds, <SEC>
Stop Time: 
<DATE>
<TIME>
