<DATE>
<TIME>
$PROB IOV DATA, 1COMP ORAL, IIV + IOV + MIXTURE ON CL   P:122mix  F:BASE
$INPUT ID TIME AMT DV MDV EVID OCC POP
$DATA ../../data/iov-sim.csv IGNORE=@
$SUBR ADVAN2 TRANS2
$ABBR DERIV2=NO

$PK
  IOVC = 0
  IOVK = 0
  IF (OCC.EQ.1) IOVC = ETA(4)
  IF (OCC.EQ.2) IOVC = ETA(5)
  IF (OCC.EQ.3) IOVC = ETA(6)
  IF (OCC.EQ.1) IOVK = ETA(7)
  IF (OCC.EQ.2) IOVK = ETA(8)
  IF (OCC.EQ.3) IOVK = ETA(9)
  FPM = THETA(6)
  CLF = 1
  IF (MIXNUM.EQ.2) CLF = FPM
  KA = THETA(1) * EXP(ETA(1) + IOVK)
  CL = THETA(2) * CLF * EXP(ETA(2) + IOVC)
  V  = THETA(3) * EXP(ETA(3))
  S2 = V

$MIX
  NSPOP = 2
  P(1) = 1 - THETA(7)
  P(2) = THETA(7)

$ERROR
  MEST = MIXEST                           ; estimated subpopulation, meaningful at the table step
  IPRE = F
  W    = 1
  W    = SQRT(THETA(4)**2 + THETA(5)**2 * IPRE**2)
  IF (W.LT.1E-6) W = 1E-6
  IRES = DV - IPRE
  IWRE = IRES / W
  Y    = IPRE + W * EPS(1)

$THETA
  (0, 1)       ; KA (1/h)
  (0, 3)       ; CL (L/h)
  (0, 50)      ; V  (L)
  (0, 0.05)    ; additive error SD (mg/L)
  (0, 0.1)     ; proportional error CV
  (0, 0.4, 1)  ; FPM, CL ratio of subpopulation 2
  (0, 0.2, 1)  ; fraction of subpopulation 2

$OMEGA
  0.1          ; KA
  0.1          ; CL
  0.05         ; V
$OMEGA BLOCK(1) 0.05   ; IOV CL
$OMEGA BLOCK(1) SAME
$OMEGA BLOCK(1) SAME
$OMEGA BLOCK(1) 0.05   ; IOV KA
$OMEGA BLOCK(1) SAME
$OMEGA BLOCK(1) SAME

$SIGMA 1 FIX

$EST MAX=9999 PRINT=5 METHOD=COND INTER NSIG=3 SIGL=9
     NOABORT NOTBT NOOBT NOSBT
$COV UNCOND PRINT=E
$TAB ID TIME AMT DV MDV EVID OCC KA CL V IOVC IOVK IPRE IWRE CWRES
     ONEHEADER NOPRINT FILE=sdtab
$TAB ID KA CL V ETA1 ETA2 ETA3
     ONEHEADER NOPRINT NOAPPEND FILE=patab
$TAB ID OCC
     ONEHEADER NOPRINT NOAPPEND FILE=cotab
$TAB ID POP MEST
     ONEHEADER NOPRINT NOAPPEND FILE=catab
  
NM-TRAN MESSAGES 
  
 WARNINGS AND ERRORS (IF ANY) FOR PROBLEM    1
             
 (WARNING  2) NM-TRAN INFERS THAT THE DATA ARE POPULATION.
  
License Registered to: <LICENSEE>
Expiration Date: <DATE>
Current Date: <DATE>
Days until program expires : <N>
1NONLINEAR MIXED EFFECTS MODEL PROGRAM (NONMEM) VERSION 7.6.0 (nm760)
 ORIGINALLY DEVELOPED BY STUART BEAL, LEWIS SHEINER, AND ALISON BOECKMANN
 CURRENT DEVELOPERS ARE ROBERT BAUER, ICON DEVELOPMENT SOLUTIONS,
 AND ALISON BOECKMANN. IMPLEMENTATION, EFFICIENCY, AND STANDARDIZATION
 PERFORMED BY NOUS INFOSYSTEMS.

 PROBLEM NO.:         1
 IOV DATA, 1COMP ORAL, IIV + IOV + MIXTURE ON CL   P:122mix  F:BASE
0DATA CHECKOUT RUN:              NO
 DATA SET LOCATED ON UNIT NO.:    2
 THIS UNIT TO BE REWOUND:        NO
 CREATE/ADD TO FDATA.csv:        YES
 NO. OF DATA RECS IN DATA SET:     1440
 NO. OF DATA ITEMS IN DATA SET:   8
 ID DATA ITEM IS DATA ITEM NO.:   1
 DEP VARIABLE IS DATA ITEM NO.:   4
 MDV DATA ITEM IS DATA ITEM NO.:  5
0INDICES PASSED TO SUBROUTINE PRED:
   6   2   3   0   0   0   0   0   0   0   0
0LABELS FOR DATA ITEMS:
 ID TIME AMT DV MDV EVID OCC POP
0(NONBLANK) LABELS FOR PRED-DEFINED ITEMS:
 IOVC IOVK KA CL V MEST IPRE IWRE
0FORMAT FOR DATA:
 (8E6.0)

 TOT. NO. OF OBS RECS:     1260
 TOT. NO. OF INDIVIDUALS:       60
0LENGTH OF THETA:   7
0DEFAULT THETA BOUNDARY TEST OMITTED:   YES
0OMEGA HAS BLOCK FORM:
  1
  0  2
  0  0  3
  0  0  0  4
  0  0  0  0  4
  0  0  0  0  0  4
  0  0  0  0  0  0  5
  0  0  0  0  0  0  0  5
  0  0  0  0  0  0  0  0  5
0DEFAULT OMEGA BOUNDARY TEST OMITTED:   YES
0SIGMA HAS SIMPLE DIAGONAL FORM WITH DIMENSION:   1
0DEFAULT SIGMA BOUNDARY TEST OMITTED:   YES
0INITIAL ESTIMATE OF THETA:
 LOWER BOUND    INITIAL EST    UPPER BOUND
  0.0000E+00     0.1000E+01     0.1000E+07
  0.0000E+00     0.3000E+01     0.1000E+07
  0.0000E+00     0.5000E+02     0.1000E+07
  0.0000E+00     0.5000E-01     0.1000E+07
  0.0000E+00     0.1000E+00     0.1000E+07
  0.0000E+00     0.4000E+00     0.1000E+01
  0.0000E+00     0.2000E+00     0.1000E+01
0INITIAL ESTIMATE OF OMEGA:
 BLOCK SET NO.   BLOCK                                                                    FIXED
        1                                                                                   NO
                  0.1000E+00
        2                                                                                   NO
                  0.1000E+00
        3                                                                                   NO
                  0.5000E-01
        4                                                                                   NO
                  0.5000E-01
        5                                                                                   NO
                  0.5000E-01
0INITIAL ESTIMATE OF SIGMA:
 0.1000E+01
0SIGMA CONSTRAINED TO BE THIS INITIAL ESTIMATE
0COVARIANCE STEP OMITTED:        NO
 EIGENVLS. PRINTED:             YES
 SPECIAL COMPUTATION:            NO
 COMPRESSED FORMAT:              NO
 GRADIENT METHOD USED:     NOSLOW
 SIGDIGITS ETAHAT (SIGLO):                  -1
 SIGDIGITS GRADIENTS (SIGL):                -1
 EXCLUDE COV FOR FOCE (NOFCOV):              NO
 Cholesky Transposition of R Matrix (CHOLROFF):0
 KNUTHSUMOFF:                                -1
 RESUME COV ANALYSIS (RESUME):               NO
 SIR SAMPLE SIZE (SIRSAMPLE):
 NON-LINEARLY TRANSFORM THETAS DURING COV (THBND): 1
 PRECONDTIONING CYCLES (PRECOND):        0
 PRECONDTIONING TYPES (PRECONDS):        TOS
 FORCED PRECONDTIONING CYCLES (PFCOND):0
 PRECONDTIONING TYPE (PRETYPE):        0
 FORCED POS. DEFINITE SETTING DURING PRECONDITIONING: (FPOSDEF):0
 SIMPLE POS. DEFINITE SETTING: (POSDEF):-1
0TABLES STEP OMITTED:    NO
 NO. OF TABLES:           4
 SEED NUMBER (SEED):    11456
 NPDTYPE:    0
 INTERPTYPE:    0
 RANMETHOD:             3U
 MC SAMPLES (ESAMPLE):    300
 WRES SQUARE ROOT TYPE (WRESCHOL): EIGENVALUE
0-- TABLE   1 --
0RECORDS ONLY:    ALL
04 COLUMNS APPENDED:    YES
 PRINTED:                NO
 HEADERS:               ONE
 FILE TO BE FORWARDED:   NO
 FORMAT:                S1PE11.4
 IDFORMAT:
 LFORMAT:
 RFORMAT:
 FIXED_EFFECT_ETAS:
0USER-CHOSEN ITEMS:
 ID TIME AMT DV MDV EVID OCC KA CL V IOVC IOVK IPRE IWRE CWRES
0-- TABLE   2 --
0RECORDS ONLY:    ALL
04 COLUMNS APPENDED:    NO
 PRINTED:                NO
 HEADERS:               ONE
 FILE TO BE FORWARDED:   NO
 FORMAT:                S1PE11.4
 IDFORMAT:
 LFORMAT:
 RFORMAT:
 FIXED_EFFECT_ETAS:
0USER-CHOSEN ITEMS:
 ID KA CL V ETA1 ETA2 ETA3
0-- TABLE   3 --
0RECORDS ONLY:    ALL
04 COLUMNS APPENDED:    NO
 PRINTED:                NO
 HEADERS:               ONE
 FILE TO BE FORWARDED:   NO
 FORMAT:                S1PE11.4
 IDFORMAT:
 LFORMAT:
 RFORMAT:
 FIXED_EFFECT_ETAS:
0USER-CHOSEN ITEMS:
 ID OCC
0-- TABLE   4 --
0RECORDS ONLY:    ALL
04 COLUMNS APPENDED:    NO
 PRINTED:                NO
 HEADERS:               ONE
 FILE TO BE FORWARDED:   NO
 FORMAT:                S1PE11.4
 IDFORMAT:
 LFORMAT:
 RFORMAT:
 FIXED_EFFECT_ETAS:
0USER-CHOSEN ITEMS:
 ID POP MEST
0
 MIX SUBROUTINE USER-SUPPLIED
1DOUBLE PRECISION PREDPP VERSION 7.6.0 (nm760)

 ONE COMPARTMENT MODEL WITH FIRST-ORDER ABSORPTION (ADVAN2)
0MAXIMUM NO. OF BASIC PK PARAMETERS:   3
0BASIC PK PARAMETERS (AFTER TRANSLATION):
   ELIMINATION RATE (K) IS BASIC PK PARAMETER NO.:  1
   ABSORPTION RATE (KA) IS BASIC PK PARAMETER NO.:  3

 TRANSLATOR WILL CONVERT PARAMETERS
 CLEARANCE (CL) AND VOLUME (V) TO K (TRANS2)
0COMPARTMENT ATTRIBUTES
 COMPT. NO.   FUNCTION   INITIAL    ON/OFF      DOSE      DEFAULT    DEFAULT
                         STATUS     ALLOWED    ALLOWED    FOR DOSE   FOR OBS.
    1         DEPOT        OFF        YES        YES        YES        NO
    2         CENTRAL      ON         NO         YES        NO         YES
    3         OUTPUT       OFF        YES        NO         NO         NO
1
 ADDITIONAL PK PARAMETERS - ASSIGNMENT OF ROWS IN GG
 COMPT. NO.                             INDICES
              SCALE      BIOAVAIL.   ZERO-ORDER  ZERO-ORDER  ABSORB
                         FRACTION    RATE        DURATION    LAG
    1            *           *           *           *           *
    2            4           *           *           *           *
    3            *           -           -           -           -
             - PARAMETER IS NOT ALLOWED FOR THIS MODEL
             * PARAMETER IS NOT SUPPLIED BY PK SUBROUTINE;
               WILL DEFAULT TO ONE IF APPLICABLE
0DATA ITEM INDICES USED BY PRED ARE:
   EVENT ID DATA ITEM IS DATA ITEM NO.:      6
   TIME DATA ITEM IS DATA ITEM NO.:          2
   DOSE AMOUNT DATA ITEM IS DATA ITEM NO.:   3

0PK SUBROUTINE CALLED WITH EVERY EVENT RECORD.
 PK SUBROUTINE NOT CALLED AT NONEVENT (ADDITIONAL OR LAGGED) DOSE TIMES.
0ERROR SUBROUTINE CALLED WITH EVERY EVENT RECORD.
1


 #TBLN:      1
 #METH: First Order Conditional Estimation with Interaction

 ESTIMATION STEP OMITTED:                 NO
 SHRINK INFO WITH EVALUATION (EVALSHRINK) NO
 ANALYSIS TYPE:                           POPULATION
 NUMBER OF SADDLE POINT RESET ITERATIONS:      0
 GRADIENT METHOD USED:               NOSLOW
 CONDITIONAL ESTIMATES USED:              YES
 CENTERED ETA:                            NO
 EPS-ETA INTERACTION:                     YES
 LAPLACIAN OBJ. FUNC.:                    NO
 NO. OF FUNCT. EVALS. ALLOWED:            9999
 NO. OF SIG. FIGURES REQUIRED:            3
 INTERMEDIATE PRINTOUT:                   YES
 ESTIMATE OUTPUT TO MSF:                  NO
 ABORT WITH PRED EXIT CODE 1:             NO
 IND. OBJ. FUNC. VALUES SORTED:           NO
 NUMERICAL DERIVATIVE
       FILE REQUEST (NUMDER):               NONE
 MAP (ETAHAT) ESTIMATION METHOD (OPTMAP):   0
 ETA HESSIAN EVALUATION METHOD (ETADER):    0
 INITIAL ETA FOR MAP ESTIMATION (MCETA):    0
 SIGDIGITS FOR MAP ESTIMATION (SIGLO):      9
 GRADIENT SIGDIGITS OF
       FIXED EFFECTS PARAMETERS (SIGL):     9
 NOPRIOR SETTING (NOPRIOR):                 0
 NOCOV SETTING (NOCOV):                     OFF
 DERCONT SETTING (DERCONT):                 OFF
 FINAL ETA RE-EVALUATION (FNLETA):          1
 EXCLUDE NON-INFLUENTIAL (NON-INFL.) ETAS
       IN SHRINKAGE (ETASTYPE):             NO
 NON-INFL. ETA CORRECTION (NONINFETA):      0
 RAW OUTPUT FILE (FILE): 123mixiov.ext
 EXCLUDE TITLE (NOTITLE):                   NO
 EXCLUDE COLUMN LABELS (NOLABEL):           NO
 FORMAT FOR ADDITIONAL FILES (FORMAT):      S1PE12.5
 PARAMETER ORDER FOR OUTPUTS (ORDER):       TSOL
 KNUTHSUMOFF:                               0
 INCLUDE LNTWOPI:                           NO
 INCLUDE CONSTANT TERM TO PRIOR (PRIORC):   NO
 INCLUDE CONSTANT TERM TO OMEGA (ETA) (OLNTWOPI):NO
 ADDITIONAL CONVERGENCE TEST (CTYPE=4)?:    NO
 EM OR BAYESIAN METHOD USED:                 NONE


 THE FOLLOWING LABELS ARE EQUIVALENT
 PRED=PREDI
 RES=RESI
 WRES=WRESI
 IWRS=IWRESI
 IPRD=IPREDI
 IRS=IRESI

 MONITORING OF SEARCH:


0ITERATION NO.:    0    OBJECTIVE VALUE:  -2621.93556437913        NO. OF FUNC. EVALS.:   9
 CUMULATIVE NO. OF FUNC. EVALS.:        9
 NPARAMETR:  1.0000E+00  3.0000E+00  5.0000E+01  5.0000E-02  1.0000E-01  4.0000E-01  2.0000E-01  1.0000E-01  1.0000E-01  5.0000E-02
             5.0000E-02  5.0000E-02
 PARAMETER:  1.0000E-01  1.0000E-01  1.0000E-01  1.0000E-01  1.0000E-01  1.0000E-01  1.0000E-01  1.0000E-01  1.0000E-01  1.0000E-01
             1.0000E-01  1.0000E-01
 GRADIENT:  -4.5263E+01 -2.0095E+02  7.2628E+01 -7.3092E+01 -4.8472E+02  1.0566E+01  3.3829E+00 -6.1422E+01 -5.9539E+01  2.1546E+01
             5.1045E+01 -1.5095E+02

0ITERATION NO.:    5    OBJECTIVE VALUE:  -2695.05034330170        NO. OF FUNC. EVALS.:  50
 CUMULATIVE NO. OF FUNC. EVALS.:       59
 NPARAMETR:  1.1378E+00  5.6067E+00  4.8959E+01  4.4162E-02  1.2283E-01  3.4442E-01  2.0781E-01  2.0998E-01  1.7777E-01  3.4530E-02
             2.7673E-02  1.2804E-01
 PARAMETER:  2.2910E-01  7.2535E-01  7.8963E-02 -2.4169E-02  3.0561E-01 -1.3820E-01  1.4812E-01  4.7092E-01  3.8765E-01 -8.5102E-02
            -1.9579E-01  5.7017E-01
 GRADIENT:   3.4809E+01  1.4583E+02  1.3175E+01  1.0837E+01  3.8947E+01  2.2124E+01 -1.4104E+01  1.4514E+01 -7.8744E+00 -7.8466E+00
            -2.1216E+01  4.9845E+01

0ITERATION NO.:   10    OBJECTIVE VALUE:  -2714.21248623552        NO. OF FUNC. EVALS.:  52
 CUMULATIVE NO. OF FUNC. EVALS.:      111
 NPARAMETR:  1.1073E+00  5.0654E+00  4.8924E+01  5.0246E-02  1.2049E-01  3.0129E-01  3.6416E-01  2.0211E-01  1.1090E-01  3.7030E-02
             2.8439E-02  1.1779E-01
 PARAMETER:  2.0191E-01  6.2382E-01  7.8238E-02  1.0491E-01  2.8638E-01 -3.3568E-01  9.2892E-01  4.5183E-01  1.5172E-01 -5.0149E-02
            -1.8212E-01  5.2842E-01
 GRADIENT:   2.2878E+01  1.0995E+02  8.6702E+00  2.6843E+01  3.4113E+01  3.6787E+00  7.2387E+00  1.3268E+01 -9.0848E+00 -1.5552E+00
            -1.4844E+01  3.7519E+01

0ITERATION NO.:   15    OBJECTIVE VALUE:  -2739.09695175857        NO. OF FUNC. EVALS.:  52
 CUMULATIVE NO. OF FUNC. EVALS.:      163
 NPARAMETR:  1.0489E+00  4.0804E+00  4.8671E+01  4.1458E-02  1.2174E-01  2.8515E-01  2.1638E-01  1.7751E-01  8.8037E-02  3.7581E-02
             3.1980E-02  9.4226E-02
 PARAMETER:  1.4772E-01  4.0758E-01  7.3058E-02 -8.7331E-02  2.9673E-01 -4.1359E-01  1.9938E-01  3.8692E-01  3.6293E-02 -4.2760E-02
            -1.2346E-01  4.1684E-01
 GRADIENT:   6.6489E-05 -6.9204E-01 -1.8779E-01  7.9254E-01 -5.3361E-02  1.3073E+00  8.4211E-01  2.5404E+00  3.2326E+00 -2.2500E-01
             2.3611E-01 -1.1262E+00

0ITERATION NO.:   20    OBJECTIVE VALUE:  -2739.20045681945        NO. OF FUNC. EVALS.:  61
 CUMULATIVE NO. OF FUNC. EVALS.:      224
 NPARAMETR:  1.0488E+00  4.0901E+00  4.8677E+01  4.1131E-02  1.2186E-01  2.8073E-01  2.0830E-01  1.7112E-01  8.4020E-02  3.7672E-02
             3.2031E-02  9.5151E-02
 PARAMETER:  1.4761E-01  4.0997E-01  7.3192E-02 -9.5252E-02  2.9769E-01 -4.3540E-01  1.5111E-01  3.6860E-01  1.2944E-02 -4.1556E-02
            -1.2266E-01  4.2172E-01
 GRADIENT:  -3.3882E-02 -3.0165E-01 -1.3713E-01  9.3949E-03  3.6445E-03 -1.8328E-02 -4.8832E-05 -9.2746E-03  1.5379E-02 -1.2573E-02
            -2.6756E-03  2.4444E-02

0ITERATION NO.:   22    OBJECTIVE VALUE:  -2739.20051152596        NO. OF FUNC. EVALS.:  37
 CUMULATIVE NO. OF FUNC. EVALS.:      261
 NPARAMETR:  1.0488E+00  4.0912E+00  4.8679E+01  4.1129E-02  1.2186E-01  2.8071E-01  2.0835E-01  1.7114E-01  8.3996E-02  3.7676E-02
             3.2033E-02  9.5140E-02
 PARAMETER:  1.4766E-01  4.1022E-01  7.3229E-02 -9.5313E-02  2.9770E-01 -4.3546E-01  1.5139E-01  3.6865E-01  1.2799E-02 -4.1496E-02
            -1.2263E-01  4.2166E-01
 GRADIENT:  -5.8506E-03 -7.3223E-02 -2.9531E-02  4.1856E-03  3.9820E-03 -3.9781E-03  1.7475E-04 -2.8429E-03  2.3542E-03 -5.7577E-04
             3.3447E-03  6.6042E-03

 #TERM:
0MINIMIZATION SUCCESSFUL
 NO. OF FUNCTION EVALUATIONS USED:      261
 NO. OF SIG. DIGITS IN FINAL EST.:  3.4

 ETABAR IS THE ARITHMETIC MEAN OF THE ETA-ESTIMATES,
 AND SE IS THE ASSOCIATED STANDARD ERROR.

 SUBMODEL    1

 ETABAR:        -8.8515E-03 -8.1167E-04 -2.1924E-02  2.8564E-02 -2.8928E-02  5.4452E-05 -2.9844E-03  3.2277E-02 -3.4213E-02
 SE:             5.0242E-02  3.8559E-02  2.7239E-02  1.9838E-02  1.9277E-02  2.1082E-02  3.7673E-02  2.4641E-02  3.6739E-02
 N:                      48          48          48          48          48          48          48          48          48

 ETASHRINKSD(%)  1.5832E+01  7.8234E+00  2.1206E+00  2.1566E+01  2.3649E+01  1.8391E+01  1.5374E+01  4.3671E+01  1.6737E+01
 ETASHRINKVR(%)  2.9157E+01  1.5035E+01  4.1963E+00  3.8481E+01  4.1706E+01  3.3400E+01  2.8385E+01  6.8271E+01  3.0672E+01
 EBVSHRINKSD(%)  1.1505E+01  7.0212E+00  4.8930E+00  2.3056E+01  2.3144E+01  2.3256E+01  2.2295E+01  2.2466E+01  2.2259E+01
 EBVSHRINKVR(%)  2.1686E+01  1.3549E+01  9.5466E+00  4.0796E+01  4.0931E+01  4.1103E+01  3.9619E+01  3.9885E+01  3.9563E+01
 RELATIVEINF(%)  0.0000E+00  1.0000E-10  9.0035E+01  1.0000E-10  1.0000E-10  1.0000E-10  0.0000E+00  0.0000E+00  0.0000E+00
 EPSSHRINKSD(%)  1.6077E+01
 EPSSHRINKVR(%)  2.9569E+01


 SUBMODEL    2

 ETABAR:        -6.1676E-02 -6.6269E-03  2.8373E-02 -1.1921E-02 -4.5993E-03  1.3993E-02  1.2901E-01  5.1070E-02 -2.1437E-01
 SE:             1.1822E-01  6.2138E-02  4.3629E-02  2.6524E-02  2.1658E-02  2.1113E-02  4.1800E-02  7.4969E-02  5.0870E-02
 N:                      12          12          12          12          12          12          12          12          12

 ETASHRINKSD(%)  1.0000E-10  2.5694E+01  2.0776E+01  4.8233E+01  5.8002E+01  5.8394E+01  3.7126E+01  1.4192E+01  1.0034E+01
 ETASHRINKVR(%)  1.0000E-10  4.4786E+01  3.7236E+01  7.3202E+01  8.2362E+01  8.2690E+01  6.0468E+01  2.6369E+01  1.9061E+01
 EBVSHRINKSD(%)  1.1016E+01  1.3944E+01  4.9350E+00  4.3991E+01  3.8761E+01  3.8259E+01  2.3464E+01  2.3536E+01  2.2286E+01
 EBVSHRINKVR(%)  2.0818E+01  2.5943E+01  9.6265E+00  6.8630E+01  6.2498E+01  6.1880E+01  4.1422E+01  4.1533E+01  3.9605E+01
 RELATIVEINF(%)  1.0000E-10  1.0000E-10  8.9041E+01  1.0000E-10  1.0000E-10  1.0000E-10  1.0000E-10  1.0000E-10  1.0000E-10
 EPSSHRINKSD(%)  1.0067E+01
 EPSSHRINKVR(%)  1.9120E+01

  
 TOTAL DATA POINTS NORMALLY DISTRIBUTED (N):         1260
 N*LOG(2PI) CONSTANT TO OBJECTIVE FUNCTION:    2315.7251036757752     
 OBJECTIVE FUNCTION VALUE WITHOUT CONSTANT:   -2739.2005115259553     
 OBJECTIVE FUNCTION VALUE WITH CONSTANT:      -423.47540785018009     
 REPORTED OBJECTIVE FUNCTION DOES NOT CONTAIN CONSTANT
  
 TOTAL EFFECTIVE ETAS (NIND*NETA):                           540
  
 #TERE:
 Elapsed estimation  time in seconds: <SEC>
 Elapsed covariance  time in seconds: <SEC>
 Elapsed postprocess time in seconds: <SEC>
1
 
 
 
 
 
 
 
 
 
 
 
 
 
 
 
 
 
 
 
 
 ************************************************************************************************************************
 ********************                                                                                ********************
 ********************               FIRST ORDER CONDITIONAL ESTIMATION WITH INTERACTION              ********************
 #OBJT:**************                       MINIMUM VALUE OF OBJECTIVE FUNCTION                      ********************
 ********************                                                                                ********************
 ************************************************************************************************************************
 





 #OBJV:********************************************         -2739.201       *********************************************
1
 ************************************************************************************************************************
 ********************                                                                                ********************
 ********************               FIRST ORDER CONDITIONAL ESTIMATION WITH INTERACTION              ********************
 ********************                             FINAL PARAMETER ESTIMATE                           ********************
 ********************                                                                                ********************
 ************************************************************************************************************************
 


 THETA - VECTOR OF FIXED EFFECTS PARAMETERS   *********


         TH 1      TH 2      TH 3      TH 4      TH 5      TH 6      TH 7     
 
         1.05E+00  4.09E+00  4.87E+01  4.11E-02  1.22E-01  2.81E-01  2.08E-01
 


 OMEGA - COV MATRIX FOR RANDOM EFFECTS - ETAS  ********


         ETA1      ETA2      ETA3      ETA4      ETA5      ETA6      ETA7      ETA8      ETA9     
 
 ETA1
+        1.71E-01
 
 ETA2
+        0.00E+00  8.40E-02
 
 ETA3
+        0.00E+00  0.00E+00  3.77E-02
 
 ETA4
+        0.00E+00  0.00E+00  0.00E+00  3.20E-02
 
 ETA5
+        0.00E+00  0.00E+00  0.00E+00  0.00E+00  3.20E-02
 
 ETA6
+        0.00E+00  0.00E+00  0.00E+00  0.00E+00  0.00E+00  3.20E-02
 
 ETA7
+        0.00E+00  0.00E+00  0.00E+00  0.00E+00  0.00E+00  0.00E+00  9.51E-02
 
 ETA8
+        0.00E+00  0.00E+00  0.00E+00  0.00E+00  0.00E+00  0.00E+00  0.00E+00  9.51E-02
 
 ETA9
+        0.00E+00  0.00E+00  0.00E+00  0.00E+00  0.00E+00  0.00E+00  0.00E+00  0.00E+00  9.51E-02
 


 SIGMA - COV MATRIX FOR RANDOM EFFECTS - EPSILONS  ****


         EPS1     
 
 EPS1
+        1.00E+00
 
1


 OMEGA - CORR MATRIX FOR RANDOM EFFECTS - ETAS  *******


         ETA1      ETA2      ETA3      ETA4      ETA5      ETA6      ETA7      ETA8      ETA9     
 
 ETA1
+        4.14E-01
 
 ETA2
+        0.00E+00  2.90E-01
 
 ETA3
+        0.00E+00  0.00E+00  1.94E-01
 
 ETA4
+        0.00E+00  0.00E+00  0.00E+00  1.79E-01
 
 ETA5
+        0.00E+00  0.00E+00  0.00E+00  0.00E+00  1.79E-01
 
 ETA6
+        0.00E+00  0.00E+00  0.00E+00  0.00E+00  0.00E+00  1.79E-01
 
 ETA7
+        0.00E+00  0.00E+00  0.00E+00  0.00E+00  0.00E+00  0.00E+00  3.08E-01
 
 ETA8
+        0.00E+00  0.00E+00  0.00E+00  0.00E+00  0.00E+00  0.00E+00  0.00E+00  3.08E-01
 
 ETA9
+        0.00E+00  0.00E+00  0.00E+00  0.00E+00  0.00E+00  0.00E+00  0.00E+00  0.00E+00  3.08E-01
 


 SIGMA - CORR MATRIX FOR RANDOM EFFECTS - EPSILONS  ***


         EPS1     
 
 EPS1
+        1.00E+00
 
1
 ************************************************************************************************************************
 ********************                                                                                ********************
 ********************               FIRST ORDER CONDITIONAL ESTIMATION WITH INTERACTION              ********************
 ********************                            STANDARD ERROR OF ESTIMATE                          ********************
 ********************                                                                                ********************
 ************************************************************************************************************************
 


 THETA - VECTOR OF FIXED EFFECTS PARAMETERS   *********


         TH 1      TH 2      TH 3      TH 4      TH 5      TH 6      TH 7     
 
         6.25E-02  2.01E-01  1.28E+00  6.47E-03  4.15E-03  3.10E-02  5.56E-02
 


 OMEGA - COV MATRIX FOR RANDOM EFFECTS - ETAS  ********


         ETA1      ETA2      ETA3      ETA4      ETA5      ETA6      ETA7      ETA8      ETA9     
 
 ETA1
+        3.74E-02
 
 ETA2
+       .........  1.56E-02
 
 ETA3
+       ......... .........  8.17E-03
 
 ETA4
+       ......... ......... .........  5.31E-03
 
 ETA5
+       ......... ......... ......... ......... .........
 
 ETA6
+       ......... ......... ......... ......... ......... .........
 
 ETA7
+       ......... ......... ......... ......... ......... .........  1.50E-02
 
 ETA8
+       ......... ......... ......... ......... ......... ......... ......... .........
 
 ETA9
+       ......... ......... ......... ......... ......... ......... ......... ......... .........
 


 SIGMA - COV MATRIX FOR RANDOM EFFECTS - EPSILONS  ****


         EPS1     
 
 EPS1
+       .........
 
1


 OMEGA - CORR MATRIX FOR RANDOM EFFECTS - ETAS  *******


         ETA1      ETA2      ETA3      ETA4      ETA5      ETA6      ETA7      ETA8      ETA9     
 
 ETA1
+        4.52E-02
 
 ETA2
+       .........  2.69E-02
 
 ETA3
+       ......... .........  2.11E-02
 
 ETA4
+       ......... ......... .........  1.48E-02
 
 ETA5
+       ......... ......... ......... ......... .........
 
 ETA6
+       ......... ......... ......... ......... ......... .........
 
 ETA7
+       ......... ......... ......... ......... ......... .........  2.43E-02
 
 ETA8
+       ......... ......... ......... ......... ......... ......... ......... .........
 
 ETA9
+       ......... ......... ......... ......... ......... ......... ......... ......... .........
 


 SIGMA - CORR MATRIX FOR RANDOM EFFECTS - EPSILONS  ***


         EPS1     
 
 EPS1
+       .........
 
1
 ************************************************************************************************************************
 ********************                                                                                ********************
 ********************               FIRST ORDER CONDITIONAL ESTIMATION WITH INTERACTION              ********************
 ********************                          COVARIANCE MATRIX OF ESTIMATE                         ********************
 ********************                                                                                ********************
 ************************************************************************************************************************
 

            TH 1      TH 2      TH 3      TH 4      TH 5      TH 6      TH 7      OM11      OM12      OM13      OM14      OM15  
             OM16      OM17      OM18      OM19      OM22      OM23      OM24      OM25      OM26      OM27      OM28      OM29  
            OM33      OM34      OM35      OM36      OM37      OM38      OM39      OM44      OM45      OM46      OM47      OM48  
             OM49      OM55      OM56      OM57      OM58      OM59      OM66      OM67      OM68      OM69      OM77      OM78  
            OM79      OM88      OM89      OM99      SG11  
 
 TH 1
+        3.91E-03
 
 TH 2
+       -2.51E-03  4.03E-02
 
 TH 3
+        7.61E-04 -6.65E-02  1.63E+00
 
 TH 4
+       -8.72E-06 -2.98E-04  1.15E-03  4.18E-05
 
 TH 5
+        3.63E-05  1.80E-04 -6.98E-04 -1.53E-05  1.72E-05
 
 TH 6
+       -7.32E-05 -1.87E-03  9.48E-03  1.04E-05 -1.94E-05  9.62E-04
 
 TH 7
+       -2.43E-04  1.27E-03  9.63E-03  7.30E-06  1.55E-05  1.78E-04  3.09E-03
 
 OM11
+       -6.08E-04  1.08E-03 -5.20E-04  9.66E-06 -5.27E-07  5.66E-06  2.17E-04  1.40E-03
 
 OM12
+       ......... ......... ......... ......... ......... ......... ......... ......... .........
 
 OM13
+       ......... ......... ......... ......... ......... ......... ......... ......... ......... .........
 
 OM14
+       ......... ......... ......... ......... ......... ......... ......... ......... ......... ......... .........
 
 OM15
+       ......... ......... ......... ......... ......... ......... ......... ......... ......... ......... ......... .........
 
 OM16
+       ......... ......... ......... ......... ......... ......... ......... ......... ......... ......... ......... .........
         .........
 
 OM17
+       ......... ......... ......... ......... ......... ......... ......... ......... ......... ......... ......... .........
         ......... .........
 
 OM18
+       ......... ......... ......... ......... ......... ......... ......... ......... ......... ......... ......... .........
         ......... ......... .........
 
 OM19
+       ......... ......... ......... ......... ......... ......... ......... ......... ......... ......... ......... .........
         ......... ......... ......... .........
 
 OM22
+        8.80E-05 -1.06E-03  3.86E-03 -6.51E-06 -7.52E-06  8.35E-05 -4.22E-05 -2.65E-05 ......... ......... ......... .........
         ......... ......... ......... .........  2.44E-04
 
 OM23
+       ......... ......... ......... ......... ......... ......... ......... ......... ......... ......... ......... .........
         ......... ......... ......... ......... ......... .........
 
1

            TH 1      TH 2      TH 3      TH 4      TH 5      TH 6      TH 7      OM11      OM12      OM13      OM14      OM15  
             OM16      OM17      OM18      OM19      OM22      OM23      OM24      OM25      OM26      OM27      OM28      OM29  
            OM33      OM34      OM35      OM36      OM37      OM38      OM39      OM44      OM45      OM46      OM47      OM48  
             OM49      OM55      OM56      OM57      OM58      OM59      OM66      OM67      OM68      OM69      OM77      OM78  
            OM79      OM88      OM89      OM99      SG11  
 
 OM24
+       ......... ......... ......... ......... ......... ......... ......... ......... ......... ......... ......... .........
         ......... ......... ......... ......... ......... ......... .........
 
 OM25
+       ......... ......... ......... ......... ......... ......... ......... ......... ......... ......... ......... .........
         ......... ......... ......... ......... ......... ......... ......... .........
 
 OM26
+       ......... ......... ......... ......... ......... ......... ......... ......... ......... ......... ......... .........
         ......... ......... ......... ......... ......... ......... ......... ......... .........
 
 OM27
+       ......... ......... ......... ......... ......... ......... ......... ......... ......... ......... ......... .........
         ......... ......... ......... ......... ......... ......... ......... ......... ......... .........
 
 OM28
+       ......... ......... ......... ......... ......... ......... ......... ......... ......... ......... ......... .........
         ......... ......... ......... ......... ......... ......... ......... ......... ......... ......... .........
 
 OM29
+       ......... ......... ......... ......... ......... ......... ......... ......... ......... ......... ......... .........
         ......... ......... ......... ......... ......... ......... ......... ......... ......... ......... ......... .........
 
 OM33
+        3.48E-05 -3.67E-04  2.33E-03  5.72E-06 -6.25E-06  3.45E-05 -3.31E-05 -4.84E-05 ......... ......... ......... .........
         ......... ......... ......... .........  1.37E-05 ......... ......... ......... ......... ......... ......... .........
         6.68E-05
 
 OM34
+       ......... ......... ......... ......... ......... ......... ......... ......... ......... ......... ......... .........
         ......... ......... ......... ......... ......... ......... ......... ......... ......... ......... ......... .........
        ......... .........
 
 OM35
+       ......... ......... ......... ......... ......... ......... ......... ......... ......... ......... ......... .........
         ......... ......... ......... ......... ......... ......... ......... ......... ......... ......... ......... .........
        ......... ......... .........
 
 OM36
+       ......... ......... ......... ......... ......... ......... ......... ......... ......... ......... ......... .........
         ......... ......... ......... ......... ......... ......... ......... ......... ......... ......... ......... .........
        ......... ......... ......... .........
 
 OM37
+       ......... ......... ......... ......... ......... ......... ......... ......... ......... ......... ......... .........
         ......... ......... ......... ......... ......... ......... ......... ......... ......... ......... ......... .........
        ......... ......... ......... ......... .........
 
 OM38
+       ......... ......... ......... ......... ......... ......... ......... ......... ......... ......... ......... .........
         ......... ......... ......... ......... ......... ......... ......... ......... ......... ......... ......... .........
        ......... ......... ......... ......... ......... .........
 
 OM39
+       ......... ......... ......... ......... ......... ......... ......... ......... ......... ......... ......... .........
         ......... ......... ......... ......... ......... ......... ......... ......... ......... ......... ......... .........
        ......... ......... ......... ......... ......... ......... .........
 
1

            TH 1      TH 2      TH 3      TH 4      TH 5      TH 6      TH 7      OM11      OM12      OM13      OM14      OM15  
             OM16      OM17      OM18      OM19      OM22      OM23      OM24      OM25      OM26      OM27      OM28      OM29  
            OM33      OM34      OM35      OM36      OM37      OM38      OM39      OM44      OM45      OM46      OM47      OM48  
             OM49      OM55      OM56      OM57      OM58      OM59      OM66      OM67      OM68      OM69      OM77      OM78  
            OM79      OM88      OM89      OM99      SG11  
 
 OM44
+        2.16E-05  9.17E-05 -6.15E-05 -9.96E-06  2.26E-07 -7.66E-06 -4.37E-05 -3.58E-05 ......... ......... ......... .........
         ......... ......... ......... ......... -2.04E-06 ......... ......... ......... ......... ......... ......... .........
         5.96E-06 ......... ......... ......... ......... ......... .........  2.82E-05
 
 OM45
+       ......... ......... ......... ......... ......... ......... ......... ......... ......... ......... ......... .........
         ......... ......... ......... ......... ......... ......... ......... ......... ......... ......... ......... .........
        ......... ......... ......... ......... ......... ......... ......... ......... .........
 
 OM46
+       ......... ......... ......... ......... ......... ......... ......... ......... ......... ......... ......... .........
         ......... ......... ......... ......... ......... ......... ......... ......... ......... ......... ......... .........
        ......... ......... ......... ......... ......... ......... ......... ......... ......... .........
 
 OM47
+       ......... ......... ......... ......... ......... ......... ......... ......... ......... ......... ......... .........
         ......... ......... ......... ......... ......... ......... ......... ......... ......... ......... ......... .........
        ......... ......... ......... ......... ......... ......... ......... ......... ......... ......... .........
 
 OM48
+       ......... ......... ......... ......... ......... ......... ......... ......... ......... ......... ......... .........
         ......... ......... ......... ......... ......... ......... ......... ......... ......... ......... ......... .........
        ......... ......... ......... ......... ......... ......... ......... ......... ......... ......... ......... .........
 
 OM49
+       ......... ......... ......... ......... ......... ......... ......... ......... ......... ......... ......... .........
         ......... ......... ......... ......... ......... ......... ......... ......... ......... ......... ......... .........
        ......... ......... ......... ......... ......... ......... ......... ......... ......... ......... ......... .........
         .........
 
 OM55
+       ......... ......... ......... ......... ......... ......... ......... ......... ......... ......... ......... .........
         ......... ......... ......... ......... ......... ......... ......... ......... ......... ......... ......... .........
        ......... ......... ......... ......... ......... ......... ......... ......... ......... ......... ......... .........
         ......... .........
 
 OM56
+       ......... ......... ......... ......... ......... ......... ......... ......... ......... ......... ......... .........
         ......... ......... ......... ......... ......... ......... ......... ......... ......... ......... ......... .........
        ......... ......... ......... ......... ......... ......... ......... ......... ......... ......... ......... .........
         ......... ......... .........
 
 OM57
+       ......... ......... ......... ......... ......... ......... ......... ......... ......... ......... ......... .........
         ......... ......... ......... ......... ......... ......... ......... ......... ......... ......... ......... .........
        ......... ......... ......... ......... ......... ......... ......... ......... ......... ......... ......... .........
         ......... ......... ......... .........
 
 OM58
+       ......... ......... ......... ......... ......... ......... ......... ......... ......... ......... ......... .........
         ......... ......... ......... ......... ......... ......... ......... ......... ......... ......... ......... .........
        ......... ......... ......... ......... ......... ......... ......... ......... ......... ......... ......... .........
         ......... ......... ......... ......... .........
 
1

            TH 1      TH 2      TH 3      TH 4      TH 5      TH 6      TH 7      OM11      OM12      OM13      OM14      OM15  
             OM16      OM17      OM18      OM19      OM22      OM23      OM24      OM25      OM26      OM27      OM28      OM29  
            OM33      OM34      OM35      OM36      OM37      OM38      OM39      OM44      OM45      OM46      OM47      OM48  
             OM49      OM55      OM56      OM57      OM58      OM59      OM66      OM67      OM68      OM69      OM77      OM78  
            OM79      OM88      OM89      OM99      SG11  
 
 OM59
+       ......... ......... ......... ......... ......... ......... ......... ......... ......... ......... ......... .........
         ......... ......... ......... ......... ......... ......... ......... ......... ......... ......... ......... .........
        ......... ......... ......... ......... ......... ......... ......... ......... ......... ......... ......... .........
         ......... ......... ......... ......... ......... .........
 
 OM66
+       ......... ......... ......... ......... ......... ......... ......... ......... ......... ......... ......... .........
         ......... ......... ......... ......... ......... ......... ......... ......... ......... ......... ......... .........
        ......... ......... ......... ......... ......... ......... ......... ......... ......... ......... ......... .........
         ......... ......... ......... ......... ......... ......... .........
 
 OM67
+       ......... ......... ......... ......... ......... ......... ......... ......... ......... ......... ......... .........
         ......... ......... ......... ......... ......... ......... ......... ......... ......... ......... ......... .........
        ......... ......... ......... ......... ......... ......... ......... ......... ......... ......... ......... .........
         ......... ......... ......... ......... ......... ......... ......... .........
 
 OM68
+       ......... ......... ......... ......... ......... ......... ......... ......... ......... ......... ......... .........
         ......... ......... ......... ......... ......... ......... ......... ......... ......... ......... ......... .........
        ......... ......... ......... ......... ......... ......... ......... ......... ......... ......... ......... .........
         ......... ......... ......... ......... ......... ......... ......... ......... .........
 
 OM69
+       ......... ......... ......... ......... ......... ......... ......... ......... ......... ......... ......... .........
         ......... ......... ......... ......... ......... ......... ......... ......... ......... ......... ......... .........
        ......... ......... ......... ......... ......... ......... ......... ......... ......... ......... ......... .........
         ......... ......... ......... ......... ......... ......... ......... ......... ......... .........
 
 OM77
+       -2.89E-04  9.76E-04 -8.47E-04 -2.19E-05 -2.68E-06 -1.39E-04  2.79E-05  1.84E-04 ......... ......... ......... .........
         ......... ......... ......... .........  3.32E-06 ......... ......... ......... ......... ......... ......... .........
        -1.28E-05 ......... ......... ......... ......... ......... ......... -1.57E-06 ......... ......... ......... .........
         ......... ......... ......... ......... ......... ......... ......... ......... ......... .........  2.26E-04
 
 OM78
+       ......... ......... ......... ......... ......... ......... ......... ......... ......... ......... ......... .........
         ......... ......... ......... ......... ......... ......... ......... ......... ......... ......... ......... .........
        ......... ......... ......... ......... ......... ......... ......... ......... ......... ......... ......... .........
         ......... ......... ......... ......... ......... ......... ......... ......... ......... ......... ......... .........
 
 OM79
+       ......... ......... ......... ......... ......... ......... ......... ......... ......... ......... ......... .........
         ......... ......... ......... ......... ......... ......... ......... ......... ......... ......... ......... .........
        ......... ......... ......... ......... ......... ......... ......... ......... ......... ......... ......... .........
         ......... ......... ......... ......... ......... ......... ......... ......... ......... ......... ......... .........
        .........
 
 OM88
+       ......... ......... ......... ......... ......... ......... ......... ......... ......... ......... ......... .........
         ......... ......... ......... ......... ......... ......... ......... ......... ......... ......... ......... .........
        ......... ......... ......... ......... ......... ......... ......... ......... ......... ......... ......... .........
         ......... ......... ......... ......... ......... ......... ......... ......... ......... ......... ......... .........
        ......... .........
 
1

            TH 1      TH 2      TH 3      TH 4      TH 5      TH 6      TH 7      OM11      OM12      OM13      OM14      OM15  
             OM16      OM17      OM18      OM19      OM22      OM23      OM24      OM25      OM26      OM27      OM28      OM29  
            OM33      OM34      OM35      OM36      OM37      OM38      OM39      OM44      OM45      OM46      OM47      OM48  
             OM49      OM55      OM56      OM57      OM58      OM59      OM66      OM67      OM68      OM69      OM77      OM78  
            OM79      OM88      OM89      OM99      SG11  
 
 OM89
+       ......... ......... ......... ......... ......... ......... ......... ......... ......... ......... ......... .........
         ......... ......... ......... ......... ......... ......... ......... ......... ......... ......... ......... .........
        ......... ......... ......... ......... ......... ......... ......... ......... ......... ......... ......... .........
         ......... ......... ......... ......... ......... ......... ......... ......... ......... ......... ......... .........
        ......... ......... .........
 
 OM99
+       ......... ......... ......... ......... ......... ......... ......... ......... ......... ......... ......... .........
         ......... ......... ......... ......... ......... ......... ......... ......... ......... ......... ......... .........
        ......... ......... ......... ......... ......... ......... ......... ......... ......... ......... ......... .........
         ......... ......... ......... ......... ......... ......... ......... ......... ......... ......... ......... .........
        ......... ......... ......... .........
 
 SG11
+       ......... ......... ......... ......... ......... ......... ......... ......... ......... ......... ......... .........
         ......... ......... ......... ......... ......... ......... ......... ......... ......... ......... ......... .........
        ......... ......... ......... ......... ......... ......... ......... ......... ......... ......... ......... .........
         ......... ......... ......... ......... ......... ......... ......... ......... ......... ......... ......... .........
        ......... ......... ......... ......... .........
 
1
 ************************************************************************************************************************
 ********************                                                                                ********************
 ********************               FIRST ORDER CONDITIONAL ESTIMATION WITH INTERACTION              ********************
 ********************                          CORRELATION MATRIX OF ESTIMATE                        ********************
 ********************                                                                                ********************
 ************************************************************************************************************************
 

            TH 1      TH 2      TH 3      TH 4      TH 5      TH 6      TH 7      OM11      OM12      OM13      OM14      OM15  
             OM16      OM17      OM18      OM19      OM22      OM23      OM24      OM25      OM26      OM27      OM28      OM29  
            OM33      OM34      OM35      OM36      OM37      OM38      OM39      OM44      OM45      OM46      OM47      OM48  
             OM49      OM55      OM56      OM57      OM58      OM59      OM66      OM67      OM68      OM69      OM77      OM78  
            OM79      OM88      OM89      OM99      SG11  
 
 TH 1
+        6.25E-02
 
 TH 2
+       -2.00E-01  2.01E-01
 
 TH 3
+        9.52E-03 -2.59E-01  1.28E+00
 
 TH 4
+       -2.16E-02 -2.29E-01  1.39E-01  6.47E-03
 
 TH 5
+        1.40E-01  2.17E-01 -1.32E-01 -5.71E-01  4.15E-03
 
 TH 6
+       -3.77E-02 -3.01E-01  2.39E-01  5.18E-02 -1.51E-01  3.10E-02
 
 TH 7
+       -6.99E-02  1.14E-01  1.36E-01  2.03E-02  6.73E-02  1.04E-01  5.56E-02
 
 OM11
+       -2.60E-01  1.44E-01 -1.09E-02  3.99E-02 -3.40E-03  4.88E-03  1.04E-01  3.74E-02
 
 OM12
+       ......... ......... ......... ......... ......... ......... ......... ......... .........
 
 OM13
+       ......... ......... ......... ......... ......... ......... ......... ......... ......... .........
 
 OM14
+       ......... ......... ......... ......... ......... ......... ......... ......... ......... ......... .........
 
 OM15
+       ......... ......... ......... ......... ......... ......... ......... ......... ......... ......... ......... .........
 
 OM16
+       ......... ......... ......... ......... ......... ......... ......... ......... ......... ......... ......... .........
         .........
 
 OM17
+       ......... ......... ......... ......... ......... ......... ......... ......... ......... ......... ......... .........
         ......... .........
 
 OM18
+       ......... ......... ......... ......... ......... ......... ......... ......... ......... ......... ......... .........
         ......... ......... .........
 
 OM19
+       ......... ......... ......... ......... ......... ......... ......... ......... ......... ......... ......... .........
         ......... ......... ......... .........
 
 OM22
+        9.02E-02 -3.38E-01  1.93E-01 -6.45E-02 -1.16E-01  1.73E-01 -4.86E-02 -4.53E-02 ......... ......... ......... .........
         ......... ......... ......... .........  1.56E-02
 
 OM23
+       ......... ......... ......... ......... ......... ......... ......... ......... ......... ......... ......... .........
         ......... ......... ......... ......... ......... .........
 
1

            TH 1      TH 2      TH 3      TH 4      TH 5      TH 6      TH 7      OM11      OM12      OM13      OM14      OM15  
             OM16      OM17      OM18      OM19      OM22      OM23      OM24      OM25      OM26      OM27      OM28      OM29  
            OM33      OM34      OM35      OM36      OM37      OM38      OM39      OM44      OM45      OM46      OM47      OM48  
             OM49      OM55      OM56      OM57      OM58      OM59      OM66      OM67      OM68      OM69      OM77      OM78  
            OM79      OM88      OM89      OM99      SG11  
 
 OM24
+       ......... ......... ......... ......... ......... ......... ......... ......... ......... ......... ......... .........
         ......... ......... ......... ......... ......... ......... .........
 
 OM25
+       ......... ......... ......... ......... ......... ......... ......... ......... ......... ......... ......... .........
         ......... ......... ......... ......... ......... ......... ......... .........
 
 OM26
+       ......... ......... ......... ......... ......... ......... ......... ......... ......... ......... ......... .........
         ......... ......... ......... ......... ......... ......... ......... ......... .........
 
 OM27
+       ......... ......... ......... ......... ......... ......... ......... ......... ......... ......... ......... .........
         ......... ......... ......... ......... ......... ......... ......... ......... ......... .........
 
 OM28
+       ......... ......... ......... ......... ......... ......... ......... ......... ......... ......... ......... .........
         ......... ......... ......... ......... ......... ......... ......... ......... ......... ......... .........
 
 OM29
+       ......... ......... ......... ......... ......... ......... ......... ......... ......... ......... ......... .........
         ......... ......... ......... ......... ......... ......... ......... ......... ......... ......... ......... .........
 
 OM33
+        6.81E-02 -2.23E-01  2.23E-01  1.08E-01 -1.84E-01  1.36E-01 -7.30E-02 -1.58E-01 ......... ......... ......... .........
         ......... ......... ......... .........  1.07E-01 ......... ......... ......... ......... ......... ......... .........
         8.17E-03
 
 OM34
+       ......... ......... ......... ......... ......... ......... ......... ......... ......... ......... ......... .........
         ......... ......... ......... ......... ......... ......... ......... ......... ......... ......... ......... .........
        ......... .........
 
 OM35
+       ......... ......... ......... ......... ......... ......... ......... ......... ......... ......... ......... .........
         ......... ......... ......... ......... ......... ......... ......... ......... ......... ......... ......... .........
        ......... ......... .........
 
 OM36
+       ......... ......... ......... ......... ......... ......... ......... ......... ......... ......... ......... .........
         ......... ......... ......... ......... ......... ......... ......... ......... ......... ......... ......... .........
        ......... ......... ......... .........
 
 OM37
+       ......... ......... ......... ......... ......... ......... ......... ......... ......... ......... ......... .........
         ......... ......... ......... ......... ......... ......... ......... ......... ......... ......... ......... .........
        ......... ......... ......... ......... .........
 
 OM38
+       ......... ......... ......... ......... ......... ......... ......... ......... ......... ......... ......... .........
         ......... ......... ......... ......... ......... ......... ......... ......... ......... ......... ......... .........
        ......... ......... ......... ......... ......... .........
 
 OM39
+       ......... ......... ......... ......... ......... ......... ......... ......... ......... ......... ......... .........
         ......... ......... ......... ......... ......... ......... ......... ......... ......... ......... ......... .........
        ......... ......... ......... ......... ......... ......... .........
 
1

            TH 1      TH 2      TH 3      TH 4      TH 5      TH 6      TH 7      OM11      OM12      OM13      OM14      OM15  
             OM16      OM17      OM18      OM19      OM22      OM23      OM24      OM25      OM26      OM27      OM28      OM29  
            OM33      OM34      OM35      OM36      OM37      OM38      OM39      OM44      OM45      OM46      OM47      OM48  
             OM49      OM55      OM56      OM57      OM58      OM59      OM66      OM67      OM68      OM69      OM77      OM78  
            OM79      OM88      OM89      OM99      SG11  
 
 OM44
+        6.51E-02  8.59E-02 -9.06E-03 -2.90E-01  1.02E-02 -4.65E-02 -1.48E-01 -1.80E-01 ......... ......... ......... .........
         ......... ......... ......... ......... -2.46E-02 ......... ......... ......... ......... ......... ......... .........
         1.37E-01 ......... ......... ......... ......... ......... .........  5.31E-03
 
 OM45
+       ......... ......... ......... ......... ......... ......... ......... ......... ......... ......... ......... .........
         ......... ......... ......... ......... ......... ......... ......... ......... ......... ......... ......... .........
        ......... ......... ......... ......... ......... ......... ......... ......... .........
 
 OM46
+       ......... ......... ......... ......... ......... ......... ......... ......... ......... ......... ......... .........
         ......... ......... ......... ......... ......... ......... ......... ......... ......... ......... ......... .........
        ......... ......... ......... ......... ......... ......... ......... ......... ......... .........
 
 OM47
+       ......... ......... ......... ......... ......... ......... ......... ......... ......... ......... ......... .........
         ......... ......... ......... ......... ......... ......... ......... ......... ......... ......... ......... .........
        ......... ......... ......... ......... ......... ......... ......... ......... ......... ......... .........
 
 OM48
+       ......... ......... ......... ......... ......... ......... ......... ......... ......... ......... ......... .........
         ......... ......... ......... ......... ......... ......... ......... ......... ......... ......... ......... .........
        ......... ......... ......... ......... ......... ......... ......... ......... ......... ......... ......... .........
 
 OM49
+       ......... ......... ......... ......... ......... ......... ......... ......... ......... ......... ......... .........
         ......... ......... ......... ......... ......... ......... ......... ......... ......... ......... ......... .........
        ......... ......... ......... ......... ......... ......... ......... ......... ......... ......... ......... .........
         .........
 
 OM55
+       ......... ......... ......... ......... ......... ......... ......... ......... ......... ......... ......... .........
         ......... ......... ......... ......... ......... ......... ......... ......... ......... ......... ......... .........
        ......... ......... ......... ......... ......... ......... ......... ......... ......... ......... ......... .........
         ......... .........
 
 OM56
+       ......... ......... ......... ......... ......... ......... ......... ......... ......... ......... ......... .........
         ......... ......... ......... ......... ......... ......... ......... ......... ......... ......... ......... .........
        ......... ......... ......... ......... ......... ......... ......... ......... ......... ......... ......... .........
         ......... ......... .........
 
 OM57
+       ......... ......... ......... ......... ......... ......... ......... ......... ......... ......... ......... .........
         ......... ......... ......... ......... ......... ......... ......... ......... ......... ......... ......... .........
        ......... ......... ......... ......... ......... ......... ......... ......... ......... ......... ......... .........
         ......... ......... ......... .........
 
 OM58
+       ......... ......... ......... ......... ......... ......... ......... ......... ......... ......... ......... .........
         ......... ......... ......... ......... ......... ......... ......... ......... ......... ......... ......... .........
        ......... ......... ......... ......... ......... ......... ......... ......... ......... ......... ......... .........
         ......... ......... ......... ......... .........
 
1

            TH 1      TH 2      TH 3      TH 4      TH 5      TH 6      TH 7      OM11      OM12      OM13      OM14      OM15  
             OM16      OM17      OM18      OM19      OM22      OM23      OM24      OM25      OM26      OM27      OM28      OM29  
            OM33      OM34      OM35      OM36      OM37      OM38      OM39      OM44      OM45      OM46      OM47      OM48  
             OM49      OM55      OM56      OM57      OM58      OM59      OM66      OM67      OM68      OM69      OM77      OM78  
            OM79      OM88      OM89      OM99      SG11  
 
 OM59
+       ......... ......... ......... ......... ......... ......... ......... ......... ......... ......... ......... .........
         ......... ......... ......... ......... ......... ......... ......... ......... ......... ......... ......... .........
        ......... ......... ......... ......... ......... ......... ......... ......... ......... ......... ......... .........
         ......... ......... ......... ......... ......... .........
 
 OM66
+       ......... ......... ......... ......... ......... ......... ......... ......... ......... ......... ......... .........
         ......... ......... ......... ......... ......... ......... ......... ......... ......... ......... ......... .........
        ......... ......... ......... ......... ......... ......... ......... ......... ......... ......... ......... .........
         ......... ......... ......... ......... ......... ......... .........
 
 OM67
+       ......... ......... ......... ......... ......... ......... ......... ......... ......... ......... ......... .........
         ......... ......... ......... ......... ......... ......... ......... ......... ......... ......... ......... .........
        ......... ......... ......... ......... ......... ......... ......... ......... ......... ......... ......... .........
         ......... ......... ......... ......... ......... ......... ......... .........
 
 OM68
+       ......... ......... ......... ......... ......... ......... ......... ......... ......... ......... ......... .........
         ......... ......... ......... ......... ......... ......... ......... ......... ......... ......... ......... .........
        ......... ......... ......... ......... ......... ......... ......... ......... ......... ......... ......... .........
         ......... ......... ......... ......... ......... ......... ......... ......... .........
 
 OM69
+       ......... ......... ......... ......... ......... ......... ......... ......... ......... ......... ......... .........
         ......... ......... ......... ......... ......... ......... ......... ......... ......... ......... ......... .........
        ......... ......... ......... ......... ......... ......... ......... ......... ......... ......... ......... .........
         ......... ......... ......... ......... ......... ......... ......... ......... ......... .........
 
 OM77
+       -3.07E-01  3.24E-01 -4.42E-02 -2.25E-01 -4.30E-02 -2.99E-01  3.34E-02  3.27E-01 ......... ......... ......... .........
         ......... ......... ......... .........  1.42E-02 ......... ......... ......... ......... ......... ......... .........
        -1.04E-01 ......... ......... ......... ......... ......... ......... -1.97E-02 ......... ......... ......... .........
         ......... ......... ......... ......... ......... ......... ......... ......... ......... .........  1.50E-02
 
 OM78
+       ......... ......... ......... ......... ......... ......... ......... ......... ......... ......... ......... .........
         ......... ......... ......... ......... ......... ......... ......... ......... ......... ......... ......... .........
        ......... ......... ......... ......... ......... ......... ......... ......... ......... ......... ......... .........
         ......... ......... ......... ......... ......... ......... ......... ......... ......... ......... ......... .........
 
 OM79
+       ......... ......... ......... ......... ......... ......... ......... ......... ......... ......... ......... .........
         ......... ......... ......... ......... ......... ......... ......... ......... ......... ......... ......... .........
        ......... ......... ......... ......... ......... ......... ......... ......... ......... ......... ......... .........
         ......... ......... ......... ......... ......... ......... ......... ......... ......... ......... ......... .........
        .........
 
 OM88
+       ......... ......... ......... ......... ......... ......... ......... ......... ......... ......... ......... .........
         ......... ......... ......... ......... ......... ......... ......... ......... ......... ......... ......... .........
        ......... ......... ......... ......... ......... ......... ......... ......... ......... ......... ......... .........
         ......... ......... ......... ......... ......... ......... ......... ......... ......... ......... ......... .........
        ......... .........
 
1

            TH 1      TH 2      TH 3      TH 4      TH 5      TH 6      TH 7      OM11      OM12      OM13      OM14      OM15  
             OM16      OM17      OM18      OM19      OM22      OM23      OM24      OM25      OM26      OM27      OM28      OM29  
            OM33      OM34      OM35      OM36      OM37      OM38      OM39      OM44      OM45      OM46      OM47      OM48  
             OM49      OM55      OM56      OM57      OM58      OM59      OM66      OM67      OM68      OM69      OM77      OM78  
            OM79      OM88      OM89      OM99      SG11  
 
 OM89
+       ......... ......... ......... ......... ......... ......... ......... ......... ......... ......... ......... .........
         ......... ......... ......... ......... ......... ......... ......... ......... ......... ......... ......... .........
        ......... ......... ......... ......... ......... ......... ......... ......... ......... ......... ......... .........
         ......... ......... ......... ......... ......... ......... ......... ......... ......... ......... ......... .........
        ......... ......... .........
 
 OM99
+       ......... ......... ......... ......... ......... ......... ......... ......... ......... ......... ......... .........
         ......... ......... ......... ......... ......... ......... ......... ......... ......... ......... ......... .........
        ......... ......... ......... ......... ......... ......... ......... ......... ......... ......... ......... .........
         ......... ......... ......... ......... ......... ......... ......... ......... ......... ......... ......... .........
        ......... ......... ......... .........
 
 SG11
+       ......... ......... ......... ......... ......... ......... ......... ......... ......... ......... ......... .........
         ......... ......... ......... ......... ......... ......... ......... ......... ......... ......... ......... .........
        ......... ......... ......... ......... ......... ......... ......... ......... ......... ......... ......... .........
         ......... ......... ......... ......... ......... ......... ......... ......... ......... ......... ......... .........
        ......... ......... ......... ......... .........
 
1
 ************************************************************************************************************************
 ********************                                                                                ********************
 ********************               FIRST ORDER CONDITIONAL ESTIMATION WITH INTERACTION              ********************
 ********************                      INVERSE COVARIANCE MATRIX OF ESTIMATE                     ********************
 ********************                                                                                ********************
 ************************************************************************************************************************
 

            TH 1      TH 2      TH 3      TH 4      TH 5      TH 6      TH 7      OM11      OM12      OM13      OM14      OM15  
             OM16      OM17      OM18      OM19      OM22      OM23      OM24      OM25      OM26      OM27      OM28      OM29  
            OM33      OM34      OM35      OM36      OM37      OM38      OM39      OM44      OM45      OM46      OM47      OM48  
             OM49      OM55      OM56      OM57      OM58      OM59      OM66      OM67      OM68      OM69      OM77      OM78  
            OM79      OM88      OM89      OM99      SG11  
 
 TH 1
+        3.12E+02
 
 TH 2
+        1.42E+01  3.76E+01
 
 TH 3
+        7.11E-02  8.03E-01  7.39E-01
 
 TH 4
+       -1.81E+01  1.01E+02 -2.21E+01  5.02E+04
 
 TH 5
+       -7.31E+02 -1.79E+02 -1.22E+01  4.66E+04  1.09E+05
 
 TH 6
+        9.06E+01  3.49E+01 -5.07E+00  1.72E+03  2.43E+03  1.41E+03
 
 TH 7
+        5.03E+00 -1.61E+01 -2.61E+00 -1.59E+02 -4.58E+02 -8.66E+01  3.57E+02
 
 OM11
+        7.41E+01 -5.49E+00  1.14E-01 -8.24E+02 -9.01E+02 -1.39E+02 -1.99E+01  8.88E+02
 
 OM12
+       ......... ......... ......... ......... ......... ......... ......... ......... .........
 
 OM13
+       ......... ......... ......... ......... ......... ......... ......... ......... ......... .........
 
 OM14
+       ......... ......... ......... ......... ......... ......... ......... ......... ......... ......... .........
 
 OM15
+       ......... ......... ......... ......... ......... ......... ......... ......... ......... ......... ......... .........
 
 OM16
+       ......... ......... ......... ......... ......... ......... ......... ......... ......... ......... ......... .........
         .........
 
 OM17
+       ......... ......... ......... ......... ......... ......... ......... ......... ......... ......... ......... .........
         ......... .........
 
 OM18
+       ......... ......... ......... ......... ......... ......... ......... ......... ......... ......... ......... .........
         ......... ......... .........
 
 OM19
+       ......... ......... ......... ......... ......... ......... ......... ......... ......... ......... ......... .........
         ......... ......... ......... .........
 
 OM22
+       -1.00E+02  1.23E+02 -6.89E+00  2.98E+03  3.12E+03 -1.88E+02  3.77E+01  3.05E+01 ......... ......... ......... .........
         ......... ......... ......... .........  5.06E+03
 
 OM23
+       ......... ......... ......... ......... ......... ......... ......... ......... ......... ......... ......... .........
         ......... ......... ......... ......... ......... .........
 
1

            TH 1      TH 2      TH 3      TH 4      TH 5      TH 6      TH 7      OM11      OM12      OM13      OM14      OM15  
             OM16      OM17      OM18      OM19      OM22      OM23      OM24      OM25      OM26      OM27      OM28      OM29  
            OM33      OM34      OM35      OM36      OM37      OM38      OM39      OM44      OM45      OM46      OM47      OM48  
             OM49      OM55      OM56      OM57      OM58      OM59      OM66      OM67      OM68      OM69      OM77      OM78  
            OM79      OM88      OM89      OM99      SG11  
 
 OM24
+       ......... ......... ......... ......... ......... ......... ......... ......... ......... ......... ......... .........
         ......... ......... ......... ......... ......... ......... .........
 
 OM25
+       ......... ......... ......... ......... ......... ......... ......... ......... ......... ......... ......... .........
         ......... ......... ......... ......... ......... ......... ......... .........
 
 OM26
+       ......... ......... ......... ......... ......... ......... ......... ......... ......... ......... ......... .........
         ......... ......... ......... ......... ......... ......... ......... ......... .........
 
 OM27
+       ......... ......... ......... ......... ......... ......... ......... ......... ......... ......... ......... .........
         ......... ......... ......... ......... ......... ......... ......... ......... ......... .........
 
 OM28
+       ......... ......... ......... ......... ......... ......... ......... ......... ......... ......... ......... .........
         ......... ......... ......... ......... ......... ......... ......... ......... ......... ......... .........
 
 OM29
+       ......... ......... ......... ......... ......... ......... ......... ......... ......... ......... ......... .........
         ......... ......... ......... ......... ......... ......... ......... ......... ......... ......... ......... .........
 
 OM33
+       -5.02E+01  8.22E+01 -1.81E+01 -1.02E+03  3.48E+03 -2.66E+02  1.23E+02  4.14E+02 ......... ......... ......... .........
         ......... ......... ......... ......... -1.05E+02 ......... ......... ......... ......... ......... ......... .........
         1.73E+04
 
 OM34
+       ......... ......... ......... ......... ......... ......... ......... ......... ......... ......... ......... .........
         ......... ......... ......... ......... ......... ......... ......... ......... ......... ......... ......... .........
        ......... .........
 
 OM35
+       ......... ......... ......... ......... ......... ......... ......... ......... ......... ......... ......... .........
         ......... ......... ......... ......... ......... ......... ......... ......... ......... ......... ......... .........
        ......... ......... .........
 
 OM36
+       ......... ......... ......... ......... ......... ......... ......... ......... ......... ......... ......... .........
         ......... ......... ......... ......... ......... ......... ......... ......... ......... ......... ......... .........
        ......... ......... ......... .........
 
 OM37
+       ......... ......... ......... ......... ......... ......... ......... ......... ......... ......... ......... .........
         ......... ......... ......... ......... ......... ......... ......... ......... ......... ......... ......... .........
        ......... ......... ......... ......... .........
 
 OM38
+       ......... ......... ......... ......... ......... ......... ......... ......... ......... ......... ......... .........
         ......... ......... ......... ......... ......... ......... ......... ......... ......... ......... ......... .........
        ......... ......... ......... ......... ......... .........
 
 OM39
+       ......... ......... ......... ......... ......... ......... ......... ......... ......... ......... ......... .........
         ......... ......... ......... ......... ......... ......... ......... ......... ......... ......... ......... .........
        ......... ......... ......... ......... ......... ......... .........
 
1

            TH 1      TH 2      TH 3      TH 4      TH 5      TH 6      TH 7      OM11      OM12      OM13      OM14      OM15  
             OM16      OM17      OM18      OM19      OM22      OM23      OM24      OM25      OM26      OM27      OM28      OM29  
            OM33      OM34      OM35      OM36      OM37      OM38      OM39      OM44      OM45      OM46      OM47      OM48  
             OM49      OM55      OM56      OM57      OM58      OM59      OM66      OM67      OM68      OM69      OM77      OM78  
            OM79      OM88      OM89      OM99      SG11  
 
 OM44
+       -1.38E+02 -1.31E+02 -1.11E+01  1.69E+04  1.54E+04  5.72E+02  4.69E+02  6.08E+02 ......... ......... ......... .........
         ......... ......... ......... .........  1.09E+03 ......... ......... ......... ......... ......... ......... .........
        -3.68E+03 ......... ......... ......... ......... ......... .........  4.44E+04
 
 OM45
+       ......... ......... ......... ......... ......... ......... ......... ......... ......... ......... ......... .........
         ......... ......... ......... ......... ......... ......... ......... ......... ......... ......... ......... .........
        ......... ......... ......... ......... ......... ......... ......... ......... .........
 
 OM46
+       ......... ......... ......... ......... ......... ......... ......... ......... ......... ......... ......... .........
         ......... ......... ......... ......... ......... ......... ......... ......... ......... ......... ......... .........
        ......... ......... ......... ......... ......... ......... ......... ......... ......... .........
 
 OM47
+       ......... ......... ......... ......... ......... ......... ......... ......... ......... ......... ......... .........
         ......... ......... ......... ......... ......... ......... ......... ......... ......... ......... ......... .........
        ......... ......... ......... ......... ......... ......... ......... ......... ......... ......... .........
 
 OM48
+       ......... ......... ......... ......... ......... ......... ......... ......... ......... ......... ......... .........
         ......... ......... ......... ......... ......... ......... ......... ......... ......... ......... ......... .........
        ......... ......... ......... ......... ......... ......... ......... ......... ......... ......... ......... .........
 
 OM49
+       ......... ......... ......... ......... ......... ......... ......... ......... ......... ......... ......... .........
         ......... ......... ......... ......... ......... ......... ......... ......... ......... ......... ......... .........
        ......... ......... ......... ......... ......... ......... ......... ......... ......... ......... ......... .........
         .........
 
 OM55
+       ......... ......... ......... ......... ......... ......... ......... ......... ......... ......... ......... .........
         ......... ......... ......... ......... ......... ......... ......... ......... ......... ......... ......... .........
        ......... ......... ......... ......... ......... ......... ......... ......... ......... ......... ......... .........
         ......... .........
 
 OM56
+       ......... ......... ......... ......... ......... ......... ......... ......... ......... ......... ......... .........
         ......... ......... ......... ......... ......... ......... ......... ......... ......... ......... ......... .........
        ......... ......... ......... ......... ......... ......... ......... ......... ......... ......... ......... .........
         ......... ......... .........
 
 OM57
+       ......... ......... ......... ......... ......... ......... ......... ......... ......... ......... ......... .........
         ......... ......... ......... ......... ......... ......... ......... ......... ......... ......... ......... .........
        ......... ......... ......... ......... ......... ......... ......... ......... ......... ......... ......... .........
         ......... ......... ......... .........
 
 OM58
+       ......... ......... ......... ......... ......... ......... ......... ......... ......... ......... ......... .........
         ......... ......... ......... ......... ......... ......... ......... ......... ......... ......... ......... .........
        ......... ......... ......... ......... ......... ......... ......... ......... ......... ......... ......... .........
         ......... ......... ......... ......... .........
 
1

            TH 1      TH 2      TH 3      TH 4      TH 5      TH 6      TH 7      OM11      OM12      OM13      OM14      OM15  
             OM16      OM17      OM18      OM19      OM22      OM23      OM24      OM25      OM26      OM27      OM28      OM29  
            OM33      OM34      OM35      OM36      OM37      OM38      OM39      OM44      OM45      OM46      OM47      OM48  
             OM49      OM55      OM56      OM57      OM58      OM59      OM66      OM67      OM68      OM69      OM77      OM78  
            OM79      OM88      OM89      OM99      SG11  
 
 OM59
+       ......... ......... ......... ......... ......... ......... ......... ......... ......... ......... ......... .........
         ......... ......... ......... ......... ......... ......... ......... ......... ......... ......... ......... .........
        ......... ......... ......... ......... ......... ......... ......... ......... ......... ......... ......... .........
         ......... ......... ......... ......... ......... .........
 
 OM66
+       ......... ......... ......... ......... ......... ......... ......... ......... ......... ......... ......... .........
         ......... ......... ......... ......... ......... ......... ......... ......... ......... ......... ......... .........
        ......... ......... ......... ......... ......... ......... ......... ......... ......... ......... ......... .........
         ......... ......... ......... ......... ......... ......... .........
 
 OM67
+       ......... ......... ......... ......... ......... ......... ......... ......... ......... ......... ......... .........
         ......... ......... ......... ......... ......... ......... ......... ......... ......... ......... ......... .........
        ......... ......... ......... ......... ......... ......... ......... ......... ......... ......... ......... .........
         ......... ......... ......... ......... ......... ......... ......... .........
 
 OM68
+       ......... ......... ......... ......... ......... ......... ......... ......... ......... ......... ......... .........
         ......... ......... ......... ......... ......... ......... ......... ......... ......... ......... ......... .........
        ......... ......... ......... ......... ......... ......... ......... ......... ......... ......... ......... .........
         ......... ......... ......... ......... ......... ......... ......... ......... .........
 
 OM69
+       ......... ......... ......... ......... ......... ......... ......... ......... ......... ......... ......... .........
         ......... ......... ......... ......... ......... ......... ......... ......... ......... ......... ......... .........
        ......... ......... ......... ......... ......... ......... ......... ......... ......... ......... ......... .........
         ......... ......... ......... ......... ......... ......... ......... ......... ......... .........
 
 OM77
+        3.20E+02 -1.04E+02 -6.81E+00  6.65E+03  8.16E+03  1.13E+03 -2.61E+01 -7.52E+02 ......... ......... ......... .........
         ......... ......... ......... ......... -5.79E+02 ......... ......... ......... ......... ......... ......... .........
        -1.02E+02 ......... ......... ......... ......... ......... .........  2.06E+03 ......... ......... ......... .........
         ......... ......... ......... ......... ......... ......... ......... ......... ......... .........  7.34E+03
 
 OM78
+       ......... ......... ......... ......... ......... ......... ......... ......... ......... ......... ......... .........
         ......... ......... ......... ......... ......... ......... ......... ......... ......... ......... ......... .........
        ......... ......... ......... ......... ......... ......... ......... ......... ......... ......... ......... .........
         ......... ......... ......... ......... ......... ......... ......... ......... ......... ......... ......... .........
 
 OM79
+       ......... ......... ......... ......... ......... ......... ......... ......... ......... ......... ......... .........
         ......... ......... ......... ......... ......... ......... ......... ......... ......... ......... ......... .........
        ......... ......... ......... ......... ......... ......... ......... ......... ......... ......... ......... .........
         ......... ......... ......... ......... ......... ......... ......... ......... ......... ......... ......... .........
        .........
 
 OM88
+       ......... ......... ......... ......... ......... ......... ......... ......... ......... ......... ......... .........
         ......... ......... ......... ......... ......... ......... ......... ......... ......... ......... ......... .........
        ......... ......... ......... ......... ......... ......... ......... ......... ......... ......... ......... .........
         ......... ......... ......... ......... ......... ......... ......... ......... ......... ......... ......... .........
        ......... .........
 
1

            TH 1      TH 2      TH 3      TH 4      TH 5      TH 6      TH 7      OM11      OM12      OM13      OM14      OM15  
             OM16      OM17      OM18      OM19      OM22      OM23      OM24      OM25      OM26      OM27      OM28      OM29  
            OM33      OM34      OM35      OM36      OM37      OM38      OM39      OM44      OM45      OM46      OM47      OM48  
             OM49      OM55      OM56      OM57      OM58      OM59      OM66      OM67      OM68      OM69      OM77      OM78  
            OM79      OM88      OM89      OM99      SG11  
 
 OM89
+       ......... ......... ......... ......... ......... ......... ......... ......... ......... ......... ......... .........
         ......... ......... ......... ......... ......... ......... ......... ......... ......... ......... ......... .........
        ......... ......... ......... ......... ......... ......... ......... ......... ......... ......... ......... .........
         ......... ......... ......... ......... ......... ......... ......... ......... ......... ......... ......... .........
        ......... ......... .........
 
 OM99
+       ......... ......... ......... ......... ......... ......... ......... ......... ......... ......... ......... .........
         ......... ......... ......... ......... ......... ......... ......... ......... ......... ......... ......... .........
        ......... ......... ......... ......... ......... ......... ......... ......... ......... ......... ......... .........
         ......... ......... ......... ......... ......... ......... ......... ......... ......... ......... ......... .........
        ......... ......... ......... .........
 
 SG11
+       ......... ......... ......... ......... ......... ......... ......... ......... ......... ......... ......... .........
         ......... ......... ......... ......... ......... ......... ......... ......... ......... ......... ......... .........
        ......... ......... ......... ......... ......... ......... ......... ......... ......... ......... ......... .........
         ......... ......... ......... ......... ......... ......... ......... ......... ......... ......... ......... .........
        ......... ......... ......... ......... .........
 
1
 
 
 
 
 
 
 
 
 
 
 
 
 
 
 
 
 
 
 
 
 ************************************************************************************************************************
 ********************                                                                                ********************
 ********************               FIRST ORDER CONDITIONAL ESTIMATION WITH INTERACTION              ********************
 ********************                      EIGENVALUES OF COR MATRIX OF ESTIMATE                     ********************
 ********************                                                                                ********************
 ************************************************************************************************************************
 

             1         2         3         4         5         6         7         8         9        10        11        12

 
         2.48E-01  4.78E-01  5.22E-01  6.66E-01  7.00E-01  7.56E-01  8.98E-01  1.05E+00  1.26E+00  1.30E+00  1.75E+00  2.37E+00
 
 Elapsed finaloutput time in seconds: <SEC>
 #CPUT: Total CPU Time in Seconds, <SEC>
Stop Time: 
<DATE>
<TIME>
