Changing directory to 123mixiov.R76
'pushdon' is not recognized as an internal or external command,
operable program or batch file.
Pathlist information for compiler and MPI systems are located in nmpathlist.txt

Starting NMTRAN
  
 WARNINGS AND ERRORS (IF ANY) FOR PROBLEM    1
             
 (WARNING  2) NM-TRAN INFERS THAT THE DATA ARE POPULATION.
Recompiling certain components.
starting wait
ending wait
Exiting lpreddo
Compiling FSUBS
Building NONMEM Executable
Starting nonmem execution ...
License Registered to: <LICENSEE>
Expiration Date: <DATE>
Current Date: <DATE>
Days until program expires : <N>


 First Order Conditional Estimation with Interaction
 MONITORING OF SEARCH:


0ITERATION NO.:    0    OBJECTIVE VALUE:  -2621.93556437913        NO. OF FUNC. EVALS.:   9
 CUMULATIVE NO. OF FUNC. EVALS.:        9
 NPARAMETR:  1.0000E+00  3.0000E+00  5.0000E+01  5.0000E-02  1.0000E-01  4.0000E-01  2.0000E-01  1.0000E-01  1.0000E-01  5.0000E-02
             5.0000E-02  5.0000E-02
 PARAMETER:  1.0000E-01  1.0000E-01  1.0000E-01  1.0000E-01  1.0000E-01  1.0000E-01  1.0000E-01  1.0000E-01  1.0000E-01  1.0000E-01
             1.0000E-01  1.0000E-01
 GRADIENT:  -4.5263E+01 -2.0095E+02  7.2628E+01 -7.3092E+01 -4.8472E+02  1.0566E+01  3.3829E+00 -6.1422E+01 -5.9539E+01  2.1546E+01
             5.1045E+01 -1.5095E+02

0ITERATION NO.:    5    OBJECTIVE VALUE:  -2695.05034330170        NO. OF FUNC. EVALS.:  50
 CUMULATIVE NO. OF FUNC. EVALS.:       59
 NPARAMETR:  1.1378E+00  5.6067E+00  4.8959E+01  4.4162E-02  1.2283E-01  3.4442E-01  2.0781E-01  2.0998E-01  1.7777E-01  3.4530E-02
             2.7673E-02  1.2804E-01
 PARAMETER:  2.2910E-01  7.2535E-01  7.8963E-02 -2.4169E-02  3.0561E-01 -1.3820E-01  1.4812E-01  4.7092E-01  3.8765E-01 -8.5102E-02
            -1.9579E-01  5.7017E-01
 GRADIENT:   3.4809E+01  1.4583E+02  1.3175E+01  1.0837E+01  3.8947E+01  2.2124E+01 -1.4104E+01  1.4514E+01 -7.8744E+00 -7.8466E+00
            -2.1216E+01  4.9845E+01

0ITERATION NO.:   10    OBJECTIVE VALUE:  -2714.21248623552        NO. OF FUNC. EVALS.:  52
 CUMULATIVE NO. OF FUNC. EVALS.:      111
 NPARAMETR:  1.1073E+00  5.0654E+00  4.8924E+01  5.0246E-02  1.2049E-01  3.0129E-01  3.6416E-01  2.0211E-01  1.1090E-01  3.7030E-02
             2.8439E-02  1.1779E-01
 PARAMETER:  2.0191E-01  6.2382E-01  7.8238E-02  1.0491E-01  2.8638E-01 -3.3568E-01  9.2892E-01  4.5183E-01  1.5172E-01 -5.0149E-02
            -1.8212E-01  5.2842E-01
 GRADIENT:   2.2878E+01  1.0995E+02  8.6702E+00  2.6843E+01  3.4113E+01  3.6787E+00  7.2387E+00  1.3268E+01 -9.0848E+00 -1.5552E+00
            -1.4844E+01  3.7519E+01

0ITERATION NO.:   15    OBJECTIVE VALUE:  -2739.09695175857        NO. OF FUNC. EVALS.:  52
 CUMULATIVE NO. OF FUNC. EVALS.:      163
 NPARAMETR:  1.0489E+00  4.0804E+00  4.8671E+01  4.1458E-02  1.2174E-01  2.8515E-01  2.1638E-01  1.7751E-01  8.8037E-02  3.7581E-02
             3.1980E-02  9.4226E-02
 PARAMETER:  1.4772E-01  4.0758E-01  7.3058E-02 -8.7331E-02  2.9673E-01 -4.1359E-01  1.9938E-01  3.8692E-01  3.6293E-02 -4.2760E-02
            -1.2346E-01  4.1684E-01
 GRADIENT:   6.6489E-05 -6.9204E-01 -1.8779E-01  7.9254E-01 -5.3361E-02  1.3073E+00  8.4211E-01  2.5404E+00  3.2326E+00 -2.2500E-01
             2.3611E-01 -1.1262E+00

0ITERATION NO.:   20    OBJECTIVE VALUE:  -2739.20045681945        NO. OF FUNC. EVALS.:  61
 CUMULATIVE NO. OF FUNC. EVALS.:      224
 NPARAMETR:  1.0488E+00  4.0901E+00  4.8677E+01  4.1131E-02  1.2186E-01  2.8073E-01  2.0830E-01  1.7112E-01  8.4020E-02  3.7672E-02
             3.2031E-02  9.5151E-02
 PARAMETER:  1.4761E-01  4.0997E-01  7.3192E-02 -9.5252E-02  2.9769E-01 -4.3540E-01  1.5111E-01  3.6860E-01  1.2944E-02 -4.1556E-02
            -1.2266E-01  4.2172E-01
 GRADIENT:  -3.3882E-02 -3.0165E-01 -1.3713E-01  9.3949E-03  3.6445E-03 -1.8328E-02 -4.8832E-05 -9.2746E-03  1.5379E-02 -1.2573E-02
            -2.6756E-03  2.4444E-02

0ITERATION NO.:   22    OBJECTIVE VALUE:  -2739.20051152596        NO. OF FUNC. EVALS.:  37
 CUMULATIVE NO. OF FUNC. EVALS.:      261
 NPARAMETR:  1.0488E+00  4.0912E+00  4.8679E+01  4.1129E-02  1.2186E-01  2.8071E-01  2.0835E-01  1.7114E-01  8.3996E-02  3.7676E-02
             3.2033E-02  9.5140E-02
 PARAMETER:  1.4766E-01  4.1022E-01  7.3229E-02 -9.5313E-02  2.9770E-01 -4.3546E-01  1.5139E-01  3.6865E-01  1.2799E-02 -4.1496E-02
            -1.2263E-01  4.2166E-01
 GRADIENT:  -5.8506E-03 -7.3223E-02 -2.9531E-02  4.1856E-03  3.9820E-03 -3.9781E-03  1.7475E-04 -2.8429E-03  2.3542E-03 -5.7577E-04
             3.3447E-03  6.6042E-03
 Elapsed estimation  time in seconds: <SEC>
 Elapsed covariance  time in seconds: <SEC>
 Elapsed postprocess time in seconds: <SEC>
 Elapsed finaloutput time in seconds: <SEC>
Done with nonmem execution
wall seconds: 42.5
