Changing directory to 108wts.R76
'pushdon' is not recognized as an internal or external command,
operable program or batch file.
Pathlist information for compiler and MPI systems are located in nmpathlist.txt

Starting NMTRAN
  
 WARNINGS AND ERRORS (IF ANY) FOR PROBLEM    1
             
 (WARNING  2) NM-TRAN INFERS THAT THE DATA ARE POPULATION.
Recompiling certain components.
starting wait
ending wait
Exiting lpreddo
Compiling FSUBS
Building NONMEM Executable
Starting nonmem execution ...
License Registered to: <LICENSEE>
Expiration Date: <DATE>
Current Date: <DATE>
Days until program expires : <N>


 First Order Conditional Estimation with Interaction
 MONITORING OF SEARCH:


0ITERATION NO.:    0    OBJECTIVE VALUE:   694.149723209395        NO. OF FUNC. EVALS.:   7
 CUMULATIVE NO. OF FUNC. EVALS.:        7
 NPARAMETR:  7.5000E-03  1.5000E+00  6.0000E-01  1.2000E-01  7.5000E-01  3.0000E-01  5.0000E-02  3.0000E-01
 PARAMETER:  1.0000E-01  1.0000E-01  1.0000E-01  1.0000E-01  1.0000E-01  1.0000E-01  1.0000E-01  1.0000E-01
 GRADIENT:   3.4089E+01 -1.3244E+01 -1.4155E-01  2.2570E+01 -4.1497E+01  4.5502E+01  2.2323E+01  9.6412E+01

0ITERATION NO.:    5    OBJECTIVE VALUE:   590.914302404279        NO. OF FUNC. EVALS.:  42
 CUMULATIVE NO. OF FUNC. EVALS.:       49
 NPARAMETR:  6.9058E-03  1.4943E+00  6.1195E-01  1.0591E-01  1.1832E+00  7.5835E-02  3.3154E-02  3.8903E-02
 PARAMETER:  1.7465E-02  9.6177E-02  1.1973E-01 -2.4894E-02  2.8013E-01 -5.8761E-01  1.3188E-01 -1.1403E+00
 GRADIENT:  -3.1401E+01 -1.8327E+01 -7.8329E-01  4.7120E+00  7.0647E+00  1.2468E+01  6.2180E+01  1.5900E+01

0ITERATION NO.:   10    OBJECTIVE VALUE:   585.439356019002        NO. OF FUNC. EVALS.:  44
 CUMULATIVE NO. OF FUNC. EVALS.:       93
 NPARAMETR:  7.3660E-03  1.5215E+00  8.8784E-01  1.0272E-01  1.1068E+00  3.9401E-02  1.8018E-02  2.8021E-02
 PARAMETER:  8.1973E-02  1.1421E-01  4.9187E-01 -5.5464E-02  2.4789E-01 -9.1499E-01  9.9434E-02 -1.2454E+00
 GRADIENT:   1.4704E+01  2.7384E+01 -1.8402E+00 -3.4135E+00 -6.9331E+00 -5.2438E-01 -8.1187E+00  4.1089E+00

0ITERATION NO.:   15    OBJECTIVE VALUE:   583.470523976801        NO. OF FUNC. EVALS.:  42
 CUMULATIVE NO. OF FUNC. EVALS.:      135
 NPARAMETR:  7.3606E-03  1.5020E+00  1.7227E+00  8.8570E-02  1.1385E+00  4.6271E-02  2.5969E-02  2.3570E-02
 PARAMETER:  8.1233E-02  1.0135E-01  1.1547E+00 -2.0370E-01  2.6125E-01 -8.3463E-01  1.3225E-01 -1.6394E+00
 GRADIENT:   4.2779E+00 -6.6842E-01  2.4113E+00  5.5862E+00 -5.5363E-01  8.3771E-01  3.6279E+00  8.5141E-01

0ITERATION NO.:   20    OBJECTIVE VALUE:   583.257175956665        NO. OF FUNC. EVALS.:  41
 CUMULATIVE NO. OF FUNC. EVALS.:      176
 NPARAMETR:  7.3297E-03  1.5001E+00  1.9308E+00  7.8438E-02  1.1470E+00  4.5794E-02  2.7227E-02  2.2501E-02
 PARAMETER:  7.7035E-02  1.0004E-01  1.2688E+00 -3.2518E-01  2.6482E-01 -8.3981E-01  1.3937E-01 -1.8165E+00
 GRADIENT:  -6.3940E-01  8.1230E-01 -3.0995E-04  1.8393E-01  3.1297E-01 -4.9388E-02 -7.1632E-01 -1.8402E-01

0ITERATION NO.:   25    OBJECTIVE VALUE:   583.252568222851        NO. OF FUNC. EVALS.:  40
 CUMULATIVE NO. OF FUNC. EVALS.:      216
 NPARAMETR:  7.3286E-03  1.5001E+00  1.9264E+00  7.8189E-02  1.1458E+00  4.5741E-02  2.6914E-02  2.2822E-02
 PARAMETER:  7.6887E-02  1.0005E-01  1.2665E+00 -3.2836E-01  2.6432E-01 -8.4039E-01  1.3785E-01 -1.7659E+00
 GRADIENT:   8.7463E-04  1.0248E-02 -8.0875E-04 -1.3214E-03  9.7428E-04  9.3964E-04  1.6846E-02  5.4782E-04

0ITERATION NO.:   27    OBJECTIVE VALUE:   583.252568222851        NO. OF FUNC. EVALS.:  25
 CUMULATIVE NO. OF FUNC. EVALS.:      241
 NPARAMETR:  7.3286E-03  1.5001E+00  1.9264E+00  7.8189E-02  1.1458E+00  4.5741E-02  2.6914E-02  2.2822E-02
 PARAMETER:  7.6887E-02  1.0005E-01  1.2665E+00 -3.2836E-01  2.6432E-01 -8.4039E-01  1.3785E-01 -1.7659E+00
 GRADIENT:  -4.3192E-03 -1.3524E-02 -4.1300E-03 -2.1696E-03 -9.8354E-03  9.3964E-04  1.6846E-02  5.4782E-04
 Elapsed estimation  time in seconds: <SEC>
 Elapsed covariance  time in seconds: <SEC>
 Elapsed postprocess time in seconds: <SEC>
 Elapsed finaloutput time in seconds: <SEC>
Done with nonmem execution
