Changing directory to 108wtx.R76
'pushdon' is not recognized as an internal or external command,
operable program or batch file.
Pathlist information for compiler and MPI systems are located in nmpathlist.txt

Starting NMTRAN
  
 WARNINGS AND ERRORS (IF ANY) FOR PROBLEM    1
             
 (WARNING  2) NM-TRAN INFERS THAT THE DATA ARE POPULATION.
Recompiling certain components.
starting wait
ending wait
Exiting lpreddo
Compiling FSUBS
Building NONMEM Executable
Starting nonmem execution ...
License Registered to: <LICENSEE>
Expiration Date: <DATE>
Current Date: <DATE>
Days until program expires : <N>


 First Order Conditional Estimation with Interaction
 MONITORING OF SEARCH:


0ITERATION NO.:    0    OBJECTIVE VALUE:   694.149723240962        NO. OF FUNC. EVALS.:   6
 CUMULATIVE NO. OF FUNC. EVALS.:        6
 NPARAMETR:  7.5000E-03  1.5000E+00  6.0000E-01  1.2000E-01  3.0000E-01  5.0000E-02  3.0000E-01
 PARAMETER:  1.0000E-01  1.0000E-01  1.0000E-01  1.0000E-01  1.0000E-01  1.0000E-01  1.0000E-01
 GRADIENT:   3.4089E+01 -1.3244E+01 -1.4155E-01  2.2570E+01  4.5502E+01  2.2323E+01  9.6412E+01

0ITERATION NO.:    5    OBJECTIVE VALUE:   599.183226266309        NO. OF FUNC. EVALS.:  37
 CUMULATIVE NO. OF FUNC. EVALS.:       43
 NPARAMETR:  6.6583E-03  1.5723E+00  6.2549E-01  1.1875E-01  4.8172E-02  1.8328E-02  1.5851E-02
 PARAMETER: -1.9041E-02  1.4706E-01  1.4161E-01  8.9487E-02 -8.1450E-01  9.1476E-02 -1.6460E+00
 GRADIENT:  -4.7897E+01  1.8131E+02 -1.0857E+00 -4.0390E+00 -1.1724E+00 -9.2697E+01 -1.3652E+01

0ITERATION NO.:   10    OBJECTIVE VALUE:   591.542746155325        NO. OF FUNC. EVALS.:  38
 CUMULATIVE NO. OF FUNC. EVALS.:       81
 NPARAMETR:  7.0868E-03  1.5101E+00  1.3196E+00  1.0412E-01  4.1133E-02  2.0442E-02  2.3746E-02
 PARAMETER:  4.3333E-02  1.0669E-01  8.8819E-01 -4.1937E-02 -8.9349E-01  1.1042E-01 -1.4333E+00
 GRADIENT:   9.8650E+00  3.7922E+00  1.2896E-01  2.8091E+00 -1.3800E-01  1.1829E+00  9.1334E-01

0ITERATION NO.:   15    OBJECTIVE VALUE:   591.350198980612        NO. OF FUNC. EVALS.:  35
 CUMULATIVE NO. OF FUNC. EVALS.:      116
 NPARAMETR:  7.0034E-03  1.5061E+00  1.5941E+00  9.5568E-02  4.4212E-02  2.1500E-02  2.2833E-02
 PARAMETER:  3.1488E-02  1.0403E-01  1.0771E+00 -1.2765E-01 -8.5739E-01  1.1201E-01 -1.4798E+00
 GRADIENT:  -4.7148E-01 -6.5731E-01 -5.1126E-02  2.4785E-01 -1.2796E-01 -1.1325E+00 -1.7286E-01

0ITERATION NO.:   20    OBJECTIVE VALUE:   591.346019105254        NO. OF FUNC. EVALS.:  40
 CUMULATIVE NO. OF FUNC. EVALS.:      156
 NPARAMETR:  7.0038E-03  1.5063E+00  1.6423E+00  9.3829E-02  4.4876E-02  2.1613E-02  2.2984E-02
 PARAMETER:  3.1550E-02  1.0421E-01  1.1069E+00 -1.4602E-01 -8.4994E-01  1.1176E-01 -1.4720E+00
 GRADIENT:  -5.9557E-03 -9.5380E-02 -2.2263E-04 -4.5102E-03 -9.2376E-03 -5.5539E-03 -1.3048E-02

0ITERATION NO.:   21    OBJECTIVE VALUE:   591.346019105254        NO. OF FUNC. EVALS.:   8
 CUMULATIVE NO. OF FUNC. EVALS.:      164
 NPARAMETR:  7.0038E-03  1.5063E+00  1.6423E+00  9.3829E-02  4.4876E-02  2.1613E-02  2.2984E-02
 PARAMETER:  3.1550E-02  1.0421E-01  1.1069E+00 -1.4602E-01 -8.4994E-01  1.1176E-01 -1.4720E+00
 GRADIENT:  -5.9557E-03 -9.5380E-02 -2.2263E-04 -4.5102E-03 -9.2376E-03 -5.5539E-03 -1.3048E-02
 Elapsed estimation  time in seconds: <SEC>
 Elapsed covariance  time in seconds: <SEC>
 Elapsed postprocess time in seconds: <SEC>
 Elapsed finaloutput time in seconds: <SEC>
Done with nonmem execution
