<DATE>
<TIME>
$PROB THEO 1COMP ORAL, FIRST-ORDER, OMEGA BLOCK(3)   P:110ka  F:BASE
$INPUT ID TIME AMT RATE=DROP DV MDV EVID WT
$DATA ../../data/theo-nm.csv IGNORE=@
$SUBR ADVAN2 TRANS2
$ABBR DERIV2=NO

$PK
  TVKA = THETA(1)
  TVCL = THETA(2)
  TVV  = THETA(3)
  KA   = TVKA * EXP(ETA(1))
  CL   = TVCL * EXP(ETA(2))
  V    = TVV  * EXP(ETA(3))
  S2   = V

$ERROR
  IPRE = F
  W    = 1
  W    = SQRT(THETA(4)**2 + THETA(5)**2 * IPRE**2)
  IF (W.LT.1E-6) W = 1E-6
  IRES = DV - IPRE
  IWRE = IRES / W
  Y    = IPRE + W * EPS(1)

$THETA
  (0, 1.5)     ; KA (1/h)
  (0, 3)       ; CL (L/h)
  (0, 30)      ; V  (L)
  (0, 0.5)     ; additive error SD (mg/L)
  (0, 0.1)     ; proportional error CV

$OMEGA BLOCK(3)
  0.4          ; KA
  0.01 0.1     ; CL
  0.01 0.01 0.05   ; V

$SIGMA 1 FIX

$EST MAX=9999 PRINT=5 METHOD=COND INTER NSIG=3 SIGL=9
     NOABORT NOTBT NOOBT NOSBT
$COV UNCOND PRINT=E
$TAB ID TIME AMT DV MDV EVID IPRE IWRE CWRES
     ONEHEADER NOPRINT FILE=sdtab
$TAB ID KA CL V ETA1 ETA2 ETA3
     ONEHEADER NOPRINT NOAPPEND FILE=patab
$TAB ID WT
     ONEHEADER NOPRINT NOAPPEND FILE=cotab
$TAB ID EVID
     ONEHEADER NOPRINT NOAPPEND FILE=catab
  
NM-TRAN MESSAGES 
  
 WARNINGS AND ERRORS (IF ANY) FOR PROBLEM    1
             
 (WARNING  2) NM-TRAN INFERS THAT THE DATA ARE POPULATION.

 (DATA WARNING   5) RECORD         2, DATA ITEM   4, CONTENTS: 0.74
 THE DV DATA ITEM IS POSITIVE, BUT THE MDV DATA ITEM IS 1

 (DATA WARNING   5) RECORD        74, DATA ITEM   4, CONTENTS: 0.15
 THE DV DATA ITEM IS POSITIVE, BUT THE MDV DATA ITEM IS 1

 (DATA WARNING   5) RECORD       110, DATA ITEM   4, CONTENTS: 0.24
 THE DV DATA ITEM IS POSITIVE, BUT THE MDV DATA ITEM IS 1
  
License Registered to: <LICENSEE>
Expiration Date: <DATE>
Current Date: <DATE>
Days until program expires : <N>
1NONLINEAR MIXED EFFECTS MODEL PROGRAM (NONMEM) VERSION 7.6.0 (nm760)
 ORIGINALLY DEVELOPED BY STUART BEAL, LEWIS SHEINER, AND ALISON BOECKMANN
 CURRENT DEVELOPERS ARE ROBERT BAUER, ICON DEVELOPMENT SOLUTIONS,
 AND ALISON BOECKMANN. IMPLEMENTATION, EFFICIENCY, AND STANDARDIZATION
 PERFORMED BY NOUS INFOSYSTEMS.

 PROBLEM NO.:         1
 THEO 1COMP ORAL, FIRST-ORDER, OMEGA BLOCK(3)   P:110ka  F:BASE
0DATA CHECKOUT RUN:              NO
 DATA SET LOCATED ON UNIT NO.:    2
 THIS UNIT TO BE REWOUND:        NO
 CREATE/ADD TO FDATA.csv:        YES
 NO. OF DATA RECS IN DATA SET:      144
 NO. OF DATA ITEMS IN DATA SET:   7
 ID DATA ITEM IS DATA ITEM NO.:   1
 DEP VARIABLE IS DATA ITEM NO.:   4
 MDV DATA ITEM IS DATA ITEM NO.:  5
0INDICES PASSED TO SUBROUTINE PRED:
   6   2   3   0   0   0   0   0   0   0   0
0LABELS FOR DATA ITEMS:
 ID TIME AMT DV MDV EVID WT
0(NONBLANK) LABELS FOR PRED-DEFINED ITEMS:
 KA CL V IPRE IWRE
0FORMAT FOR DATA:
 (7E7.0)

 TOT. NO. OF OBS RECS:      120
 TOT. NO. OF INDIVIDUALS:       12
0LENGTH OF THETA:   5
0DEFAULT THETA BOUNDARY TEST OMITTED:   YES
0OMEGA HAS BLOCK FORM:
  1
  1  1
  1  1  1
0DEFAULT OMEGA BOUNDARY TEST OMITTED:   YES
0SIGMA HAS SIMPLE DIAGONAL FORM WITH DIMENSION:   1
0DEFAULT SIGMA BOUNDARY TEST OMITTED:   YES
0INITIAL ESTIMATE OF THETA:
 LOWER BOUND    INITIAL EST    UPPER BOUND
  0.0000E+00     0.1500E+01     0.1000E+07
  0.0000E+00     0.3000E+01     0.1000E+07
  0.0000E+00     0.3000E+02     0.1000E+07
  0.0000E+00     0.5000E+00     0.1000E+07
  0.0000E+00     0.1000E+00     0.1000E+07
0INITIAL ESTIMATE OF OMEGA:
 BLOCK SET NO.   BLOCK                                                                    FIXED
        1                                                                                   NO
                  0.4000E+00
                  0.1000E-01   0.1000E+00
                  0.1000E-01   0.1000E-01   0.5000E-01
0INITIAL ESTIMATE OF SIGMA:
 0.1000E+01
0SIGMA CONSTRAINED TO BE THIS INITIAL ESTIMATE
0COVARIANCE STEP OMITTED:        NO
 EIGENVLS. PRINTED:             YES
 SPECIAL COMPUTATION:            NO
 COMPRESSED FORMAT:              NO
 GRADIENT METHOD USED:     NOSLOW
 SIGDIGITS ETAHAT (SIGLO):                  -1
 SIGDIGITS GRADIENTS (SIGL):                -1
 EXCLUDE COV FOR FOCE (NOFCOV):              NO
 Cholesky Transposition of R Matrix (CHOLROFF):0
 KNUTHSUMOFF:                                -1
 RESUME COV ANALYSIS (RESUME):               NO
 SIR SAMPLE SIZE (SIRSAMPLE):
 NON-LINEARLY TRANSFORM THETAS DURING COV (THBND): 1
 PRECONDTIONING CYCLES (PRECOND):        0
 PRECONDTIONING TYPES (PRECONDS):        TOS
 FORCED PRECONDTIONING CYCLES (PFCOND):0
 PRECONDTIONING TYPE (PRETYPE):        0
 FORCED POS. DEFINITE SETTING DURING PRECONDITIONING: (FPOSDEF):0
 SIMPLE POS. DEFINITE SETTING: (POSDEF):-1
0TABLES STEP OMITTED:    NO
 NO. OF TABLES:           4
 SEED NUMBER (SEED):    11456
 NPDTYPE:    0
 INTERPTYPE:    0
 RANMETHOD:             3U
 MC SAMPLES (ESAMPLE):    300
 WRES SQUARE ROOT TYPE (WRESCHOL): EIGENVALUE
0-- TABLE   1 --
0RECORDS ONLY:    ALL
04 COLUMNS APPENDED:    YES
 PRINTED:                NO
 HEADER:                YES
 FILE TO BE FORWARDED:   NO
 FORMAT:                S1PE11.4
 IDFORMAT:
 LFORMAT:
 RFORMAT:
 FIXED_EFFECT_ETAS:
0USER-CHOSEN ITEMS:
 ID TIME AMT DV MDV EVID IPRE IWRE CWRES
0-- TABLE   2 --
0RECORDS ONLY:    ALL
04 COLUMNS APPENDED:    NO
 PRINTED:                NO
 HEADER:                YES
 FILE TO BE FORWARDED:   NO
 FORMAT:                S1PE11.4
 IDFORMAT:
 LFORMAT:
 RFORMAT:
 FIXED_EFFECT_ETAS:
0USER-CHOSEN ITEMS:
 ID KA CL V ETA1 ETA2 ETA3
0-- TABLE   3 --
0RECORDS ONLY:    ALL
04 COLUMNS APPENDED:    NO
 PRINTED:                NO
 HEADER:                YES
 FILE TO BE FORWARDED:   NO
 FORMAT:                S1PE11.4
 IDFORMAT:
 LFORMAT:
 RFORMAT:
 FIXED_EFFECT_ETAS:
0USER-CHOSEN ITEMS:
 ID WT
0-- TABLE   4 --
0RECORDS ONLY:    ALL
04 COLUMNS APPENDED:    NO
 PRINTED:                NO
 HEADER:                YES
 FILE TO BE FORWARDED:   NO
 FORMAT:                S1PE11.4
 IDFORMAT:
 LFORMAT:
 RFORMAT:
 FIXED_EFFECT_ETAS:
0USER-CHOSEN ITEMS:
 ID EVID
1DOUBLE PRECISION PREDPP VERSION 7.6.0 (nm760)

 ONE COMPARTMENT MODEL WITH FIRST-ORDER ABSORPTION (ADVAN2)
0MAXIMUM NO. OF BASIC PK PARAMETERS:   3
0BASIC PK PARAMETERS (AFTER TRANSLATION):
   ELIMINATION RATE (K) IS BASIC PK PARAMETER NO.:  1
   ABSORPTION RATE (KA) IS BASIC PK PARAMETER NO.:  3

 TRANSLATOR WILL CONVERT PARAMETERS
 CLEARANCE (CL) AND VOLUME (V) TO K (TRANS2)
0COMPARTMENT ATTRIBUTES
 COMPT. NO.   FUNCTION   INITIAL    ON/OFF      DOSE      DEFAULT    DEFAULT
                         STATUS     ALLOWED    ALLOWED    FOR DOSE   FOR OBS.
    1         DEPOT        OFF        YES        YES        YES        NO
    2         CENTRAL      ON         NO         YES        NO         YES
    3         OUTPUT       OFF        YES        NO         NO         NO
1
 ADDITIONAL PK PARAMETERS - ASSIGNMENT OF ROWS IN GG
 COMPT. NO.                             INDICES
              SCALE      BIOAVAIL.   ZERO-ORDER  ZERO-ORDER  ABSORB
                         FRACTION    RATE        DURATION    LAG
    1            *           *           *           *           *
    2            4           *           *           *           *
    3            *           -           -           -           -
             - PARAMETER IS NOT ALLOWED FOR THIS MODEL
             * PARAMETER IS NOT SUPPLIED BY PK SUBROUTINE;
               WILL DEFAULT TO ONE IF APPLICABLE
0DATA ITEM INDICES USED BY PRED ARE:
   EVENT ID DATA ITEM IS DATA ITEM NO.:      6
   TIME DATA ITEM IS DATA ITEM NO.:          2
   DOSE AMOUNT DATA ITEM IS DATA ITEM NO.:   3

0PK SUBROUTINE CALLED WITH EVERY EVENT RECORD.
 PK SUBROUTINE NOT CALLED AT NONEVENT (ADDITIONAL OR LAGGED) DOSE TIMES.
0ERROR SUBROUTINE CALLED WITH EVERY EVENT RECORD.
1


 #TBLN:      1
 #METH: First Order Conditional Estimation with Interaction

 ESTIMATION STEP OMITTED:                 NO
 SHRINK INFO WITH EVALUATION (EVALSHRINK) NO
 ANALYSIS TYPE:                           POPULATION
 NUMBER OF SADDLE POINT RESET ITERATIONS:      0
 GRADIENT METHOD USED:               NOSLOW
 CONDITIONAL ESTIMATES USED:              YES
 CENTERED ETA:                            NO
 EPS-ETA INTERACTION:                     YES
 LAPLACIAN OBJ. FUNC.:                    NO
 NO. OF FUNCT. EVALS. ALLOWED:            9999
 NO. OF SIG. FIGURES REQUIRED:            3
 INTERMEDIATE PRINTOUT:                   YES
 ESTIMATE OUTPUT TO MSF:                  NO
 ABORT WITH PRED EXIT CODE 1:             NO
 IND. OBJ. FUNC. VALUES SORTED:           NO
 NUMERICAL DERIVATIVE
       FILE REQUEST (NUMDER):               NONE
 MAP (ETAHAT) ESTIMATION METHOD (OPTMAP):   0
 ETA HESSIAN EVALUATION METHOD (ETADER):    0
 INITIAL ETA FOR MAP ESTIMATION (MCETA):    0
 SIGDIGITS FOR MAP ESTIMATION (SIGLO):      9
 GRADIENT SIGDIGITS OF
       FIXED EFFECTS PARAMETERS (SIGL):     9
 NOPRIOR SETTING (NOPRIOR):                 0
 NOCOV SETTING (NOCOV):                     OFF
 DERCONT SETTING (DERCONT):                 OFF
 FINAL ETA RE-EVALUATION (FNLETA):          1
 EXCLUDE NON-INFLUENTIAL (NON-INFL.) ETAS
       IN SHRINKAGE (ETASTYPE):             NO
 NON-INFL. ETA CORRECTION (NONINFETA):      0
 RAW OUTPUT FILE (FILE): 113blk.ext
 EXCLUDE TITLE (NOTITLE):                   NO
 EXCLUDE COLUMN LABELS (NOLABEL):           NO
 FORMAT FOR ADDITIONAL FILES (FORMAT):      S1PE12.5
 PARAMETER ORDER FOR OUTPUTS (ORDER):       TSOL
 KNUTHSUMOFF:                               0
 INCLUDE LNTWOPI:                           NO
 INCLUDE CONSTANT TERM TO PRIOR (PRIORC):   NO
 INCLUDE CONSTANT TERM TO OMEGA (ETA) (OLNTWOPI):NO
 ADDITIONAL CONVERGENCE TEST (CTYPE=4)?:    NO
 EM OR BAYESIAN METHOD USED:                 NONE


 THE FOLLOWING LABELS ARE EQUIVALENT
 PRED=PREDI
 RES=RESI
 WRES=WRESI
 IWRS=IWRESI
 IPRD=IPREDI
 IRS=IRESI

 MONITORING OF SEARCH:


0ITERATION NO.:    0    OBJECTIVE VALUE:   126.390126495366        NO. OF FUNC. EVALS.:   7
 CUMULATIVE NO. OF FUNC. EVALS.:        7
 NPARAMETR:  1.5000E+00  3.0000E+00  3.0000E+01  5.0000E-01  1.0000E-01  4.0000E-01  1.0000E-02  1.0000E-02  1.0000E-01  1.0000E-02
             5.0000E-02
 PARAMETER:  1.0000E-01  1.0000E-01  1.0000E-01  1.0000E-01  1.0000E-01  1.0000E-01  1.0000E-01  1.0000E-01  1.0000E-01  1.0000E-01
             1.0000E-01
 GRADIENT:   3.2498E-01  1.8676E+01 -2.8640E+01 -9.5290E-01  6.4450E+00 -3.8543E-02 -5.9437E-01 -3.1313E+00  7.1975E+00 -5.7167E+00
             1.2062E+01

0ITERATION NO.:    5    OBJECTIVE VALUE:   113.959185591815        NO. OF FUNC. EVALS.:  43
 CUMULATIVE NO. OF FUNC. EVALS.:       50
 NPARAMETR:  1.5484E+00  2.6806E+00  3.0379E+01  5.7907E-01  7.8935E-02  4.0535E-01  1.6572E-02  2.7049E-02  5.5996E-02  2.4309E-02
             2.2121E-02
 PARAMETER:  1.3178E-01 -1.2570E-02  1.1256E-01  2.4682E-01 -1.3654E-01  1.0664E-01  1.6462E-01  2.6870E-01 -1.9478E-01  3.1957E-01
            -6.6422E-01
 GRADIENT:   3.8692E+00  1.1816E+00 -4.5379E+01  3.0310E+00  2.9455E+00 -5.0655E-02 -4.5490E-01 -1.6921E+00 -6.0744E-01 -3.7784E+00
             5.1823E+00

0ITERATION NO.:   10    OBJECTIVE VALUE:   111.516294585554        NO. OF FUNC. EVALS.:  40
 CUMULATIVE NO. OF FUNC. EVALS.:       90
 NPARAMETR:  1.4995E+00  2.7431E+00  3.1525E+01  5.8482E-01  7.4927E-02  3.6145E-01  4.7209E-02  4.0286E-02  7.0964E-02  3.4269E-02
             2.2277E-02
 PARAMETER:  9.9669E-02  1.0490E-02  1.4959E-01  2.5669E-01 -1.8866E-01  4.9336E-02  4.9663E-01  4.2379E-01 -1.1570E-01  3.6913E-01
            -1.0594E+00
 GRADIENT:  -1.1221E+00 -5.9629E-01 -5.7013E+00  5.7415E-01  6.9670E-01 -3.8043E+00  9.6576E-01  2.1440E+00  1.8669E+00 -4.7875E-01
             2.3263E+00

0ITERATION NO.:   15    OBJECTIVE VALUE:   110.424181200248        NO. OF FUNC. EVALS.:  42
 CUMULATIVE NO. OF FUNC. EVALS.:      132
 NPARAMETR:  1.5502E+00  2.7776E+00  3.1807E+01  5.8973E-01  7.3068E-02  4.2488E-01  3.2941E-02  3.3025E-02  5.8770E-02  2.9544E-02
             1.7283E-02
 PARAMETER:  1.3291E-01  2.2985E-02  1.5850E-01  2.6506E-01 -2.1378E-01  1.3018E-01  3.1962E-01  3.2043E-01 -1.8674E-01  3.6866E-01
            -1.5600E+00
 GRADIENT:  -2.8242E-02  1.6622E+00 -2.5398E+00 -4.1912E-01  1.1783E-01  6.3415E-01  2.4822E-01 -3.0688E-01 -7.5048E-01  1.2300E+00
             6.3957E-01

0ITERATION NO.:   20    OBJECTIVE VALUE:   110.185359931442        NO. OF FUNC. EVALS.:  40
 CUMULATIVE NO. OF FUNC. EVALS.:      172
 NPARAMETR:  1.5517E+00  2.7704E+00  3.1788E+01  6.0046E-01  7.1471E-02  4.1537E-01  3.1437E-02  3.1135E-02  6.1006E-02  3.0382E-02
             1.5892E-02
 PARAMETER:  1.3390E-01  2.0380E-02  1.5788E-01  2.8310E-01 -2.3587E-01  1.1885E-01  3.0850E-01  3.0554E-01 -1.6574E-01  3.7493E-01
            -2.7554E+00
 GRADIENT:  -5.6456E-02 -6.6212E-02 -3.9307E-01  2.2229E-01  1.0676E-01  1.9647E-01  9.3186E-02  2.3181E-02  3.6633E-02  5.5681E-01
             3.0338E-02

0ITERATION NO.:   25    OBJECTIVE VALUE:   110.169087378149        NO. OF FUNC. EVALS.:  40
 CUMULATIVE NO. OF FUNC. EVALS.:      212
 NPARAMETR:  1.5537E+00  2.7724E+00  3.1795E+01  6.0093E-01  7.1311E-02  4.1006E-01  2.9593E-02  2.9903E-02  6.0339E-02  2.9865E-02
             1.5372E-02
 PARAMETER:  1.3519E-01  2.1116E-02  1.5811E-01  2.8387E-01 -2.3812E-01  1.1242E-01  2.9227E-01  2.9534E-01 -1.6936E-01  3.7202E-01
            -4.8907E+00
 GRADIENT:   1.3305E-02  1.0020E-01 -2.6692E-01  1.5478E-02  4.7598E-03 -4.0218E-03  3.8607E-03 -3.5770E-02 -2.4058E-02  6.6238E-02
             3.6020E-04

0ITERATION NO.:   30    OBJECTIVE VALUE:   110.168869319644        NO. OF FUNC. EVALS.:  40
 CUMULATIVE NO. OF FUNC. EVALS.:      252
 NPARAMETR:  1.5539E+00  2.7724E+00  3.1798E+01  6.0088E-01  7.1321E-02  4.1040E-01  2.9686E-02  3.0005E-02  6.0391E-02  2.9872E-02
             1.5369E-02
 PARAMETER:  1.3528E-01  2.1104E-02  1.5820E-01  2.8379E-01 -2.3798E-01  1.1284E-01  2.9308E-01  2.9622E-01 -1.6902E-01  3.7182E-01
            -7.0828E+00
 GRADIENT:   1.1388E-03  4.7673E-03 -1.1047E-02  5.0362E-03  7.5663E-04 -7.0019E-04  2.7547E-04 -1.1135E-03 -3.3039E-04 -1.8806E-03
             4.4360E-06

0ITERATION NO.:   35    OBJECTIVE VALUE:   110.168864874719        NO. OF FUNC. EVALS.:  58
 CUMULATIVE NO. OF FUNC. EVALS.:      310
 NPARAMETR:  1.5538E+00  2.7724E+00  3.1798E+01  6.0084E-01  7.1329E-02  4.1042E-01  2.9685E-02  3.0005E-02  6.0391E-02  2.9871E-02
             1.5368E-02
 PARAMETER:  1.3526E-01  2.1100E-02  1.5820E-01  2.8372E-01 -2.3786E-01  1.1286E-01  2.9305E-01  2.9622E-01 -1.6901E-01  3.7181E-01
            -7.9008E+00
 GRADIENT:  -3.4193E-03 -5.1500E-03 -1.8408E-02 -2.3200E-03 -3.8018E-04  9.2337E-05 -4.4394E-04  2.4231E-03  8.3810E-05  7.0343E-03
             8.7512E-07

0ITERATION NO.:   39    OBJECTIVE VALUE:   110.168863695623        NO. OF FUNC. EVALS.:  92
 CUMULATIVE NO. OF FUNC. EVALS.:      402
 NPARAMETR:  1.5538E+00  2.7724E+00  3.1798E+01  6.0084E-01  7.1329E-02  4.1042E-01  2.9685E-02  3.0005E-02  6.0391E-02  2.9871E-02
             1.5368E-02
 PARAMETER:  1.3526E-01  2.1101E-02  1.5820E-01  2.8372E-01 -2.3786E-01  1.1286E-01  2.9305E-01  2.9622E-01 -1.6901E-01  3.7181E-01
            -7.9164E+00
 GRADIENT:  -1.6386E-02 -2.1863E-03 -1.8073E-02 -2.7481E-03  5.9710E-04 -2.3931E-02 -5.5617E-04  2.6053E-03 -8.1455E-04 -5.4402E-03
            -1.5397E-05

 #TERM:
0MINIMIZATION SUCCESSFUL
 HOWEVER, PROBLEMS OCCURRED WITH THE MINIMIZATION.
 REGARD THE RESULTS OF THE ESTIMATION STEP CAREFULLY, AND ACCEPT THEM ONLY
 AFTER CHECKING THAT THE COVARIANCE STEP PRODUCES REASONABLE OUTPUT.
 NO. OF FUNCTION EVALUATIONS USED:      402
 NO. OF SIG. DIGITS IN FINAL EST.:  3.5

 ETABAR IS THE ARITHMETIC MEAN OF THE ETA-ESTIMATES,
 AND THE P-VALUE IS GIVEN FOR THE NULL HYPOTHESIS THAT THE TRUE MEAN IS 0.

 ETABAR:        -8.0529E-03 -3.1004E-03 -1.7863E-03
 SE:             1.7542E-01  6.8261E-02  3.4378E-02
 N:                      12          12          12

 P VAL.:         9.6339E-01  9.6377E-01  9.5856E-01

 ETASHRINKSD(%)  5.1368E+00  3.7689E+00  3.9249E+00
 ETASHRINKVR(%)  1.0010E+01  7.3957E+00  7.6957E+00
 EBVSHRINKSD(%)  3.4303E+00  3.4765E+00  3.5396E+00
 EBVSHRINKVR(%)  6.7429E+00  6.8321E+00  6.9540E+00
 RELATIVEINF(%)  1.0000E-10  1.0413E-04  5.5366E-05
 EPSSHRINKSD(%)  9.6074E+00
 EPSSHRINKVR(%)  1.8292E+01

  
 TOTAL DATA POINTS NORMALLY DISTRIBUTED (N):          120
 N*LOG(2PI) CONSTANT TO OBJECTIVE FUNCTION:    220.54524796912145     
 OBJECTIVE FUNCTION VALUE WITHOUT CONSTANT:    110.16886369562347     
 OBJECTIVE FUNCTION VALUE WITH CONSTANT:       330.71411166474491     
 REPORTED OBJECTIVE FUNCTION DOES NOT CONTAIN CONSTANT
  
 TOTAL EFFECTIVE ETAS (NIND*NETA):                            36
  
 #TERE:
 Elapsed estimation  time in seconds: <SEC>
0R MATRIX ALGORITHMICALLY SINGULAR
0COVARIANCE MATRIX UNOBTAINABLE
0R MATRIX IS OUTPUT
0T MATRIX - EQUAL TO RS*RMAT, WHERE S* IS THE INVERSE OF S - IS OUTPUT
 Elapsed covariance  time in seconds: <SEC>
 Elapsed postprocess time in seconds: <SEC>
1
 
 
 
 
 
 
 
 
 
 
 
 
 
 
 
 
 
 
 
 
 ************************************************************************************************************************
 ********************                                                                                ********************
 ********************               FIRST ORDER CONDITIONAL ESTIMATION WITH INTERACTION              ********************
 #OBJT:**************                       MINIMUM VALUE OF OBJECTIVE FUNCTION                      ********************
 ********************                                                                                ********************
 ************************************************************************************************************************
 





 #OBJV:********************************************           110.169       *********************************************
1
 ************************************************************************************************************************
 ********************                                                                                ********************
 ********************               FIRST ORDER CONDITIONAL ESTIMATION WITH INTERACTION              ********************
 ********************                             FINAL PARAMETER ESTIMATE                           ********************
 ********************                                                                                ********************
 ************************************************************************************************************************
 


 THETA - VECTOR OF FIXED EFFECTS PARAMETERS   *********


         TH 1      TH 2      TH 3      TH 4      TH 5     
 
         1.55E+00  2.77E+00  3.18E+01  6.01E-01  7.13E-02
 


 OMEGA - COV MATRIX FOR RANDOM EFFECTS - ETAS  ********


         ETA1      ETA2      ETA3     
 
 ETA1
+        4.10E-01
 
 ETA2
+        2.97E-02  6.04E-02
 
 ETA3
+        3.00E-02  2.99E-02  1.54E-02
 


 SIGMA - COV MATRIX FOR RANDOM EFFECTS - EPSILONS  ****


         EPS1     
 
 EPS1
+        1.00E+00
 
1


 OMEGA - CORR MATRIX FOR RANDOM EFFECTS - ETAS  *******


         ETA1      ETA2      ETA3     
 
 ETA1
+        6.41E-01
 
 ETA2
+        1.89E-01  2.46E-01
 
 ETA3
+        3.78E-01  9.81E-01  1.24E-01
 


 SIGMA - CORR MATRIX FOR RANDOM EFFECTS - EPSILONS  ***


         EPS1     
 
 EPS1
+        1.00E+00
 
1
 ************************************************************************************************************************
 ********************                                                                                ********************
 ********************               FIRST ORDER CONDITIONAL ESTIMATION WITH INTERACTION              ********************
 ********************                                     T MATRIX                                   ********************
 ********************                                                                                ********************
 ************************************************************************************************************************
 

            TH 1      TH 2      TH 3      TH 4      TH 5      OM11      OM12      OM13      OM22      OM23      OM33      SG11  

 
 TH 1
+        1.55E+03
 
 TH 2
+        2.68E+03  4.96E+03
 
 TH 3
+       -6.00E+02 -1.07E+03  2.37E+02
 
 TH 4
+       -2.56E+03 -4.39E+03  1.01E+03  4.79E+03
 
 TH 5
+       -2.12E+03 -3.24E+03  8.11E+02  4.42E+03  7.41E+03
 
 OM11
+        8.58E+06  1.70E+07 -3.26E+06 -9.09E+06  1.39E+05  1.32E+11
 
 OM12
+        2.11E+08  4.18E+08 -8.02E+07 -2.24E+08  3.35E+06  3.24E+12  7.96E+13
 
 OM13
+       -4.43E+08 -8.78E+08  1.69E+08  4.70E+08 -7.02E+06 -6.81E+12 -1.67E+14  3.52E+14
 
 OM22
+        1.30E+09  2.57E+09 -4.93E+08 -1.37E+09  2.06E+07  1.99E+13  4.89E+14 -1.03E+15  3.00E+15
 
 OM23
+       -5.45E+09 -1.08E+10  2.07E+09  5.77E+09 -8.66E+07 -8.36E+13 -2.06E+15  4.32E+15 -1.26E+16  5.31E+16
 
 OM33
+        5.73E+09  1.13E+10 -2.18E+09 -6.07E+09  9.11E+07  8.79E+13  2.16E+15 -4.54E+15  1.33E+16 -5.58E+16  5.87E+16
 
 SG11
+       ......... ......... ......... ......... ......... ......... ......... ......... ......... ......... ......... .........
 
1
 ************************************************************************************************************************
 ********************                                                                                ********************
 ********************               FIRST ORDER CONDITIONAL ESTIMATION WITH INTERACTION              ********************
 ********************                                     R MATRIX                                   ********************
 ********************                                                                                ********************
 ************************************************************************************************************************
 

            TH 1      TH 2      TH 3      TH 4      TH 5      OM11      OM12      OM13      OM22      OM23      OM33      SG11  

 
 TH 1
+        1.54E+01
 
 TH 2
+        3.75E+00  3.81E+01
 
 TH 3
+       -1.74E+00 -3.85E+00  1.06E+00
 
 TH 4
+        3.19E+00  2.69E+00 -6.53E-01  2.79E+02
 
 TH 5
+        1.11E+01  4.51E+00 -5.20E+00  8.37E+02  4.20E+03
 
 OM11
+       -1.85E-01  2.91E+00 -5.39E-01  6.68E+00  2.71E+01  1.57E+04
 
 OM12
+        1.36E+01  2.89E+01 -5.85E+00  3.90E+01  2.24E+02  3.85E+05  9.45E+06
 
 OM13
+       -3.07E+01 -7.90E+01  1.59E+01 -9.63E+01 -5.52E+02 -8.09E+05 -1.99E+07  4.18E+07
 
 OM22
+        5.49E+01 -3.88E+01  5.50E-01  2.34E+02 -1.25E+02  2.36E+06  5.81E+07 -1.22E+08  3.57E+08
 
 OM23
+       -2.44E+02  6.00E+01  1.72E+01 -9.55E+02  4.33E+02 -9.94E+06 -2.44E+08  5.13E+08 -1.50E+09  6.31E+09
 
 OM33
+        5.98E+01  2.95E+02 -3.57E+01  8.40E+02 -7.50E+01  1.04E+07  2.57E+08 -5.40E+08  1.58E+09 -6.63E+09  6.97E+09
 
 SG11
+       ......... ......... ......... ......... ......... ......... ......... ......... ......... ......... ......... .........
 
 Elapsed finaloutput time in seconds: <SEC>
 #CPUT: Total CPU Time in Seconds, <SEC>
Stop Time: 
<DATE>
<TIME>
