Changing directory to ped104.R76
'pushdon' is not recognized as an internal or external command,
operable program or batch file.
Pathlist information for compiler and MPI systems are located in nmpathlist.txt

Starting NMTRAN
  
 WARNINGS AND ERRORS (IF ANY) FOR PROBLEM    1
             
 (WARNING  2) NM-TRAN INFERS THAT THE DATA ARE POPULATION.
Recompiling certain components.
starting wait
ending wait
Exiting lpreddo
Compiling FSUBS
Building NONMEM Executable
Starting nonmem execution ...
License Registered to: <LICENSEE>
Expiration Date: <DATE>
Current Date: <DATE>
Days until program expires : <N>


 First Order Conditional Estimation with Interaction
 MONITORING OF SEARCH:


0ITERATION NO.:    0    OBJECTIVE VALUE:   18.8478357145656        NO. OF FUNC. EVALS.:   8
 CUMULATIVE NO. OF FUNC. EVALS.:        8
 NPARAMETR:  5.0000E+00  4.0000E+01  2.0000E-01  1.0000E-01  5.0000E+01  3.0000E+00  1.0000E-01  5.0000E-02
 PARAMETER:  1.0000E-01  1.0000E-01  1.0000E-01  1.0000E-01  1.0000E-01  1.0000E-01  1.0000E-01  1.0000E-01
 GRADIENT:  -2.2061E+02 -8.1115E+01  1.0728E+02  1.5061E+01  3.9590E+01 -1.3765E+01  5.7194E+00  1.0736E+01

0ITERATION NO.:    5    OBJECTIVE VALUE:  -14.5821923627514        NO. OF FUNC. EVALS.:  46
 CUMULATIVE NO. OF FUNC. EVALS.:       54
 NPARAMETR:  5.8959E+00  3.9237E+01  1.3239E-01  1.0468E-01  5.0699E+01  3.0233E+00  7.8596E-02  4.5644E-02
 PARAMETER:  2.6481E-01  8.0730E-02 -3.1256E-01  1.4575E-01  1.1389E-01  1.0774E-01 -2.0428E-02  5.4428E-02
 GRADIENT:   6.0117E+01 -1.5485E+02 -1.8399E+01 -5.0756E-01 -1.3707E+01  3.1111E+00 -4.6668E+00 -2.8332E+00

0ITERATION NO.:   10    OBJECTIVE VALUE:  -18.9723736563098        NO. OF FUNC. EVALS.:  47
 CUMULATIVE NO. OF FUNC. EVALS.:      101
 NPARAMETR:  5.7868E+00  4.0580E+01  1.3761E-01  1.0413E-01  5.0436E+01  2.9560E+00  7.8913E-02  4.2973E-02
 PARAMETER:  2.4615E-01  1.1440E-01 -2.7392E-01  1.4042E-01  1.0868E-01  8.5219E-02 -1.8415E-02  2.4278E-02
 GRADIENT:   1.8920E+01 -4.1060E+01 -4.7680E+00 -1.2696E+00 -6.3317E+00  6.6385E-01 -2.4981E+00 -6.0968E+00

0ITERATION NO.:   15    OBJECTIVE VALUE:  -19.4380954952651        NO. OF FUNC. EVALS.:  54
 CUMULATIVE NO. OF FUNC. EVALS.:      155
 NPARAMETR:  5.7261E+00  4.1045E+01  1.3950E-01  1.0399E-01  5.1317E+01  3.2295E+00  8.0077E-02  4.4868E-02
 PARAMETER:  2.3560E-01  1.2580E-01 -2.6022E-01  1.3912E-01  1.2601E-01  1.7370E-01 -1.1091E-02  4.5846E-02
 GRADIENT:  -1.5660E-01 -8.3360E-02 -6.1076E-03 -2.9648E-03 -2.1324E-02  1.1673E-03 -5.5163E-03  8.2035E-05

0ITERATION NO.:   17    OBJECTIVE VALUE:  -19.4381078841199        NO. OF FUNC. EVALS.:  32
 CUMULATIVE NO. OF FUNC. EVALS.:      187
 NPARAMETR:  5.7269E+00  4.1046E+01  1.3951E-01  1.0399E-01  5.1322E+01  3.2275E+00  8.0082E-02  4.4866E-02
 PARAMETER:  2.3573E-01  1.2582E-01 -2.6021E-01  1.3913E-01  1.2609E-01  1.7308E-01 -1.1059E-02  4.5828E-02
 GRADIENT:   1.0935E-03  1.5551E-03  1.5517E-04 -1.6839E-03 -7.6266E-05 -7.6342E-04  4.8725E-03 -4.6762E-03
 Elapsed estimation  time in seconds: <SEC>
 Elapsed covariance  time in seconds: <SEC>
 Elapsed postprocess time in seconds: <SEC>
 Elapsed finaloutput time in seconds: <SEC>
Done with nonmem execution
wall seconds: 16.1
