Changing directory to 101diag.R76
'pushdon' is not recognized as an internal or external command,
operable program or batch file.
Pathlist information for compiler and MPI systems are located in nmpathlist.txt

Starting NMTRAN
  
 WARNINGS AND ERRORS (IF ANY) FOR PROBLEM    1
             
 (WARNING  2) NM-TRAN INFERS THAT THE DATA ARE POPULATION.
Recompiling certain components.
starting wait
ending wait
Exiting lpreddo
Compiling FSUBS
Building NONMEM Executable
Starting nonmem execution ...
License Registered to: <LICENSEE>
Expiration Date: <DATE>
Current Date: <DATE>
Days until program expires : <N>


 First Order Conditional Estimation with Interaction
 MONITORING OF SEARCH:


0ITERATION NO.:    0    OBJECTIVE VALUE:   745.883531024108        NO. OF FUNC. EVALS.:   6
 CUMULATIVE NO. OF FUNC. EVALS.:        6
 NPARAMETR:  7.5000E-03  1.5000E+00  6.0000E-01  1.2000E-01  3.0000E-01  3.0000E-01
 PARAMETER:  1.0000E-01  1.0000E-01  1.0000E-01  1.0000E-01  1.0000E-01  1.0000E-01
 GRADIENT:   5.5263E+01  1.9194E+01 -8.9460E-01  9.0397E+00  1.2920E+01  3.9546E+01

0ITERATION NO.:    5    OBJECTIVE VALUE:   731.132030322017        NO. OF FUNC. EVALS.:  37
 CUMULATIVE NO. OF FUNC. EVALS.:       43
 NPARAMETR:  5.5705E-03  1.4141E+00  6.3797E-01  1.1975E-01  1.4092E-01  2.1192E-01
 PARAMETER: -1.9743E-01  4.1054E-02  1.6136E-01  9.7926E-02 -2.7778E-01 -7.3794E-02
 GRADIENT:  -1.8226E+01 -1.3209E+01 -1.2075E+00 -2.4005E+00  2.2420E-01  6.2758E+00

0ITERATION NO.:   10    OBJECTIVE VALUE:   727.512855819699        NO. OF FUNC. EVALS.:  36
 CUMULATIVE NO. OF FUNC. EVALS.:       79
 NPARAMETR:  6.0909E-03  1.4429E+00  1.8402E+00  8.8925E-02  2.0839E-01  1.9905E-01
 PARAMETER: -1.0811E-01  6.1195E-02  1.2207E+00 -1.9970E-01 -8.2181E-02 -1.0510E-01
 GRADIENT:   9.9172E+00  1.0177E+00 -2.1569E+00  4.4837E+00  5.2114E+00  1.5990E+00

0ITERATION NO.:   15    OBJECTIVE VALUE:   725.677171823449        NO. OF FUNC. EVALS.:  35
 CUMULATIVE NO. OF FUNC. EVALS.:      114
 NPARAMETR:  5.9021E-03  1.4419E+00  2.6063E+00  4.6616E-02  1.9365E-01  2.0016E-01
 PARAMETER: -1.3959E-01  6.0488E-02  1.5688E+00 -8.4556E-01 -1.1886E-01 -1.0234E-01
 GRADIENT:   5.0644E-01 -3.9359E-01  3.3370E+00  1.0375E+00  1.5022E-01  1.0964E-02

0ITERATION NO.:   20    OBJECTIVE VALUE:   725.572455125440        NO. OF FUNC. EVALS.:  35
 CUMULATIVE NO. OF FUNC. EVALS.:      149
 NPARAMETR:  5.8923E-03  1.4420E+00  2.6961E+00  3.0223E-02  1.9679E-01  2.0074E-01
 PARAMETER: -1.4125E-01  6.0539E-02  1.6026E+00 -1.2789E+00 -1.1082E-01 -1.0088E-01
 GRADIENT:  -3.9200E-02 -5.0005E-02  1.7090E-01  2.8831E-02  3.3429E-02 -3.5899E-03

0ITERATION NO.:   25    OBJECTIVE VALUE:   725.571890737342        NO. OF FUNC. EVALS.:  49
 CUMULATIVE NO. OF FUNC. EVALS.:      198
 NPARAMETR:  5.8933E-03  1.4421E+00  2.7060E+00  2.8408E-02  1.9684E-01  2.0082E-01
 PARAMETER: -1.4108E-01  6.0608E-02  1.6063E+00 -1.3408E+00 -1.1069E-01 -1.0069E-01
 GRADIENT:   1.0123E-03 -4.3732E-03  3.3786E-03  4.7481E-04 -9.4364E-05  2.2489E-04

0ITERATION NO.:   26    OBJECTIVE VALUE:   725.571890737342        NO. OF FUNC. EVALS.:   8
 CUMULATIVE NO. OF FUNC. EVALS.:      206
 NPARAMETR:  5.8933E-03  1.4421E+00  2.7060E+00  2.8408E-02  1.9684E-01  2.0082E-01
 PARAMETER: -1.4108E-01  6.0608E-02  1.6063E+00 -1.3408E+00 -1.1069E-01 -1.0069E-01
 GRADIENT:   1.0123E-03 -4.3732E-03  3.3786E-03  4.7481E-04 -9.4364E-05  2.2489E-04
 Elapsed estimation  time in seconds: <SEC>
 Elapsed covariance  time in seconds: <SEC>
 Elapsed postprocess time in seconds: <SEC>
 Elapsed finaloutput time in seconds: <SEC>
Done with nonmem execution
