Changing directory to 108full.R76
'pushdon' is not recognized as an internal or external command,
operable program or batch file.
Pathlist information for compiler and MPI systems are located in nmpathlist.txt

Starting NMTRAN
  
 WARNINGS AND ERRORS (IF ANY) FOR PROBLEM    1
             
 (WARNING  2) NM-TRAN INFERS THAT THE DATA ARE POPULATION.
Recompiling certain components.
starting wait
ending wait
Exiting lpreddo
Compiling FSUBS
Building NONMEM Executable
Starting nonmem execution ...
License Registered to: <LICENSEE>
Expiration Date: <DATE>
Current Date: <DATE>
Days until program expires : <N>


 First Order Conditional Estimation with Interaction
 MONITORING OF SEARCH:


0ITERATION NO.:    0    OBJECTIVE VALUE:   698.419934043581        NO. OF FUNC. EVALS.:  11
 CUMULATIVE NO. OF FUNC. EVALS.:       11
 NPARAMETR:  7.5000E-03  1.5000E+00  6.0000E-01  1.2000E-01  7.5000E-01  1.0000E+00  1.0000E-02  1.0000E-02  2.0000E-01  3.0000E-01
             5.0000E-02  3.0000E-01
 PARAMETER:  1.0000E-01  1.0000E-01  1.0000E-01  1.0000E-01  1.0000E-01  1.0000E-01  1.0000E-01  1.0000E-01  1.0000E-01  1.0000E-01
             1.0000E-01  1.0000E-01
 GRADIENT:   5.6226E+01 -1.5355E+01 -1.9802E-01  2.1540E+01 -4.5995E+01  1.5464E+01 -4.0298E+01 -6.4288E+00  3.1456E+01  3.9768E+01
             2.2526E+01  9.6476E+01

0ITERATION NO.:    5    OBJECTIVE VALUE:   600.430103839060        NO. OF FUNC. EVALS.:  62
 CUMULATIVE NO. OF FUNC. EVALS.:       73
 NPARAMETR:  7.2338E-03  1.5599E+00  6.1147E-01  1.0568E-01  1.0884E+00  1.0609E+00 -1.2583E-01 -7.0320E-02  1.6920E-01  8.0179E-02
             3.3978E-02  3.5290E-02
 PARAMETER:  6.3856E-02  1.3916E-01  1.1893E-01 -2.7074E-02  2.4018E-01  1.2542E-01  4.5659E-02  6.7870E-02  7.0504E-02 -5.5976E-01
             1.3145E-01 -1.2182E+00
 GRADIENT:   9.0735E+01  2.7282E+01 -1.5861E+00 -9.6732E+00 -3.9027E+01  1.3525E+02 -1.3721E+02 -2.4173E+01  5.3450E+01  1.1212E+01
             1.9963E+01  1.1854E+01

0ITERATION NO.:   10    OBJECTIVE VALUE:   589.961147195410        NO. OF FUNC. EVALS.:  62
 CUMULATIVE NO. OF FUNC. EVALS.:      135
 NPARAMETR:  7.3304E-03  1.5416E+00  6.4158E-01  1.2292E-01  1.1466E+00  1.0640E+00  3.3595E-01 -1.0849E-01  8.7102E-02  4.7598E-02
             2.3359E-02  1.5375E-02
 PARAMETER:  7.7124E-02  1.2735E-01  1.6700E-01  1.2401E-01  2.6465E-01  1.2674E-01  2.3058E-01  5.2598E-02 -1.1554E-02 -8.2050E-01
             1.1729E-01 -2.0558E+00
 GRADIENT:   1.8901E+01  4.7827E+01  5.4132E-02  1.3563E+01 -1.0972E+00  1.5374E+02  3.7682E+01  8.7223E-01  1.5679E+01  8.7447E+00
            -1.1153E+02 -4.9310E+00

0ITERATION NO.:   15    OBJECTIVE VALUE:   579.118940719724        NO. OF FUNC. EVALS.:  62
 CUMULATIVE NO. OF FUNC. EVALS.:      197
 NPARAMETR:  6.9465E-03  1.5000E+00  1.4423E+00  1.0257E-01  1.1028E+00  9.3297E-01  1.1568E-01 -1.2710E-01  9.9912E-02  2.8446E-02
             1.9952E-02  1.9149E-02
 PARAMETER:  2.3330E-02  9.9991E-02  9.7709E-01 -5.6991E-02  2.4622E-01  7.2146E-02  1.4228E-01  4.5151E-02  1.5989E-03 -1.0779E+00
             1.2959E-01 -1.9178E+00
 GRADIENT:   2.5374E+00  5.7113E+00  1.3355E+00  1.0553E+01 -4.4103E+00 -1.0906E+01 -7.4831E+00 -5.8528E+00 -1.3960E-01 -5.2253E-01
            -3.8496E+01 -2.5949E+00

0ITERATION NO.:   20    OBJECTIVE VALUE:   577.600497252458        NO. OF FUNC. EVALS.:  60
 CUMULATIVE NO. OF FUNC. EVALS.:      257
 NPARAMETR:  6.9140E-03  1.4995E+00  1.7719E+00  8.4006E-02  1.1335E+00  9.3185E-01  1.3032E-01 -1.1069E-01  1.0396E-01  2.9508E-02
             2.0349E-02  2.5039E-02
 PARAMETER:  1.8647E-02  9.9671E-02  1.1829E+00 -2.5660E-01  2.5912E-01  7.1681E-02  1.4814E-01  5.1719E-02  5.7264E-03 -1.0596E+00
             1.2977E-01 -1.5386E+00
 GRADIENT:   2.9825E+00 -3.1642E+00  8.9884E-01  1.2452E+00  3.7468E-01 -2.0760E+00 -1.9619E+00  2.6616E-01  1.8213E+00  1.0392E-01
             8.3763E+00  3.5601E-01

0ITERATION NO.:   25    OBJECTIVE VALUE:   577.554125110510        NO. OF FUNC. EVALS.:  60
 CUMULATIVE NO. OF FUNC. EVALS.:      317
 NPARAMETR:  6.8989E-03  1.5017E+00  1.7363E+00  8.4044E-02  1.1326E+00  9.3530E-01  1.4030E-01 -1.1811E-01  1.0086E-01  2.8813E-02
             1.8670E-02  2.4865E-02
 PARAMETER:  1.6463E-02  1.0110E-01  1.1626E+00 -2.5615E-01  2.5876E-01  7.3111E-02  1.5213E-01  4.8746E-02  2.5696E-03 -1.0715E+00
             1.2049E-01 -1.4644E+00
 GRADIENT:   3.3808E-01 -1.1570E-01 -3.3266E-02 -1.7962E-01  7.0623E-02  2.1657E-01  2.0110E-02 -1.9772E-01  2.4844E-01 -9.2671E-02
            -8.3346E-01 -1.0210E-01

0ITERATION NO.:   30    OBJECTIVE VALUE:   577.553303649992        NO. OF FUNC. EVALS.:  81
 CUMULATIVE NO. OF FUNC. EVALS.:      398
 NPARAMETR:  6.8972E-03  1.5018E+00  1.7200E+00  8.4628E-02  1.1325E+00  9.3526E-01  1.4039E-01 -1.1835E-01  1.0073E-01  2.8929E-02
             1.8671E-02  2.4979E-02
 PARAMETER:  1.6213E-02  1.0119E-01  1.1532E+00 -2.4923E-01  2.5870E-01  7.3097E-02  1.5217E-01  4.8651E-02  2.4358E-03 -1.0695E+00
             1.2025E-01 -1.4581E+00
 GRADIENT:  -1.3522E-02 -3.1684E-02  8.8269E-04 -3.6538E-04 -1.9189E-02 -5.0542E-02 -1.4278E-02  2.5841E-03 -1.4508E-02  2.3516E-03
             3.5551E-02  6.5807E-03
 Elapsed estimation  time in seconds: <SEC>
 Elapsed covariance  time in seconds: <SEC>
 Elapsed postprocess time in seconds: <SEC>
 Elapsed finaloutput time in seconds: <SEC>
Done with nonmem execution
wall seconds: 11.2
