Changing directory to wf201.R76
'pushdon' is not recognized as an internal or external command,
operable program or batch file.
Pathlist information for compiler and MPI systems are located in nmpathlist.txt

Starting NMTRAN
  
 WARNINGS AND ERRORS (IF ANY) FOR PROBLEM    1
             
 (WARNING  2) NM-TRAN INFERS THAT THE DATA ARE POPULATION.
Recompiling certain components.
starting wait
ending wait
Exiting lpreddo
Compiling FSUBS
Building NONMEM Executable
Starting nonmem execution ...
License Registered to: <LICENSEE>
Expiration Date: <DATE>
Current Date: <DATE>
Days until program expires : <N>


 First Order Conditional Estimation with Interaction
 MONITORING OF SEARCH:


0ITERATION NO.:    0    OBJECTIVE VALUE:   2218.77386998366        NO. OF FUNC. EVALS.:  10
 CUMULATIVE NO. OF FUNC. EVALS.:       10
 NPARAMETR:  1.0000E+00  1.0000E-01  1.0000E+01  1.0000E+02  5.0000E-02  1.0000E+00  1.0000E-01  5.0000E+00  2.0000E-01  1.0000E-01
             5.0000E-02  2.0000E-02  1.0000E-01  1.0000E-01
 PARAMETER:  1.0000E-01  1.0000E-01  1.0000E-01  1.0000E-01  1.0000E-01  1.0000E-01  1.0000E-01  1.0000E-01  1.0000E-01  1.0000E-01
             1.0000E-01  1.0000E-01  1.0000E-01  1.0000E-01
 GRADIENT:  -1.5905E+02 -3.4124E+02  3.9237E+02 -4.1099E+01  2.4976E+01  2.2674E+01 -3.1455E+01 -2.8609E+01 -9.5170E+01 -1.1304E+02
            -6.8612E+01  4.0354E+01  6.1577E+00 -1.5814E+01

0ITERATION NO.:    5    OBJECTIVE VALUE:   2040.99907563390        NO. OF FUNC. EVALS.:  58
 CUMULATIVE NO. OF FUNC. EVALS.:       68
 NPARAMETR:  1.5622E+00  1.6158E-01  7.9178E+00  1.0212E+02  4.7933E-02  9.5880E-01  1.0245E-01  5.2766E+00  3.3567E-01  7.6315E-02
             3.6935E-02  1.1623E-02  9.1985E-02  1.2077E-01
 PARAMETER:  5.4607E-01  5.7984E-01 -1.3348E-01  1.2101E-01  5.7791E-02  5.7930E-02  1.2425E-01  1.5384E-01  3.5890E-01 -3.5149E-02
            -5.1426E-02 -1.7136E-01  5.8226E-02  1.9436E-01
 GRADIENT:  -2.1853E+00  4.9468E+01  2.2375E+01  5.0537E+01 -6.0194E+00  4.5284E+00  9.8366E+00  2.7763E+01 -1.4189E+00  1.7023E+01
             1.2894E+01  1.9888E+01  2.2466E+00 -3.7605E+00

0ITERATION NO.:   10    OBJECTIVE VALUE:   2039.23597622744        NO. OF FUNC. EVALS.:  58
 CUMULATIVE NO. OF FUNC. EVALS.:      126
 NPARAMETR:  1.5614E+00  1.6235E-01  7.9005E+00  1.0250E+02  4.8175E-02  9.4092E-01  1.0180E-01  5.1458E+00  2.8448E-01  7.6861E-02
             3.4944E-02  7.7612E-03  9.9664E-02  1.2979E-01
 PARAMETER:  5.4559E-01  5.8456E-01 -1.3566E-01  1.2467E-01  6.2821E-02  3.9105E-02  1.1783E-01  1.2875E-01  2.7618E-01 -3.1588E-02
            -7.9135E-02 -3.7330E-01  9.8318E-02  2.3039E-01
 GRADIENT:  -1.4986E+00  5.4032E+01  1.9355E+01  8.8888E+01 -3.4067E+00 -2.8246E+00  1.8438E+00  2.9278E+00 -1.2194E+01  1.7023E+01
             9.6610E+00  6.4580E-01  6.1912E+00 -8.1420E-01

0ITERATION NO.:   15    OBJECTIVE VALUE:   2034.73009678948        NO. OF FUNC. EVALS.:  60
 CUMULATIVE NO. OF FUNC. EVALS.:      186
 NPARAMETR:  1.6013E+00  1.5387E-01  7.7672E+00  1.0148E+02  4.8266E-02  9.4973E-01  1.0145E-01  5.1384E+00  3.5653E-01  5.7901E-02
             3.0792E-02  7.6155E-03  8.9840E-02  1.3192E-01
 PARAMETER:  5.7082E-01  5.3096E-01 -1.5267E-01  1.1473E-01  6.4703E-02  4.8425E-02  1.1441E-01  1.2731E-01  3.8905E-01 -1.7322E-01
            -1.4238E-01 -3.8277E-01  4.6430E-02  2.3850E-01
 GRADIENT:   3.5354E+00 -1.2858E+00 -1.6256E+01  8.7930E+00 -7.0661E-02 -3.5403E-01  2.2613E+00  1.0039E+00  1.7568E+00  9.5341E-01
             1.7746E+00 -1.8207E-01 -2.6376E-01 -4.5915E-02

0ITERATION NO.:   20    OBJECTIVE VALUE:   2034.60482183168        NO. OF FUNC. EVALS.:  77
 CUMULATIVE NO. OF FUNC. EVALS.:      263
 NPARAMETR:  1.5738E+00  1.5404E-01  7.8187E+00  1.0137E+02  4.8263E-02  9.5089E-01  1.0130E-01  5.1331E+00  3.4494E-01  5.7195E-02
             2.9940E-02  7.6507E-03  9.0252E-02  1.3203E-01
 PARAMETER:  5.5349E-01  5.3207E-01 -1.4607E-01  1.1362E-01  6.4638E-02  4.9639E-02  1.1288E-01  1.2627E-01  3.7253E-01 -1.7935E-01
            -1.5642E-01 -3.8047E-01  4.8720E-02  2.3893E-01
 GRADIENT:  -5.4849E-02 -1.0817E+00 -1.0109E-01 -2.9266E-01 -6.6064E-02 -1.7737E-02 -7.2370E-02  1.9248E-03 -1.1948E-03 -2.8009E-03
            -2.3832E-03  4.4868E-03  1.8519E-03 -6.5476E-03

0ITERATION NO.:   22    OBJECTIVE VALUE:   2034.60430264918        NO. OF FUNC. EVALS.:  42
 CUMULATIVE NO. OF FUNC. EVALS.:      305
 NPARAMETR:  1.5741E+00  1.5418E-01  7.8192E+00  1.0138E+02  4.8268E-02  9.5089E-01  1.0131E-01  5.1330E+00  3.4499E-01  5.7205E-02
             2.9943E-02  7.6506E-03  9.0242E-02  1.3205E-01
 PARAMETER:  5.5370E-01  5.3296E-01 -1.4600E-01  1.1368E-01  6.4746E-02  4.9639E-02  1.1302E-01  1.2626E-01  3.7260E-01 -1.7927E-01
            -1.5636E-01 -3.8048E-01  4.8662E-02  2.3899E-01
 GRADIENT:  -1.7197E-02  1.3889E-01 -4.8881E-03  2.1107E-01  9.1191E-03  8.2073E-03  3.4014E-02 -3.8016E-03  5.6909E-03  1.1527E-02
             1.0081E-02  6.0364E-03 -5.7215E-03  1.9061E-03
 Elapsed estimation  time in seconds: <SEC>
 Elapsed covariance  time in seconds: <SEC>
 Elapsed postprocess time in seconds: <SEC>
 Elapsed finaloutput time in seconds: <SEC>
Done with nonmem execution
wall seconds: 212.8
