Changing directory to tg105.R76
'pushdon' is not recognized as an internal or external command,
operable program or batch file.
Pathlist information for compiler and MPI systems are located in nmpathlist.txt

Starting NMTRAN
  
 WARNINGS AND ERRORS (IF ANY) FOR PROBLEM    1
             
 (WARNING  2) NM-TRAN INFERS THAT THE DATA ARE POPULATION.
  
Note: Analytical 2nd Derivatives are constructed in FSUBS but are never used.
      You may insert $ABBR DERIV2=NO after the first $PROB to save FSUBS construction and compilation time
  
Recompiling certain components.
starting wait
ending wait
Exiting lpreddo
Compiling FSUBS
Building NONMEM Executable
Starting nonmem execution ...
License Registered to: <LICENSEE>
Expiration Date: <DATE>
Current Date: <DATE>
Days until program expires : <N>


 First Order Conditional Estimation with Interaction
 MONITORING OF SEARCH:


0ITERATION NO.:    0    OBJECTIVE VALUE:   1904.91916567415        NO. OF FUNC. EVALS.:   6
 CUMULATIVE NO. OF FUNC. EVALS.:        6
 NPARAMETR:  1.0000E+00  1.0000E-01  1.0000E+01  2.0000E-01  5.0000E-02
 PARAMETER:  1.0000E-01  1.0000E-01  1.0000E-01  1.0000E-01  1.0000E-01
 GRADIENT:   2.8787E+02 -8.4274E+02 -1.3596E+02 -6.8968E+01 -7.7873E+01

0ITERATION NO.:    5    OBJECTIVE VALUE:   1741.16579857636        NO. OF FUNC. EVALS.:  36
 CUMULATIVE NO. OF FUNC. EVALS.:       42
 NPARAMETR:  6.1896E-01  1.0224E-01  3.4186E+01  1.5133E-01  2.9490E-02
 PARAMETER: -3.7972E-01  1.2216E-01  1.3292E+00 -1.7888E-01 -1.6399E-01
 GRADIENT:  -1.6449E+02 -2.2022E+02  2.7866E+00  3.8080E+01  1.7186E-01

0ITERATION NO.:   10    OBJECTIVE VALUE:   1704.50543403534        NO. OF FUNC. EVALS.:  38
 CUMULATIVE NO. OF FUNC. EVALS.:       80
 NPARAMETR:  7.5013E-01  1.0993E-01  3.8859E+01  1.0768E-01  1.4068E-02
 PARAMETER: -1.8751E-01  1.9466E-01  1.4574E+00 -5.1912E-01 -5.3406E-01
 GRADIENT:   7.3082E+00  8.2699E+00 -1.1303E-01 -9.5305E-01  1.1786E+00

0ITERATION NO.:   15    OBJECTIVE VALUE:   1704.47331020438        NO. OF FUNC. EVALS.:  47
 CUMULATIVE NO. OF FUNC. EVALS.:      127
 NPARAMETR:  7.4716E-01  1.0976E-01  3.8701E+01  1.0847E-01  1.3632E-02
 PARAMETER: -1.9148E-01  1.9314E-01  1.4533E+00 -5.1182E-01 -5.4980E-01
 GRADIENT:   1.6332E-01 -3.9564E-02  8.7060E-03  1.2526E-02 -2.2194E-02

0ITERATION NO.:   16    OBJECTIVE VALUE:   1704.47331020438        NO. OF FUNC. EVALS.:   8
 CUMULATIVE NO. OF FUNC. EVALS.:      135
 NPARAMETR:  7.4716E-01  1.0976E-01  3.8701E+01  1.0847E-01  1.3632E-02
 PARAMETER: -1.9148E-01  1.9314E-01  1.4533E+00 -5.1182E-01 -5.4980E-01
 GRADIENT:   1.6332E-01 -3.9564E-02  8.7060E-03  1.2526E-02 -2.2194E-02
 Elapsed estimation  time in seconds: <SEC>
 Elapsed covariance  time in seconds: <SEC>
 Elapsed postprocess time in seconds: <SEC>
 Elapsed finaloutput time in seconds: <SEC>
Done with nonmem execution
